
 num     #instances         #bytes  class name
----------------------------------------------
   1:       6668063      160033512  scala.Tuple2
   2:       6589824      158155776  java.lang.Long
   3:         37318       46662688  [B
   4:         30325       28889840  [Ljava.lang.Object;
   5:        113502       26405456  [C
   6:         42047        4709264  org.apache.spark.ui.jobs.UIData$TaskMetricsUIData
   7:         42261        3042792  org.apache.spark.scheduler.TaskInfo
   8:         25587        2820912  [Lscala.collection.mutable.HashEntry;
   9:        113081        2713944  java.lang.String
  10:         88551        2125224  scala.collection.immutable.$colon$colon
  11:         54868        1755776  java.util.concurrent.ConcurrentHashMap$Node
  12:         53817        1722144  scala.collection.mutable.LinkedEntry
  13:         25728        1646592  org.apache.kafka.clients.consumer.ConsumerRecord
  14:         13895        1528336  java.lang.Class
  15:         42339        1354848  scala.collection.immutable.HashMap$HashMap1
  16:         56000        1344000  scala.collection.mutable.DefaultEntry
  17:         81996        1311936  scala.Some
  18:          6888        1180120  [I
  19:         42056        1009344  org.apache.spark.ui.jobs.UIData$TaskUIData
  20:         23540         941600  scala.collection.mutable.HashMap
  21:         35298         847152  org.apache.spark.scheduler.CompressedMapStatus
  22:         51733         827728  java.lang.Integer
  23:         24200         774400  org.apache.spark.sql.execution.ShuffledRowRDDPartition
  24:         10100         727200  org.apache.spark.storage.RDDInfo
  25:         18144         580608  scala.collection.mutable.ListBuffer
  26:          4780         573600  scala.reflect.runtime.SynchronizedSymbols$SynchronizedSymbol$$anon$9
  27:         16670         533440  java.lang.ref.WeakReference
  28:          5525         486200  java.lang.reflect.Method
  29:           189         452592  [Ljava.util.concurrent.ConcurrentHashMap$Node;
  30:         11270         450800  org.apache.spark.util.LongAccumulator
  31:         11244         449760  org.apache.spark.scheduler.AccumulableInfo
  32:          4622         443712  scala.reflect.runtime.SynchronizedSymbols$SynchronizedSymbol$$anon$14
  33:         18013         432312  org.apache.spark.sql.execution.ui.SQLStageMetrics
  34:         13338         426816  scala.reflect.internal.Symbols$TypeHistory
  35:         12982         415424  org.apache.spark.CleanupTaskWeakReference
  36:         12891         412512  org.apache.spark.util.AccumulatorMetadata
  37:         25646         410336  java.lang.Object
  38:         11049         400592  [Lscala.collection.immutable.HashMap;
  39:         12411         397152  org.apache.spark.sql.execution.ui.SQLTaskMetrics
  40:         12224         391168  java.util.HashMap$Node
  41:         15329         367896  scala.collection.mutable.ArrayBuffer
  42:          9955         318560  org.antlr.v4.runtime.atn.ATNConfig
  43:         12859         308616  org.apache.spark.CleanAccum
  44:          9422         301504  scala.reflect.internal.pickling.UnPickler$Scan$LazyTypeRef
  45:            94         272288  [Ljava.nio.channels.SelectionKey;
  46:          3746         269712  org.apache.spark.sql.catalyst.expressions.AttributeReference
  47:         10683         256392  scala.collection.immutable.HashMap$HashTrieMap
  48:          2776         250256  [Ljava.util.HashMap$Node;
  49:          7638         244416  org.apache.spark.ui.scope.RDDOperationCluster
  50:          1555         236360  org.apache.spark.ui.jobs.UIData$StageUIData
  51:          7111         227552  scala.reflect.internal.Scopes$ScopeEntry
  52:          6000         192000  org.apache.spark.rdd.ZippedPartitionsPartition
  53:          5962         190784  org.apache.spark.ui.scope.RDDOperationNode
  54:           210         176728  [Lorg.antlr.v4.runtime.dfa.DFAState;
  55:          7178         172272  java.util.ArrayList
  56:          3155         149688  [Ljava.lang.String;
  57:          3719         148760  java.util.WeakHashMap$Entry
  58:          1426         148304  scala.reflect.runtime.SynchronizedSymbols$SynchronizedSymbol$$anon$11
  59:          5954         142896  org.apache.spark.ui.scope.RDDOperationEdge
  60:          4373         139936  com.codahale.metrics.WeightedSnapshot$WeightedSample
  61:             1         131088  [Lscala.reflect.internal.Names$TermName;
  62:             1         131088  [Lscala.reflect.internal.Names$TypeName;
  63:          2679         128592  org.codehaus.janino.ReflectionIClass$ReflectionIMethod
  64:           182         124456  [Lorg.apache.spark.Partition;
  65:          1555         124400  org.apache.spark.util.collection.OpenHashSet$mcI$sp
  66:          1877         120128  io.netty.buffer.PoolSubpage
  67:          3740         119680  java.util.Hashtable$Entry
  68:          2936         117440  org.antlr.v4.runtime.atn.BasicState
  69:          2867         114680  java.util.LinkedHashMap$Entry
  70:          2242         107616  java.util.HashMap
  71:          4447         106728  java.lang.Double
  72:          4381         105144  java.util.concurrent.ConcurrentSkipListMap$Node
  73:          3133         100256  scala.reflect.internal.Names$TermName_R
  74:          1555          99520  org.apache.spark.scheduler.StageInfo
  75:             3          98352  [Lscala.concurrent.forkjoin.ForkJoinTask;
  76:          2046          98208  scala.collection.mutable.LinkedHashMap
  77:          1685          94360  java.util.LinkedHashMap
  78:           166          87648  [Lscala.reflect.internal.Scopes$ScopeEntry;
  79:          3588          86112  org.apache.spark.sql.catalyst.trees.Origin
  80:           663          84864  scala.reflect.runtime.SynchronizedSymbols$SynchronizedSymbol$$anon$8
  81:          1162          83664  org.apache.spark.sql.catalyst.expressions.Alias
  82:           123          75536  [Lscala.collection.immutable.List;
  83:           121          74680  [Lorg.apache.spark.scheduler.MapStatus;
  84:          2820          67680  org.antlr.v4.runtime.atn.EpsilonTransition
  85:          4214          67424  scala.collection.immutable.Set$Set1
  86:           841          67280  java.lang.reflect.Constructor
  87:          2263          65728  [Lorg.codehaus.janino.IClass$IMethod;
  88:           410          65600  scala.reflect.runtime.SynchronizedSymbols$SynchronizedSymbol$$anon$2
  89:          1869          62104  [J
  90:          2747          61712  [Ljava.lang.Class;
  91:           693          60984  org.apache.spark.rdd.MapPartitionsRDD
  92:          1513          60520  java.lang.ref.SoftReference
  93:           341          58992  [Ljava.util.WeakHashMap$Entry;
  94:           489          58680  org.apache.spark.ui.jobs.UIData$ExecutorSummary
  95:           610          58560  scala.reflect.runtime.SynchronizedSymbols$SynchronizedSymbol$$anon$15
  96:          1737          55584  org.apache.spark.sql.types.StructField
  97:          1131          54288  org.apache.spark.sql.execution.metric.SQLMetric
  98:           512          53248  scala.reflect.runtime.SynchronizedSymbols$SynchronizedSymbol$$anon$10
  99:          2185          52440  java.util.concurrent.ConcurrentSkipListMap$Index
 100:            78          51168  io.netty.util.internal.shaded.org.jctools.queues.MpscArrayQueue
 101:          2090          50160  org.antlr.v4.runtime.atn.AtomTransition
 102:          1555          49760  scala.Tuple2$mcII$sp
 103:           490          47040  org.apache.spark.executor.TaskMetrics
 104:           968          46464  org.apache.spark.sql.catalyst.expressions.Coalesce
 105:          1080          43200  scala.collection.mutable.HashSet
 106:           108          41984  [Lio.netty.buffer.PoolSubpage;
 107:           569          40968  org.apache.spark.sql.catalyst.expressions.objects.Invoke
 108:          1615          38760  org.apache.spark.sql.catalyst.expressions.ExprId
 109:           591          37824  scala.reflect.runtime.SynchronizedOps$$anon$1
 110:          1555          37320  org.apache.spark.util.collection.BitSet
 111:           920          36800  org.spark_project.guava.collect.MapMakerInternalMap$WeakEntry
 112:           557          35648  org.apache.spark.sql.catalyst.expressions.Cast
 113:           151          33936  [Ljava.util.Hashtable$Entry;
 114:           516          33024  java.net.URL
 115:          1369          32856  org.apache.spark.rdd.RDDOperationScope
 116:             1          32784  [Lorg.apache.spark.unsafe.memory.MemoryBlock;
 117:          1013          32416  scala.reflect.internal.Types$MethodType
 118:           798          31920  org.antlr.v4.runtime.atn.LexerATNConfig
 119:           635          30480  org.apache.kafka.common.metrics.stats.SampledStat$Sample
 120:           952          30464  org.apache.spark.ui.scope.RDDOperationGraph
 121:          1263          30312  scala.collection.immutable.Set$Set2
 122:           367          29360  org.apache.spark.ui.jobs.UIData$JobUIData
 123:            19          29072  [Ljava.nio.ByteBuffer;
 124:           720          28800  org.apache.spark.streaming.kafka010.OffsetRange
 125:           867          27744  org.antlr.v4.runtime.atn.SingletonPredictionContext
 126:           854          27328  scala.reflect.internal.Names$TypeName_R
 127:           421          26944  org.apache.spark.sql.catalyst.expressions.objects.StaticInvoke
 128:           829          26528  scala.reflect.internal.Names$TermName_S
 129:           826          26432  java.util.concurrent.locks.ReentrantLock$NonfairSync
 130:           400          25600  java.util.concurrent.ConcurrentHashMap
 131:           520          24960  org.apache.spark.sql.catalyst.expressions.Literal
 132:          1555          24880  org.apache.spark.util.collection.OpenHashSet$IntHasher
 133:           995          23880  org.apache.spark.util.CallSite
 134:           588          23520  java.lang.ref.Finalizer
 135:           416          23296  java.lang.Package
 136:           364          23296  org.apache.spark.sql.catalyst.expressions.Add
 137:           206          23072  org.apache.spark.scheduler.ShuffleMapTask
 138:           395          22120  scala.reflect.internal.Types$ClassArgsTypeRef
 139:           275          22000  scala.reflect.internal.Types$ClassInfoType
 140:           909          21816  scala.collection.immutable.HashSet$HashSet1
 141:           226          21696  java.util.jar.JarFile$JarFileEntry
 142:           490          19600  org.apache.spark.executor.ShuffleReadMetrics
 143:           122          19520  org.apache.spark.sql.execution.aggregate.HashAggregateExec
 144:            33          19008  io.netty.util.internal.shaded.org.jctools.queues.MpscChunkedArrayQueue
 145:           593          18976  org.apache.kafka.common.MetricName
 146:           592          18944  org.apache.kafka.common.metrics.KafkaMetric
 147:           212          18656  org.apache.spark.sql.execution.WholeStageCodegenExec
 148:           462          18480  org.apache.spark.sql.types.StructType
 149:           184          17664  org.apache.spark.sql.catalyst.expressions.aggregate.Sum
 150:           719          17256  java.util.concurrent.CopyOnWriteArrayList
 151:           212          16960  org.apache.spark.sql.execution.InputAdapter
 152:             7          16688  [[C
 153:           345          16560  org.antlr.v4.runtime.atn.RuleStartState
 154:           185          16280  org.codehaus.janino.ReflectionIClass
 155:            43          16168  java.lang.Thread
 156:           336          16128  java.util.WeakHashMap
 157:           246          15744  org.apache.spark.sql.catalyst.expressions.aggregate.AggregateExpression
 158:           653          15672  java.util.concurrent.ConcurrentLinkedQueue$Node
 159:           957          15312  scala.reflect.ClassTag$$anon$1
 160:           633          15192  sun.reflect.annotation.AnnotationInvocationHandler
 161:           144          14976  org.apache.spark.streaming.kafka010.KafkaRDD
 162:           232          14848  java.util.jar.JarFile
 163:           920          14720  org.spark_project.guava.collect.MapMakerInternalMap$StrongValueReference
 164:           366          14640  [[Lscala.collection.immutable.Iterable;
 165:           366          14640  scala.collection.immutable.HashMap$HashTrieMap$$anon$1
 166:           462          14592  [Lorg.apache.spark.sql.types.StructField;
 167:           603          14472  scala.collection.immutable.Map$Map1
 168:           355          14200  org.antlr.v4.runtime.atn.BlockEndState
 169:            67          14056  [Z
 170:           249          13944  sun.nio.cs.UTF_8$Encoder
 171:           345          13800  org.antlr.v4.runtime.atn.RuleStopState
 172:           246          13776  sun.misc.URLClassPath$JarLoader
 173:           424          13568  org.antlr.v4.runtime.atn.RuleTransition
 174:           188          13536  scala.reflect.internal.Types$AbstractNoArgsTypeRef
 175:           240          13440  org.apache.spark.sql.catalyst.expressions.SortOrder
 176:           418          13376  scala.reflect.internal.Trees$Literal
 177:           275          13200  org.antlr.v4.runtime.atn.BasicBlockStartState
 178:           103          13184  scala.reflect.runtime.SynchronizedSymbols$SynchronizedSymbol$$anon$5
 179:            82          13120  scala.reflect.runtime.SynchronizedSymbols$SynchronizedSymbol$$anon$1
 180:            34          13056  io.netty.util.concurrent.FastThreadLocalThread
 181:           230          12880  java.lang.invoke.MemberName
 182:           229          12824  org.apache.kafka.common.metrics.Sensor
 183:           790          12640  java.util.concurrent.locks.ReentrantLock
 184:           121          12584  org.apache.spark.sql.execution.exchange.ShuffleExchange
 185:           314          12560  org.antlr.v4.runtime.dfa.DFAState
 186:           313          12520  org.apache.spark.ui.jobs.UIData$ShuffleWriteMetricsUIData
 187:           312          12480  io.netty.buffer.PoolChunkList
 188:           388          12416  scala.reflect.internal.Names$TypeName_S
 189:           384          12288  java.lang.ref.ReferenceQueue
 190:           753          12048  org.apache.spark.OneToOneDependency
 191:           491          11784  java.util.Collections$SynchronizedRandomAccessList
 192:           490          11760  org.apache.spark.executor.InputMetrics
 193:           490          11760  org.apache.spark.executor.OutputMetrics
 194:           490          11760  org.apache.spark.executor.ShuffleWriteMetrics
 195:           490          11760  org.apache.spark.util.CollectionAccumulator
 196:           490          11760  scala.collection.immutable.Stream$Cons
 197:           571          11704  [Lorg.codehaus.janino.IClass;
 198:           292          11680  scala.reflect.internal.AnnotationInfos$CompleteAnnotationInfo
 199:           727          11632  org.apache.spark.sql.types.ObjectType
 200:           363          11616  org.antlr.v4.runtime.dfa.DFA
 201:           241          11568  java.util.zip.Inflater
 202:           478          11472  java.lang.Class$AnnotationData
 203:           341          10912  sun.misc.FDBigInteger
 204:           121          10648  org.apache.spark.scheduler.ShuffleMapStage
 205:           121          10648  org.apache.spark.sql.execution.ShuffledRowRDD
 206:           262          10480  org.apache.kafka.common.protocol.types.Field
 207:           653          10448  java.util.LinkedHashMap$LinkedEntrySet
 208:           258          10320  org.apache.spark.sql.execution.ui.SparkPlanGraphNode
 209:           211          10128  org.apache.spark.sql.catalyst.plans.physical.HashPartitioning
 210:           247           9880  org.antlr.v4.runtime.atn.ATNConfigSet
 211:           247           9880  org.apache.log4j.Logger
 212:           170           9520  scala.reflect.internal.Types$ClassNoArgsTypeRef
 213:            10           9440  [Lio.netty.util.Recycler$DefaultHandle;
 214:           145           9280  scala.reflect.internal.Types$ModuleTypeRef
 215:           271           9208  [Lscala.collection.immutable.HashSet;
 216:           367           8808  org.apache.spark.streaming.ui.OutputOpIdAndSparkJobId
 217:           348           8344  [Ljava.security.cert.Certificate;
 218:           260           8320  io.netty.util.internal.chmv8.LongAdderV8
 219:           219           8264  [Lscala.reflect.internal.Types$Type;
 220:           344           8256  org.apache.log4j.CategoryKey
 221:             1           8216  [Lscala.math.BigInt;
 222:           252           8064  org.apache.spark.sql.catalyst.expressions.ExpressionInfo
 223:            36           8064  org.spark_project.jetty.servlet.ServletContextHandler
 224:           100           8000  org.apache.spark.ui.jobs.UIData$ShuffleReadMetricsUIData
 225:           246           7872  java.util.zip.ZipCoder
 226:           490           7840  scala.collection.Iterator$$anonfun$toStream$1
 227:           490           7840  scala.collection.MapLike$$anon$2
 228:           325           7824  [Lorg.antlr.v4.runtime.atn.ATNConfig;
 229:            75           7800  scala.reflect.runtime.SynchronizedSymbols$SynchronizedSymbol$$anon$12
 230:           194           7760  scala.reflect.internal.BaseTypeSeqs$BaseTypeSeq
 231:           160           7680  java.nio.HeapByteBuffer
 232:           319           7656  org.antlr.v4.runtime.misc.Interval
 233:           478           7648  java.lang.Character
 234:           451           7216  java.util.HashSet
 235:           179           7160  java.lang.invoke.MethodType
 236:           118           7080  [Ljava.lang.ref.SoftReference;
 237:           108           6912  scala.reflect.internal.pickling.UnPickler$Scan
 238:           143           6864  org.apache.spark.streaming.ui.BatchUIData
 239:           214           6848  java.lang.invoke.LambdaForm$Name
 240:           214           6848  scala.reflect.runtime.SymbolLoaders$TopClassCompleter
 241:           121           6776  org.apache.spark.ShuffleDependency
 242:           276           6624  org.apache.kafka.common.metrics.stats.Rate
 243:           271           6504  scala.collection.immutable.HashSet$HashTrieSet
 244:           203           6496  scala.collection.immutable.Map$Map2
 245:            90           6480  java.lang.reflect.Field
 246:           270           6480  java.util.ArrayDeque
 247:            40           6400  scala.reflect.runtime.SynchronizedSymbols$SynchronizedSymbol$$anon$3
 248:           265           6360  java.util.LinkedList$Node
 249:           113           6328  org.apache.spark.streaming.scheduler.JobSet
 250:           196           6272  org.apache.spark.sql.execution.ui.SparkPlanGraphEdge
 251:            60           6240  org.apache.spark.sql.execution.SortExec
 252:           156           6240  org.apache.spark.streaming.kafka010.KafkaRDDPartition
 253:           386           6176  java.lang.ref.ReferenceQueue$Lock
 254:           128           6144  org.apache.spark.sql.catalyst.expressions.And
 255:            85           6120  scala.reflect.runtime.SymbolLoaders$PackageScope
 256:           187           5984  java.util.Vector
 257:           124           5952  org.apache.spark.sql.catalyst.expressions.IsNotNull
 258:           123           5904  scala.collection.immutable.Map$Map4
 259:           239           5848  [Ljava.lang.reflect.Constructor;
 260:           182           5824  org.apache.spark.rdd.RDD$$anonfun$mapPartitionsInternal$1
 261:           242           5808  java.util.zip.ZStreamRef
 262:           181           5792  java.lang.invoke.MethodType$ConcurrentWeakInternSet$WeakEntry
 263:           144           5760  [Lorg.apache.spark.streaming.kafka010.OffsetRange;
 264:            36           5760  org.spark_project.jetty.servlet.ServletHandler
 265:           359           5744  com.sun.proxy.$Proxy9
 266:           239           5736  org.apache.spark.sql.catalyst.analysis.FunctionRegistry$$anonfun$7
 267:           239           5736  org.slf4j.impl.Log4jLoggerAdapter
 268:           143           5720  org.apache.spark.streaming.ui.OutputOperationUIData
 269:           118           5664  java.util.Hashtable
 270:           176           5632  java.util.regex.Pattern$Curly
 271:           176           5632  org.antlr.v4.runtime.atn.ArrayPredictionContext
 272:            88           5632  scala.reflect.internal.Types$PackageTypeRef
 273:           233           5592  scala.reflect.internal.Constants$Constant
 274:           174           5568  java.io.ObjectStreamClass$WeakClassKey
 275:           138           5520  java.math.BigInteger
 276:           230           5520  javax.management.ObjectName$Property
 277:           230           5520  org.apache.spark.sql.catalyst.expressions.codegen.CodeAndComment
 278:           113           5424  org.apache.spark.streaming.scheduler.Job
 279:           195           5408  [Ljavax.management.ObjectName$Property;
 280:           225           5400  java.util.concurrent.ConcurrentLinkedQueue
 281:            75           5400  java.util.regex.Pattern
 282:           225           5400  org.apache.hadoop.conf.Configuration$DeprecatedKeyInfo
 283:           135           5400  org.apache.spark.internal.config.ConfigEntryWithDefault
 284:            61           5368  org.apache.spark.sql.execution.ExternalRDDScanExec
 285:            61           5368  org.apache.spark.sql.execution.ProjectExec
 286:            61           5368  org.apache.spark.sql.execution.SerializeFromObjectExec
 287:            37           5328  org.spark_project.jetty.servlet.ServletHolder
 288:           329           5264  java.util.concurrent.atomic.AtomicBoolean
 289:           164           5248  org.apache.kafka.common.metrics.stats.Avg
 290:           130           5200  java.security.ProtectionDomain
 291:            36           5184  [Ljava.util.Queue;
 292:            36           5184  [Ljava.util.concurrent.ConcurrentMap;
 293:           214           5136  java.util.concurrent.atomic.AtomicLong
 294:           212           5088  org.apache.spark.sql.execution.WholeStageCodegenExec$$anonfun$8
 295:           156           4992  org.apache.spark.sql.execution.ui.SQLPlanMetric
 296:            88           4928  org.apache.spark.sql.catalyst.expressions.LessThan
 297:           123           4920  java.util.TreeMap$Entry
 298:           307           4912  java.lang.Byte
 299:           121           4840  java.io.ObjectStreamClass$FieldReflectorKey
 300:           100           4800  scala.reflect.internal.Types$RefinedType0
 301:           149           4768  java.util.LinkedList
 302:           176           4720  [Lorg.antlr.v4.runtime.atn.PredictionContext;
 303:           292           4672  java.util.concurrent.atomic.AtomicReferenceArray
 304:            51           4640  [S
 305:           193           4632  javax.management.ImmutableDescriptor
 306:           143           4576  org.apache.spark.streaming.scheduler.StreamInputInfo
 307:           188           4512  org.spark_project.jetty.util.component.ContainerLifeCycle$Bean
 308:            33           4488  io.netty.channel.nio.NioEventLoop
 309:           140           4480  org.apache.kafka.common.metrics.stats.Rate$SampledTotal
 310:           186           4464  sun.reflect.generics.tree.SimpleClassTypeSignature
 311:           136           4352  org.apache.kafka.common.metrics.stats.Count
 312:           271           4336  java.lang.Short
 313:            77           4312  org.apache.spark.sql.catalyst.expressions.BoundReference
 314:            77           4312  org.apache.spark.sql.catalyst.expressions.objects.AssertNotNull
 315:           134           4288  org.apache.spark.internal.config.ConfigBuilder
 316:           177           4248  java.util.regex.Pattern$GroupHead
 317:           177           4248  java.util.regex.Pattern$GroupTail
 318:           176           4224  org.apache.spark.streaming.Time
 319:           261           4176  java.util.HashMap$EntrySet
 320:           130           4160  com.sun.jmx.mbeanserver.ConvertingMethod
 321:           129           4128  java.security.CodeSource
 322:           129           4128  org.apache.kafka.common.metrics.stats.Max
 323:             1           4120  [Lscala.math.BigDecimal;
 324:             1           4024  [Lorg.antlr.v4.runtime.misc.Interval;
 325:           125           4000  scala.collection.immutable.Set$Set4
 326:            62           3968  org.apache.spark.sql.execution.ui.SQLExecutionUIData
 327:           124           3968  org.apache.spark.unsafe.types.UTF8String
 328:            98           3920  javax.management.ObjectName
 329:           122           3904  java.lang.ThreadLocal$ThreadLocalMap$Entry
 330:           121           3872  org.apache.spark.sql.execution.CoalescedPartitioner
 331:           237           3792  org.apache.spark.rdd.RDD$$anonfun$map$1$$anonfun$apply$5
 332:           229           3760  [Lorg.apache.kafka.common.metrics.Sensor;
 333:           116           3712  sun.security.util.ObjectIdentifier
 334:           129           3664  [Lscala.Tuple2;
 335:            64           3584  org.apache.spark.sql.catalyst.expressions.In
 336:            26           3536  io.netty.buffer.PoolArena$DirectArena
 337:            26           3536  io.netty.buffer.PoolArena$HeapArena
 338:           219           3504  scala.collection.mutable.BitSet
 339:            87           3480  java.security.AccessControlContext
 340:            62           3472  java.lang.invoke.MethodTypeForm
 341:            31           3472  org.apache.spark.sql.execution.FilterExec
 342:            72           3456  java.lang.invoke.LambdaForm
 343:            72           3456  java.util.TreeMap
 344:           216           3456  java.util.concurrent.atomic.AtomicReference
 345:            77           3432  [Ljava.lang.invoke.LambdaForm$Name;
 346:           143           3432  scala.collection.mutable.WrappedArray$ofRef
 347:            41           3408  [Ljava.lang.ThreadLocal$ThreadLocalMap$Entry;
 348:           186           3400  [Lsun.reflect.generics.tree.TypeArgument;
 349:           212           3392  org.apache.spark.rdd.RDD$$anonfun$mapPartitionsWithIndex$1$$anonfun$apply$26
 350:           210           3360  com.sun.proxy.$Proxy17
 351:            60           3360  java.security.Provider$Service
 352:            60           3360  org.antlr.v4.runtime.atn.StarLoopEntryState
 353:            30           3360  org.apache.spark.sql.execution.joins.SortMergeJoinExec
 354:             5           3344  [[Lorg.antlr.v4.runtime.atn.ATNConfig;
 355:           137           3288  java.security.Provider$ServiceKey
 356:           137           3288  scala.reflect.internal.Types$UniqueThisType
 357:            80           3200  org.antlr.v4.runtime.atn.LoopEndState
 358:           100           3200  org.spark_project.jetty.util.IncludeExclude
 359:           131           3144  java.util.Collections$UnmodifiableRandomAccessList
 360:            49           3136  org.apache.kafka.common.config.ConfigDef$ConfigKey
 361:            97           3104  org.apache.log4j.ProvisionNode
 362:            43           3096  sun.nio.ch.EPollArrayWrapper
 363:            43           3096  sun.nio.ch.EPollSelectorImpl
 364:           128           3072  org.spark_project.jetty.io.ByteBufferPool$Bucket
 365:           128           3072  org.spark_project.jetty.util.ConcurrentArrayQueue
 366:           128           3072  org.spark_project.jetty.util.ConcurrentArrayQueue$Block
 367:            60           3040  [[B
 368:           187           2992  java.util.concurrent.atomic.AtomicInteger
 369:           124           2976  java.util.concurrent.LinkedBlockingQueue$Node
 370:            93           2976  org.spark_project.jetty.http.HttpField
 371:           124           2976  scala.collection.IndexedSeqLike$Elements
 372:           186           2976  sun.reflect.generics.tree.ClassTypeSignature
 373:            29           2944  [Ljava.lang.invoke.MethodHandle;
 374:           182           2912  org.apache.spark.rdd.RDD$$anonfun$mapPartitionsInternal$1$$anonfun$apply$25
 375:            26           2912  sun.nio.ch.SocketChannelImpl
 376:           121           2904  org.apache.spark.shuffle.sort.BypassMergeSortShuffleHandle
 377:           121           2904  org.apache.spark.sql.execution.UnsafeRowSerializer
 378:           121           2904  org.apache.spark.sql.execution.exchange.ShuffleExchange$$anonfun$3
 379:           104           2880  [Lorg.apache.kafka.common.protocol.types.Field;
 380:            90           2880  java.lang.StackTraceElement
 381:            45           2880  javax.management.openmbean.OpenMBeanAttributeInfoSupport
 382:            60           2880  org.antlr.v4.runtime.atn.StarBlockStartState
 383:            51           2856  scala.reflect.runtime.JavaMirrors$JavaMirror$FromJavaClassCompleter
 384:            71           2840  org.spark_project.jetty.http.HttpHeader
 385:            88           2816  java.io.File
 386:            50           2800  java.beans.MethodDescriptor
 387:            70           2800  java.io.ObjectStreamField
 388:            25           2800  org.spark_project.jetty.server.handler.gzip.GzipHandler
 389:           114           2736  java.util.regex.Pattern$Single
 390:            31           2728  org.apache.spark.sql.execution.DeserializeToObjectExec
 391:             1           2720  [Lscala.reflect.NameTransformer$OpCodes;
 392:            85           2720  java.lang.invoke.DirectMethodHandle
 393:           113           2712  org.apache.spark.streaming.dstream.ForEachDStream$$anonfun$1
 394:           112           2688  org.apache.spark.streaming.scheduler.JobScheduler$JobHandler
 395:            67           2680  org.antlr.v4.runtime.atn.OrderedATNConfigSet
 396:            30           2640  org.apache.spark.rdd.ZippedPartitionsRDD2
 397:            51           2616  [Ljavax.management.MBeanAttributeInfo;
 398:            65           2600  org.apache.spark.sql.execution.ui.SparkPlanGraphCluster
 399:            36           2592  org.spark_project.jetty.http.PathMap
 400:           137           2568  [Lcom.sun.jmx.mbeanserver.MXBeanMapping;
 401:           159           2544  org.apache.spark.internal.config.TypedConfigBuilder$$anonfun$$lessinit$greater$1
 402:            76           2528  [Ljava.security.ProtectionDomain;
 403:           105           2520  java.lang.invoke.LambdaForm$NamedFunction
 404:           105           2520  org.antlr.v4.runtime.misc.IntervalSet
 405:           104           2496  org.apache.kafka.common.protocol.types.Schema
 406:            61           2440  scala.collection.immutable.Map$Map3
 407:            50           2400  javax.management.MBeanInfo
 408:            60           2400  org.antlr.v4.runtime.atn.StarLoopbackState
 409:            74           2368  org.spark_project.jetty.util.ArrayTernaryTrie
 410:            11           2360  [[Ljava.lang.String;
 411:            49           2352  java.util.logging.LogManager$LoggerWeakRef
 412:            72           2304  io.netty.buffer.PoolThreadCache$SubPageMemoryRegionCache
 413:            32           2304  sun.reflect.DelegatingClassLoader
 414:             2           2296  [Lorg.spark_project.jetty.http.HttpStatus$Code;
 415:            57           2280  com.fasterxml.jackson.databind.introspect.AnnotatedMethod
 416:            94           2256  java.beans.MethodRef
 417:            40           2240  org.apache.spark.sql.catalyst.expressions.GreaterThan
 418:             1           2136  scala.reflect.internal.StdNames$nme$
 419:            87           2088  scala.reflect.internal.Types$PolyType
 420:           130           2080  [Ljava.security.Principal;
 421:           130           2080  java.security.ProtectionDomain$Key
 422:             1           2064  [Lorg.spark_project.jetty.http.HttpGenerator$PreparedResponse;
 423:           128           2048  java.util.concurrent.atomic.AtomicIntegerArray
 424:            64           2048  javax.management.MBeanAttributeInfo
 425:            85           2040  com.sun.jmx.mbeanserver.NamedObject
 426:            36           2016  scala.collection.immutable.Vector
 427:           125           2000  java.util.LinkedHashMap$LinkedValues
 428:            82           1952  [Ljava.lang.reflect.Type;
 429:           121           1936  org.apache.spark.CleanShuffle
 430:           121           1936  org.apache.spark.sql.execution.PartitionIdPassthrough
 431:           121           1936  org.apache.spark.sql.execution.exchange.ShuffleExchange$$anon$1
 432:            60           1920  java.net.InetAddress$InetAddressHolder
 433:            60           1920  java.util.concurrent.locks.AbstractQueuedSynchronizer$Node
 434:            40           1920  scala.reflect.runtime.JavaMirrors$JavaMirror$JavaAnnotationProxy
 435:            39           1872  sun.util.locale.LocaleObjectCache$CacheEntry
 436:           110           1760  java.util.Collections$UnmodifiableSet
 437:            55           1760  org.spark_project.jetty.http.PreEncodedHttpField
 438:            27           1728  org.apache.hadoop.metrics2.lib.Interns$CacheWith2Keys$2
 439:            54           1728  org.spark_project.jetty.http.HttpStatus$Code
 440:           105           1680  com.fasterxml.jackson.databind.introspect.AnnotationMap
 441:            70           1680  org.apache.kafka.common.metrics.JmxReporter$KafkaMbean
 442:            35           1680  org.apache.spark.sql.catalyst.expressions.objects.CreateExternalRow
 443:            52           1664  java.util.concurrent.ConcurrentSkipListMap$HeadIndex
 444:            23           1656  java.util.logging.Logger
 445:            23           1656  org.apache.spark.util.ParentClassLoader
 446:            23           1656  org.codehaus.janino.ByteArrayClassLoader
 447:            68           1632  org.apache.kafka.common.protocol.types.ArrayOf
 448:            68           1632  scala.reflect.runtime.JavaMirrors$JavaMirror$FromJavaClassCompleter$LazyPolyType
 449:           100           1600  org.apache.spark.scheduler.HostTaskLocation
 450:           100           1600  org.spark_project.jetty.util.IncludeExclude$SetContainsPredicate
 451:            50           1600  scala.xml.UnprefixedAttribute
 452:            40           1600  sun.management.DiagnosticCommandArgumentInfo
 453:            22           1584  java.beans.PropertyDescriptor
 454:            11           1584  java.text.DecimalFormat
 455:            65           1560  sun.reflect.NativeConstructorAccessorImpl
 456:            97           1552  java.util.regex.Pattern$Dot
 457:            32           1536  org.codehaus.janino.ReflectionIClass$ReflectionIConstructor
 458:            64           1536  sun.reflect.generics.factory.CoreReflectionFactory
 459:             1           1528  scala.reflect.runtime.JavaUniverse
 460:            95           1520  java.util.HashMap$KeySet
 461:            63           1512  java.util.jar.Attributes$Name
 462:            63           1512  java.util.regex.Pattern$Ctype
 463:            47           1504  java.util.regex.Pattern$Branch
 464:            94           1504  org.apache.spark.sql.internal.SQLConf$$anonfun$buildConf$1
 465:             2           1488  [Lorg.antlr.v4.runtime.dfa.DFA;
 466:            62           1488  java.util.concurrent.locks.AbstractQueuedSynchronizer$ConditionObject
 467:            62           1488  org.apache.spark.sql.execution.ui.SparkPlanGraph
 468:            46           1472  sun.nio.ch.AllocatedNativeObject
 469:            61           1464  org.apache.spark.sql.execution.ExternalRDDScanExec$$anonfun$doExecute$1
 470:            91           1456  org.spark_project.jetty.util.log.JettyAwareLogger
 471:            91           1456  org.spark_project.jetty.util.log.Slf4jLog
 472:            91           1456  sun.reflect.DelegatingConstructorAccessorImpl
 473:            60           1440  [Lorg.apache.kafka.common.Node;
 474:            45           1440  java.security.Permissions
 475:            30           1440  java.time.temporal.ValueRange
 476:            36           1440  org.spark_project.jetty.servlet.ServletContextHandler$Context
 477:             2           1416  [Lorg.antlr.v4.runtime.atn.RuleStartState;
 478:             2           1416  [Lorg.antlr.v4.runtime.atn.RuleStopState;
 479:            59           1416  java.net.Inet4Address
 480:            59           1416  java.util.regex.Pattern$Slice
 481:            16           1392  [Ljava.lang.Byte;
 482:            58           1392  java.net.InetSocketAddress$InetSocketAddressHolder
 483:            29           1392  java.util.Properties
 484:             1           1376  [Lsun.misc.FDBigInteger;
 485:            43           1376  java.io.FilePermission
 486:            57           1368  java.lang.ProcessEnvironment$Value
 487:            57           1368  java.lang.ProcessEnvironment$Variable
 488:            39           1352  [Ljava.math.BigInteger;
 489:            42           1344  java.security.BasicPermissionCollection
 490:            56           1344  java.security.Provider$UString
 491:            54           1296  java.lang.RuntimePermission
 492:            27           1296  java.util.concurrent.ThreadPoolExecutor$Worker
 493:            32           1280  java.math.BigDecimal
 494:            16           1280  org.spark_project.guava.cache.LocalCache$Segment
 495:            20           1280  org.spark_project.guava.collect.MapMakerInternalMap$Segment
 496:            20           1280  scala.reflect.internal.Types$AliasArgsTypeRef
 497:            53           1272  org.spark_project.jetty.http.HttpGenerator$PreparedResponse
 498:            39           1248  java.io.FileDescriptor
 499:            39           1248  scala.Enumeration$Val
 500:            11           1232  java.util.GregorianCalendar
 501:            14           1232  org.codehaus.janino.IClass$2
 502:            38           1216  io.netty.util.concurrent.DefaultPromise
 503:            19           1216  java.nio.DirectByteBuffer
 504:            30           1200  java.time.temporal.ChronoField
 505:            50           1200  java.util.Collections$SingletonList
 506:            50           1200  org.spark_project.jetty.util.RegexSet
 507:            25           1200  scala.reflect.runtime.SynchronizedOps$$anon$3
 508:            37           1184  java.util.logging.LogManager$LogNode
 509:            37           1184  org.apache.kafka.common.Node
 510:            37           1184  org.apache.kafka.common.protocol.Errors
 511:            47           1176  [Ljava.util.regex.Pattern$Node;
 512:            24           1152  java.nio.HeapByteBufferR
 513:            48           1152  java.util.BitSet
 514:             3           1152  org.apache.spark.scheduler.AsyncEventQueue$$anon$1
 515:             3           1152  org.apache.spark.util.EventLoop$$anon$1
 516:            64           1136  [Lsun.reflect.generics.tree.FormalTypeParameter;
 517:            47           1128  java.util.regex.Pattern$BitClass
 518:            20           1120  org.antlr.v4.runtime.atn.PlusBlockStartState
 519:            14           1120  sun.net.www.protocol.jar.URLJarFile
 520:            28           1120  sun.nio.ch.SelectionKeyImpl
 521:            35           1120  sun.reflect.generics.repository.ClassRepository
 522:            23           1104  org.spark_project.guava.cache.LocalCache$StrongAccessEntry
 523:             1           1096  scala.reflect.internal.Definitions$definitions$
 524:            68           1088  org.apache.spark.internal.config.ConfigBuilder$$anonfun$booleanConf$1
 525:             3           1080  [Ljava.lang.Integer;
 526:            45           1080  org.apache.kafka.common.TopicPartition
 527:            27           1080  sun.reflect.generics.repository.MethodRepository
 528:             2           1072  [Lorg.spark_project.jetty.http.HttpParser$CharState;
 529:             2           1056  [Ljava.lang.Long;
 530:             2           1056  [Ljava.lang.Short;
 531:            33           1056  com.codahale.metrics.LongAdder
 532:            33           1056  io.netty.channel.nio.SelectedSelectionKeySet
 533:            33           1056  java.util.concurrent.Semaphore$NonfairSync
 534:            44           1056  scala.reflect.internal.Types$NullaryMethodType
 535:            11           1056  sun.util.calendar.Gregorian$Date
 536:            26           1040  sun.nio.ch.SocketAdaptor
 537:            43           1032  java.io.FilePermissionCollection
 538:            43           1032  sun.reflect.generics.reflectiveObjects.ParameterizedTypeImpl
 539:            40           1024  [Ljavax.management.MBeanOperationInfo;
 540:             7           1008  [Lorg.spark_project.jetty.util.TreeTrie;
 541:            31            992  org.apache.spark.rdd.RDD$$anonfun$mapPartitionsWithIndexInternal$1
 542:            41            984  java.lang.ThreadLocal$ThreadLocalMap
 543:            41            984  org.apache.kafka.clients.ClusterConnectionStates$NodeConnectionState
 544:            38            976  [Lorg.apache.kafka.common.protocol.types.Schema;
 545:            30            960  java.security.Provider$EngineDescription
 546:            20            960  org.antlr.v4.runtime.atn.PlusLoopbackState
 547:            40            960  org.antlr.v4.runtime.atn.SetTransition
 548:            30            960  org.apache.kafka.common.PartitionInfo
 549:            30            960  org.apache.spark.sql.execution.joins.SortMergeJoinExec$$anonfun$doExecute$1
 550:            40            960  scala.collection.mutable.WeakHashMap
 551:            30            960  scala.ref.WeakReferenceWithWrapper
 552:            58            928  java.net.InetSocketAddress
 553:            29            928  org.apache.spark.ui.JettyUtils$$anon$3
 554:            29            928  sun.reflect.generics.tree.MethodTypeSignature
 555:            23            920  scala.reflect.internal.Types$UniqueSingleType
 556:            19            912  sun.management.DiagnosticCommandInfo
 557:             9            896  [D
 558:            28            896  org.apache.commons.lang3.text.translate.LookupTranslator
 559:            37            888  org.spark_project.jetty.http.PathMap$MappedEntry
 560:            37            888  org.spark_project.jetty.servlet.ServletHolder$Config
 561:            37            888  org.spark_project.jetty.servlet.ServletMapping
 562:            41            880  [Lcom.fasterxml.jackson.databind.introspect.AnnotationMap;
 563:            36            864  [Lorg.spark_project.jetty.server.handler.ContextHandler;
 564:            36            864  [Lorg.spark_project.jetty.server.handler.ContextHandlerCollection$Branch;
 565:            36            864  [Lorg.spark_project.jetty.servlet.ServletHolder;
 566:            36            864  [Lorg.spark_project.jetty.servlet.ServletMapping;
 567:            36            864  java.util.Arrays$ArrayList
 568:            12            864  java.util.concurrent.ThreadPoolExecutor
 569:            36            864  java.util.regex.Pattern$Start
 570:            18            864  org.spark_project.jetty.http.MimeTypes$Type
 571:            36            864  org.spark_project.jetty.server.handler.ContextHandlerCollection$Branch
 572:            54            864  scala.xml.Text
 573:             2            856  [Lorg.apache.spark.scheduler.Task;
 574:            45            840  [Lsun.reflect.generics.tree.FieldTypeSignature;
 575:            15            840  javax.management.openmbean.ArrayType
 576:            21            840  org.apache.spark.internal.config.OptionalConfigEntry
 577:            35            840  org.spark_project.jetty.servlet.ServletHolder$Registration
 578:            35            840  scala.collection.immutable.Set$Set3
 579:            35            840  sun.reflect.generics.scope.ClassScope
 580:            35            840  sun.reflect.generics.tree.ClassSignature
 581:            52            832  java.util.TreeSet
 582:            20            800  com.sun.jmx.mbeanserver.MXBeanSupport
 583:            20            800  javax.management.MBeanOperationInfo
 584:            50            800  org.spark_project.jetty.http.pathmap.PathSpecSet
 585:            25            800  org.spark_project.jetty.http.pathmap.ServletPathSpec
 586:            49            784  java.lang.ThreadLocal
 587:            49            784  org.apache.spark.internal.config.ConfigBuilder$$anonfun$intConf$1
 588:            14            784  sun.util.calendar.ZoneInfo
 589:            35            768  [Lsun.reflect.generics.tree.ClassTypeSignature;
 590:            24            768  com.fasterxml.jackson.databind.DeserializationFeature
 591:            32            768  com.sun.jmx.mbeanserver.DefaultMXBeanMappingFactory$IdentityMapping
 592:            32            768  java.util.regex.Pattern$Dollar
 593:            32            768  org.codehaus.janino.ReflectionIClass$ReflectionIField
 594:            32            768  scala.collection.mutable.LinkedList
 595:            24            768  sun.security.x509.OIDMap$OIDInfo
 596:            19            760  org.apache.kafka.common.network.KafkaChannel
 597:            19            760  sun.util.locale.BaseLocale$Key
 598:            47            752  java.util.regex.Pattern$BranchConn
 599:            31            744  io.netty.util.internal.logging.Slf4JLogger
 600:            31            744  java.util.regex.Pattern$1
 601:            23            736  com.fasterxml.jackson.databind.SerializationFeature
 602:            23            736  sun.management.MappedMXBeanType$BasicMXBeanType
 603:            13            728  org.apache.spark.sql.catalyst.analysis.GetColumnByOrdinal
 604:            13            728  org.apache.spark.sql.catalyst.expressions.If
 605:            13            728  org.apache.spark.sql.catalyst.expressions.objects.GetExternalRowField
 606:            13            728  org.apache.spark.sql.catalyst.expressions.objects.ValidateExternalType
 607:            15            720  java.lang.management.PlatformComponent
 608:            30            720  java.util.regex.Pattern$5
 609:             9            720  org.codehaus.janino.IClass$PrimitiveIClass
 610:            15            720  scala.reflect.api.TypeTags$PredefTypeTag
 611:            11            704  java.text.DecimalFormatSymbols
 612:            23            696  [Ljava.io.ObjectStreamField;
 613:            29            696  io.netty.channel.ChannelOption
 614:            29            696  java.util.regex.Pattern$Ques
 615:            29            696  org.apache.spark.ui.JettyUtils$ServletParams
 616:            17            680  org.spark_project.guava.util.concurrent.ThreadFactoryBuilder$1
 617:            17            680  scala.reflect.internal.Trees$Select
 618:            21            672  com.sun.jmx.mbeanserver.WeakIdentityHashMap$IdentityWeakReference
 619:             6            672  org.apache.kafka.clients.consumer.internals.ConsumerCoordinator
 620:             3            672  scala.reflect.internal.StdNames$JavaKeywords
 621:             1            672  scala.reflect.internal.StdNames$fulltpnme$
 622:             1            664  scala.reflect.internal.StdNames$tpnme$
 623:             6            656  [Ljava.beans.MethodDescriptor;
 624:            29            656  [Lsun.reflect.generics.tree.TypeSignature;
 625:            27            648  org.apache.hadoop.metrics2.lib.MetricsInfoImpl
 626:             1            648  scala.reflect.internal.Flags$
 627:            27            648  sun.reflect.generics.scope.MethodScope
 628:            33            640  [Ljava.lang.reflect.TypeVariable;
 629:            16            640  scala.xml.Elem
 630:             3            624  [Ljava.lang.invoke.LambdaForm;
 631:            13            624  com.fasterxml.jackson.core.JsonToken
 632:            13            624  com.fasterxml.jackson.databind.type.SimpleType
 633:            13            624  java.util.concurrent.LinkedBlockingQueue
 634:            39            624  java.util.regex.Pattern$CharPropertyNames$1
 635:             6            624  org.apache.kafka.common.network.Selector
 636:            13            624  org.apache.spark.sql.catalyst.analysis.UnresolvedAttribute
 637:             2            608  [Lorg.spark_project.jetty.http.HttpHeader;
 638:            19            608  com.fasterxml.jackson.databind.MapperFeature
 639:            19            608  java.lang.reflect.Proxy$Key1
 640:            19            608  java.lang.reflect.WeakCache$CacheValue
 641:            38            608  java.util.LinkedHashSet
 642:            19            608  java.util.Locale
 643:            19            608  java.util.RegularEnumSet
 644:            38            608  java.util.jar.Attributes
 645:            19            608  org.apache.kafka.common.protocol.ApiKeys
 646:            19            608  sun.management.DiagnosticCommandImpl$Wrapper
 647:            19            608  sun.util.locale.BaseLocale
 648:            25            600  java.time.LocalTime
 649:            15            600  org.apache.spark.internal.config.ConfigEntryWithDefaultString
 650:            12            592  [Ljava.lang.StackTraceElement;
 651:            37            592  com.sun.proxy.$Proxy14
 652:            37            592  java.util.Collections$SingletonSet
 653:            37            592  org.spark_project.jetty.util.AttributesMap
 654:             3            584  [Ljava.lang.Thread;
 655:            36            576  [Lorg.spark_project.jetty.servlet.FilterHolder;
 656:            36            576  [Lorg.spark_project.jetty.servlet.ListenerHolder;
 657:            12            576  com.codahale.metrics.EWMA
 658:             9            576  com.fasterxml.jackson.databind.introspect.AnnotatedClass
 659:             9            576  io.netty.util.Recycler$Stack
 660:             9            576  java.text.DateFormatSymbols
 661:             9            576  java.text.SimpleDateFormat
 662:            18            576  javax.management.MBeanParameterInfo
 663:            24            576  org.apache.spark.SparkConf$AlternateConfig
 664:            24            576  org.spark_project.jetty.http.HttpParser$State
 665:            36            576  org.spark_project.jetty.http.MimeTypes
 666:            36            576  org.spark_project.jetty.server.handler.AllowSymLinkAliasChecker
 667:            36            576  org.spark_project.jetty.server.handler.ContextHandler$ApproveNonExistentDirectoryAliases
 668:            36            576  org.spark_project.jetty.util.DecoratedObjectFactory
 669:            36            576  org.spark_project.jetty.util.DeprecationWarning
 670:             3            576  scala.concurrent.forkjoin.ForkJoinPool$WorkQueue
 671:            18            576  scala.reflect.runtime.TwoWayCaches$TwoWayCache
 672:             7            560  [Ljava.util.concurrent.RunnableScheduledFuture;
 673:             7            560  java.util.concurrent.ScheduledThreadPoolExecutor
 674:            10            560  javax.management.openmbean.CompositeType
 675:            14            560  javax.management.openmbean.SimpleType
 676:            10            560  sun.invoke.util.Wrapper
 677:            14            560  sun.misc.Cleaner
 678:            23            552  com.sun.jmx.mbeanserver.PerInterface$MethodAndSig
 679:            23            552  scala.reflect.internal.Types$AnnotatedType
 680:             2            544  [Lcom.fasterxml.jackson.core.sym.Name;
 681:             2            544  [Ljava.lang.Character;
 682:             2            544  [Lorg.spark_project.jetty.io.ByteBufferPool$Bucket;
 683:            34            544  io.netty.util.concurrent.DefaultThreadFactory$DefaultRunnableDecorator
 684:             4            544  io.netty.util.internal.InternalThreadLocalMap
 685:            17            544  org.apache.kafka.common.network.NetworkReceive
 686:            17            544  sun.reflect.annotation.AnnotationType
 687:             1            528  [Ljava.util.TimerTask;
 688:            33            528  io.netty.channel.nio.NioEventLoop$1
 689:            33            528  io.netty.channel.nio.NioEventLoop$2
 690:            33            528  io.netty.util.concurrent.SingleThreadEventExecutor$2
 691:            33            528  io.netty.util.concurrent.SingleThreadEventExecutor$DefaultThreadProperties
 692:            33            528  java.util.concurrent.Semaphore
 693:            33            528  java.util.regex.Pattern$Begin
 694:            22            528  java.util.regex.Pattern$CharProperty$1
 695:             6            528  org.apache.kafka.clients.consumer.KafkaConsumer
 696:            22            528  scala.util.matching.Regex
 697:             5            520  com.codahale.metrics.ThreadLocalRandom
 698:            13            520  com.sun.jmx.mbeanserver.PerInterface
 699:            13            520  java.lang.invoke.MethodHandleImpl$IntrinsicMethodHandle
 700:             5            520  org.spark_project.guava.collect.MapMakerInternalMap
 701:            13            520  scala.reflect.internal.Trees$Ident
 702:            32            512  com.spark.aimer.debug.KafkaDirectDemo$$anonfun$2$$anonfun$3
 703:            32            512  com.spark.aimer.debug.KafkaDirectDemo$$anonfun$2$$anonfun$4
 704:            16            512  java.time.temporal.ChronoUnit
 705:             4            512  org.spark_project.guava.cache.LocalCache
 706:             9            504  java.util.ResourceBundle$CacheKey
 707:             9            504  scala.reflect.internal.Types$RefinementTypeRef
 708:            21            504  sun.security.x509.AVAKeyword
 709:            31            496  org.apache.spark.internal.config.ConfigBuilder$$anonfun$stringConf$1
 710:            31            496  org.apache.spark.rdd.RDD$$anonfun$mapPartitions$1$$anonfun$apply$23
 711:            31            496  org.apache.spark.rdd.RDD$$anonfun$mapPartitionsWithIndexInternal$1$$anonfun$apply$24
 712:            31            496  org.apache.spark.sql.Dataset$$anonfun$50
 713:            31            496  org.apache.spark.sql.execution.DeserializeToObjectExec$$anonfun$2
 714:            19            488  [Lsun.management.DiagnosticCommandArgumentInfo;
 715:            30            480  com.spark.aimer.debug.KafkaDirectDemo$$anonfun$2$$anonfun$5
 716:            15            480  java.util.Collections$UnmodifiableMap
 717:            15            480  java.util.Random
 718:            10            480  java.util.concurrent.locks.ReentrantReadWriteLock$NonfairSync
 719:             6            480  org.apache.kafka.clients.consumer.internals.Fetcher
 720:            20            480  scala.collection.generic.GenTraversableFactory$$anon$1
 721:            30            480  scala.ref.WeakReference
 722:             3            480  scala.reflect.runtime.JavaMirrors$JavaMirror$$anon$1
 723:             3            480  scala.reflect.runtime.JavaMirrors$JavaMirror$$anon$2
 724:            15            480  sun.reflect.generics.reflectiveObjects.TypeVariableImpl
 725:             2            464  org.apache.spark.scheduler.TaskSetManager
 726:            19            456  [Ljavax.management.MBeanParameterInfo;
 727:             6            456  [Lsun.invoke.util.Wrapper;
 728:            19            456  java.util.Collections$SynchronizedSet
 729:            19            456  java.util.Locale$LocaleKey
 730:            19            456  org.apache.commons.logging.impl.SLF4JLocationAwareLog
 731:            19            456  org.apache.kafka.common.network.DefaultAuthenticator
 732:            19            456  org.apache.kafka.common.network.PlaintextTransportLayer
 733:             1            456  org.apache.spark.sql.internal.SQLConf$
 734:             3            456  scala.reflect.runtime.JavaMirrors$JavaMirror
 735:            12            448  [Lio.netty.buffer.PoolArena;
 736:            18            448  [Lorg.codehaus.janino.IClass$IConstructor;
 737:             8            448  com.codahale.metrics.ExponentiallyDecayingReservoir
 738:            28            448  java.nio.channels.spi.AbstractInterruptibleChannel$1
 739:             8            448  javax.management.openmbean.OpenMBeanParameterInfoSupport
 740:            11            440  java.text.DigitList
 741:            18            432  java.text.DateFormat$Field
 742:             9            432  java.util.ResourceBundle$BundleReference
 743:             9            432  javassist.CtPrimitiveType
 744:             9            432  org.apache.spark.rpc.netty.NettyRpcEndpointRef
 745:             9            432  org.apache.spark.sql.types.DecimalType
 746:            18            432  org.apache.spark.streaming.StreamingSource$$anon$1
 747:             6            432  org.spark_project.jetty.util.resource.JarFileResource
 748:            18            432  scala.reflect.NameTransformer$OpCodes
 749:             6            416  [Lio.netty.buffer.PoolThreadCache$MemoryRegionCache;
 750:            13            416  java.lang.invoke.SimpleMethodHandle
 751:             2            416  org.codehaus.janino.ClassLoaderIClassLoader
 752:            26            416  sun.reflect.BootstrapConstructorAccessorImpl
 753:            13            416  sun.security.util.DerInputBuffer
 754:            13            416  sun.security.util.DerValue
 755:            13            408  [Lorg.apache.commons.lang3.text.translate.CharSequenceTranslator;
 756:            17            408  java.time.Duration
 757:            17            408  scala.reflect.runtime.Settings$BooleanSetting
 758:            10            400  java.lang.invoke.DirectMethodHandle$Accessor
 759:             1            392  scala.reflect.internal.pickling.PickleFormat$
 760:             8            384  com.fasterxml.jackson.databind.introspect.BasicBeanDescription
 761:            16            384  com.fasterxml.jackson.databind.introspect.MemberKey
 762:             1            384  java.lang.ref.Finalizer$FinalizerThread
 763:             1            384  java.util.TimerThread
 764:             8            384  java.util.concurrent.ConcurrentSkipListMap
 765:            16            384  java.util.concurrent.Executors$DefaultThreadFactory
 766:             1            384  java.util.logging.LogManager$Cleaner
 767:            12            384  net.sf.ezmorph.array.ObjectArrayMorpher
 768:            16            384  net.sf.ezmorph.object.NumberMorpher
 769:            12            384  org.apache.commons.lang3.JavaVersion
 770:             6            384  org.apache.kafka.clients.Metadata
 771:             1            384  org.apache.spark.ContextCleaner$$anon$1
 772:            12            384  org.apache.spark.sql.catalyst.rules.RuleExecutor$Batch
 773:             1            384  org.apache.spark.streaming.util.RecurringTimer$$anon$1
 774:             1            384  org.apache.spark.util.UninterruptibleThread
 775:            12            384  org.spark_project.jetty.http.HttpHeaderValue
 776:             1            384  scala.concurrent.impl.ExecutionContextImpl$DefaultThreadFactory$$anon$2
 777:            16            384  sun.misc.MetaIndex
 778:            16            384  sun.nio.ch.OptionKey
 779:            16            384  sun.nio.ch.SocketOptionRegistry$RegistryKey
 780:             1            376  java.lang.ref.Reference$ReferenceHandler
 781:             1            376  org.apache.hadoop.util.ShutdownHookManager$1
 782:            17            368  [Ljavax.management.MBeanNotificationInfo;
 783:            23            368  org.antlr.v4.runtime.atn.SemanticContext$PrecedencePredicate
 784:            23            368  org.spark_project.guava.cache.LocalCache$StrongValueReference
 785:            15            360  javax.management.StandardMBean
 786:             9            360  org.apache.spark.rpc.netty.Inbox
 787:            15            360  org.apache.spark.storage.StorageLevel
 788:             9            360  org.spark_project.jetty.util.ArrayTrie
 789:            15            360  sun.reflect.generics.tree.FormalTypeParameter
 790:            11            352  com.fasterxml.jackson.core.JsonParser$Feature
 791:            11            352  io.netty.util.Recycler$DefaultHandle
 792:            11            352  java.util.Collections$SynchronizedMap
 793:             4            352  java.util.jar.JarVerifier
 794:            11            352  org.spark_project.jetty.http.HttpMethod
 795:            14            336  com.fasterxml.jackson.databind.PropertyName
 796:             7            336  com.sun.jmx.mbeanserver.DefaultMXBeanMappingFactory$CompositeMapping
 797:             6            336  io.netty.buffer.PooledByteBufAllocator
 798:            14            336  java.lang.invoke.LambdaFormEditor$Transform$Kind
 799:             3            336  java.net.SocksSocketImpl
 800:             6            336  java.nio.DirectLongBufferU
 801:             6            336  org.apache.hadoop.metrics2.util.SampleStat
 802:             6            336  org.apache.kafka.clients.NetworkClient
 803:             6            336  org.apache.kafka.clients.consumer.internals.ConsumerNetworkClient
 804:             6            336  org.apache.kafka.clients.consumer.internals.Heartbeat
 805:             6            336  org.apache.kafka.common.network.Selector$SelectorMetrics
 806:            21            336  org.apache.spark.internal.config.OptionalConfigEntry$$anonfun$$lessinit$greater$1
 807:            21            336  org.apache.spark.internal.config.OptionalConfigEntry$$anonfun$$lessinit$greater$2
 808:            14            336  org.apache.spark.internal.config.TypedConfigBuilder
 809:             6            336  sun.management.MemoryPoolImpl
 810:            16            328  [Ljava.lang.management.PlatformComponent;
 811:            10            320  com.fasterxml.jackson.core.JsonGenerator$Feature
 812:             4            320  io.netty.buffer.PoolChunk
 813:            20            320  java.lang.Float
 814:            10            320  java.lang.invoke.BoundMethodHandle$Species_L
 815:             4            320  java.net.URI
 816:            10            320  java.util.PriorityQueue
 817:            10            320  org.apache.kafka.clients.consumer.internals.SubscriptionState$TopicPartitionState
 818:            10            320  org.apache.spark.executor.ExecutorSource$$anon$1
 819:             4            320  org.spark_project.jetty.io.ManagedSelector
 820:             2            320  scala.concurrent.forkjoin.ForkJoinPool
 821:             5            320  scala.reflect.internal.Types$AliasNoArgsTypeRef
 822:             3            312  io.netty.util.internal.ThreadLocalRandom
 823:            13            312  java.lang.invoke.Invokers
 824:            13            312  java.lang.management.ManagementPermission
 825:            13            312  java.util.Collections$SetFromMap
 826:            13            312  org.apache.kafka.common.config.ConfigDef$Range
 827:            13            312  org.apache.log4j.Level
 828:            13            312  org.apache.spark.internal.config.TypedConfigBuilder$$anonfun$transform$1
 829:            13            312  org.apache.spark.serializer.JavaSerializerInstance
 830:             3            312  scala.reflect.runtime.JavaMirrors$JavaMirror$$anon$3
 831:             3            312  scala.reflect.runtime.JavaMirrors$JavaMirror$$anon$4
 832:            13            312  sun.security.util.DerInputStream
 833:             2            296  [Ljava.io.File;
 834:             2            288  [Lcom.fasterxml.jackson.core.sym.CharsToNameCanonicalizer$Bucket;
 835:            12            288  [Lsun.security.x509.AVA;
 836:             4            288  com.fasterxml.jackson.databind.deser.CreatorProperty
 837:             9            288  com.fasterxml.jackson.databind.introspect.POJOPropertyBuilder$Linked
 838:             9            288  com.fasterxml.jackson.module.paranamer.shaded.BytecodeReadingParanamer$Type
 839:             9            288  com.thoughtworks.paranamer.BytecodeReadingParanamer$Type
 840:             6            288  java.beans.BeanDescriptor
 841:             9            288  java.nio.DirectByteBuffer$Deallocator
 842:            12            288  java.util.Date
 843:             9            288  java.util.ResourceBundle$LoaderReference
 844:             9            288  java.util.logging.Level
 845:            12            288  java.util.regex.Pattern$7
 846:            18            288  java.util.regex.Pattern$CharPropertyNames$4
 847:            12            288  java.util.regex.Pattern$SliceI
 848:             9            288  jdk.internal.org.objectweb.asm.Type
 849:             9            288  org.apache.hadoop.metrics2.util.SampleStat$MinMax
 850:             6            288  org.apache.kafka.clients.consumer.internals.SubscriptionState
 851:             6            288  org.apache.kafka.common.Cluster
 852:             6            288  org.apache.kafka.common.config.AbstractConfig$RecordingMap
 853:            12            288  org.apache.kafka.common.protocol.types.Struct
 854:             4            288  org.apache.spark.network.util.TransportConf
 855:             9            288  org.apache.spark.rpc.netty.Dispatcher$EndpointData
 856:            12            288  org.apache.spark.sql.catalyst.analysis.FunctionRegistry$$anonfun$13
 857:             9            288  org.apache.xbean.asm5.Type
 858:            12            288  scala.concurrent.duration.FiniteDuration
 859:             6            288  sun.misc.URLClassPath
 860:             3            288  sun.nio.ch.ServerSocketChannelImpl
 861:             9            288  sun.security.jca.ProviderConfig
 862:            12            288  sun.security.x509.AVA
 863:            12            288  sun.security.x509.RDN
 864:             7            280  [Ljava.lang.reflect.Method;
 865:             7            280  java.util.IdentityHashMap
 866:             5            280  org.apache.spark.streaming.kafka010.CachedKafkaConsumer
 867:             7            280  org.spark_project.jetty.util.TreeTrie
 868:             7            280  sun.misc.FloatingDecimal$BinaryToASCIIBuffer
 869:             7            272  [Ljava.lang.annotation.ElementType;
 870:            17            272  net.jpountz.lz4.LZ4HCJNICompressor
 871:             1            272  scala.reflect.internal.ReificationSupport$ReificationSupportImpl
 872:             6            264  [Ljava.beans.PropertyDescriptor;
 873:            11            264  java.net.StandardSocketOptions$StdSocketOption
 874:            11            264  java.util.concurrent.locks.ReentrantReadWriteLock
 875:            11            264  org.antlr.v4.runtime.atn.PrecedencePredicateTransition
 876:            11            264  org.apache.spark.network.protocol.Message$Type
 877:            11            264  org.apache.spark.rpc.RpcTimeout
 878:            11            264  org.apache.spark.util.SizeEstimator$ClassInfo
 879:            11            264  org.spark_project.guava.collect.RegularImmutableMap$TerminalEntry
 880:            11            264  org.spark_project.jetty.http.HttpURI$State
 881:             9            256  [Ljava.lang.Boolean;
 882:             8            256  java.lang.OutOfMemoryError
 883:            16            256  java.util.HashMap$Values
 884:             8            256  javax.management.MBeanNotificationInfo
 885:             8            256  org.antlr.v4.runtime.atn.ActionTransition
 886:             8            256  scala.reflect.internal.Types$UniqueTypeBounds
 887:             8            256  sun.misc.ProxyGenerator$PrimitiveTypeInfo
 888:            16            256  sun.reflect.DelegatingMethodAccessorImpl
 889:             8            248  [Ljava.lang.invoke.LambdaForm$BasicType;
 890:            10            248  [Lorg.apache.spark.sql.catalyst.rules.Rule;
 891:             1            248  org.apache.spark.internal.config.package$
 892:             1            248  scala.reflect.internal.FlagSets$Flag$
 893:             6            240  [Ljava.lang.invoke.BoundMethodHandle$SpeciesData;
 894:            14            240  [Ljavax.management.MBeanConstructorInfo;
 895:             4            240  [Lorg.spark_project.guava.collect.RegularImmutableMap$LinkedEntry;
 896:             6            240  com.fasterxml.jackson.databind.type.CollectionLikeType
 897:             6            240  java.beans.GenericBeanInfo
 898:             6            240  java.lang.ClassLoader$NativeLibrary
 899:            10            240  java.lang.annotation.ElementType
 900:            10            240  java.nio.file.StandardOpenOption
 901:            10            240  java.security.CryptoPrimitive
 902:             6            240  java.util.EnumMap
 903:             6            240  org.apache.kafka.clients.consumer.internals.AbstractCoordinator$GroupCoordinatorMetrics
 904:             6            240  org.apache.kafka.clients.consumer.internals.Fetcher$FetchManagerMetrics
 905:             6            240  org.apache.kafka.common.metrics.MetricConfig
 906:             6            240  org.apache.kafka.common.metrics.Metrics
 907:             3            240  org.apache.spark.sql.catalyst.plans.logical.Project
 908:            10            240  org.apache.spark.storage.BlockManagerSource$$anon$1
 909:             3            240  org.spark_project.jetty.servlet.DefaultServlet
 910:            15            240  scala.reflect.api.PredefTypeCreator
 911:            15            240  scala.reflect.runtime.HasJavaClass
 912:             6            240  sun.management.MemoryPoolImpl$CollectionSensor
 913:             6            240  sun.management.MemoryPoolImpl$PoolSensor
 914:            10            240  sun.reflect.NativeMethodAccessorImpl
 915:             5            240  sun.util.locale.provider.LocaleResources$ResourceReference
 916:             2            224  [Lcom.fasterxml.jackson.databind.DeserializationFeature;
 917:             2            224  [Lcom.fasterxml.jackson.databind.SerializationFeature;
 918:             2            224  [Lorg.spark_project.jetty.http.HttpParser$State;
 919:             4            224  com.fasterxml.jackson.databind.cfg.BaseSettings
 920:             7            224  io.netty.buffer.EmptyByteBuf
 921:             7            224  java.io.FileInputStream
 922:             7            224  java.lang.invoke.DirectMethodHandle$Special
 923:            14            224  java.nio.channels.spi.AbstractSelector$1
 924:             7            224  java.util.Stack
 925:            14            224  java.util.concurrent.ConcurrentHashMap$EntrySetView
 926:             7            224  java.util.concurrent.ScheduledThreadPoolExecutor$DelayedWorkQueue
 927:             7            224  org.apache.hadoop.security.UserGroupInformation$AuthenticationMethod
 928:            14            224  org.apache.spark.ui.JettyUtils$$anonfun$htmlResponderToServlet$1
 929:            14            224  org.apache.spark.ui.JettyUtils$$anonfun$jsonResponderToServlet$1
 930:            14            224  org.apache.spark.ui.WebUI$$anonfun$2
 931:            14            224  org.apache.spark.ui.WebUI$$anonfun$3
 932:             5            216  [Lio.netty.util.concurrent.SingleThreadEventExecutor;
 933:             9            216  com.fasterxml.jackson.annotation.JsonFormat$Shape
 934:             3            216  com.fasterxml.jackson.databind.introspect.POJOPropertiesCollector
 935:             9            216  com.fasterxml.jackson.databind.type.ClassKey
 936:             3            216  io.netty.channel.DefaultChannelPipeline$HeadContext
 937:             3            216  io.netty.channel.DefaultChannelPipeline$TailContext
 938:             9            216  java.util.concurrent.ConcurrentHashMap$KeySetView
 939:             3            216  java.util.concurrent.ScheduledThreadPoolExecutor$ScheduledFutureTask
 940:             9            216  java.util.logging.Level$KnownLevel
 941:             9            216  org.apache.hadoop.conf.Configuration$DeprecationDelta
 942:             3            216  org.apache.hadoop.metrics2.lib.MutableRate
 943:             9            216  org.apache.kafka.common.config.ConfigDef$Type
 944:             9            216  org.apache.spark.rpc.RpcEndpointAddress
 945:             3            216  org.apache.spark.scheduler.AsyncEventQueue
 946:             9            216  org.apache.spark.streaming.StreamingSource$$anonfun$registerGauge$1
 947:             9            216  org.spark_project.jetty.server.HttpChannelState$Action
 948:             9            216  org.spark_project.jetty.util.thread.Locker
 949:             3            216  scala.reflect.internal.Types$AbstractArgsTypeRef
 950:             9            216  scala.xml.NodeBuffer
 951:             3            216  sun.security.provider.NativePRNG$RandomIO
 952:             9            216  sun.util.logging.PlatformLogger$Level
 953:             7            208  [Ljava.lang.invoke.LambdaForm$NamedFunction;
 954:             2            208  io.netty.channel.socket.nio.NioServerSocketChannel
 955:            13            208  org.apache.commons.lang3.text.translate.AggregateTranslator
 956:            13            208  scala.reflect.runtime.TwoWayCaches$TwoWayCache$SomeRef$
 957:             2            200  [Ljava.text.DateFormat$Field;
 958:             5            200  java.lang.invoke.BoundMethodHandle$SpeciesData
 959:             5            200  java.util.stream.StreamOpFlag
 960:             5            200  org.antlr.v4.runtime.atn.ATNConfigSet$ConfigHashSet
 961:             5            200  org.apache.hadoop.conf.Configuration
 962:             2            192  [Lcom.fasterxml.jackson.databind.MapperFeature;
 963:             2            192  [Lorg.apache.kafka.common.protocol.ApiKeys;
 964:             2            192  [[Lorg.apache.kafka.common.protocol.types.Schema;
 965:             8            192  com.codahale.metrics.Histogram
 966:             4            192  com.codahale.metrics.Meter
 967:             8            192  com.codahale.metrics.MetricRegistry
 968:             3            192  com.fasterxml.jackson.databind.deser.impl.FieldProperty
 969:             6            192  com.fasterxml.jackson.databind.introspect.AnnotatedField
 970:             6            192  com.fasterxml.jackson.databind.introspect.AnnotatedParameter
 971:             8            192  com.fasterxml.jackson.databind.util.LRUMap
 972:             6            192  io.netty.buffer.PoolThreadCache$NormalMemoryRegionCache
 973:             6            192  java.lang.invoke.LambdaForm$BasicType
 974:             8            192  java.lang.invoke.MethodHandleImpl$Intrinsic
 975:             8            192  java.math.RoundingMode
 976:             6            192  java.security.MessageDigest$Delegate
 977:             6            192  java.util.ArrayList$Itr
 978:             6            192  java.util.concurrent.atomic.AtomicIntegerFieldUpdater$AtomicIntegerFieldUpdaterImpl
 979:             6            192  java.util.regex.Pattern$BnM
 980:             3            192  javassist.CtClassType
 981:             8            192  jdk.net.SocketFlow$Status
 982:             8            192  org.antlr.v4.runtime.atn.LexerActionType
 983:             8            192  org.apache.hadoop.metrics2.impl.MsInfo
 984:             6            192  org.apache.kafka.clients.NetworkClient$DefaultMetadataUpdater
 985:             6            192  org.apache.kafka.clients.consumer.ConsumerConfig
 986:             6            192  org.apache.kafka.clients.consumer.internals.ConsumerCoordinator$ConsumerCoordinatorMetrics
 987:            12            192  org.apache.kafka.common.serialization.StringDeserializer
 988:             3            192  org.apache.spark.SSLOptions
 989:             6            192  org.apache.spark.SparkConf
 990:             3            192  org.apache.spark.broadcast.TorrentBroadcast
 991:             8            192  org.apache.spark.launcher.SparkAppHandle$State
 992:             6            192  org.apache.spark.network.util.ByteUnit
 993:             4            192  org.apache.spark.storage.BlockInfo
 994:             8            192  org.spark_project.guava.cache.LocalCache$AccessQueue$1
 995:             8            192  org.spark_project.guava.cache.LocalCache$WriteQueue$1
 996:             8            192  org.spark_project.jetty.server.HttpChannelState$Async
 997:             8            192  org.spark_project.jetty.server.HttpChannelState$State
 998:             6            192  scala.reflect.internal.Types$JavaMethodType
 999:             2            192  sun.security.provider.Sun
1000:             1            184  org.apache.spark.sql.internal.BaseSessionStateBuilder$$anon$1
1001:             5            176  [F
1002:             2            176  com.fasterxml.jackson.databind.ser.BeanPropertyWriter
1003:             2            176  io.netty.buffer.PooledUnsafeDirectByteBuf
1004:            11            176  java.util.concurrent.locks.ReentrantReadWriteLock$ReadLock
1005:            11            176  java.util.concurrent.locks.ReentrantReadWriteLock$Sync$ThreadLocalHoldCounter
1006:            11            176  java.util.concurrent.locks.ReentrantReadWriteLock$WriteLock
1007:             2            176  org.apache.spark.sql.catalyst.plans.logical.Aggregate
1008:             2            176  org.apache.spark.util.MutableURLClassLoader
1009:             1            168  [Lorg.apache.kafka.common.protocol.Errors;
1010:             1            168  [[Ljava.math.BigInteger;
1011:             3            168  com.fasterxml.jackson.core.sym.CharsToNameCanonicalizer
1012:             7            168  com.sun.management.VMOption$Origin
1013:             7            168  io.netty.util.Recycler$2
1014:             7            168  java.net.NetPermission
1015:             3            168  javax.management.openmbean.OpenMBeanOperationInfoSupport
1016:             1            168  org.apache.spark.SparkContext
1017:             7            168  org.apache.spark.internal.config.TypedConfigBuilder$$anonfun$checkValue$1
1018:             7            168  org.spark_project.guava.collect.RegularImmutableMap$NonTerminalEntry
1019:             7            168  org.spark_project.jetty.http.HttpGenerator$Result
1020:             7            168  org.spark_project.jetty.server.HttpOutput$OutputState
1021:             7            168  org.spark_project.jetty.util.IteratingCallback$State
1022:             8            160  [Ljava.security.CodeSigner;
1023:             5            160  [Lorg.spark_project.guava.collect.MapMakerInternalMap$Segment;
1024:             1            160  [Lorg.spark_project.jetty.server.Handler;
1025:             4            160  com.fasterxml.jackson.core.Base64Variant
1026:             4            160  com.fasterxml.jackson.core.Version
1027:             2            160  io.netty.buffer.PooledUnsafeHeapByteBuf
1028:             5            160  io.netty.channel.nio.NioEventLoopGroup
1029:             5            160  java.nio.channels.ClosedChannelException
1030:            10            160  java.util.Formatter$Flags
1031:             5            160  java.util.concurrent.SynchronousQueue
1032:             5            160  java.util.regex.Pattern$3
1033:             5            160  javax.management.StandardEmitterMBean
1034:             5            160  org.apache.hadoop.security.SaslRpcServer$AuthMethod
1035:             5            160  org.apache.kafka.clients.consumer.internals.Fetcher$PartitionRecords
1036:             5            160  org.apache.kafka.common.protocol.SecurityProtocol
1037:             2            160  org.apache.spark.sql.catalyst.plans.logical.Filter
1038:             2            160  org.apache.spark.sql.catalyst.plans.logical.SerializeFromObject
1039:             2            160  org.apache.spark.sql.execution.ExternalRDD
1040:             4            160  org.spark_project.jetty.http.HttpVersion
1041:             1            160  org.spark_project.jetty.server.ServerConnector
1042:             4            160  org.spark_project.jetty.util.thread.strategy.ExecuteProduceConsume
1043:            10            160  sun.nio.ch.Util$3
1044:             4            160  sun.nio.cs.UTF_8$Decoder
1045:             5            160  sun.reflect.UnsafeObjectFieldAccessorImpl
1046:             5            160  sun.util.locale.provider.LocaleProviderAdapter$Type
1047:             2            144  [Ljava.math.BigDecimal;
1048:             1            144  [Lscala.concurrent.forkjoin.ForkJoinTask$ExceptionNode;
1049:             9            144  com.codahale.metrics.Counter
1050:             6            144  com.fasterxml.jackson.annotation.JsonAutoDetect$Visibility
1051:             6            144  com.fasterxml.jackson.annotation.JsonInclude$Include
1052:             6            144  com.fasterxml.jackson.core.JsonParser$NumberType
1053:             2            144  com.fasterxml.jackson.core.sym.BytesToNameCanonicalizer
1054:             2            144  com.fasterxml.jackson.databind.SerializationConfig
1055:             2            144  com.fasterxml.jackson.databind.deser.DefaultDeserializationContext$Impl
1056:             3            144  com.fasterxml.jackson.databind.introspect.POJOPropertyBuilder
1057:             2            144  com.fasterxml.jackson.databind.ser.DefaultSerializerProvider$Impl
1058:             2            144  io.netty.buffer.PoolThreadCache
1059:             6            144  io.netty.buffer.PooledByteBufAllocator$PoolThreadLocalCache
1060:             2            144  io.netty.channel.DefaultChannelHandlerContext
1061:             6            144  io.netty.channel.VoidChannelPromise
1062:             2            144  io.netty.channel.socket.nio.NioServerSocketChannel$NioServerSocketChannelConfig
1063:             6            144  io.netty.handler.timeout.IdleStateEvent
1064:             6            144  java.util.regex.Pattern$CharPropertyNames$2
1065:             6            144  java.util.regex.Pattern$SingleI
1066:             6            144  javax.security.auth.login.AppConfigurationEntry
1067:             9            144  org.antlr.v4.runtime.atn.WildcardTransition
1068:             6            144  org.apache.commons.lang3.text.translate.NumericEntityEscaper
1069:             6            144  org.apache.hadoop.util.Shell$OSType
1070:             6            144  org.apache.kafka.clients.ClusterConnectionStates
1071:             6            144  org.apache.kafka.clients.InFlightRequests
1072:             6            144  org.apache.kafka.clients.consumer.internals.AbstractCoordinator$GroupCoordinatorMetrics$1
1073:             6            144  org.apache.kafka.clients.consumer.internals.AbstractCoordinator$HeartbeatTask
1074:             6            144  org.apache.kafka.clients.consumer.internals.ConsumerCoordinator$ConsumerCoordinatorMetrics$1
1075:             6            144  org.apache.kafka.common.metrics.JmxReporter
1076:             6            144  org.apache.kafka.common.network.PlaintextChannelBuilder
1077:             3            144  org.apache.spark.network.client.TransportClientFactory
1078:             6            144  org.spark_project.jetty.http.pathmap.PathSpecGroup
1079:             9            144  org.spark_project.jetty.util.thread.Locker$Lock
1080:             6            144  scala.reflect.internal.StdNames$KeywordSetBuilder
1081:             6            144  scala.reflect.internal.Types$ExistentialType
1082:             6            144  scala.reflect.internal.Types$UniqueConstantType
1083:             6            144  sun.misc.PerfCounter
1084:             3            144  sun.nio.ch.IOVecWrapper
1085:             3            144  sun.nio.cs.StreamEncoder
1086:             6            144  sun.security.util.DisabledAlgorithmConstraints$Constraint$Operator
1087:             1            136  [Ljava.time.temporal.ChronoField;
1088:             1            136  org.apache.spark.scheduler.TaskSchedulerImpl
1089:             1            136  org.apache.spark.storage.BlockManager
1090:             4            128  [Lorg.spark_project.guava.cache.LocalCache$Segment;
1091:             4            128  [Lorg.spark_project.guava.collect.MapMakerInternalMap$EntryFactory;
1092:             4            128  com.fasterxml.jackson.core.io.SerializedString
1093:             2            128  com.fasterxml.jackson.core.sym.ByteQuadsCanonicalizer
1094:             2            128  com.fasterxml.jackson.databind.DeserializationConfig
1095:             2            128  com.fasterxml.jackson.databind.ObjectMapper
1096:             4            128  com.fasterxml.jackson.databind.ser.SerializerCache$TypeKey
1097:             4            128  com.fasterxml.jackson.databind.ser.impl.ReadOnlyClassToSerializerMap$Bucket
1098:             4            128  com.sun.jmx.mbeanserver.DefaultMXBeanMappingFactory$ArrayMapping
1099:             2            128  io.netty.channel.ChannelOutboundBuffer
1100:             2            128  io.netty.channel.ChannelOutboundBuffer$Entry
1101:             2            128  java.io.ExpiringCache$1
1102:             8            128  java.lang.Boolean
1103:             4            128  java.lang.UNIXProcess$Platform
1104:             2            128  java.security.SecureRandom
1105:             4            128  java.util.UUID
1106:             4            128  java.util.concurrent.atomic.AtomicReferenceFieldUpdater$AtomicReferenceFieldUpdaterImpl
1107:             8            128  java.util.regex.Pattern$CharPropertyNames$3
1108:             4            128  net.jpountz.util.Native$OS
1109:             2            128  org.apache.hadoop.metrics2.lib.Interns$CacheWith2Keys$1
1110:             4            128  org.apache.kafka.common.record.CompressionType
1111:             4            128  org.apache.log4j.helpers.PatternParser$LiteralPatternConverter
1112:             8            128  org.apache.spark.MapOutputTrackerMaster$MessageLoop
1113:             8            128  org.apache.spark.internal.config.ConfigBuilder$$anonfun$longConf$1
1114:             8            128  org.apache.spark.rpc.netty.Dispatcher$MessageLoop
1115:             4            128  org.apache.spark.storage.BlockStatus
1116:             1            128  org.apache.spark.ui.SparkUI
1117:             1            128  org.apache.spark.ui.jobs.JobProgressListener
1118:             8            128  org.spark_project.guava.cache.LocalCache$AccessQueue
1119:             8            128  org.spark_project.guava.cache.LocalCache$WriteQueue
1120:             4            128  org.spark_project.guava.hash.MessageDigestHashFunction
1121:             4            128  org.spark_project.jetty.http.HttpScheme
1122:             4            128  scala.reflect.internal.Definitions$DefinitionsClass$VarArityClass
1123:             4            128  scala.reflect.internal.transform.Transforms$Lazy
1124:             3            120  com.fasterxml.jackson.module.scala.introspect.PropertyDescriptor
1125:             5            120  com.sun.jmx.mbeanserver.StandardMBeanSupport
1126:             3            120  io.netty.channel.AbstractChannel$CloseFuture
1127:             3            120  io.netty.channel.DefaultChannelPipeline
1128:             3            120  java.lang.invoke.BoundMethodHandle$Species_LL
1129:             5            120  java.math.MathContext
1130:             5            120  java.util.Collections$UnmodifiableCollection$1
1131:             3            120  java.util.concurrent.LinkedBlockingDeque
1132:             5            120  java.util.stream.StreamOpFlag$Type
1133:             5            120  javax.servlet.DispatcherType
1134:             5            120  org.antlr.v4.runtime.atn.NotSetTransition
1135:             3            120  org.apache.kafka.clients.ClientRequest
1136:             5            120  org.apache.kafka.common.network.Selector$SelectorMetrics$1
1137:             3            120  org.apache.kafka.common.requests.RequestSend
1138:             5            120  org.apache.spark.SparkConf$DeprecatedConfig
1139:             1            120  org.apache.spark.executor.Executor
1140:             3            120  org.apache.spark.internal.config.FallbackConfigEntry
1141:             1            120  org.apache.spark.scheduler.DAGScheduler
1142:             5            120  org.apache.spark.storage.BroadcastBlockId
1143:             3            120  org.apache.spark.streaming.dstream.DStreamCheckpointData
1144:             5            120  org.apache.spark.streaming.kafka010.CachedKafkaConsumer$CacheKey
1145:             1            120  org.apache.spark.streaming.kafka010.DirectKafkaInputDStream
1146:             5            120  org.apache.spark.util.SystemClock
1147:             5            120  org.spark_project.jetty.http.HttpGenerator$State
1148:             5            120  org.spark_project.jetty.http.HttpTokens$EndOfContent
1149:             3            120  org.spark_project.jetty.http.MetaData$Response
1150:             5            120  org.spark_project.jetty.io.WriteFlusher$StateType
1151:             5            120  org.spark_project.jetty.server.Response$EncodingFrom
1152:             5            120  org.spark_project.jetty.server.handler.gzip.GzipHttpOutputInterceptor$GZState
1153:             5            120  scala.collection.convert.Wrappers$JConcurrentMapWrapper
1154:             1            120  scala.package$
1155:             1            120  scala.reflect.internal.StdNames$$anon$1
1156:             3            120  scala.reflect.internal.Trees$Apply
1157:             5            120  scala.reflect.runtime.ThreadLocalStorage$MyThreadLocalStorage
1158:             5            120  scala.util.DynamicVariable
1159:             5            120  scala.util.DynamicVariable$$anon$1
1160:             5            120  sun.misc.FloatingDecimal$PreparedASCIIToBinaryBuffer
1161:             5            120  sun.misc.JarIndex
1162:             5            120  sun.nio.ch.Util$BufferCache
1163:             5            120  sun.security.jca.ServiceId
1164:             2            112  [Ljava.lang.invoke.MethodType;
1165:             2            112  [Ljava.security.CryptoPrimitive;
1166:             1            112  [Ljava.time.LocalTime;
1167:             2            112  com.fasterxml.jackson.databind.MappingJsonFactory
1168:             2            112  io.netty.bootstrap.ServerBootstrap
1169:             1            112  io.netty.channel.socket.nio.NioSocketChannel
1170:             2            112  org.antlr.v4.runtime.atn.ATN
1171:             1            112  org.apache.hadoop.metrics2.impl.MetricsSystemImpl
1172:             2            112  org.apache.spark.memory.StorageMemoryPool
1173:             2            112  org.apache.spark.sql.catalyst.analysis.UnresolvedFunction
1174:             2            112  org.apache.spark.sql.catalyst.encoders.ExpressionEncoder
1175:             2            112  org.apache.spark.sql.execution.QueryExecution
1176:             1            112  org.apache.spark.ui.exec.ExecutorTaskSummary
1177:             1            112  org.spark_project.jetty.util.thread.QueuedThreadPool
1178:             1            112  scala.reflect.internal.Definitions$DefinitionsClass$NothingClass$
1179:             1            112  scala.reflect.internal.Definitions$DefinitionsClass$NullClass$
1180:             7            112  scala.xml.Atom
1181:             2            112  sun.security.provider.MD5
1182:             2            112  sun.security.provider.SHA
1183:             4            104  [Ljavax.security.auth.login.AppConfigurationEntry;
1184:             1            104  org.apache.spark.MapOutputTrackerMaster
1185:             1            104  org.spark_project.jetty.server.Server
1186:             1            104  org.spark_project.jetty.server.ServerConnector$ServerConnectorManager
1187:             3             96  [Lcom.fasterxml.jackson.databind.deser.Deserializers;
1188:             3             96  [Lcom.fasterxml.jackson.databind.deser.SettableBeanProperty;
1189:             2             96  [Lcom.sun.management.VMOption$Origin;
1190:             4             96  [Lorg.antlr.v4.runtime.dfa.DFAState$PredPrediction;
1191:             2             96  [Lorg.apache.hadoop.security.UserGroupInformation$AuthenticationMethod;
1192:             2             96  [Lorg.spark_project.guava.cache.LocalCache$EntryFactory;
1193:             1             96  [Lorg.spark_project.jetty.http.HttpField;
1194:             1             96  [[J
1195:             4             96  com.codahale.metrics.Timer
1196:             4             96  com.fasterxml.jackson.annotation.JsonProperty$Access
1197:             4             96  com.fasterxml.jackson.core.JsonFactory$Feature
1198:             2             96  com.fasterxml.jackson.core.sym.BytesToNameCanonicalizer$TableInfo
1199:             3             96  com.fasterxml.jackson.databind.PropertyMetadata
1200:             4             96  com.fasterxml.jackson.databind.introspect.AnnotationIntrospectorPair
1201:             6             96  com.fasterxml.jackson.module.scala.JacksonModule$$anonfun$$plus$eq$3
1202:             3             96  com.sun.jmx.mbeanserver.DefaultMXBeanMappingFactory$EnumMapping
1203:             2             96  com.sun.jmx.mbeanserver.MBeanIntrospector$MBeanInfoMap
1204:             2             96  com.sun.jmx.mbeanserver.MBeanIntrospector$PerInterfaceMap
1205:             2             96  io.netty.bootstrap.AbstractBootstrap$PendingRegistrationPromise
1206:             4             96  io.netty.util.ResourceLeakDetector$Level
1207:             2             96  java.lang.ThreadGroup
1208:             4             96  java.text.Normalizer$Form
1209:             4             96  java.util.concurrent.Executors$RunnableAdapter
1210:             4             96  java.util.stream.StreamShape
1211:             2             96  javax.management.openmbean.TabularType
1212:             3             96  org.antlr.v4.runtime.VocabularyImpl
1213:             3             96  org.antlr.v4.runtime.atn.PredicateTransition
1214:             4             96  org.antlr.v4.runtime.dfa.DFAState$PredPrediction
1215:             3             96  org.apache.commons.logging.impl.WeakHashtable$WeakKey
1216:             4             96  org.apache.hadoop.metrics2.annotation.Metric$Type
1217:             6             96  org.apache.kafka.clients.consumer.RangeAssignor
1218:             6             96  org.apache.kafka.clients.consumer.internals.ConsumerCoordinator$1
1219:             6             96  org.apache.kafka.clients.consumer.internals.ConsumerCoordinator$DefaultOffsetCommitCallback
1220:             6             96  org.apache.kafka.clients.consumer.internals.ConsumerCoordinator$MetadataSnapshot
1221:             3             96  org.apache.kafka.clients.consumer.internals.ConsumerNetworkClient$RequestFutureCompletionHandler
1222:             6             96  org.apache.kafka.clients.consumer.internals.DelayedTaskQueue
1223:             4             96  org.apache.kafka.clients.consumer.internals.SubscriptionState$SubscriptionType
1224:             4             96  org.apache.kafka.common.config.ConfigDef$Width
1225:             6             96  org.apache.kafka.common.metrics.Metrics$2
1226:             3             96  org.apache.kafka.common.record.TimestampType
1227:             3             96  org.apache.kafka.common.requests.RequestHeader
1228:             6             96  org.apache.kafka.common.security.auth.DefaultPrincipalBuilder
1229:             4             96  org.apache.kafka.common.utils.AbstractIterator$State
1230:             6             96  org.apache.kafka.common.utils.SystemTime
1231:             4             96  org.apache.spark.JobExecutionStatus
1232:             6             96  org.apache.spark.internal.config.ConfigBuilder$$anonfun$timeConf$1
1233:             6             96  org.apache.spark.internal.config.ConfigBuilder$$anonfun$timeConf$2
1234:             4             96  org.apache.spark.internal.config.TypedConfigBuilder$$anonfun$checkValues$1
1235:             2             96  org.apache.spark.sql.Dataset
1236:             1             96  org.apache.spark.streaming.StreamingContext
1237:             3             96  org.apache.spark.ui.JettyUtils$$anon$4
1238:             1             96  org.apache.spark.ui.ToolTips$
1239:             4             96  org.apache.spark.util.SparkShutdownHook
1240:             3             96  org.apache.xerces.xni.QName
1241:             4             96  org.spark_project.guava.base.AbstractIterator$State
1242:             4             96  org.spark_project.guava.collect.AbstractIterator$State
1243:             4             96  org.spark_project.jetty.http.HttpParser$CharState
1244:             4             96  org.spark_project.jetty.io.ManagedSelector$SelectorProducer
1245:             4             96  org.spark_project.jetty.server.handler.ContextHandler$Availability
1246:             4             96  org.spark_project.jetty.servlet.BaseHolder$Source
1247:             4             96  org.spark_project.jetty.util.component.ContainerLifeCycle$Managed
1248:             4             96  scala.Enumeration$ValueSet
1249:             4             96  scala.PartialFunction$OrElse
1250:             3             96  scala.collection.immutable.RedBlackTree$BlackTree
1251:             4             96  scala.collection.mutable.PriorityQueue
1252:             4             96  scala.collection.mutable.PriorityQueue$ResizableArrayAccess
1253:             1             96  scala.concurrent.duration.Duration$
1254:             4             96  scala.concurrent.impl.ExecutionContextImpl$$anon$1
1255:             2             96  sun.management.GarbageCollectorImpl
1256:             4             96  sun.misc.FormattedFloatingDecimal$Form
1257:             1             96  sun.misc.Launcher$AppClassLoader
1258:             3             96  sun.nio.ch.ServerSocketAdaptor
1259:             1             96  sun.security.jca.ProviderList$1
1260:             3             96  sun.security.x509.AlgorithmId
1261:             2             96  sun.security.x509.X500Name
1262:             3             88  [Lcom.fasterxml.jackson.databind.ser.Serializers;
1263:             1             88  [Lnet.jpountz.lz4.LZ4Compressor;
1264:             2             88  [Lorg.apache.spark.sql.types.AbstractDataType;
1265:             2             88  [Lorg.spark_project.jetty.http.HttpHeaderValue;
1266:             1             88  [Lorg.spark_project.jetty.http.MimeTypes$Type;
1267:             1             88  [Lsun.security.util.ObjectIdentifier;
1268:             1             88  [[Ljava.lang.Byte;
1269:             1             88  com.fasterxml.jackson.module.scala.ser.OptionPropertyWriter
1270:             1             88  org.apache.spark.SecurityManager
1271:             1             88  org.apache.spark.SparkEnv
1272:             1             88  org.apache.spark.rpc.netty.NettyRpcEnv
1273:             1             88  org.apache.spark.sql.catalyst.plans.logical.SubqueryAlias
1274:             1             88  org.apache.spark.sql.internal.NonClosableMutableURLClassLoader
1275:             1             88  org.apache.spark.util.Utils$
1276:             1             88  org.spark_project.jetty.server.HttpConnectionFactory
1277:             1             88  org.spark_project.jetty.server.handler.ContextHandlerCollection
1278:             1             88  scala.collection.convert.Wrappers$
1279:             1             88  scala.math.BigDecimal$RoundingMode$
1280:             1             88  scala.reflect.ClassTag$
1281:             1             88  scala.reflect.ManifestFactory$
1282:             1             88  scala.reflect.runtime.Settings
1283:             1             88  sun.misc.Launcher$ExtClassLoader
1284:             2             80  [Lcom.fasterxml.jackson.annotation.JsonAutoDetect$Visibility;
1285:             2             80  [Lcom.fasterxml.jackson.annotation.JsonInclude$Include;
1286:             1             80  [Ljava.time.temporal.ChronoUnit;
1287:             4             80  [Ljava.util.Map$Entry;
1288:             2             80  [Ljava.util.stream.StreamOpFlag$Type;
1289:             2             80  [Lorg.apache.kafka.common.protocol.SecurityProtocol;
1290:             2             80  [Lorg.spark_project.jetty.io.WriteFlusher$StateType;
1291:             2             80  [Lorg.spark_project.jetty.server.Response$EncodingFrom;
1292:             1             80  [Lscala.concurrent.forkjoin.ForkJoinPool$WorkQueue;
1293:             2             80  [Lsun.security.x509.RDN;
1294:             2             80  com.fasterxml.jackson.core.sym.ByteQuadsCanonicalizer$TableInfo
1295:             1             80  com.fasterxml.jackson.databind.deser.BeanDeserializer
1296:             2             80  com.fasterxml.jackson.databind.type.TypeFactory
1297:             2             80  com.sun.jmx.mbeanserver.DefaultMXBeanMappingFactory$TabularMapping
1298:             5             80  com.sun.proxy.$Proxy0
1299:             5             80  com.sun.proxy.$Proxy10
1300:             5             80  com.sun.proxy.$Proxy13
1301:             2             80  io.netty.channel.nio.AbstractNioMessageChannel$NioMessageUnsafe
1302:             2             80  io.netty.util.Recycler$WeakOrderQueue
1303:             2             80  io.netty.util.Signal
1304:             5             80  io.netty.util.concurrent.MultithreadEventExecutorGroup$1
1305:             5             80  io.netty.util.concurrent.MultithreadEventExecutorGroup$PowerOfTwoEventExecutorChooser
1306:             2             80  java.io.BufferedWriter
1307:             2             80  java.io.ExpiringCache
1308:             2             80  java.lang.invoke.MethodHandleImpl$AsVarargsCollector
1309:             2             80  java.util.HashMap$KeyIterator
1310:             5             80  java.util.Hashtable$EntrySet
1311:             5             80  java.util.IdentityHashMap$KeySet
1312:             5             80  java.util.LinkedHashMap$LinkedKeySet
1313:             2             80  java.util.Locale$Category
1314:             2             80  java.util.PropertyResourceBundle
1315:             5             80  java.util.concurrent.SynchronousQueue$TransferStack
1316:             2             80  java.util.regex.Pattern$LazyLoop
1317:             2             80  org.apache.hadoop.security.authentication.util.KerberosName$Rule
1318:             5             80  org.apache.kafka.common.utils.AppInfoParser$AppInfo
1319:             1             80  org.apache.spark.HeartbeatReceiver
1320:             1             80  org.apache.spark.InternalAccumulator$
1321:             1             80  org.apache.spark.TaskContextImpl
1322:             1             80  org.apache.spark.TaskState$
1323:             1             80  org.apache.spark.deploy.SparkSubmit$
1324:             5             80  org.apache.spark.internal.config.ConfigBuilder$$anonfun$bytesConf$1
1325:             5             80  org.apache.spark.internal.config.ConfigBuilder$$anonfun$bytesConf$2
1326:             2             80  org.apache.spark.memory.ExecutionMemoryPool
1327:             1             80  org.apache.spark.memory.UnifiedMemoryManager
1328:             2             80  org.apache.spark.network.server.TransportServer
1329:             1             80  org.apache.spark.scheduler.ResultStage
1330:             2             80  org.apache.spark.scheduler.TaskSet
1331:             1             80  org.apache.spark.sql.catalyst.analysis.UnresolvedRelation
1332:             5             80  org.apache.spark.sql.internal.SQLConf$$anonfun$buildStaticConf$1
1333:             1             80  org.apache.spark.storage.BlockManagerInfo
1334:             1             80  org.apache.spark.streaming.dstream.ForEachDStream
1335:             1             80  org.apache.spark.streaming.dstream.MappedDStream
1336:             1             80  org.apache.spark.streaming.ui.StreamingJobProgressListener
1337:             1             80  org.apache.spark.util.SizeEstimator$
1338:             2             80  org.spark_project.guava.collect.RegularImmutableMap
1339:             1             80  org.spark_project.jetty.server.handler.ErrorHandler
1340:             1             80  org.spark_project.jetty.util.thread.ScheduledExecutorScheduler
1341:             5             80  scala.concurrent.ExecutionContext$$anonfun$defaultReporter$1
1342:             5             80  scala.concurrent.impl.ExecutionContextImpl$$anon$3
1343:             2             80  scala.io.Codec
1344:             1             80  scala.reflect.api.TypeTags$TypeTag$
1345:             1             80  scala.reflect.api.TypeTags$WeakTypeTag$
1346:             2             80  scala.reflect.internal.Trees$Modifiers
1347:             2             80  scala.reflect.internal.Types$TypeVar$$anon$4
1348:             2             80  scala.reflect.internal.pickling.UnPickler$Scan$LazyTypeRefAndAlias
1349:             2             80  scala.reflect.internal.tpe.TypeConstraints$TypeConstraint
1350:             2             80  scala.reflect.internal.tpe.TypeMaps$SubstTypeMap
1351:             1             80  scala.reflect.runtime.SynchronizedSymbols$$anon$16
1352:             2             80  sun.management.MemoryManagerImpl
1353:             5             80  sun.net.www.protocol.jar.Handler
1354:             1             80  sun.reflect.misc.MethodUtil
1355:             1             80  sun.security.x509.X509CertImpl
1356:             1             72  [Lcom.fasterxml.jackson.core.JsonToken;
1357:             1             72  [Ljava.lang.invoke.LambdaFormEditor$Transform$Kind;
1358:             3             72  [Ljava.net.InetAddress;
1359:             1             72  [Ljavax.management.openmbean.OpenType;
1360:             1             72  [Ljavax.management.openmbean.SimpleType;
1361:             3             72  [Lorg.antlr.v4.runtime.atn.LexerAction;
1362:             2             72  [Lsun.security.jca.ProviderConfig;
1363:             1             72  com.fasterxml.jackson.core.util.InternCache
1364:             3             72  com.fasterxml.jackson.databind.cfg.SerializerFactoryConfig
1365:             3             72  com.fasterxml.jackson.databind.ser.std.NumberSerializer
1366:             3             72  com.fasterxml.jackson.module.scala.introspect.ConstructorParameter
1367:             3             72  io.netty.buffer.PoolArena$SizeClass
1368:             3             72  io.netty.channel.SucceededChannelFuture
1369:             1             72  io.netty.channel.socket.nio.NioSocketChannel$NioSocketChannelConfig
1370:             3             72  io.netty.handler.timeout.IdleState
1371:             3             72  java.io.OutputStreamWriter
1372:             3             72  java.lang.StringBuilder
1373:             3             72  java.lang.UNIXProcess$LaunchMechanism
1374:             3             72  java.lang.annotation.RetentionPolicy
1375:             3             72  java.security.SecurityPermission
1376:             3             72  java.time.Instant
1377:             3             72  java.util.Base64$Encoder
1378:             1             72  java.util.ResourceBundle$RBClassLoader
1379:             1             72  java.util.logging.LogManager$RootLogger
1380:             3             72  javax.security.auth.Subject$SecureSet
1381:             3             72  org.antlr.v4.runtime.atn.PredictionMode
1382:             3             72  org.apache.commons.lang3.text.translate.JavaUnicodeEscaper
1383:             3             72  org.apache.commons.lang3.text.translate.NumericEntityUnescaper$OPTION
1384:             3             72  org.apache.commons.logging.impl.SLF4JLogFactory
1385:             3             72  org.apache.commons.logging.impl.WeakHashtable$Referenced
1386:             3             72  org.apache.kafka.clients.ConnectionState
1387:             3             72  org.apache.kafka.clients.consumer.OffsetResetStrategy
1388:             3             72  org.apache.kafka.common.config.ConfigDef$Importance
1389:             1             72  org.apache.spark.executor.DataReadMethod$
1390:             1             72  org.apache.spark.executor.Executor$TaskRunner
1391:             3             72  org.apache.spark.internal.config.ConfigReader
1392:             3             72  org.apache.spark.network.TransportContext
1393:             1             72  org.apache.spark.scheduler.TaskLocality$
1394:             3             72  org.apache.spark.serializer.JavaSerializer
1395:             1             72  org.apache.spark.sql.SparkSession
1396:             3             72  org.apache.spark.sql.catalyst.expressions.ExpressionSet
1397:             1             72  org.apache.spark.sql.catalyst.plans.logical.OneRowRelation$
1398:             3             72  org.apache.spark.sql.catalyst.rules.RuleExecutor$FixedPoint
1399:             1             72  org.apache.spark.sql.internal.BaseSessionStateBuilder$$anon$4
1400:             1             72  org.apache.spark.sql.internal.SessionState
1401:             3             72  org.apache.spark.streaming.StreamingContextState
1402:             1             72  org.apache.spark.streaming.scheduler.ReceiverTracker
1403:             1             72  org.apache.spark.streaming.scheduler.ReceiverTracker$TrackerState$
1404:             1             72  org.apache.spark.streaming.util.WriteAheadLogUtils$
1405:             3             72  org.spark_project.guava.base.CharMatcher$13
1406:             3             72  org.spark_project.guava.base.CharMatcher$RangesMatcher
1407:             3             72  org.spark_project.jetty.http.HttpCompliance
1408:             1             72  org.spark_project.jetty.server.HttpConfiguration
1409:             3             72  org.spark_project.jetty.server.ResourceContentFactory
1410:             3             72  org.spark_project.jetty.server.Response$OutputType
1411:             3             72  org.spark_project.jetty.util.IteratingCallback$Action
1412:             3             72  scala.collection.immutable.BitSet$BitSet1
1413:             1             72  scala.reflect.ClassManifestFactory$
1414:             3             72  scala.reflect.runtime.JavaMirrors$JavaMirror$$anon$5
1415:             3             72  sun.misc.FloatingDecimal$ExceptionalBinaryToASCIIBuffer
1416:             3             72  sun.misc.Signal
1417:             3             72  sun.security.provider.NativePRNG$Variant
1418:             1             72  sun.util.locale.provider.JRELocaleProviderAdapter
1419:             1             64  [Lcom.fasterxml.jackson.core.JsonParser$Feature;
1420:             3             64  [Lcom.fasterxml.jackson.databind.ser.BeanPropertyWriter;
1421:             2             64  [Lio.netty.util.ResourceLeakDetector$Level;
1422:             2             64  [Ljava.lang.UNIXProcess$LaunchMechanism;
1423:             2             64  [Ljava.lang.annotation.RetentionPolicy;
1424:             1             64  [Lorg.apache.commons.lang3.JavaVersion;
1425:             2             64  [Lorg.apache.commons.lang3.text.translate.NumericEntityUnescaper$OPTION;
1426:             2             64  [Lorg.apache.hadoop.metrics2.annotation.Metric$Type;
1427:             2             64  [Lorg.apache.kafka.clients.consumer.OffsetResetStrategy;
1428:             1             64  [Lorg.apache.spark.network.protocol.Message$Type;
1429:             1             64  [Lorg.spark_project.jetty.http.HttpMethod;
1430:             1             64  [Lorg.spark_project.jetty.http.HttpURI$State;
1431:             2             64  com.fasterxml.jackson.core.util.DefaultPrettyPrinter
1432:             2             64  com.fasterxml.jackson.databind.cfg.DeserializerFactoryConfig
1433:             1             64  com.fasterxml.jackson.databind.deser.std.StdValueInstantiator
1434:             2             64  com.fasterxml.jackson.databind.introspect.AnnotatedConstructor
1435:             4             64  com.fasterxml.jackson.module.scala.JacksonModule$$anonfun$$plus$eq$1
1436:             4             64  com.fasterxml.jackson.module.scala.JacksonModule$$anonfun$$plus$eq$2
1437:             2             64  com.fasterxml.jackson.module.scala.ser.OptionSerializer
1438:             2             64  com.sun.jmx.mbeanserver.DefaultMXBeanMappingFactory$CollectionMapping
1439:             2             64  io.netty.bootstrap.ServerBootstrap$ServerBootstrapAcceptor
1440:             2             64  io.netty.buffer.PoolThreadCache$MemoryRegionCache$Entry
1441:             2             64  io.netty.handler.codec.CodecOutputList
1442:             2             64  io.netty.util.concurrent.DefaultThreadFactory
1443:             2             64  java.io.FileOutputStream
1444:             2             64  java.io.PrintStream
1445:             2             64  java.lang.ClassValue$Entry
1446:             2             64  java.lang.Throwable
1447:             2             64  java.lang.VirtualMachineError
1448:             2             64  java.lang.ref.ReferenceQueue$Null
1449:             2             64  java.util.PropertyPermission
1450:             4             64  java.util.TreeMap$KeySet
1451:             2             64  java.util.concurrent.CountDownLatch$Sync
1452:             4             64  java.util.jar.JarVerifier$3
1453:             2             64  javax.management.MBeanConstructorInfo
1454:             4             64  javax.security.auth.login.AppConfigurationEntry$LoginModuleControlFlag
1455:             2             64  org.apache.kafka.common.errors.GroupCoordinatorNotAvailableException
1456:             2             64  org.apache.kafka.common.requests.FetchRequest
1457:             1             64  org.apache.log4j.ConsoleAppender
1458:             2             64  org.apache.log4j.helpers.PatternParser$BasicPatternConverter
1459:             1             64  org.apache.spark.SparkContext$
1460:             1             64  org.apache.spark.deploy.SparkSubmitAction$
1461:             4             64  org.apache.spark.io.LZ4CompressionCodec
1462:             1             64  org.apache.spark.network.netty.NettyBlockTransferService
1463:             4             64  org.apache.spark.network.netty.SparkTransportConf$$anon$1
1464:             2             64  org.apache.spark.scheduler.OutputCommitCoordinator$StageState
1465:             1             64  org.apache.spark.scheduler.Pool
1466:             1             64  org.apache.spark.scheduler.SchedulingMode$
1467:             1             64  org.apache.spark.serializer.KryoSerializer
1468:             4             64  org.apache.spark.sql.catalyst.analysis.ResolveTableValuedFunctions$$anonfun$tvf$1
1469:             4             64  org.apache.spark.sql.catalyst.analysis.ResolveTableValuedFunctions$ArgumentList
1470:             1             64  org.apache.spark.sql.internal.BaseSessionStateBuilder$$anon$2
1471:             1             64  org.apache.spark.sql.internal.SQLConf$HiveCaseSensitiveInferenceMode$
1472:             2             64  org.apache.spark.sql.types.Decimal
1473:             1             64  org.apache.spark.sql.types.Decimal$
1474:             1             64  org.apache.spark.storage.StorageLevel$
1475:             2             64  org.apache.spark.storage.memory.DeserializedMemoryEntry
1476:             1             64  org.apache.spark.streaming.kafka010.CachedKafkaConsumer$$anon$1
1477:             1             64  org.apache.spark.streaming.scheduler.ExecutorAllocationManager$
1478:             1             64  org.apache.spark.streaming.scheduler.JobScheduler
1479:             1             64  org.apache.spark.streaming.ui.StreamingJobProgressListener$$anon$1
1480:             1             64  org.apache.spark.streaming.util.RecurringTimer
1481:             1             64  org.apache.spark.ui.jobs.StagesTab
1482:             2             64  org.apache.spark.util.io.ChunkedByteBuffer
1483:             4             64  org.codehaus.janino.Access
1484:             1             64  org.spark_project.guava.cache.CacheStats
1485:             2             64  org.spark_project.guava.util.concurrent.MoreExecutors$SameThreadExecutorService
1486:             4             64  org.spark_project.jetty.util.thread.strategy.ExecuteProduceConsume$RunExecute
1487:             2             64  scala.collection.mutable.Map$WithDefault
1488:             2             64  scala.reflect.internal.Flags$MapFlags
1489:             1             64  scala.reflect.runtime.JavaUniverse$treeInfo$
1490:             2             64  scala.util.control.BreakControl
1491:             1             64  scala.xml.MinimizeMode$
1492:             2             64  sun.reflect.UnsafeQualifiedObjectFieldAccessorImpl
1493:             2             64  sun.reflect.generics.repository.ConstructorRepository
1494:             1             64  sun.security.provider.SHA2$SHA256
1495:             1             64  sun.security.provider.SHA5$SHA512
1496:             2             64  sun.security.util.DisabledAlgorithmConstraints$KeySizeConstraint
1497:             2             64  sun.security.util.MemoryCache
1498:             2             64  sun.util.locale.provider.LocaleServiceProviderPool
1499:             1             56  [Lcom.fasterxml.jackson.annotation.JsonFormat$Shape;
1500:             1             56  [Lcom.fasterxml.jackson.core.JsonGenerator$Feature;
1501:             1             56  [Ljava.lang.Runnable;
1502:             1             56  [Ljava.nio.file.StandardOpenOption;
1503:             1             56  [Ljavassist.CtClass;
1504:             1             56  [Lorg.apache.hadoop.conf.Configuration$DeprecationDelta;
1505:             1             56  [Lorg.apache.kafka.common.config.ConfigDef$Type;
1506:             1             56  [Lorg.spark_project.jetty.server.HttpChannelState$Action;
1507:             1             56  [Lsun.util.logging.PlatformLogger$Level;
1508:             1             56  [[I
1509:             1             56  io.netty.util.concurrent.ScheduledFutureTask
1510:             1             56  java.lang.invoke.LambdaFormEditor$Transform
1511:             1             56  java.net.SocketPermission
1512:             1             56  java.util.logging.LogManager
1513:             1             56  java.util.zip.Deflater
1514:             1             56  javax.security.auth.login.LoginContext
1515:             1             56  org.apache.commons.logging.impl.WeakHashtable
1516:             1             56  org.apache.hadoop.security.Groups
1517:             1             56  org.apache.spark.ContextCleaner
1518:             1             56  org.apache.spark.metrics.MetricsSystem
1519:             1             56  org.apache.spark.scheduler.TaskDescription
1520:             1             56  org.apache.spark.sql.catalyst.catalog.SessionCatalog
1521:             1             56  org.apache.spark.sql.types.DecimalType$
1522:             1             56  org.apache.spark.storage.BlockManagerMasterEndpoint
1523:             1             56  org.apache.spark.storage.StorageStatus
1524:             1             56  org.apache.spark.storage.memory.MemoryStore
1525:             1             56  org.apache.spark.streaming.DStreamGraph
1526:             1             56  org.apache.spark.streaming.scheduler.JobGenerator
1527:             1             56  org.apache.spark.streaming.scheduler.ReceivedBlockTracker
1528:             1             56  org.apache.spark.streaming.ui.StreamingTab
1529:             1             56  org.apache.spark.ui.jobs.JobsTab
1530:             1             56  org.apache.spark.ui.scope.RDDOperationGraphListener
1531:             1             56  scala.reflect.NameTransformer$
1532:             1             56  scala.reflect.internal.StdNames$TermNames$raw$
1533:             1             56  sun.security.util.MemoryCache$SoftCacheEntry
1534:             1             56  sun.security.x509.X509CertInfo
1535:             2             48  [Lcom.fasterxml.jackson.databind.deser.KeyDeserializers;
1536:             1             48  [Lcom.fasterxml.jackson.databind.ser.impl.ReadOnlyClassToSerializerMap$Bucket;
1537:             1             48  [Lcom.sun.beans.util.Cache$CacheEntry;
1538:             1             48  [Ljava.beans.WeakIdentityMap$Entry;
1539:             3             48  [Ljava.lang.annotation.Annotation;
1540:             1             48  [Ljava.lang.invoke.MethodHandleImpl$Intrinsic;
1541:             1             48  [Ljava.math.RoundingMode;
1542:             1             48  [Ljava.util.concurrent.TimeUnit;
1543:             1             48  [Ljdk.net.SocketFlow$Status;
1544:             1             48  [Lorg.antlr.v4.runtime.atn.LexerActionType;
1545:             2             48  [Lorg.apache.hadoop.io.FastByteComparisons$LexicographicalComparerHolder$UnsafeComparer;
1546:             1             48  [Lorg.apache.hadoop.metrics2.impl.MsInfo;
1547:             1             48  [Lorg.apache.spark.launcher.SparkAppHandle$State;
1548:             2             48  [Lorg.apache.spark.network.util.IOMode;
1549:             1             48  [Lorg.spark_project.jetty.http.HttpGenerator$Result;
1550:             1             48  [Lorg.spark_project.jetty.server.HttpChannelState$Async;
1551:             1             48  [Lorg.spark_project.jetty.server.HttpChannelState$State;
1552:             1             48  [Lorg.spark_project.jetty.server.HttpOutput$OutputState;
1553:             1             48  [Lorg.spark_project.jetty.util.IteratingCallback$State;
1554:             2             48  [Lscala.Enumeration$Value;
1555:             1             48  [[Ljava.lang.Object;
1556:             1             48  com.codahale.metrics.json.MetricsModule$TimerSerializer
1557:             2             48  com.fasterxml.jackson.databind.deser.DeserializerCache
1558:             3             48  com.fasterxml.jackson.databind.introspect.BasicClassIntrospector
1559:             2             48  com.fasterxml.jackson.databind.introspect.SimpleMixInResolver
1560:             1             48  com.fasterxml.jackson.databind.ser.BeanSerializer
1561:             3             48  com.fasterxml.jackson.databind.ser.BeanSerializerFactory
1562:             2             48  com.fasterxml.jackson.databind.ser.SerializerCache
1563:             2             48  com.fasterxml.jackson.databind.ser.std.BooleanSerializer
1564:             1             48  com.fasterxml.jackson.databind.util.StdDateFormat
1565:             1             48  com.fasterxml.jackson.module.paranamer.shaded.BytecodeReadingParanamer$1
1566:             2             48  com.sun.jmx.mbeanserver.ClassLoaderRepositorySupport$LoaderEntry
1567:             1             48  com.sun.jmx.mbeanserver.DefaultMXBeanMappingFactory$Mappings
1568:             2             48  com.sun.jmx.mbeanserver.WeakIdentityHashMap
1569:             3             48  com.sun.proxy.$Proxy11
1570:             3             48  com.sun.proxy.$Proxy5
1571:             1             48  com.thoughtworks.paranamer.BytecodeReadingParanamer$1
1572:             1             48  io.netty.util.ResourceLeakDetector
1573:             2             48  io.netty.util.UniqueName
1574:             1             48  io.netty.util.concurrent.GlobalEventExecutor
1575:             2             48  java.io.BufferedOutputStream
1576:             1             48  java.io.BufferedReader
1577:             2             48  java.io.ByteArrayOutputStream
1578:             2             48  java.io.File$PathStatus
1579:             2             48  java.lang.StringBuffer
1580:             1             48  java.lang.invoke.BoundMethodHandle$Species_L4
1581:             2             48  java.lang.invoke.MethodHandles$Lookup
1582:             2             48  java.lang.reflect.ReflectPermission
1583:             2             48  java.net.InetAddress$Cache
1584:             2             48  java.net.InetAddress$Cache$Type
1585:             2             48  java.net.InetAddress$CacheEntry
1586:             1             48  java.net.NetworkInterface
1587:             2             48  java.net.StandardProtocolFamily
1588:             3             48  java.nio.channels.FileChannel$MapMode
1589:             2             48  java.nio.charset.CoderResult
1590:             3             48  java.nio.charset.CodingErrorAction
1591:             2             48  java.security.AllPermissionCollection
1592:             2             48  java.security.CodeSigner
1593:             3             48  java.text.AttributedCharacterIterator$Attribute
1594:             2             48  java.time.LocalDate
1595:             2             48  java.time.LocalDateTime
1596:             3             48  java.util.Base64$Decoder
1597:             2             48  java.util.Formatter$BigDecimalLayoutForm
1598:             1             48  java.util.concurrent.locks.ReentrantReadWriteLock$FairSync
1599:             2             48  java.util.logging.Logger$LoggerBundle
1600:             2             48  java.util.regex.Pattern$Prolog
1601:             2             48  javassist.ClassPathList
1602:             1             48  javassist.compiler.KeywordTable
1603:             2             48  net.sf.ezmorph.object.BooleanObjectMorpher
1604:             2             48  net.sf.ezmorph.object.CharacterObjectMorpher
1605:             2             48  org.antlr.v4.runtime.atn.ATNType
1606:             2             48  org.antlr.v4.runtime.atn.LexerActionExecutor
1607:             1             48  org.antlr.v4.runtime.atn.TokensStartState
1608:             1             48  org.antlr.v4.runtime.atn.Transition$1
1609:             3             48  org.apache.commons.lang3.text.translate.NumericEntityUnescaper
1610:             1             48  org.apache.hadoop.fs.LocalFileSystem
1611:             2             48  org.apache.hadoop.io.Text
1612:             2             48  org.apache.hadoop.metrics2.lib.MetricsRegistry
1613:             2             48  org.apache.hadoop.util.ShutdownHookManager$HookEntry
1614:             2             48  org.apache.kafka.clients.consumer.internals.Fetcher$1
1615:             2             48  org.apache.kafka.common.network.LoginType
1616:             2             48  org.apache.kafka.common.network.Mode
1617:             2             48  org.apache.kafka.common.requests.FetchRequest$PartitionData
1618:             1             48  org.apache.log4j.Hierarchy
1619:             1             48  org.apache.log4j.helpers.PatternParser
1620:             2             48  org.apache.spark.CleanBroadcast
1621:             3             48  org.apache.spark.internal.config.ConfigBuilder$$anonfun$doubleConf$1
1622:             3             48  org.apache.spark.internal.config.SystemProvider
1623:             2             48  org.apache.spark.memory.MemoryMode
1624:             1             48  org.apache.spark.memory.TaskMemoryManager
1625:             1             48  org.apache.spark.metrics.sink.MetricsServlet
1626:             2             48  org.apache.spark.network.server.OneForOneStreamManager
1627:             2             48  org.apache.spark.network.server.TransportServer$1
1628:             2             48  org.apache.spark.network.util.IOMode
1629:             2             48  org.apache.spark.rpc.RpcAddress
1630:             1             48  org.apache.spark.rpc.netty.Dispatcher
1631:             1             48  org.apache.spark.scheduler.ActiveJob
1632:             3             48  org.apache.spark.scheduler.AsyncEventQueue$$anon$1$$anonfun$run$1
1633:             3             48  org.apache.spark.scheduler.AsyncEventQueue$$anon$2
1634:             3             48  org.apache.spark.scheduler.AsyncEventQueue$$anonfun$org$apache$spark$scheduler$AsyncEventQueue$$dispatch$1
1635:             1             48  org.apache.spark.scheduler.LiveListenerBus
1636:             1             48  org.apache.spark.scheduler.local.LocalEndpoint
1637:             1             48  org.apache.spark.scheduler.local.LocalSchedulerBackend
1638:             1             48  org.apache.spark.serializer.SerializerManager
1639:             2             48  org.apache.spark.sql.catalyst.FunctionIdentifier
1640:             3             48  org.apache.spark.sql.catalyst.analysis.FunctionRegistry$$anonfun$14
1641:             2             48  org.apache.spark.sql.catalyst.rules.RuleExecutor$Once$
1642:             2             48  org.apache.spark.sql.catalyst.util.StringKeyHashMap
1643:             1             48  org.apache.spark.sql.execution.ui.SQLListener
1644:             1             48  org.apache.spark.sql.execution.ui.SQLTab
1645:             1             48  org.apache.spark.sql.internal.SessionStateBuilder
1646:             1             48  org.apache.spark.sql.internal.SharedState
1647:             1             48  org.apache.spark.sql.internal.StaticSQLConf$
1648:             1             48  org.apache.spark.sql.streaming.StreamingQueryManager
1649:             2             48  org.apache.spark.storage.memory.SerializedMemoryEntry
1650:             2             48  org.apache.spark.streaming.Duration
1651:             1             48  org.apache.spark.streaming.kafka010.DirectKafkaInputDStream$DirectKafkaInputDStreamCheckpointData
1652:             1             48  org.apache.spark.ui.exec.ExecutorsTab
1653:             2             48  org.apache.spark.util.collection.MedianHeap
1654:             3             48  org.apache.spark.util.collection.unsafe.sort.PrefixComparators$UnsignedPrefixComparator
1655:             3             48  org.apache.spark.util.collection.unsafe.sort.PrefixComparators$UnsignedPrefixComparatorDesc
1656:             3             48  org.apache.spark.util.collection.unsafe.sort.PrefixComparators$UnsignedPrefixComparatorDescNullsFirst
1657:             3             48  org.apache.spark.util.collection.unsafe.sort.PrefixComparators$UnsignedPrefixComparatorNullsLast
1658:             3             48  org.apache.xerces.impl.dv.dtd.ListDatatypeValidator
1659:             3             48  org.codehaus.janino.Parser$ClassDeclarationContext
1660:             2             48  org.spark_project.guava.hash.ChecksumHashFunction
1661:             2             48  org.spark_project.jetty.http.DateGenerator
1662:             2             48  org.spark_project.jetty.server.HttpInput$EofContent
1663:             1             48  org.spark_project.jetty.util.BlockingArrayQueue
1664:             1             48  org.spark_project.jetty.util.MultiMap
1665:             1             48  scala.Array$
1666:             2             48  scala.Enumeration$ValueSet$
1667:             1             48  scala.Predef$
1668:             1             48  scala.math.BigDecimal$
1669:             2             48  scala.reflect.internal.AnnotationInfos$LiteralAnnotArg
1670:             1             48  scala.reflect.internal.Scopes$EmptyScope$
1671:             2             48  scala.reflect.internal.Trees$LazyTreeCopier
1672:             3             48  scala.reflect.internal.Trees$StrictTreeCopier
1673:             1             48  scala.reflect.internal.Trees$noSelfType$
1674:             3             48  scala.reflect.runtime.JavaMirrors$JavaMirror$$anonfun$2
1675:             3             48  scala.reflect.runtime.JavaMirrors$JavaMirror$$anonfun$3
1676:             3             48  scala.reflect.runtime.JavaMirrors$JavaMirror$$anonfun$4
1677:             3             48  scala.reflect.runtime.JavaMirrors$JavaMirror$$anonfun$5
1678:             3             48  scala.reflect.runtime.JavaMirrors$JavaMirror$$anonfun$6
1679:             2             48  scala.reflect.runtime.JavaMirrors$JavaMirror$TypeParamCompleter
1680:             2             48  scala.reflect.runtime.Settings$IntSetting
1681:             1             48  scala.util.Properties$
1682:             1             48  scala.util.hashing.MurmurHash3$
1683:             2             48  sun.management.ManagementFactoryHelper$1
1684:             2             48  sun.misc.NativeSignalHandler
1685:             3             48  sun.nio.ch.FileDispatcherImpl
1686:             3             48  sun.nio.ch.IOVecWrapper$Deallocator
1687:             1             48  sun.nio.cs.StreamDecoder
1688:             2             48  sun.nio.fs.NativeBuffer$Deallocator
1689:             2             48  sun.reflect.generics.scope.ConstructorScope
1690:             2             48  sun.security.jca.ProviderList
1691:             2             48  sun.security.jca.ProviderList$3
1692:             2             48  sun.security.provider.certpath.X509CertPath
1693:             2             48  sun.security.util.DisabledAlgorithmConstraints
1694:             3             48  sun.text.normalizer.NormalizerBase$QuickCheckResult
1695:             1             40  [Lcom.fasterxml.jackson.core.JsonParser$NumberType;
1696:             2             40  [Lcom.fasterxml.jackson.databind.ser.BeanSerializerModifier;
1697:             1             40  [Lcom.fasterxml.jackson.databind.type.TypeModifier;
1698:             2             40  [Lcom.sun.jmx.mbeanserver.ClassLoaderRepositorySupport$LoaderEntry;
1699:             1             40  [Ljava.lang.management.MemoryPoolMXBean;
1700:             1             40  [Ljava.util.stream.StreamOpFlag;
1701:             1             40  [Ljavax.servlet.DispatcherType;
1702:             1             40  [Lorg.apache.hadoop.security.SaslRpcServer$AuthMethod;
1703:             1             40  [Lorg.apache.hadoop.util.Shell$OSType;
1704:             1             40  [Lorg.apache.spark.network.util.ByteUnit;
1705:             1             40  [Lorg.spark_project.guava.collect.MapMaker$RemovalCause;
1706:             1             40  [Lorg.spark_project.jetty.http.HttpGenerator$State;
1707:             1             40  [Lorg.spark_project.jetty.http.HttpTokens$EndOfContent;
1708:             1             40  [Lorg.spark_project.jetty.http.pathmap.PathSpecGroup;
1709:             1             40  [Lorg.spark_project.jetty.server.handler.gzip.GzipHttpOutputInterceptor$GZState;
1710:             1             40  [Lsun.security.jca.ServiceId;
1711:             1             40  [Lsun.security.util.DisabledAlgorithmConstraints$Constraint$Operator;
1712:             1             40  [Lsun.util.locale.provider.LocaleProviderAdapter$Type;
1713:             1             40  [[Ljava.lang.invoke.LambdaForm$Name;
1714:             1             40  com.fasterxml.jackson.annotation.JsonFormat$Value
1715:             1             40  com.fasterxml.jackson.databind.deser.impl.BeanPropertyMap
1716:             1             40  com.fasterxml.jackson.databind.type.TypeBindings
1717:             1             40  com.fasterxml.jackson.module.scala.JacksonModule$
1718:             1             40  com.sun.beans.finder.MethodFinder$1
1719:             1             40  com.sun.jmx.interceptor.DefaultMBeanServerInterceptor
1720:             1             40  com.sun.jmx.mbeanserver.JmxMBeanServer
1721:             1             40  com.sun.jmx.mbeanserver.MBeanServerDelegateImpl
1722:             1             40  io.netty.channel.socket.nio.NioSocketChannel$NioSocketChannelUnsafe
1723:             1             40  java.beans.WeakIdentityMap$Entry
1724:             1             40  java.io.BufferedInputStream
1725:             1             40  java.util.IdentityHashMap$KeyIterator
1726:             1             40  java.util.ResourceBundle$1
1727:             1             40  java.util.ServiceLoader$LazyIterator
1728:             1             40  javassist.ClassPool
1729:             1             40  net.jpountz.lz4.LZ4Factory
1730:             1             40  org.antlr.v4.runtime.ParserRuleContext
1731:             1             40  org.apache.hadoop.fs.FileSystem$Cache$Key
1732:             1             40  org.apache.hadoop.fs.FileSystem$Statistics$StatisticsData
1733:             1             40  org.apache.hadoop.fs.RawLocalFileSystem
1734:             1             40  org.apache.hadoop.metrics2.lib.DefaultMetricsSystem
1735:             1             40  org.apache.hadoop.security.User
1736:             1             40  org.apache.kafka.common.errors.GroupAuthorizationException
1737:             1             40  org.apache.kafka.common.errors.RecordTooLargeException
1738:             1             40  org.apache.kafka.common.errors.TopicAuthorizationException
1739:             1             40  org.apache.log4j.helpers.PatternParser$CategoryPatternConverter
1740:             1             40  org.apache.log4j.helpers.PatternParser$DatePatternConverter
1741:             1             40  org.apache.log4j.spi.RootLogger
1742:             1             40  org.apache.spark.InternalAccumulator$shuffleRead$
1743:             1             40  org.apache.spark.broadcast.BroadcastManager
1744:             1             40  org.apache.spark.deploy.SparkHadoopUtil$
1745:             1             40  org.apache.spark.internal.config.ConfigEntryWithDefaultFunction
1746:             1             40  org.apache.spark.metrics.MetricsConfig
1747:             1             40  org.apache.spark.metrics.source.CodegenMetrics$
1748:             1             40  org.apache.spark.metrics.source.HiveCatalogMetrics$
1749:             1             40  org.apache.spark.network.client.TransportResponseHandler
1750:             1             40  org.apache.spark.package$
1751:             1             40  org.apache.spark.package$SparkBuildInfo$
1752:             1             40  org.apache.spark.scheduler.DAGSchedulerEventProcessLoop
1753:             1             40  org.apache.spark.scheduler.JobWaiter
1754:             1             40  org.apache.spark.scheduler.LiveListenerBusMetrics
1755:             1             40  org.apache.spark.scheduler.OutputCommitCoordinator
1756:             1             40  org.apache.spark.scheduler.TaskResultGetter
1757:             1             40  org.apache.spark.sql.SparkSessionExtensions
1758:             1             40  org.apache.spark.sql.catalyst.expressions.aggregate.NoOp$
1759:             1             40  org.apache.spark.sql.catalyst.optimizer.LikeSimplification$
1760:             1             40  org.apache.spark.sql.types.DoubleType$
1761:             1             40  org.apache.spark.sql.types.FloatType$
1762:             1             40  org.apache.spark.storage.BlockInfoManager$$anon$1
1763:             1             40  org.apache.spark.storage.BlockManagerSlaveEndpoint
1764:             1             40  org.apache.spark.storage.DiskBlockManager
1765:             1             40  org.apache.spark.storage.DiskStore
1766:             1             40  org.apache.spark.storage.StorageStatus$NonRddStorageInfo
1767:             1             40  org.apache.spark.streaming.kafka010.KafkaRDD$KafkaRDDIterator
1768:             1             40  org.apache.spark.streaming.scheduler.JobGenerator$$anon$1
1769:             1             40  org.apache.spark.streaming.scheduler.JobScheduler$$anon$1
1770:             1             40  org.apache.spark.ui.UIUtils$
1771:             1             40  org.apache.spark.ui.env.EnvironmentTab
1772:             1             40  org.apache.spark.ui.exec.ExecutorsListener
1773:             1             40  org.apache.spark.ui.jobs.StagePage
1774:             1             40  org.apache.spark.ui.storage.StoragePage
1775:             1             40  org.apache.spark.ui.storage.StorageTab
1776:             1             40  org.apache.spark.util.ShutdownHookManager$
1777:             1             40  org.apache.spark.util.collection.OpenHashSet$
1778:             1             40  scala.Tuple6
1779:             1             40  scala.collection.immutable.Range
1780:             1             40  scala.collection.parallel.package$
1781:             1             40  scala.concurrent.duration.package$
1782:             1             40  scala.reflect.internal.AnnotationInfos$UnmappableAnnotation$
1783:             1             40  scala.reflect.internal.SymbolTable$$anon$1
1784:             1             40  scala.reflect.internal.SymbolTable$traceSymbols$
1785:             1             40  scala.reflect.internal.Trees$Super
1786:             1             40  scala.reflect.internal.Trees$This
1787:             1             40  scala.reflect.internal.Trees$TypeTree
1788:             1             40  scala.reflect.internal.Trees$pendingSuperCall$
1789:             1             40  scala.reflect.internal.Types$MissingAliasControl
1790:             1             40  scala.reflect.internal.transform.Transforms$$anonfun$3$$anon$2
1791:             1             40  scala.sys.SystemProperties$
1792:             1             40  scala.xml.XML$
1793:             1             40  sun.management.DiagnosticCommandImpl
1794:             1             40  sun.management.MappedMXBeanType$CompositeDataMXBeanType
1795:             1             40  sun.nio.cs.StandardCharsets$Aliases
1796:             1             40  sun.nio.cs.StandardCharsets$Cache
1797:             1             40  sun.nio.cs.StandardCharsets$Classes
1798:             1             40  sun.reflect.UnsafeQualifiedStaticIntegerFieldAccessorImpl
1799:             1             40  sun.security.provider.DSAPublicKeyImpl
1800:             1             32  [Lcom.fasterxml.jackson.annotation.JsonProperty$Access;
1801:             1             32  [Lcom.fasterxml.jackson.core.JsonFactory$Feature;
1802:             2             32  [Lcom.fasterxml.jackson.databind.JavaType;
1803:             1             32  [Lcom.sun.beans.util.Cache$Kind;
1804:             1             32  [Lio.netty.buffer.PoolArena$SizeClass;
1805:             1             32  [Lio.netty.handler.timeout.IdleState;
1806:             2             32  [Ljava.lang.Enum;
1807:             1             32  [Ljava.lang.OutOfMemoryError;
1808:             1             32  [Ljava.lang.ThreadGroup;
1809:             1             32  [Ljava.lang.UNIXProcess$Platform;
1810:             1             32  [Ljava.lang.management.MemoryManagerMXBean;
1811:             1             32  [Ljava.text.Normalizer$Form;
1812:             1             32  [Ljava.util.stream.StreamShape;
1813:             1             32  [Lnet.jpountz.util.Native$OS;
1814:             1             32  [Lorg.antlr.v4.runtime.atn.PredictionMode;
1815:             1             32  [Lorg.apache.kafka.clients.ConnectionState;
1816:             1             32  [Lorg.apache.kafka.clients.consumer.internals.SubscriptionState$SubscriptionType;
1817:             1             32  [Lorg.apache.kafka.common.config.ConfigDef$Importance;
1818:             1             32  [Lorg.apache.kafka.common.config.ConfigDef$Width;
1819:             1             32  [Lorg.apache.kafka.common.record.CompressionType;
1820:             1             32  [Lorg.apache.kafka.common.record.TimestampType;
1821:             1             32  [Lorg.apache.kafka.common.utils.AbstractIterator$State;
1822:             1             32  [Lorg.apache.spark.JobExecutionStatus;
1823:             1             32  [Lorg.apache.spark.streaming.StreamingContextState;
1824:             1             32  [Lorg.spark_project.guava.base.AbstractIterator$State;
1825:             1             32  [Lorg.spark_project.guava.cache.LocalCache$Strength;
1826:             1             32  [Lorg.spark_project.guava.collect.AbstractIterator$State;
1827:             1             32  [Lorg.spark_project.guava.collect.MapMakerInternalMap$Strength;
1828:             1             32  [Lorg.spark_project.jetty.http.HttpCompliance;
1829:             1             32  [Lorg.spark_project.jetty.http.HttpScheme;
1830:             1             32  [Lorg.spark_project.jetty.http.HttpVersion;
1831:             1             32  [Lorg.spark_project.jetty.io.ManagedSelector;
1832:             1             32  [Lorg.spark_project.jetty.server.Response$OutputType;
1833:             1             32  [Lorg.spark_project.jetty.server.handler.ContextHandler$Availability;
1834:             1             32  [Lorg.spark_project.jetty.servlet.BaseHolder$Source;
1835:             1             32  [Lorg.spark_project.jetty.util.IteratingCallback$Action;
1836:             1             32  [Lorg.spark_project.jetty.util.component.ContainerLifeCycle$Managed;
1837:             1             32  [Lsun.misc.FormattedFloatingDecimal$Form;
1838:             1             32  [Lsun.security.provider.NativePRNG$Variant;
1839:             1             32  [[Lorg.spark_project.guava.collect.MapMakerInternalMap$EntryFactory;
1840:             1             32  com.codahale.metrics.json.MetricsModule$MeterSerializer
1841:             2             32  com.fasterxml.jackson.databind.deser.BeanDeserializerFactory
1842:             1             32  com.fasterxml.jackson.databind.deser.impl.PropertyBasedCreator
1843:             2             32  com.fasterxml.jackson.databind.introspect.AnnotatedMethodMap
1844:             1             32  com.fasterxml.jackson.databind.introspect.VisibilityChecker$Std
1845:             2             32  com.fasterxml.jackson.databind.jsontype.impl.StdSubtypeResolver
1846:             2             32  com.fasterxml.jackson.databind.node.JsonNodeFactory
1847:             2             32  com.fasterxml.jackson.databind.ser.impl.PropertySerializerMap$Empty
1848:             1             32  com.fasterxml.jackson.databind.ser.std.NumberSerializers$DoubleSerializer
1849:             1             32  com.fasterxml.jackson.databind.ser.std.NumberSerializers$FloatSerializer
1850:             1             32  com.fasterxml.jackson.databind.ser.std.NumberSerializers$IntLikeSerializer
1851:             1             32  com.fasterxml.jackson.databind.ser.std.NumberSerializers$IntegerSerializer
1852:             1             32  com.fasterxml.jackson.databind.ser.std.NumberSerializers$LongSerializer
1853:             1             32  com.fasterxml.jackson.databind.ser.std.NumberSerializers$ShortSerializer
1854:             2             32  com.fasterxml.jackson.databind.type.TypeParser
1855:             2             32  com.fasterxml.jackson.databind.util.RootNameLookup
1856:             1             32  com.fasterxml.jackson.module.scala.deser.OptionDeserializer
1857:             2             32  com.sun.beans.WeakCache
1858:             1             32  com.sun.beans.finder.BeanInfoFinder
1859:             1             32  com.sun.jmx.mbeanserver.Repository
1860:             2             32  io.netty.bootstrap.AbstractBootstrap$BootstrapChannelFactory
1861:             1             32  io.netty.buffer.PoolThreadCache$MemoryRegionCache$1
1862:             1             32  io.netty.buffer.PooledHeapByteBuf$1
1863:             1             32  io.netty.buffer.PooledUnsafeDirectByteBuf$1
1864:             1             32  io.netty.buffer.PooledUnsafeHeapByteBuf$1
1865:             1             32  io.netty.channel.AbstractChannelHandlerContext$WriteAndFlushTask
1866:             1             32  io.netty.channel.AbstractChannelHandlerContext$WriteAndFlushTask$1
1867:             1             32  io.netty.channel.AdaptiveRecvByteBufAllocator$HandleImpl
1868:             2             32  io.netty.channel.ChannelMetadata
1869:             1             32  io.netty.channel.ChannelOutboundBuffer$Entry$1
1870:             1             32  io.netty.handler.codec.CodecOutputList$1
1871:             1             32  io.netty.util.Recycler$WeakOrderQueue$Link
1872:             2             32  io.netty.util.internal.logging.Slf4JLoggerFactory
1873:             1             32  java.beans.ThreadGroupContext
1874:             1             32  java.beans.ThreadGroupContext$1
1875:             1             32  java.io.UnixFileSystem
1876:             1             32  java.lang.ArithmeticException
1877:             1             32  java.lang.ArrayIndexOutOfBoundsException
1878:             1             32  java.lang.ClassCastException
1879:             2             32  java.lang.InheritableThreadLocal
1880:             1             32  java.lang.NullPointerException
1881:             2             32  java.lang.Shutdown$Lock
1882:             1             32  java.lang.UnsupportedOperationException
1883:             1             32  java.lang.reflect.WeakCache
1884:             1             32  java.lang.reflect.WeakCache$CacheKey
1885:             1             32  java.net.Inet6Address
1886:             1             32  java.net.Inet6Address$Inet6AddressHolder
1887:             2             32  java.nio.ByteOrder
1888:             1             32  java.nio.channels.NotYetConnectedException
1889:             1             32  java.security.AlgorithmParameters
1890:             1             32  java.text.DontCareFieldPosition
1891:             2             32  java.util.Collections$UnmodifiableMap$UnmodifiableEntrySet
1892:             1             32  java.util.JumboEnumSet
1893:             1             32  java.util.ServiceLoader
1894:             2             32  java.util.WeakHashMap$KeySet
1895:             1             32  java.util.concurrent.CancellationException
1896:             2             32  java.util.concurrent.ConcurrentHashMap$ValuesView
1897:             2             32  java.util.concurrent.CountDownLatch
1898:             1             32  java.util.concurrent.ThreadLocalRandom
1899:             1             32  java.util.concurrent.atomic.AtomicLongFieldUpdater$CASUpdater
1900:             1             32  java.util.logging.LogManager$SystemLoggerContext
1901:             2             32  java.util.regex.Pattern$CharPropertyNames$7
1902:             2             32  javassist.ClassClassPath
1903:             1             32  javax.security.auth.Subject
1904:             1             32  net.jpountz.xxhash.XXHashFactory
1905:             1             32  org.antlr.v4.runtime.atn.EmptyPredictionContext
1906:             2             32  org.antlr.v4.runtime.atn.PredictionContextCache
1907:             2             32  org.apache.commons.collections.map.UnmodifiableMap
1908:             2             32  org.apache.commons.lang3.text.translate.UnicodeUnpairedSurrogateRemover
1909:             1             32  org.apache.hadoop.fs.FileSystem$Statistics
1910:             1             32  org.apache.hadoop.io.Text$Comparator
1911:             1             32  org.apache.hadoop.metrics2.impl.MetricsSystemImpl$1
1912:             1             32  org.apache.hadoop.metrics2.lib.MetricsSourceBuilder
1913:             2             32  org.apache.hadoop.metrics2.lib.UniqueNames
1914:             2             32  org.apache.hadoop.security.Groups$TimerToTickerAdapter
1915:             1             32  org.apache.hadoop.security.UserGroupInformation$UgiMetrics
1916:             1             32  org.apache.ivy.util.DefaultMessageLogger
1917:             1             32  org.apache.kafka.clients.consumer.internals.RequestFuture
1918:             1             32  org.apache.kafka.common.errors.BrokerNotAvailableException
1919:             1             32  org.apache.kafka.common.errors.ClusterAuthorizationException
1920:             1             32  org.apache.kafka.common.errors.ControllerMovedException
1921:             1             32  org.apache.kafka.common.errors.CorruptRecordException
1922:             1             32  org.apache.kafka.common.errors.DisconnectException
1923:             1             32  org.apache.kafka.common.errors.GroupLoadInProgressException
1924:             1             32  org.apache.kafka.common.errors.IllegalGenerationException
1925:             1             32  org.apache.kafka.common.errors.IllegalSaslStateException
1926:             1             32  org.apache.kafka.common.errors.InconsistentGroupProtocolException
1927:             1             32  org.apache.kafka.common.errors.InvalidCommitOffsetSizeException
1928:             1             32  org.apache.kafka.common.errors.InvalidFetchSizeException
1929:             1             32  org.apache.kafka.common.errors.InvalidGroupIdException
1930:             1             32  org.apache.kafka.common.errors.InvalidRequiredAcksException
1931:             1             32  org.apache.kafka.common.errors.InvalidSessionTimeoutException
1932:             1             32  org.apache.kafka.common.errors.InvalidTimestampException
1933:             1             32  org.apache.kafka.common.errors.InvalidTopicException
1934:             1             32  org.apache.kafka.common.errors.LeaderNotAvailableException
1935:             1             32  org.apache.kafka.common.errors.NetworkException
1936:             1             32  org.apache.kafka.common.errors.NotCoordinatorForGroupException
1937:             1             32  org.apache.kafka.common.errors.NotEnoughReplicasAfterAppendException
1938:             1             32  org.apache.kafka.common.errors.NotEnoughReplicasException
1939:             1             32  org.apache.kafka.common.errors.NotLeaderForPartitionException
1940:             1             32  org.apache.kafka.common.errors.OffsetMetadataTooLarge
1941:             1             32  org.apache.kafka.common.errors.OffsetOutOfRangeException
1942:             1             32  org.apache.kafka.common.errors.RebalanceInProgressException
1943:             1             32  org.apache.kafka.common.errors.RecordBatchTooLargeException
1944:             1             32  org.apache.kafka.common.errors.ReplicaNotAvailableException
1945:             1             32  org.apache.kafka.common.errors.TimeoutException
1946:             1             32  org.apache.kafka.common.errors.UnknownMemberIdException
1947:             1             32  org.apache.kafka.common.errors.UnknownServerException
1948:             1             32  org.apache.kafka.common.errors.UnknownTopicOrPartitionException
1949:             1             32  org.apache.kafka.common.errors.UnsupportedSaslMechanismException
1950:             1             32  org.apache.kafka.common.errors.UnsupportedVersionException
1951:             1             32  org.apache.log4j.PatternLayout
1952:             1             32  org.apache.log4j.helpers.QuietWriter
1953:             1             32  org.apache.spark.MapOutputTracker$
1954:             1             32  org.apache.spark.SparkConf$
1955:             1             32  org.apache.spark.SparkEnv$
1956:             1             32  org.apache.spark.SparkException
1957:             1             32  org.apache.spark.SparkMasterRegex$
1958:             2             32  org.apache.spark.TaskContext$$anon$1
1959:             1             32  org.apache.spark.deploy.SparkHadoopUtil
1960:             2             32  org.apache.spark.executor.ExecutorSource$$anonfun$1$$anonfun$apply$1
1961:             2             32  org.apache.spark.executor.ExecutorSource$$anonfun$1$$anonfun$apply$2
1962:             2             32  org.apache.spark.executor.ExecutorSource$$anonfun$1$$anonfun$apply$3
1963:             2             32  org.apache.spark.executor.ExecutorSource$$anonfun$1$$anonfun$apply$4
1964:             2             32  org.apache.spark.executor.ExecutorSource$$anonfun$1$$anonfun$apply$5
1965:             2             32  org.apache.spark.internal.config.ConfigBuilder$$anonfun$regexConf$1
1966:             2             32  org.apache.spark.internal.config.ConfigBuilder$$anonfun$regexConf$2
1967:             2             32  org.apache.spark.internal.config.EnvProvider
1968:             1             32  org.apache.spark.io.CompressionCodec$
1969:             1             32  org.apache.spark.metrics.MetricsSystem$
1970:             1             32  org.apache.spark.network.client.TransportClient
1971:             1             32  org.apache.spark.network.netty.NettyBlockRpcServer
1972:             1             32  org.apache.spark.rpc.netty.NettyRpcHandler
1973:             1             32  org.apache.spark.rpc.netty.NettyStreamManager
1974:             1             32  org.apache.spark.scheduler.DAGSchedulerSource
1975:             1             32  org.apache.spark.scheduler.LiveListenerBus$
1976:             1             32  org.apache.spark.scheduler.SparkListenerExecutorAdded
1977:             1             32  org.apache.spark.scheduler.local.LocalSchedulerBackend$$anon$1
1978:             1             32  org.apache.spark.shuffle.IndexShuffleBlockResolver
1979:             1             32  org.apache.spark.shuffle.sort.SortShuffleManager
1980:             1             32  org.apache.spark.sql.SparkSession$
1981:             1             32  org.apache.spark.sql.catalyst.analysis.Analyzer$ExtractGenerator$
1982:             1             32  org.apache.spark.sql.catalyst.analysis.DecimalPrecision$
1983:             1             32  org.apache.spark.sql.catalyst.analysis.ResolveHints$ResolveBroadcastHints
1984:             1             32  org.apache.spark.sql.catalyst.analysis.ResolveTimeZone
1985:             2             32  org.apache.spark.sql.catalyst.analysis.SimpleFunctionRegistry
1986:             1             32  org.apache.spark.sql.catalyst.analysis.TimeWindowing$
1987:             1             32  org.apache.spark.sql.catalyst.analysis.TypeCoercion$
1988:             1             32  org.apache.spark.sql.catalyst.analysis.TypeCoercion$BooleanEquality$
1989:             1             32  org.apache.spark.sql.catalyst.catalog.CatalogDatabase
1990:             1             32  org.apache.spark.sql.catalyst.catalog.InMemoryCatalog
1991:             1             32  org.apache.spark.sql.catalyst.catalog.InMemoryCatalog$DatabaseDesc
1992:             1             32  org.apache.spark.sql.catalyst.expressions.codegen.package$ExpressionCanonicalizer$
1993:             2             32  org.apache.spark.sql.catalyst.util.StringKeyHashMap$$anonfun$apply$2
1994:             1             32  org.apache.spark.sql.execution.streaming.StreamingQueryListenerBus
1995:             1             32  org.apache.spark.sql.execution.ui.AllExecutionsPage
1996:             1             32  org.apache.spark.sql.execution.ui.ExecutionPage
1997:             1             32  org.apache.spark.sql.types.ByteType$
1998:             1             32  org.apache.spark.sql.types.IntegerType$
1999:             1             32  org.apache.spark.sql.types.LongType$
2000:             1             32  org.apache.spark.sql.types.ShortType$
2001:             2             32  org.apache.spark.sql.types.TypeCollection
2002:             1             32  org.apache.spark.storage.BlockInfo$
2003:             1             32  org.apache.spark.storage.BlockInfoManager
2004:             1             32  org.apache.spark.storage.BlockManagerId
2005:             1             32  org.apache.spark.storage.BlockManagerMaster
2006:             1             32  org.apache.spark.streaming.ContextWaiter
2007:             1             32  org.apache.spark.streaming.StreamingContext$
2008:             1             32  org.apache.spark.streaming.kafka010.Subscribe
2009:             1             32  org.apache.spark.streaming.scheduler.StreamingListenerBus
2010:             1             32  org.apache.spark.streaming.ui.BatchPage
2011:             1             32  org.apache.spark.streaming.ui.StreamingPage
2012:             1             32  org.apache.spark.ui.ServerInfo
2013:             1             32  org.apache.spark.ui.SparkUI$
2014:             1             32  org.apache.spark.ui.env.EnvironmentListener
2015:             1             32  org.apache.spark.ui.jobs.AllJobsPage
2016:             1             32  org.apache.spark.ui.jobs.AllStagesPage
2017:             1             32  org.apache.spark.ui.jobs.JobPage
2018:             1             32  org.apache.spark.ui.jobs.PoolPage
2019:             1             32  org.apache.spark.ui.jobs.UIData$InputMetricsUIData
2020:             1             32  org.apache.spark.ui.jobs.UIData$OutputMetricsUIData
2021:             1             32  org.apache.xerces.impl.XMLEntityScanner$1
2022:             2             32  org.apache.xerces.impl.dv.dtd.ENTITYDatatypeValidator
2023:             1             32  org.apache.xerces.parsers.AbstractDOMParser$1
2024:             2             32  org.spark_project.guava.base.Joiner
2025:             2             32  org.spark_project.guava.cache.LocalCache$LocalLoadingCache
2026:             1             32  org.spark_project.guava.collect.ConcurrentHashMultiset
2027:             2             32  org.spark_project.guava.collect.Interners$WeakInterner
2028:             2             32  org.spark_project.guava.hash.Murmur3_128HashFunction
2029:             2             32  org.spark_project.guava.hash.Murmur3_32HashFunction
2030:             1             32  org.spark_project.jetty.io.ArrayByteBufferPool
2031:             1             32  org.spark_project.jetty.server.ShutdownMonitor
2032:             1             32  org.spark_project.jetty.util.SharedBlockingCallback$1
2033:             1             32  org.spark_project.jetty.util.SharedBlockingCallback$2
2034:             1             32  org.spark_project.jetty.util.SharedBlockingCallback$3
2035:             1             32  scala.collection.immutable.Map$WithDefault
2036:             1             32  scala.collection.immutable.Vector$
2037:             2             32  scala.collection.mutable.Map$$anonfun$withDefaultValue$1
2038:             1             32  scala.concurrent.impl.Promise$CompletionLatch
2039:             1             32  scala.io.Codec$
2040:             2             32  scala.io.Codec$$anonfun$1
2041:             1             32  scala.math.BigInt$
2042:             2             32  scala.math.Ordering$DoubleOrdering$$anon$2
2043:             1             32  scala.math.package$
2044:             1             32  scala.reflect.ManifestFactory$$anon$1
2045:             1             32  scala.reflect.ManifestFactory$$anon$2
2046:             1             32  scala.reflect.ManifestFactory$$anon$3
2047:             1             32  scala.reflect.ManifestFactory$$anon$4
2048:             1             32  scala.reflect.ManifestFactory$$anon$5
2049:             1             32  scala.reflect.internal.JavaAccFlags$
2050:             1             32  scala.reflect.internal.Kinds$Kind$
2051:             1             32  scala.reflect.internal.Kinds$KindErrors
2052:             1             32  scala.reflect.internal.NoPhase$
2053:             1             32  scala.reflect.internal.SomePhase$
2054:             1             32  scala.reflect.internal.StdNames$compactify$
2055:             1             32  scala.reflect.internal.SymbolTable$$anon$2
2056:             1             32  scala.reflect.internal.Symbols$SymbolOps
2057:             1             32  scala.reflect.internal.Trees$Duplicator
2058:             1             32  scala.reflect.internal.Trees$EmptyTree$
2059:             1             32  scala.reflect.internal.Trees$ImportSelector
2060:             1             32  scala.reflect.internal.Trees$TreeTypeSubstituter
2061:             1             32  scala.reflect.internal.Types$UnmappableTree$
2062:             1             32  scala.reflect.internal.Variance$
2063:             1             32  scala.reflect.internal.tpe.TypeMaps$ErroneousCollector$
2064:             1             32  scala.reflect.internal.tpe.TypeMaps$IsDependentCollector$
2065:             1             32  scala.reflect.internal.transform.Erasure$boxingErasure$
2066:             1             32  scala.reflect.internal.transform.Erasure$javaErasure$
2067:             1             32  scala.reflect.internal.transform.Erasure$scalaErasure$
2068:             1             32  scala.reflect.internal.transform.Erasure$specialScalaErasure$
2069:             1             32  scala.reflect.internal.transform.Erasure$verifiedJavaErasure$
2070:             1             32  scala.reflect.internal.transform.PostErasure$elimErasedValueType$
2071:             1             32  scala.reflect.internal.transform.Transforms$$anonfun$2$$anon$3
2072:             1             32  scala.reflect.internal.transform.UnCurry$$anon$1
2073:             1             32  scala.reflect.internal.transform.UnCurry$$anon$2
2074:             1             32  scala.reflect.internal.util.Statistics$View
2075:             2             32  scala.reflect.runtime.JavaMirrors$JavaMirror$JavaAnnotationProxy$
2076:             1             32  scala.reflect.runtime.JavaUniverse$$anon$1
2077:             2             32  scala.runtime.ObjectRef
2078:             2             32  scala.util.Success
2079:             1             32  sun.management.MappedMXBeanType$EnumMXBeanType
2080:             1             32  sun.management.MappedMXBeanType$InProgress
2081:             1             32  sun.misc.HexDumpEncoder
2082:             2             32  sun.net.www.protocol.file.Handler
2083:             2             32  sun.nio.ch.SocketDispatcher
2084:             1             32  sun.nio.cs.StandardCharsets
2085:             1             32  sun.nio.fs.LinuxFileSystem
2086:             1             32  sun.nio.fs.UnixPath
2087:             2             32  sun.reflect.generics.tree.TypeVariableSignature
2088:             2             32  sun.security.provider.NativePRNG
2089:             1             32  sun.security.provider.SecureRandom
2090:             2             32  sun.security.util.AlgorithmDecomposer
2091:             2             32  sun.security.util.DisabledAlgorithmConstraints$Constraints
2092:             1             32  sun.util.locale.provider.LocaleResources
2093:             1             24  [Ljava.io.File$PathStatus;
2094:             1             24  [Ljava.lang.ClassValue$Entry;
2095:             1             24  [Ljava.net.InetAddress$Cache$Type;
2096:             1             24  [Ljava.net.InetSocketAddress;
2097:             1             24  [Ljava.net.InterfaceAddress;
2098:             1             24  [Ljava.net.StandardProtocolFamily;
2099:             1             24  [Ljava.util.Formatter$BigDecimalLayoutForm;
2100:             1             24  [Ljava.util.Locale$Category;
2101:             1             24  [Ljavax.security.auth.login.LoginContext$ModuleInfo;
2102:             1             24  [Lorg.antlr.v4.runtime.atn.ATNType;
2103:             1             24  [Lorg.apache.hadoop.metrics2.lib.DefaultMetricsFactory;
2104:             1             24  [Lorg.apache.hadoop.metrics2.lib.DefaultMetricsSystem;
2105:             1             24  [Lorg.apache.hadoop.metrics2.lib.Interns$Info;
2106:             1             24  [Lorg.apache.hadoop.metrics2.lib.Interns$Tags;
2107:             1             24  [Lorg.apache.kafka.common.network.LoginType;
2108:             1             24  [Lorg.apache.kafka.common.network.Mode;
2109:             1             24  [Lorg.apache.spark.memory.MemoryMode;
2110:             1             24  [Lorg.apache.spark.network.client.TransportClient;
2111:             1             24  [Lorg.spark_project.guava.cache.CacheBuilder$NullListener;
2112:             1             24  [Lorg.spark_project.guava.cache.CacheBuilder$OneWeigher;
2113:             1             24  [Lorg.spark_project.guava.cache.LocalCache$NullEntry;
2114:             1             24  [Lorg.spark_project.guava.collect.GenericMapMaker$NullListener;
2115:             1             24  [Lorg.spark_project.guava.collect.Interners$WeakInterner$Dummy;
2116:             1             24  [Lorg.spark_project.guava.hash.Hashing$ChecksumType;
2117:             1             24  [Lorg.spark_project.jetty.http.HttpFieldPreEncoder;
2118:             1             24  [Lscala.reflect.internal.Phase;
2119:             1             24  [Lsun.launcher.LauncherHelper;
2120:             1             24  [[Ljava.io.File;
2121:             1             24  com.codahale.metrics.json.MetricsModule$HistogramSerializer
2122:             1             24  com.codahale.metrics.json.MetricsModule$MetricRegistrySerializer
2123:             1             24  com.fasterxml.jackson.annotation.JsonFormat$Features
2124:             1             24  com.fasterxml.jackson.core.util.DefaultIndenter
2125:             1             24  com.fasterxml.jackson.databind.cfg.ContextAttributes$Impl
2126:             1             24  com.fasterxml.jackson.databind.deser.impl.FailingDeserializer
2127:             1             24  com.fasterxml.jackson.databind.module.SimpleSerializers
2128:             1             24  com.fasterxml.jackson.databind.ser.impl.FailingSerializer
2129:             1             24  com.fasterxml.jackson.databind.ser.impl.PropertySerializerMap$Single
2130:             1             24  com.fasterxml.jackson.databind.ser.impl.ReadOnlyClassToSerializerMap
2131:             1             24  com.fasterxml.jackson.databind.ser.std.CalendarSerializer
2132:             1             24  com.fasterxml.jackson.databind.ser.std.DateSerializer
2133:             1             24  com.fasterxml.jackson.module.paranamer.shaded.CachingParanamer
2134:             1             24  com.fasterxml.jackson.module.scala.deser.BigDecimalDeserializer$
2135:             1             24  com.fasterxml.jackson.module.scala.deser.BigIntDeserializer$
2136:             1             24  com.fasterxml.jackson.module.scala.deser.NumberDeserializers$
2137:             1             24  com.fasterxml.jackson.module.scala.deser.SeqDeserializerResolver$
2138:             1             24  com.fasterxml.jackson.module.scala.deser.UnsortedMapDeserializerResolver$
2139:             1             24  com.fasterxml.jackson.module.scala.deser.UnsortedSetDeserializerResolver$
2140:             1             24  com.fasterxml.jackson.module.scala.deser.UntypedObjectDeserializerResolver$
2141:             1             24  com.fasterxml.jackson.module.scala.introspect.BeanDescriptor
2142:             1             24  com.spark.aimer.debug.KafkaDirectDemo$$anonfun$2
2143:             1             24  com.sun.beans.util.Cache$Kind$1
2144:             1             24  com.sun.beans.util.Cache$Kind$2
2145:             1             24  com.sun.beans.util.Cache$Kind$3
2146:             1             24  com.sun.jmx.mbeanserver.ClassLoaderRepositorySupport
2147:             1             24  com.sun.jmx.mbeanserver.DefaultMXBeanMappingFactory$CompositeBuilderViaFrom
2148:             1             24  com.sun.jmx.mbeanserver.MXBeanLookup
2149:             1             24  com.sun.jmx.remote.util.ClassLogger
2150:             1             24  com.thoughtworks.paranamer.CachingParanamer
2151:             1             24  io.netty.buffer.UnpooledByteBufAllocator
2152:             1             24  io.netty.channel.AdaptiveRecvByteBufAllocator
2153:             1             24  io.netty.util.ThreadDeathWatcher$Entry
2154:             1             24  io.netty.util.concurrent.FailedFuture
2155:             1             24  java.io.InputStreamReader
2156:             1             24  java.lang.ClassValue$Version
2157:             1             24  java.lang.ProcessEnvironment$StringEnvironment
2158:             1             24  java.lang.invoke.MethodHandleImpl$4
2159:             1             24  java.lang.invoke.MethodType$ConcurrentWeakInternSet
2160:             1             24  java.math.MutableBigInteger
2161:             1             24  java.net.Inet4AddressImpl
2162:             1             24  java.net.InterfaceAddress
2163:             1             24  java.util.Collections$EmptyMap
2164:             1             24  java.util.Currency
2165:             1             24  java.util.Locale$Cache
2166:             1             24  java.util.ResourceBundle$Control$CandidateListCache
2167:             1             24  java.util.TaskQueue
2168:             1             24  java.util.Timer
2169:             1             24  java.util.concurrent.TimeUnit$1
2170:             1             24  java.util.concurrent.TimeUnit$2
2171:             1             24  java.util.concurrent.TimeUnit$3
2172:             1             24  java.util.concurrent.TimeUnit$4
2173:             1             24  java.util.concurrent.TimeUnit$5
2174:             1             24  java.util.concurrent.TimeUnit$6
2175:             1             24  java.util.concurrent.TimeUnit$7
2176:             1             24  java.util.jar.Manifest
2177:             1             24  java.util.logging.LogManager$LoggerContext
2178:             1             24  java.util.logging.LoggingPermission
2179:             1             24  javax.management.NotificationBroadcasterSupport
2180:             1             24  javax.security.auth.login.LoginContext$ModuleInfo
2181:             1             24  net.sf.ezmorph.array.BooleanArrayMorpher
2182:             1             24  net.sf.ezmorph.array.ByteArrayMorpher
2183:             1             24  net.sf.ezmorph.array.CharArrayMorpher
2184:             1             24  net.sf.ezmorph.array.DoubleArrayMorpher
2185:             1             24  net.sf.ezmorph.array.FloatArrayMorpher
2186:             1             24  net.sf.ezmorph.array.IntArrayMorpher
2187:             1             24  net.sf.ezmorph.array.LongArrayMorpher
2188:             1             24  net.sf.ezmorph.array.ShortArrayMorpher
2189:             1             24  net.sf.ezmorph.primitive.BooleanMorpher
2190:             1             24  net.sf.ezmorph.primitive.ByteMorpher
2191:             1             24  net.sf.ezmorph.primitive.CharMorpher
2192:             1             24  net.sf.ezmorph.primitive.DoubleMorpher
2193:             1             24  net.sf.ezmorph.primitive.FloatMorpher
2194:             1             24  net.sf.ezmorph.primitive.IntMorpher
2195:             1             24  net.sf.ezmorph.primitive.LongMorpher
2196:             1             24  net.sf.ezmorph.primitive.ShortMorpher
2197:             1             24  net.sf.json.JSONArray
2198:             1             24  net.sf.json.JSONObject
2199:             1             24  org.antlr.v4.runtime.atn.SemanticContext$Predicate
2200:             1             24  org.antlr.v4.runtime.misc.Pair
2201:             1             24  org.apache.commons.collections.map.ListOrderedMap
2202:             1             24  org.apache.hadoop.conf.Configuration$DeprecationContext
2203:             1             24  org.apache.hadoop.fs.FileSystem$Cache
2204:             1             24  org.apache.hadoop.fs.FsUrlStreamHandlerFactory
2205:             1             24  org.apache.hadoop.io.FastByteComparisons$LexicographicalComparerHolder$UnsafeComparer
2206:             1             24  org.apache.hadoop.metrics2.MetricsTag
2207:             1             24  org.apache.hadoop.metrics2.impl.MetricsCollectorImpl
2208:             1             24  org.apache.hadoop.metrics2.impl.MetricsSystemImpl$3
2209:             1             24  org.apache.hadoop.metrics2.lib.DefaultMetricsFactory
2210:             1             24  org.apache.hadoop.metrics2.lib.Interns$Info
2211:             1             24  org.apache.hadoop.metrics2.lib.Interns$Info$1
2212:             1             24  org.apache.hadoop.metrics2.lib.Interns$Tags
2213:             1             24  org.apache.hadoop.metrics2.lib.Interns$Tags$1
2214:             1             24  org.apache.hadoop.metrics2.lib.UniqueNames$Count
2215:             1             24  org.apache.hadoop.security.Credentials
2216:             1             24  org.apache.hadoop.security.UserGroupInformation
2217:             1             24  org.apache.hadoop.security.UserGroupInformation$BaiduHadoopLoginModule
2218:             1             24  org.apache.hadoop.util.ShutdownHookManager
2219:             1             24  org.apache.ivy.plugins.circular.IgnoreCircularDependencyStrategy
2220:             1             24  org.apache.ivy.plugins.circular.WarnCircularDependencyStrategy
2221:             1             24  org.apache.kafka.clients.consumer.internals.AbstractCoordinator$LeaveGroupResponseHandler
2222:             1             24  org.apache.kafka.clients.consumer.internals.RequestFuture$1
2223:             1             24  org.apache.kafka.common.config.ConfigDef
2224:             1             24  org.apache.kafka.common.requests.MetadataRequest
2225:             1             24  org.apache.kafka.common.security.auth.KafkaPrincipal
2226:             1             24  org.apache.log4j.helpers.FormattingInfo
2227:             1             24  org.apache.log4j.helpers.OnlyOnceErrorHandler
2228:             1             24  org.apache.spark.GetMapOutputMessage
2229:             1             24  org.apache.spark.InternalAccumulator$input$
2230:             1             24  org.apache.spark.InternalAccumulator$output$
2231:             1             24  org.apache.spark.InternalAccumulator$shuffleWrite$
2232:             1             24  org.apache.spark.MapOutputTrackerMasterEndpoint
2233:             1             24  org.apache.spark.SparkStatusTracker
2234:             1             24  org.apache.spark.broadcast.TorrentBroadcast$$anonfun$org$apache$spark$broadcast$TorrentBroadcast$$releaseLock$1
2235:             1             24  org.apache.spark.executor.ExecutorSource
2236:             1             24  org.apache.spark.internal.Logging$
2237:             1             24  org.apache.spark.internal.io.SparkHadoopWriterUtils$
2238:             1             24  org.apache.spark.network.client.TransportClientFactory$ClientPool
2239:             1             24  org.apache.spark.network.protocol.MessageDecoder
2240:             1             24  org.apache.spark.network.protocol.MessageEncoder
2241:             1             24  org.apache.spark.rdd.RDDOperationScope$
2242:             1             24  org.apache.spark.rpc.netty.RpcEndpointVerifier
2243:             1             24  org.apache.spark.scheduler.BlacklistTracker$
2244:             1             24  org.apache.spark.scheduler.DAGScheduler$
2245:             1             24  org.apache.spark.scheduler.FIFOSchedulableBuilder
2246:             1             24  org.apache.spark.scheduler.MapStatus$
2247:             1             24  org.apache.spark.scheduler.OutputCommitCoordinator$OutputCommitCoordinatorEndpoint
2248:             1             24  org.apache.spark.scheduler.TaskLocation$
2249:             1             24  org.apache.spark.scheduler.TaskResultGetter$$anon$1
2250:             1             24  org.apache.spark.scheduler.TaskResultGetter$$anon$2
2251:             1             24  org.apache.spark.scheduler.cluster.ExecutorInfo
2252:             1             24  org.apache.spark.sql.ExperimentalMethods
2253:             1             24  org.apache.spark.sql.SQLContext
2254:             1             24  org.apache.spark.sql.UDFRegistration
2255:             1             24  org.apache.spark.sql.catalyst.ScalaReflection$
2256:             1             24  org.apache.spark.sql.catalyst.TableIdentifier
2257:             1             24  org.apache.spark.sql.catalyst.analysis.AliasViewChild
2258:             1             24  org.apache.spark.sql.catalyst.analysis.AnalysisContext
2259:             1             24  org.apache.spark.sql.catalyst.analysis.Analyzer$CTESubstitution$
2260:             1             24  org.apache.spark.sql.catalyst.analysis.Analyzer$ExtractWindowExpressions$
2261:             1             24  org.apache.spark.sql.catalyst.analysis.Analyzer$FixNullability$
2262:             1             24  org.apache.spark.sql.catalyst.analysis.Analyzer$GlobalAggregates$
2263:             1             24  org.apache.spark.sql.catalyst.analysis.Analyzer$HandleNullInputsForUDF$
2264:             1             24  org.apache.spark.sql.catalyst.analysis.Analyzer$LookupFunctions$
2265:             1             24  org.apache.spark.sql.catalyst.analysis.Analyzer$PullOutNondeterministic$
2266:             1             24  org.apache.spark.sql.catalyst.analysis.Analyzer$ResolveAggAliasInGroupBy$
2267:             1             24  org.apache.spark.sql.catalyst.analysis.Analyzer$ResolveAggregateFunctions$
2268:             1             24  org.apache.spark.sql.catalyst.analysis.Analyzer$ResolveAliases$
2269:             1             24  org.apache.spark.sql.catalyst.analysis.Analyzer$ResolveDeserializer$
2270:             1             24  org.apache.spark.sql.catalyst.analysis.Analyzer$ResolveFunctions$
2271:             1             24  org.apache.spark.sql.catalyst.analysis.Analyzer$ResolveGenerate$
2272:             1             24  org.apache.spark.sql.catalyst.analysis.Analyzer$ResolveGroupingAnalytics$
2273:             1             24  org.apache.spark.sql.catalyst.analysis.Analyzer$ResolveMissingReferences$
2274:             1             24  org.apache.spark.sql.catalyst.analysis.Analyzer$ResolveNaturalAndUsingJoin$
2275:             1             24  org.apache.spark.sql.catalyst.analysis.Analyzer$ResolveNewInstance$
2276:             1             24  org.apache.spark.sql.catalyst.analysis.Analyzer$ResolveOrdinalInOrderByAndGroupBy$
2277:             1             24  org.apache.spark.sql.catalyst.analysis.Analyzer$ResolvePivot$
2278:             1             24  org.apache.spark.sql.catalyst.analysis.Analyzer$ResolveReferences$
2279:             1             24  org.apache.spark.sql.catalyst.analysis.Analyzer$ResolveRelations$
2280:             1             24  org.apache.spark.sql.catalyst.analysis.Analyzer$ResolveSubquery$
2281:             1             24  org.apache.spark.sql.catalyst.analysis.Analyzer$ResolveUpCast$
2282:             1             24  org.apache.spark.sql.catalyst.analysis.Analyzer$ResolveWindowFrame$
2283:             1             24  org.apache.spark.sql.catalyst.analysis.Analyzer$ResolveWindowOrder$
2284:             1             24  org.apache.spark.sql.catalyst.analysis.Analyzer$WindowsSubstitution$
2285:             1             24  org.apache.spark.sql.catalyst.analysis.CleanupAliases$
2286:             1             24  org.apache.spark.sql.catalyst.analysis.EliminateSubqueryAliases$
2287:             1             24  org.apache.spark.sql.catalyst.analysis.EliminateUnions$
2288:             1             24  org.apache.spark.sql.catalyst.analysis.EliminateView$
2289:             1             24  org.apache.spark.sql.catalyst.analysis.FunctionRegistry$
2290:             1             24  org.apache.spark.sql.catalyst.analysis.ResolveCreateNamedStruct$
2291:             1             24  org.apache.spark.sql.catalyst.analysis.ResolveHints$RemoveAllHints$
2292:             1             24  org.apache.spark.sql.catalyst.analysis.ResolveInlineTables
2293:             1             24  org.apache.spark.sql.catalyst.analysis.ResolveTableValuedFunctions$
2294:             1             24  org.apache.spark.sql.catalyst.analysis.SubstituteUnresolvedOrdinals
2295:             1             24  org.apache.spark.sql.catalyst.analysis.TypeCoercion$CaseWhenCoercion$
2296:             1             24  org.apache.spark.sql.catalyst.analysis.TypeCoercion$DateTimeOperations$
2297:             1             24  org.apache.spark.sql.catalyst.analysis.TypeCoercion$Division$
2298:             1             24  org.apache.spark.sql.catalyst.analysis.TypeCoercion$FunctionArgumentConversion$
2299:             1             24  org.apache.spark.sql.catalyst.analysis.TypeCoercion$IfCoercion$
2300:             1             24  org.apache.spark.sql.catalyst.analysis.TypeCoercion$ImplicitTypeCasts$
2301:             1             24  org.apache.spark.sql.catalyst.analysis.TypeCoercion$InConversion$
2302:             1             24  org.apache.spark.sql.catalyst.analysis.TypeCoercion$PromoteStrings$
2303:             1             24  org.apache.spark.sql.catalyst.analysis.TypeCoercion$PropagateTypes$
2304:             1             24  org.apache.spark.sql.catalyst.analysis.TypeCoercion$WidenSetOperationTypes$
2305:             1             24  org.apache.spark.sql.catalyst.analysis.UpdateOuterReferences$
2306:             1             24  org.apache.spark.sql.catalyst.analysis.package$
2307:             1             24  org.apache.spark.sql.catalyst.catalog.GlobalTempViewManager
2308:             1             24  org.apache.spark.sql.catalyst.expressions.Literal$
2309:             1             24  org.apache.spark.sql.catalyst.expressions.NamedExpression$
2310:             1             24  org.apache.spark.sql.catalyst.expressions.codegen.CodeGenerator$
2311:             1             24  org.apache.spark.sql.catalyst.expressions.codegen.GenerateOrdering$
2312:             1             24  org.apache.spark.sql.catalyst.expressions.codegen.GenerateSafeProjection$
2313:             1             24  org.apache.spark.sql.catalyst.expressions.codegen.GenerateUnsafeProjection$
2314:             1             24  org.apache.spark.sql.catalyst.expressions.codegen.GenerateUnsafeRowJoiner$
2315:             1             24  org.apache.spark.sql.catalyst.expressions.codegen.package$ExpressionCanonicalizer$CleanExpressions$
2316:             1             24  org.apache.spark.sql.catalyst.optimizer.BooleanSimplification$
2317:             1             24  org.apache.spark.sql.catalyst.optimizer.CollapseProject$
2318:             1             24  org.apache.spark.sql.catalyst.optimizer.CollapseRepartition$
2319:             1             24  org.apache.spark.sql.catalyst.optimizer.CollapseWindow$
2320:             1             24  org.apache.spark.sql.catalyst.optimizer.ColumnPruning$
2321:             1             24  org.apache.spark.sql.catalyst.optimizer.CombineFilters$
2322:             1             24  org.apache.spark.sql.catalyst.optimizer.CombineLimits$
2323:             1             24  org.apache.spark.sql.catalyst.optimizer.CombineTypedFilters$
2324:             1             24  org.apache.spark.sql.catalyst.optimizer.CombineUnions$
2325:             1             24  org.apache.spark.sql.catalyst.optimizer.ComputeCurrentTime$
2326:             1             24  org.apache.spark.sql.catalyst.optimizer.ConstantFolding$
2327:             1             24  org.apache.spark.sql.catalyst.optimizer.ConvertToLocalRelation$
2328:             1             24  org.apache.spark.sql.catalyst.optimizer.EliminateMapObjects$
2329:             1             24  org.apache.spark.sql.catalyst.optimizer.EliminateSerialization$
2330:             1             24  org.apache.spark.sql.catalyst.optimizer.EliminateSorts$
2331:             1             24  org.apache.spark.sql.catalyst.optimizer.FoldablePropagation$
2332:             1             24  org.apache.spark.sql.catalyst.optimizer.Optimizer$OptimizeSubqueries$
2333:             1             24  org.apache.spark.sql.catalyst.optimizer.PropagateEmptyRelation$
2334:             1             24  org.apache.spark.sql.catalyst.optimizer.PullupCorrelatedPredicates$
2335:             1             24  org.apache.spark.sql.catalyst.optimizer.PushDownPredicate$
2336:             1             24  org.apache.spark.sql.catalyst.optimizer.PushPredicateThroughJoin$
2337:             1             24  org.apache.spark.sql.catalyst.optimizer.PushProjectionThroughUnion$
2338:             1             24  org.apache.spark.sql.catalyst.optimizer.RemoveDispensableExpressions$
2339:             1             24  org.apache.spark.sql.catalyst.optimizer.RemoveLiteralFromGroupExpressions$
2340:             1             24  org.apache.spark.sql.catalyst.optimizer.RemoveRedundantAliases$
2341:             1             24  org.apache.spark.sql.catalyst.optimizer.RemoveRedundantProject$
2342:             1             24  org.apache.spark.sql.catalyst.optimizer.RemoveRepetitionFromGroupExpressions$
2343:             1             24  org.apache.spark.sql.catalyst.optimizer.ReorderAssociativeOperator$
2344:             1             24  org.apache.spark.sql.catalyst.optimizer.ReplaceDeduplicateWithAggregate$
2345:             1             24  org.apache.spark.sql.catalyst.optimizer.ReplaceDistinctWithAggregate$
2346:             1             24  org.apache.spark.sql.catalyst.optimizer.ReplaceExceptWithAntiJoin$
2347:             1             24  org.apache.spark.sql.catalyst.optimizer.ReplaceExpressions$
2348:             1             24  org.apache.spark.sql.catalyst.optimizer.ReplaceIntersectWithSemiJoin$
2349:             1             24  org.apache.spark.sql.catalyst.optimizer.RewriteCorrelatedScalarSubquery$
2350:             1             24  org.apache.spark.sql.catalyst.optimizer.RewriteDistinctAggregates$
2351:             1             24  org.apache.spark.sql.catalyst.optimizer.RewritePredicateSubquery$
2352:             1             24  org.apache.spark.sql.catalyst.optimizer.SimplifyBinaryComparison$
2353:             1             24  org.apache.spark.sql.catalyst.optimizer.SimplifyCaseConversionExpressions$
2354:             1             24  org.apache.spark.sql.catalyst.optimizer.SimplifyCasts$
2355:             1             24  org.apache.spark.sql.catalyst.optimizer.SimplifyConditionals$
2356:             1             24  org.apache.spark.sql.catalyst.optimizer.SimplifyCreateArrayOps$
2357:             1             24  org.apache.spark.sql.catalyst.optimizer.SimplifyCreateMapOps$
2358:             1             24  org.apache.spark.sql.catalyst.optimizer.SimplifyCreateStructOps$
2359:             1             24  org.apache.spark.sql.execution.CacheManager
2360:             1             24  org.apache.spark.sql.execution.SQLExecution$
2361:             1             24  org.apache.spark.sql.execution.SparkSqlAstBuilder
2362:             1             24  org.apache.spark.sql.execution.SparkSqlParser
2363:             1             24  org.apache.spark.sql.execution.SparkStrategies$BasicOperators$
2364:             1             24  org.apache.spark.sql.execution.SparkStrategies$InMemoryScans$
2365:             1             24  org.apache.spark.sql.execution.SparkStrategies$JoinSelection$
2366:             1             24  org.apache.spark.sql.execution.UnsafeExternalRowSorter$PrefixComputer$Prefix
2367:             1             24  org.apache.spark.sql.execution.datasources.DataSourceAnalysis
2368:             1             24  org.apache.spark.sql.execution.datasources.FindDataSourceTable
2369:             1             24  org.apache.spark.sql.execution.datasources.PreprocessTableCreation
2370:             1             24  org.apache.spark.sql.execution.datasources.PreprocessTableInsertion
2371:             1             24  org.apache.spark.sql.execution.datasources.PruneFileSourcePartitions$
2372:             1             24  org.apache.spark.sql.execution.datasources.ResolveSQLOnFile
2373:             1             24  org.apache.spark.sql.execution.metric.SQLMetrics$
2374:             1             24  org.apache.spark.sql.execution.python.ExtractPythonUDFFromAggregate$
2375:             1             24  org.apache.spark.sql.execution.python.ExtractPythonUDFs$
2376:             1             24  org.apache.spark.sql.execution.streaming.state.StateStoreCoordinator
2377:             1             24  org.apache.spark.sql.execution.streaming.state.StateStoreCoordinatorRef$
2378:             1             24  org.apache.spark.sql.internal.SQLConf
2379:             1             24  org.apache.spark.sql.internal.SharedState$
2380:             1             24  org.apache.spark.sql.internal.VariableSubstitution
2381:             1             24  org.apache.spark.sql.types.BinaryType$
2382:             1             24  org.apache.spark.sql.types.BooleanType$
2383:             1             24  org.apache.spark.sql.types.DateType$
2384:             1             24  org.apache.spark.sql.types.Metadata
2385:             1             24  org.apache.spark.sql.types.StringType$
2386:             1             24  org.apache.spark.sql.types.TimestampType$
2387:             1             24  org.apache.spark.sql.types.TypeCollection$
2388:             1             24  org.apache.spark.sql.types.UDTRegistration$
2389:             1             24  org.apache.spark.sql.util.ExecutionListenerManager
2390:             1             24  org.apache.spark.storage.BlockManagerSource
2391:             1             24  org.apache.spark.storage.StorageStatusListener
2392:             1             24  org.apache.spark.streaming.StreamingContext$$anonfun$stop$1
2393:             1             24  org.apache.spark.streaming.StreamingSource
2394:             1             24  org.apache.spark.streaming.kafka010.CachedKafkaConsumer$
2395:             1             24  org.apache.spark.streaming.kafka010.DefaultPerPartitionConfig
2396:             1             24  org.apache.spark.streaming.scheduler.InputInfoTracker
2397:             1             24  org.apache.spark.streaming.scheduler.JobScheduler$
2398:             1             24  org.apache.spark.streaming.ui.UIUtils$
2399:             1             24  org.apache.spark.ui.JettyUtils$
2400:             1             24  org.apache.spark.ui.env.EnvironmentPage
2401:             1             24  org.apache.spark.ui.exec.ExecutorThreadDumpPage
2402:             1             24  org.apache.spark.ui.exec.ExecutorsPage
2403:             1             24  org.apache.spark.ui.scope.RDDOperationGraph$
2404:             1             24  org.apache.spark.ui.storage.RDDPage
2405:             1             24  org.apache.spark.ui.storage.StorageListener
2406:             1             24  org.apache.spark.util.AccumulatorContext$
2407:             1             24  org.apache.spark.util.CallSite$
2408:             1             24  org.apache.spark.util.CallerContext$
2409:             1             24  org.apache.spark.util.SparkExitCode$
2410:             1             24  org.apache.spark.util.SparkShutdownHookManager
2411:             1             24  org.apache.xerces.impl.Constants$ArrayEnumeration
2412:             1             24  org.codehaus.commons.compiler.Location
2413:             1             24  org.codehaus.janino.Java$Modifiers
2414:             1             24  org.slf4j.helpers.FormattingTuple
2415:             1             24  org.slf4j.helpers.SubstituteLoggerFactory
2416:             1             24  org.spark_project.guava.base.CharMatcher$Or
2417:             1             24  org.spark_project.guava.base.Joiner$1
2418:             1             24  org.spark_project.guava.base.Joiner$MapJoiner
2419:             1             24  org.spark_project.guava.cache.CacheBuilder$NullListener
2420:             1             24  org.spark_project.guava.cache.CacheBuilder$OneWeigher
2421:             1             24  org.spark_project.guava.cache.LocalCache$EntryFactory$1
2422:             1             24  org.spark_project.guava.cache.LocalCache$EntryFactory$2
2423:             1             24  org.spark_project.guava.cache.LocalCache$EntryFactory$3
2424:             1             24  org.spark_project.guava.cache.LocalCache$EntryFactory$4
2425:             1             24  org.spark_project.guava.cache.LocalCache$EntryFactory$5
2426:             1             24  org.spark_project.guava.cache.LocalCache$EntryFactory$6
2427:             1             24  org.spark_project.guava.cache.LocalCache$EntryFactory$7
2428:             1             24  org.spark_project.guava.cache.LocalCache$EntryFactory$8
2429:             1             24  org.spark_project.guava.cache.LocalCache$KeySet
2430:             1             24  org.spark_project.guava.cache.LocalCache$NullEntry
2431:             1             24  org.spark_project.guava.cache.LocalCache$Strength$1
2432:             1             24  org.spark_project.guava.cache.LocalCache$Strength$2
2433:             1             24  org.spark_project.guava.cache.LocalCache$Strength$3
2434:             1             24  org.spark_project.guava.collect.GenericMapMaker$NullListener
2435:             1             24  org.spark_project.guava.collect.Interners$WeakInterner$Dummy
2436:             1             24  org.spark_project.guava.collect.MapMaker$RemovalCause$1
2437:             1             24  org.spark_project.guava.collect.MapMaker$RemovalCause$2
2438:             1             24  org.spark_project.guava.collect.MapMaker$RemovalCause$3
2439:             1             24  org.spark_project.guava.collect.MapMaker$RemovalCause$4
2440:             1             24  org.spark_project.guava.collect.MapMaker$RemovalCause$5
2441:             1             24  org.spark_project.guava.collect.MapMakerInternalMap$EntryFactory$1
2442:             1             24  org.spark_project.guava.collect.MapMakerInternalMap$EntryFactory$2
2443:             1             24  org.spark_project.guava.collect.MapMakerInternalMap$EntryFactory$3
2444:             1             24  org.spark_project.guava.collect.MapMakerInternalMap$EntryFactory$4
2445:             1             24  org.spark_project.guava.collect.MapMakerInternalMap$EntryFactory$5
2446:             1             24  org.spark_project.guava.collect.MapMakerInternalMap$EntryFactory$6
2447:             1             24  org.spark_project.guava.collect.MapMakerInternalMap$EntryFactory$7
2448:             1             24  org.spark_project.guava.collect.MapMakerInternalMap$EntryFactory$8
2449:             1             24  org.spark_project.guava.collect.MapMakerInternalMap$Strength$1
2450:             1             24  org.spark_project.guava.collect.MapMakerInternalMap$Strength$2
2451:             1             24  org.spark_project.guava.collect.MapMakerInternalMap$Strength$3
2452:             1             24  org.spark_project.guava.hash.Hashing$ChecksumType$1
2453:             1             24  org.spark_project.guava.hash.Hashing$ChecksumType$2
2454:             1             24  org.spark_project.guava.util.concurrent.AtomicLongMap
2455:             1             24  org.spark_project.jetty.http.HttpGenerator$1
2456:             1             24  org.spark_project.jetty.server.AbstractConnector$Acceptor
2457:             1             24  org.spark_project.jetty.server.Server$DateField
2458:             1             24  org.spark_project.jetty.util.ConcurrentHashSet
2459:             1             24  org.spark_project.jetty.util.Uptime$DefaultImpl
2460:             1             24  scala.Console$
2461:             1             24  scala.PartialFunction$
2462:             1             24  scala.collection.IndexedSeq$
2463:             1             24  scala.collection.Traversable$
2464:             1             24  scala.collection.convert.Wrappers$JPropertiesWrapper
2465:             1             24  scala.collection.immutable.HashMap$$anon$2
2466:             1             24  scala.collection.immutable.List$
2467:             1             24  scala.collection.immutable.MapLike$$anon$2
2468:             1             24  scala.collection.immutable.TreeSet
2469:             1             24  scala.collection.mutable.ArraySeq
2470:             1             24  scala.collection.mutable.Queue
2471:             1             24  scala.collection.mutable.Stack$
2472:             1             24  scala.collection.parallel.ExecutionContextTaskSupport
2473:             1             24  scala.collection.parallel.ForkJoinTaskSupport
2474:             1             24  scala.concurrent.ExecutionContext$Implicits$
2475:             1             24  scala.concurrent.impl.CallbackRunnable
2476:             1             24  scala.concurrent.impl.ExecutionContextImpl
2477:             1             24  scala.concurrent.impl.ExecutionContextImpl$DefaultThreadFactory
2478:             1             24  scala.math.BigDecimal
2479:             1             24  scala.reflect.ManifestFactory$$anon$10
2480:             1             24  scala.reflect.ManifestFactory$$anon$11
2481:             1             24  scala.reflect.ManifestFactory$$anon$12
2482:             1             24  scala.reflect.ManifestFactory$$anon$13
2483:             1             24  scala.reflect.ManifestFactory$$anon$14
2484:             1             24  scala.reflect.ManifestFactory$$anon$6
2485:             1             24  scala.reflect.ManifestFactory$$anon$7
2486:             1             24  scala.reflect.ManifestFactory$$anon$8
2487:             1             24  scala.reflect.ManifestFactory$$anon$9
2488:             1             24  scala.reflect.internal.Depth$
2489:             1             24  scala.reflect.internal.Internals$$anon$2
2490:             1             24  scala.reflect.internal.Kinds$TypeConKind$
2491:             1             24  scala.reflect.internal.Printers$ConsoleWriter$
2492:             1             24  scala.reflect.internal.Printers$FootnoteIndex
2493:             1             24  scala.reflect.internal.StdNames$binarynme$
2494:             1             24  scala.reflect.internal.SymbolTable$perRunCaches$
2495:             1             24  scala.reflect.internal.Trees$ImportSelector$
2496:             1             24  scala.reflect.internal.Trees$ReferenceToBoxed$
2497:             1             24  scala.reflect.internal.TypeDebugging$typeDebug$
2498:             1             24  scala.reflect.internal.Types$OverloadedType
2499:             1             24  scala.reflect.internal.Types$baseClassesCycleMonitor$
2500:             1             24  scala.reflect.internal.Types$substTypeMapCache$
2501:             1             24  scala.reflect.internal.Types$unwrapToClass$
2502:             1             24  scala.reflect.internal.Types$unwrapToStableClass$
2503:             1             24  scala.reflect.internal.Types$unwrapWrapperTypes$
2504:             1             24  scala.reflect.internal.tpe.TypeConstraints$UndoLog
2505:             1             24  scala.reflect.internal.tpe.TypeMaps$ApproximateDependentMap$
2506:             1             24  scala.reflect.internal.tpe.TypeMaps$abstractTypesToBounds$
2507:             1             24  scala.reflect.internal.tpe.TypeMaps$adaptToNewRunMap$
2508:             1             24  scala.reflect.internal.tpe.TypeMaps$dropIllegalStarTypes$
2509:             1             24  scala.reflect.internal.tpe.TypeMaps$dropSingletonType$
2510:             1             24  scala.reflect.internal.tpe.TypeMaps$normalizeAliases$
2511:             1             24  scala.reflect.internal.tpe.TypeMaps$typeVarToOriginMap$
2512:             1             24  scala.reflect.internal.tpe.TypeMaps$wildcardExtrapolation$
2513:             1             24  scala.reflect.internal.tpe.TypeMaps$wildcardToTypeVarMap$
2514:             1             24  scala.reflect.internal.transform.Transforms$$anonfun$4$$anon$1
2515:             1             24  scala.reflect.internal.util.FreshNameCreator
2516:             1             24  scala.reflect.internal.util.Statistics$
2517:             1             24  scala.reflect.internal.util.ThreeValues$
2518:             1             24  scala.reflect.internal.util.TriState$
2519:             1             24  scala.reflect.io.NoAbstractFile$
2520:             1             24  scala.reflect.package$
2521:             1             24  scala.reflect.runtime.package$
2522:             1             24  scala.sys.BooleanProp$BooleanPropImpl
2523:             1             24  scala.util.matching.Regex$$anon$2
2524:             1             24  scala.xml.TopScope$
2525:             1             24  sun.launcher.LauncherHelper
2526:             1             24  sun.management.CompilationImpl
2527:             1             24  sun.management.MemoryImpl
2528:             1             24  sun.management.OperatingSystemImpl
2529:             1             24  sun.management.RuntimeImpl
2530:             1             24  sun.management.ThreadImpl
2531:             1             24  sun.management.VMManagementImpl
2532:             1             24  sun.misc.URLClassPath$FileLoader
2533:             1             24  sun.net.ProgressMonitor
2534:             1             24  sun.net.sdp.SdpProvider
2535:             1             24  sun.net.www.protocol.http.Handler
2536:             1             24  sun.nio.cs.ISO_8859_1
2537:             1             24  sun.nio.cs.ThreadLocalCoders$1
2538:             1             24  sun.nio.cs.ThreadLocalCoders$2
2539:             1             24  sun.nio.cs.US_ASCII
2540:             1             24  sun.nio.cs.UTF_16
2541:             1             24  sun.nio.cs.UTF_16BE
2542:             1             24  sun.nio.cs.UTF_16LE
2543:             1             24  sun.nio.cs.UTF_8
2544:             1             24  sun.reflect.generics.repository.FieldRepository
2545:             1             24  sun.security.krb5.Config
2546:             1             24  sun.security.provider.DSAParameters
2547:             1             24  sun.security.util.BitArray
2548:             1             24  sun.security.util.Cache$EqualByteArray
2549:             1             24  sun.security.x509.CertificateValidity
2550:             1             24  sun.util.locale.BaseLocale$Cache
2551:             1             24  sun.util.locale.provider.CalendarDataProviderImpl
2552:             1             24  sun.util.locale.provider.CalendarProviderImpl
2553:             1             24  sun.util.locale.provider.CurrencyNameProviderImpl
2554:             1             24  sun.util.locale.provider.DateFormatSymbolsProviderImpl
2555:             1             24  sun.util.locale.provider.DecimalFormatSymbolsProviderImpl
2556:             1             24  sun.util.locale.provider.NumberFormatProviderImpl
2557:             1             16  [Lcom.fasterxml.jackson.databind.AbstractTypeResolver;
2558:             1             16  [Lcom.fasterxml.jackson.databind.deser.BeanDeserializerModifier;
2559:             1             16  [Lcom.fasterxml.jackson.databind.deser.ValueInstantiators;
2560:             1             16  [Ljava.beans.EventSetDescriptor;
2561:             1             16  [Ljava.lang.Double;
2562:             1             16  [Ljava.lang.Float;
2563:             1             16  [Ljava.lang.Throwable;
2564:             1             16  [Ljava.net.NetworkInterface;
2565:             1             16  [Ljava.nio.file.attribute.FileAttribute;
2566:             1             16  [Ljava.security.Provider;
2567:             1             16  [Ljava.text.FieldPosition;
2568:             1             16  [Ljava.util.logging.Handler;
2569:             1             16  [Lnet.jpountz.lz4.LZ4JNI;
2570:             1             16  [Lnet.jpountz.lz4.LZ4Utils;
2571:             1             16  [Lnet.jpountz.util.Native;
2572:             1             16  [Lnet.jpountz.util.SafeUtils;
2573:             1             16  [Lnet.jpountz.xxhash.XXHashJNI;
2574:             1             16  [Lorg.apache.hadoop.security.SecurityInfo;
2575:             1             16  [Lorg.apache.spark.streaming.dstream.ReceiverInputDStream;
2576:             1             16  [Lorg.codehaus.janino.IClass$IAnnotation;
2577:             1             16  [Lorg.codehaus.janino.Java$Annotation;
2578:             1             16  com.codahale.metrics.Clock$UserTimeClock
2579:             1             16  com.codahale.metrics.MetricFilter$1
2580:             1             16  com.codahale.metrics.MetricRegistry$MetricBuilder$1
2581:             1             16  com.codahale.metrics.MetricRegistry$MetricBuilder$2
2582:             1             16  com.codahale.metrics.MetricRegistry$MetricBuilder$3
2583:             1             16  com.codahale.metrics.MetricRegistry$MetricBuilder$4
2584:             1             16  com.codahale.metrics.Striped64$ThreadHashCode
2585:             1             16  com.codahale.metrics.ThreadLocalRandom$1
2586:             1             16  com.codahale.metrics.json.MetricsModule$CounterSerializer
2587:             1             16  com.codahale.metrics.json.MetricsModule$GaugeSerializer
2588:             1             16  com.fasterxml.jackson.core.util.DefaultPrettyPrinter$FixedSpaceIndenter
2589:             1             16  com.fasterxml.jackson.core.util.DefaultPrettyPrinter$NopIndenter
2590:             1             16  com.fasterxml.jackson.databind.deser.std.StdKeyDeserializers
2591:             1             16  com.fasterxml.jackson.databind.deser.std.StringDeserializer
2592:             1             16  com.fasterxml.jackson.databind.ext.OptionalHandlerFactory
2593:             1             16  com.fasterxml.jackson.databind.introspect.JacksonAnnotationIntrospector
2594:             1             16  com.fasterxml.jackson.databind.introspect.NopAnnotationIntrospector$1
2595:             1             16  com.fasterxml.jackson.databind.ser.impl.UnknownSerializer
2596:             1             16  com.fasterxml.jackson.databind.ser.std.NullSerializer
2597:             1             16  com.fasterxml.jackson.databind.ser.std.StringSerializer
2598:             1             16  com.fasterxml.jackson.databind.ser.std.ToStringSerializer
2599:             1             16  com.fasterxml.jackson.databind.ser.std.UUIDSerializer
2600:             1             16  com.fasterxml.jackson.module.paranamer.ParanamerAnnotationIntrospector
2601:             1             16  com.fasterxml.jackson.module.paranamer.shaded.BytecodeReadingParanamer
2602:             1             16  com.fasterxml.jackson.module.scala.DefaultScalaModule$
2603:             1             16  com.fasterxml.jackson.module.scala.VersionExtractor$
2604:             1             16  com.fasterxml.jackson.module.scala.deser.BigDecimalDeserializer$$anonfun$$lessinit$greater$1
2605:             1             16  com.fasterxml.jackson.module.scala.deser.BigIntDeserializer$$anonfun$$lessinit$greater$2
2606:             1             16  com.fasterxml.jackson.module.scala.deser.EitherDeserializerResolver$
2607:             1             16  com.fasterxml.jackson.module.scala.deser.EnumerationDeserializerModule$$anonfun$1
2608:             1             16  com.fasterxml.jackson.module.scala.deser.EnumerationDeserializerResolver$
2609:             1             16  com.fasterxml.jackson.module.scala.deser.EnumerationKeyDeserializers$
2610:             1             16  com.fasterxml.jackson.module.scala.deser.OptionDeserializerResolver$
2611:             1             16  com.fasterxml.jackson.module.scala.deser.SeqDeserializerModule$$anonfun$1
2612:             1             16  com.fasterxml.jackson.module.scala.deser.SortedMapDeserializerModule$$anonfun$3
2613:             1             16  com.fasterxml.jackson.module.scala.deser.SortedMapDeserializerResolver$
2614:             1             16  com.fasterxml.jackson.module.scala.deser.SortedSetDeserializerModule$$anonfun$7
2615:             1             16  com.fasterxml.jackson.module.scala.deser.SortedSetDeserializerResolver$
2616:             1             16  com.fasterxml.jackson.module.scala.deser.TupleDeserializerResolver$
2617:             1             16  com.fasterxml.jackson.module.scala.deser.UnsortedMapDeserializerModule$$anonfun$3
2618:             1             16  com.fasterxml.jackson.module.scala.deser.UnsortedSetDeserializerModule$$anonfun$1
2619:             1             16  com.fasterxml.jackson.module.scala.deser.UntypedObjectDeserializerModule$$anonfun$1
2620:             1             16  com.fasterxml.jackson.module.scala.introspect.BeanIntrospector$
2621:             1             16  com.fasterxml.jackson.module.scala.introspect.ScalaAnnotationIntrospector$
2622:             1             16  com.fasterxml.jackson.module.scala.introspect.ScalaAnnotationIntrospectorModule$$anonfun$1
2623:             1             16  com.fasterxml.jackson.module.scala.introspect.ScalaAnnotationIntrospectorModule$$anonfun$2
2624:             1             16  com.fasterxml.jackson.module.scala.modifiers.IterableTypeModifier$
2625:             1             16  com.fasterxml.jackson.module.scala.modifiers.MapTypeModifer$
2626:             1             16  com.fasterxml.jackson.module.scala.modifiers.OptionTypeModifier$
2627:             1             16  com.fasterxml.jackson.module.scala.modifiers.ScalaIteratorTypeModifier$
2628:             1             16  com.fasterxml.jackson.module.scala.modifiers.SeqTypeModifier$
2629:             1             16  com.fasterxml.jackson.module.scala.modifiers.SetTypeModifier$
2630:             1             16  com.fasterxml.jackson.module.scala.ser.EitherSerializerModule$$anonfun$5
2631:             1             16  com.fasterxml.jackson.module.scala.ser.EitherSerializerResolver$
2632:             1             16  com.fasterxml.jackson.module.scala.ser.EnumerationSerializerResolver$
2633:             1             16  com.fasterxml.jackson.module.scala.ser.IterableSerializerResolver$
2634:             1             16  com.fasterxml.jackson.module.scala.ser.MapSerializerResolver$
2635:             1             16  com.fasterxml.jackson.module.scala.ser.OptionBeanSerializerModifier$
2636:             1             16  com.fasterxml.jackson.module.scala.ser.OptionSerializerModule$$anonfun$10
2637:             1             16  com.fasterxml.jackson.module.scala.ser.OptionSerializerResolver$
2638:             1             16  com.fasterxml.jackson.module.scala.ser.ScalaIteratorSerializerResolver$
2639:             1             16  com.fasterxml.jackson.module.scala.ser.TupleSerializerModule$$anonfun$1
2640:             1             16  com.fasterxml.jackson.module.scala.ser.TupleSerializerResolver$
2641:             1             16  com.fasterxml.jackson.module.scala.util.ClassW$
2642:             1             16  com.fasterxml.jackson.module.scala.util.Implicits$
2643:             1             16  com.fasterxml.jackson.module.scala.util.OptionW$
2644:             1             16  com.spark.aimer.debug.KafkaDirectDemo$
2645:             1             16  com.spark.aimer.debug.KafkaDirectDemo$$anonfun$1
2646:             1             16  com.sun.jmx.interceptor.DefaultMBeanServerInterceptor$ResourceContext$1
2647:             1             16  com.sun.jmx.mbeanserver.DefaultMXBeanMappingFactory
2648:             1             16  com.sun.jmx.mbeanserver.DescriptorCache
2649:             1             16  com.sun.jmx.mbeanserver.MBeanAnalyzer$MethodOrder
2650:             1             16  com.sun.jmx.mbeanserver.MBeanInstantiator
2651:             1             16  com.sun.jmx.mbeanserver.MXBeanIntrospector
2652:             1             16  com.sun.jmx.mbeanserver.SecureClassLoaderRepository
2653:             1             16  com.sun.jmx.mbeanserver.StandardMBeanIntrospector
2654:             1             16  com.sun.proxy.$Proxy1
2655:             1             16  com.sun.proxy.$Proxy12
2656:             1             16  com.sun.proxy.$Proxy16
2657:             1             16  com.sun.proxy.$Proxy3
2658:             1             16  com.sun.proxy.$Proxy6
2659:             1             16  com.sun.proxy.$Proxy7
2660:             1             16  com.sun.proxy.$Proxy8
2661:             1             16  com.thoughtworks.paranamer.BytecodeReadingParanamer
2662:             1             16  io.netty.buffer.ByteBufUtil$1
2663:             1             16  io.netty.buffer.ByteBufUtil$2
2664:             1             16  io.netty.buffer.PoolThreadCache$1
2665:             1             16  io.netty.channel.ChannelFutureListener$1
2666:             1             16  io.netty.channel.ChannelFutureListener$2
2667:             1             16  io.netty.channel.ChannelFutureListener$3
2668:             1             16  io.netty.channel.ChannelOutboundBuffer$1
2669:             1             16  io.netty.channel.DefaultChannelPipeline$1
2670:             1             16  io.netty.channel.DefaultMessageSizeEstimator
2671:             1             16  io.netty.channel.DefaultMessageSizeEstimator$HandleImpl
2672:             1             16  io.netty.channel.DefaultSelectStrategy
2673:             1             16  io.netty.channel.DefaultSelectStrategyFactory
2674:             1             16  io.netty.util.Recycler$1
2675:             1             16  io.netty.util.Recycler$3
2676:             1             16  io.netty.util.ResourceLeakDetector$LeakEntry
2677:             1             16  io.netty.util.ResourceLeakDetectorFactory$DefaultResourceLeakDetectorFactory
2678:             1             16  io.netty.util.ThreadDeathWatcher$Watcher
2679:             1             16  io.netty.util.concurrent.DefaultPromise$CauseHolder
2680:             1             16  io.netty.util.concurrent.GlobalEventExecutor$1
2681:             1             16  io.netty.util.concurrent.GlobalEventExecutor$TaskRunner
2682:             1             16  io.netty.util.concurrent.RejectedExecutionHandlers$1
2683:             1             16  io.netty.util.concurrent.SingleThreadEventExecutor$1
2684:             1             16  io.netty.util.internal.NoOpTypeParameterMatcher
2685:             1             16  io.netty.util.internal.__matchers__.io.netty.buffer.ByteBufMatcher
2686:             1             16  io.netty.util.internal.__matchers__.org.apache.spark.network.protocol.MessageMatcher
2687:             1             16  java.io.DeleteOnExitHook$1
2688:             1             16  java.io.FileDescriptor$1
2689:             1             16  java.io.ObjectInputStream$$Lambda$12/560041895
2690:             1             16  java.io.ObjectInputStream$1
2691:             1             16  java.lang.ApplicationShutdownHooks$1
2692:             1             16  java.lang.CharacterDataLatin1
2693:             1             16  java.lang.ClassValue$Identity
2694:             1             16  java.lang.ProcessBuilder$NullInputStream
2695:             1             16  java.lang.ProcessBuilder$NullOutputStream
2696:             1             16  java.lang.ProcessEnvironment$StringEntrySet
2697:             1             16  java.lang.Runtime
2698:             1             16  java.lang.String$CaseInsensitiveComparator
2699:             1             16  java.lang.System$2
2700:             1             16  java.lang.Terminator$1
2701:             1             16  java.lang.UNIXProcess$$Lambda$4/771418758
2702:             1             16  java.lang.UNIXProcess$$Lambda$5/1072377306
2703:             1             16  java.lang.UNIXProcess$Platform$$Lambda$1/1534754611
2704:             1             16  java.lang.invoke.MemberName$Factory
2705:             1             16  java.lang.invoke.MethodHandleImpl$2
2706:             1             16  java.lang.invoke.MethodHandleImpl$3
2707:             1             16  java.lang.management.PlatformComponent$1
2708:             1             16  java.lang.management.PlatformComponent$10
2709:             1             16  java.lang.management.PlatformComponent$11
2710:             1             16  java.lang.management.PlatformComponent$12
2711:             1             16  java.lang.management.PlatformComponent$13
2712:             1             16  java.lang.management.PlatformComponent$14
2713:             1             16  java.lang.management.PlatformComponent$15
2714:             1             16  java.lang.management.PlatformComponent$2
2715:             1             16  java.lang.management.PlatformComponent$3
2716:             1             16  java.lang.management.PlatformComponent$4
2717:             1             16  java.lang.management.PlatformComponent$5
2718:             1             16  java.lang.management.PlatformComponent$6
2719:             1             16  java.lang.management.PlatformComponent$7
2720:             1             16  java.lang.management.PlatformComponent$8
2721:             1             16  java.lang.management.PlatformComponent$9
2722:             1             16  java.lang.ref.Reference$1
2723:             1             16  java.lang.ref.Reference$Lock
2724:             1             16  java.lang.reflect.Proxy$KeyFactory
2725:             1             16  java.lang.reflect.Proxy$ProxyClassFactory
2726:             1             16  java.lang.reflect.ReflectAccess
2727:             1             16  java.math.BigDecimal$1
2728:             1             16  java.net.InetAddress$2
2729:             1             16  java.net.URLClassLoader$7
2730:             1             16  java.nio.Bits$1
2731:             1             16  java.nio.Bits$1$1
2732:             1             16  java.nio.charset.CoderResult$1
2733:             1             16  java.nio.charset.CoderResult$2
2734:             1             16  java.security.AllPermission
2735:             1             16  java.security.ProtectionDomain$2
2736:             1             16  java.security.ProtectionDomain$JavaSecurityAccessImpl
2737:             1             16  java.text.DontCareFieldPosition$1
2738:             1             16  java.util.Collections$EmptyEnumeration
2739:             1             16  java.util.Collections$EmptyIterator
2740:             1             16  java.util.Collections$EmptyList
2741:             1             16  java.util.Collections$EmptySet
2742:             1             16  java.util.Collections$UnmodifiableCollection
2743:             1             16  java.util.Currency$CurrencyNameGetter
2744:             1             16  java.util.EnumMap$1
2745:             1             16  java.util.ResourceBundle$Control
2746:             1             16  java.util.Spliterators$EmptySpliterator$OfDouble
2747:             1             16  java.util.Spliterators$EmptySpliterator$OfInt
2748:             1             16  java.util.Spliterators$EmptySpliterator$OfLong
2749:             1             16  java.util.Spliterators$EmptySpliterator$OfRef
2750:             1             16  java.util.Timer$1
2751:             1             16  java.util.concurrent.Executors$FinalizableDelegatedExecutorService
2752:             1             16  java.util.concurrent.ThreadPoolExecutor$AbortPolicy
2753:             1             16  java.util.jar.JavaUtilJarAccessImpl
2754:             1             16  java.util.logging.LoggingProxyImpl
2755:             1             16  java.util.regex.Pattern$4
2756:             1             16  java.util.regex.Pattern$CharPropertyNames$10
2757:             1             16  java.util.regex.Pattern$CharPropertyNames$11
2758:             1             16  java.util.regex.Pattern$CharPropertyNames$12
2759:             1             16  java.util.regex.Pattern$CharPropertyNames$13
2760:             1             16  java.util.regex.Pattern$CharPropertyNames$14
2761:             1             16  java.util.regex.Pattern$CharPropertyNames$15
2762:             1             16  java.util.regex.Pattern$CharPropertyNames$16
2763:             1             16  java.util.regex.Pattern$CharPropertyNames$17
2764:             1             16  java.util.regex.Pattern$CharPropertyNames$18
2765:             1             16  java.util.regex.Pattern$CharPropertyNames$19
2766:             1             16  java.util.regex.Pattern$CharPropertyNames$20
2767:             1             16  java.util.regex.Pattern$CharPropertyNames$21
2768:             1             16  java.util.regex.Pattern$CharPropertyNames$22
2769:             1             16  java.util.regex.Pattern$CharPropertyNames$23
2770:             1             16  java.util.regex.Pattern$CharPropertyNames$5
2771:             1             16  java.util.regex.Pattern$CharPropertyNames$6
2772:             1             16  java.util.regex.Pattern$CharPropertyNames$8
2773:             1             16  java.util.regex.Pattern$CharPropertyNames$9
2774:             1             16  java.util.regex.Pattern$LastNode
2775:             1             16  java.util.regex.Pattern$Node
2776:             1             16  java.util.zip.ZipFile$1
2777:             1             16  javassist.ClassPoolTail
2778:             1             16  javax.management.JMX
2779:             1             16  javax.management.MBeanServerBuilder
2780:             1             16  javax.management.NotificationBroadcasterSupport$1
2781:             1             16  javax.xml.parsers.SecuritySupport
2782:             1             16  net.jpountz.lz4.LZ4JNICompressor
2783:             1             16  net.jpountz.lz4.LZ4JNIFastDecompressor
2784:             1             16  net.jpountz.lz4.LZ4JNISafeDecompressor
2785:             1             16  net.jpountz.xxhash.StreamingXXHash32JNI$Factory
2786:             1             16  net.jpountz.xxhash.StreamingXXHash64JNI$Factory
2787:             1             16  net.jpountz.xxhash.XXHash32JNI
2788:             1             16  net.jpountz.xxhash.XXHash64JNI
2789:             1             16  net.sf.ezmorph.MorpherRegistry
2790:             1             16  net.sf.ezmorph.object.ClassMorpher
2791:             1             16  net.sf.ezmorph.object.StringMorpher
2792:             1             16  net.sf.json.AbstractJSON$CycleSet
2793:             1             16  net.sf.json.JSONNull
2794:             1             16  net.sf.json.processors.DefaultDefaultValueProcessor
2795:             1             16  net.sf.json.processors.DefaultValueProcessorMatcher$DefaultDefaultValueProcessorMatcher
2796:             1             16  net.sf.json.processors.JsonBeanProcessorMatcher$DefaultJsonBeanProcessorMatcher
2797:             1             16  net.sf.json.processors.JsonValueProcessorMatcher$DefaultJsonValueProcessorMatcher
2798:             1             16  net.sf.json.processors.PropertyNameProcessorMatcher$DefaultPropertyNameProcessorMatcher
2799:             1             16  net.sf.json.util.CycleDetectionStrategy$LenientCycleDetectionStrategy
2800:             1             16  net.sf.json.util.CycleDetectionStrategy$LenientNoRefCycleDetectionStrategy
2801:             1             16  net.sf.json.util.CycleDetectionStrategy$StrictCycleDetectionStrategy
2802:             1             16  net.sf.json.util.JavaIdentifierTransformer$CamelCaseJavaIdentifierTransformer
2803:             1             16  net.sf.json.util.JavaIdentifierTransformer$NoopJavaIdentifierTransformer
2804:             1             16  net.sf.json.util.JavaIdentifierTransformer$StrictJavaIdentifierTransformer
2805:             1             16  net.sf.json.util.JavaIdentifierTransformer$UnderscoreJavaIdentifierTransformer
2806:             1             16  net.sf.json.util.JavaIdentifierTransformer$WhiteSpaceJavaIdentifierTransformer
2807:             1             16  net.sf.json.util.NewBeanInstanceStrategy$DefaultNewBeanInstanceStrategy
2808:             1             16  net.sf.json.util.PropertyExclusionClassMatcher$DefaultPropertyExclusionClassMatcher
2809:             1             16  org.antlr.v4.runtime.CommonTokenFactory
2810:             1             16  org.antlr.v4.runtime.ConsoleErrorListener
2811:             1             16  org.antlr.v4.runtime.atn.ATNConfigSet$ConfigEqualityComparator
2812:             1             16  org.antlr.v4.runtime.atn.ATNDeserializationOptions
2813:             1             16  org.antlr.v4.runtime.atn.LexerChannelAction
2814:             1             16  org.antlr.v4.runtime.atn.PredictionMode$AltAndContextConfigEqualityComparator
2815:             1             16  org.antlr.v4.runtime.misc.ObjectEqualityComparator
2816:             1             16  org.apache.commons.lang3.StringEscapeUtils$CsvEscaper
2817:             1             16  org.apache.commons.lang3.StringEscapeUtils$CsvUnescaper
2818:             1             16  org.apache.commons.lang3.text.translate.OctalUnescaper
2819:             1             16  org.apache.commons.lang3.text.translate.UnicodeUnescaper
2820:             1             16  org.apache.hadoop.fs.ChecksumFileSystem$9
2821:             1             16  org.apache.hadoop.fs.FileSystem$3
2822:             1             16  org.apache.hadoop.fs.FileSystem$Cache$ClientFinalizer
2823:             1             16  org.apache.hadoop.fs.FileSystem$Statistics$StatisticsDataReferenceCleaner
2824:             1             16  org.apache.hadoop.fs.FsUrlStreamHandler
2825:             1             16  org.apache.hadoop.fs.Path
2826:             1             16  org.apache.hadoop.io.Text$1
2827:             1             16  org.apache.hadoop.io.Text$2
2828:             1             16  org.apache.hadoop.metrics2.lib.MetricsSourceBuilder$1
2829:             1             16  org.apache.hadoop.metrics2.lib.MutableMetricsFactory
2830:             1             16  org.apache.hadoop.security.FileBasedGroupsMapping
2831:             1             16  org.apache.hadoop.security.Groups$GroupCacheLoader
2832:             1             16  org.apache.hadoop.security.Password
2833:             1             16  org.apache.hadoop.security.PetaToken
2834:             1             16  org.apache.hadoop.security.SecurityUtil$StandardHostResolver
2835:             1             16  org.apache.hadoop.security.UserGroupInformation$HadoopConfiguration
2836:             1             16  org.apache.hadoop.util.ReflectionUtils$1
2837:             1             16  org.apache.hadoop.util.Timer
2838:             1             16  org.apache.ivy.plugins.circular.ErrorCircularDependencyStrategy
2839:             1             16  org.apache.ivy.plugins.latest.LatestLexicographicStrategy$1
2840:             1             16  org.apache.ivy.plugins.latest.LatestTimeStrategy$1
2841:             1             16  org.apache.ivy.plugins.matcher.ExactOrRegexpPatternMatcher
2842:             1             16  org.apache.ivy.plugins.matcher.ExactPatternMatcher
2843:             1             16  org.apache.ivy.plugins.matcher.GlobPatternMatcher
2844:             1             16  org.apache.ivy.plugins.matcher.RegexpPatternMatcher
2845:             1             16  org.apache.kafka.clients.consumer.ConsumerRecords
2846:             1             16  org.apache.kafka.clients.consumer.internals.AbstractCoordinator$3
2847:             1             16  org.apache.kafka.clients.consumer.internals.NoOpConsumerRebalanceListener
2848:             1             16  org.apache.kafka.common.config.ConfigDef$ValidString
2849:             1             16  org.apache.kafka.common.protocol.types.Type$1
2850:             1             16  org.apache.kafka.common.protocol.types.Type$2
2851:             1             16  org.apache.kafka.common.protocol.types.Type$3
2852:             1             16  org.apache.kafka.common.protocol.types.Type$4
2853:             1             16  org.apache.kafka.common.protocol.types.Type$5
2854:             1             16  org.apache.kafka.common.protocol.types.Type$6
2855:             1             16  org.apache.kafka.common.protocol.types.Type$7
2856:             1             16  org.apache.kafka.common.protocol.types.Type$8
2857:             1             16  org.apache.kafka.common.protocol.types.Type$9
2858:             1             16  org.apache.log4j.DefaultCategoryFactory
2859:             1             16  org.apache.log4j.helpers.AppenderAttachableImpl
2860:             1             16  org.apache.log4j.or.DefaultRenderer
2861:             1             16  org.apache.log4j.or.RendererMap
2862:             1             16  org.apache.log4j.spi.DefaultRepositorySelector
2863:             1             16  org.apache.spark.ContextCleaner$
2864:             1             16  org.apache.spark.ContextCleaner$$anon$2
2865:             1             16  org.apache.spark.ContextCleaner$$anonfun$org$apache$spark$ContextCleaner$$keepCleaning$1
2866:             1             16  org.apache.spark.ExceptionFailure$
2867:             1             16  org.apache.spark.ExpireDeadHosts$
2868:             1             16  org.apache.spark.HeartbeatReceiver$
2869:             1             16  org.apache.spark.HeartbeatReceiver$$anon$1
2870:             1             16  org.apache.spark.Resubmitted$
2871:             1             16  org.apache.spark.SSLOptions$
2872:             1             16  org.apache.spark.ShuffleDependency$
2873:             1             16  org.apache.spark.SparkConf$$anon$1
2874:             1             16  org.apache.spark.SparkConf$$anonfun$3
2875:             1             16  org.apache.spark.SparkConf$$anonfun$4
2876:             1             16  org.apache.spark.SparkConf$AlternateConfig$
2877:             1             16  org.apache.spark.SparkContext$$anon$2
2878:             1             16  org.apache.spark.SparkContext$$anonfun$2
2879:             1             16  org.apache.spark.SparkContext$$anonfun$runJob$4
2880:             1             16  org.apache.spark.SparkContext$$anonfun$runJob$5
2881:             1             16  org.apache.spark.SparkFiles$
2882:             1             16  org.apache.spark.Success$
2883:             1             16  org.apache.spark.TaskContext$
2884:             1             16  org.apache.spark.TaskSchedulerIsSet$
2885:             1             16  org.apache.spark.UnknownReason$
2886:             1             16  org.apache.spark.broadcast.TorrentBroadcast$
2887:             1             16  org.apache.spark.broadcast.TorrentBroadcastFactory
2888:             1             16  org.apache.spark.deploy.OptionAssigner$
2889:             1             16  org.apache.spark.deploy.SparkSubmitArguments$
2890:             1             16  org.apache.spark.deploy.SparkSubmitUtils$
2891:             1             16  org.apache.spark.executor.Executor$
2892:             1             16  org.apache.spark.executor.Executor$$anon$1
2893:             1             16  org.apache.spark.executor.Executor$$anon$2
2894:             1             16  org.apache.spark.executor.ExecutorSource$$anon$2
2895:             1             16  org.apache.spark.executor.ExecutorSource$$anon$3
2896:             1             16  org.apache.spark.executor.ExecutorSource$$anon$4
2897:             1             16  org.apache.spark.executor.ExecutorSource$$anon$5
2898:             1             16  org.apache.spark.executor.TaskMetrics$
2899:             1             16  org.apache.spark.internal.config.ConfigEntry$
2900:             1             16  org.apache.spark.internal.config.ConfigHelpers$
2901:             1             16  org.apache.spark.internal.config.ConfigReader$
2902:             1             16  org.apache.spark.internal.config.MapProvider
2903:             1             16  org.apache.spark.internal.config.SparkConfigProvider
2904:             1             16  org.apache.spark.internal.config.TypedConfigBuilder$$anonfun$toSequence$1
2905:             1             16  org.apache.spark.internal.config.TypedConfigBuilder$$anonfun$toSequence$2
2906:             1             16  org.apache.spark.internal.config.package$$anonfun$1
2907:             1             16  org.apache.spark.internal.config.package$$anonfun$2
2908:             1             16  org.apache.spark.memory.UnifiedMemoryManager$
2909:             1             16  org.apache.spark.metrics.sink.MetricsServlet$$anonfun$getHandlers$1
2910:             1             16  org.apache.spark.metrics.source.StaticSources$
2911:             1             16  org.apache.spark.network.netty.SparkTransportConf$
2912:             1             16  org.apache.spark.network.server.NoOpRpcHandler
2913:             1             16  org.apache.spark.network.server.RpcHandler$OneWayRpcCallback
2914:             1             16  org.apache.spark.rdd.MapPartitionsRDD$
2915:             1             16  org.apache.spark.rdd.RDD$
2916:             1             16  org.apache.spark.rdd.RDD$$anonfun$count$1
2917:             1             16  org.apache.spark.rpc.RpcEndpointAddress$
2918:             1             16  org.apache.spark.rpc.RpcEnv$
2919:             1             16  org.apache.spark.rpc.RpcTimeout$
2920:             1             16  org.apache.spark.rpc.netty.OnStart$
2921:             1             16  org.apache.spark.rpc.netty.OnStop$
2922:             1             16  org.apache.spark.rpc.netty.RpcEndpointVerifier$
2923:             1             16  org.apache.spark.scheduler.AccumulableInfo$
2924:             1             16  org.apache.spark.scheduler.AllJobsCancelled$
2925:             1             16  org.apache.spark.scheduler.AsyncEventQueue$
2926:             1             16  org.apache.spark.scheduler.AsyncEventQueue$$anon$3
2927:             1             16  org.apache.spark.scheduler.DAGSchedulerSource$$anon$1
2928:             1             16  org.apache.spark.scheduler.DAGSchedulerSource$$anon$2
2929:             1             16  org.apache.spark.scheduler.DAGSchedulerSource$$anon$3
2930:             1             16  org.apache.spark.scheduler.DAGSchedulerSource$$anon$4
2931:             1             16  org.apache.spark.scheduler.DAGSchedulerSource$$anon$5
2932:             1             16  org.apache.spark.scheduler.FIFOSchedulingAlgorithm
2933:             1             16  org.apache.spark.scheduler.JobSucceeded$
2934:             1             16  org.apache.spark.scheduler.StageInfo$
2935:             1             16  org.apache.spark.scheduler.TaskSchedulerImpl$
2936:             1             16  org.apache.spark.scheduler.TaskSetManager$
2937:             1             16  org.apache.spark.scheduler.local.ReviveOffers$
2938:             1             16  org.apache.spark.shuffle.BlockStoreShuffleReader$
2939:             1             16  org.apache.spark.shuffle.IndexShuffleBlockResolver$
2940:             1             16  org.apache.spark.shuffle.sort.SortShuffleWriter$
2941:             1             16  org.apache.spark.sql.Column$
2942:             1             16  org.apache.spark.sql.Dataset$
2943:             1             16  org.apache.spark.sql.DatasetHolder$
2944:             1             16  org.apache.spark.sql.Encoders$
2945:             1             16  org.apache.spark.sql.RelationalGroupedDataset$
2946:             1             16  org.apache.spark.sql.RelationalGroupedDataset$GroupByType$
2947:             1             16  org.apache.spark.sql.RuntimeConfig
2948:             1             16  org.apache.spark.sql.SQLContext$
2949:             1             16  org.apache.spark.sql.SQLContext$implicits$
2950:             1             16  org.apache.spark.sql.SparkSession$Builder$$anon$1
2951:             1             16  org.apache.spark.sql.catalyst.CatalystTypeConverters$
2952:             1             16  org.apache.spark.sql.catalyst.analysis.AnalysisContext$
2953:             1             16  org.apache.spark.sql.catalyst.analysis.AnalysisContext$$anon$2
2954:             1             16  org.apache.spark.sql.catalyst.analysis.Analyzer$ExtractGenerator$AliasedGenerator$
2955:             1             16  org.apache.spark.sql.catalyst.analysis.DecimalPrecision$$anonfun$1
2956:             1             16  org.apache.spark.sql.catalyst.analysis.DecimalPrecision$$anonfun$2
2957:             1             16  org.apache.spark.sql.catalyst.analysis.DecimalPrecision$$anonfun$3
2958:             1             16  org.apache.spark.sql.catalyst.analysis.ResolveTableValuedFunctions$$anonfun$1
2959:             1             16  org.apache.spark.sql.catalyst.analysis.ResolveTableValuedFunctions$$anonfun$2
2960:             1             16  org.apache.spark.sql.catalyst.analysis.ResolveTableValuedFunctions$$anonfun$3
2961:             1             16  org.apache.spark.sql.catalyst.analysis.ResolveTableValuedFunctions$$anonfun$4
2962:             1             16  org.apache.spark.sql.catalyst.analysis.ResolveTimeZone$$anonfun$1
2963:             1             16  org.apache.spark.sql.catalyst.analysis.TypeCheckResult$TypeCheckSuccess$
2964:             1             16  org.apache.spark.sql.catalyst.analysis.TypeCoercion$$anonfun$1
2965:             1             16  org.apache.spark.sql.catalyst.analysis.TypeCoercion$$anonfun$3
2966:             1             16  org.apache.spark.sql.catalyst.analysis.UnresolvedAlias$
2967:             1             16  org.apache.spark.sql.catalyst.analysis.UnresolvedAttribute$
2968:             1             16  org.apache.spark.sql.catalyst.analysis.UnresolvedDeserializer$
2969:             1             16  org.apache.spark.sql.catalyst.analysis.UnsupportedOperationChecker$
2970:             1             16  org.apache.spark.sql.catalyst.analysis.package$$anonfun$1
2971:             1             16  org.apache.spark.sql.catalyst.analysis.package$$anonfun$2
2972:             1             16  org.apache.spark.sql.catalyst.catalog.CatalogUtils$
2973:             1             16  org.apache.spark.sql.catalyst.catalog.SessionCatalog$
2974:             1             16  org.apache.spark.sql.catalyst.dsl.package$expressions$
2975:             1             16  org.apache.spark.sql.catalyst.encoders.ExpressionEncoder$
2976:             1             16  org.apache.spark.sql.catalyst.encoders.RowEncoder$
2977:             1             16  org.apache.spark.sql.catalyst.encoders.package$
2978:             1             16  org.apache.spark.sql.catalyst.errors.package$
2979:             1             16  org.apache.spark.sql.catalyst.expressions.Add$
2980:             1             16  org.apache.spark.sql.catalyst.expressions.Alias$
2981:             1             16  org.apache.spark.sql.catalyst.expressions.And$
2982:             1             16  org.apache.spark.sql.catalyst.expressions.Ascending$
2983:             1             16  org.apache.spark.sql.catalyst.expressions.AttributeMap$
2984:             1             16  org.apache.spark.sql.catalyst.expressions.AttributeReference$
2985:             1             16  org.apache.spark.sql.catalyst.expressions.AttributeSet
2986:             1             16  org.apache.spark.sql.catalyst.expressions.AttributeSet$
2987:             1             16  org.apache.spark.sql.catalyst.expressions.BinaryArithmetic$
2988:             1             16  org.apache.spark.sql.catalyst.expressions.BinaryComparison$
2989:             1             16  org.apache.spark.sql.catalyst.expressions.BinaryOperator$
2990:             1             16  org.apache.spark.sql.catalyst.expressions.BindReferences$
2991:             1             16  org.apache.spark.sql.catalyst.expressions.Canonicalize$
2992:             1             16  org.apache.spark.sql.catalyst.expressions.Cast$
2993:             1             16  org.apache.spark.sql.catalyst.expressions.CreateStruct$
2994:             1             16  org.apache.spark.sql.catalyst.expressions.DecimalLiteral$
2995:             1             16  org.apache.spark.sql.catalyst.expressions.Equality$
2996:             1             16  org.apache.spark.sql.catalyst.expressions.ExprId$
2997:             1             16  org.apache.spark.sql.catalyst.expressions.ExpressionSet$
2998:             1             16  org.apache.spark.sql.catalyst.expressions.GeneratedClass
2999:             1             16  org.apache.spark.sql.catalyst.expressions.GeneratedClass
3000:             1             16  org.apache.spark.sql.catalyst.expressions.GeneratedClass
3001:             1             16  org.apache.spark.sql.catalyst.expressions.GeneratedClass
3002:             1             16  org.apache.spark.sql.catalyst.expressions.GeneratedClass
3003:             1             16  org.apache.spark.sql.catalyst.expressions.GeneratedClass
3004:             1             16  org.apache.spark.sql.catalyst.expressions.GeneratedClass
3005:             1             16  org.apache.spark.sql.catalyst.expressions.GeneratedClass
3006:             1             16  org.apache.spark.sql.catalyst.expressions.GeneratedClass
3007:             1             16  org.apache.spark.sql.catalyst.expressions.GeneratedClass
3008:             1             16  org.apache.spark.sql.catalyst.expressions.GeneratedClass
3009:             1             16  org.apache.spark.sql.catalyst.expressions.GeneratedClass
3010:             1             16  org.apache.spark.sql.catalyst.expressions.GeneratedClass
3011:             1             16  org.apache.spark.sql.catalyst.expressions.GeneratedClass
3012:             1             16  org.apache.spark.sql.catalyst.expressions.GeneratedClass
3013:             1             16  org.apache.spark.sql.catalyst.expressions.GeneratedClass
3014:             1             16  org.apache.spark.sql.catalyst.expressions.GeneratedClass
3015:             1             16  org.apache.spark.sql.catalyst.expressions.GeneratedClass
3016:             1             16  org.apache.spark.sql.catalyst.expressions.GeneratedClass
3017:             1             16  org.apache.spark.sql.catalyst.expressions.GeneratedClass
3018:             1             16  org.apache.spark.sql.catalyst.expressions.GeneratedClass
3019:             1             16  org.apache.spark.sql.catalyst.expressions.GeneratedClass
3020:             1             16  org.apache.spark.sql.catalyst.expressions.GeneratedClass
3021:             1             16  org.apache.spark.sql.catalyst.expressions.IntegerLiteral$
3022:             1             16  org.apache.spark.sql.catalyst.expressions.IsNotNull$
3023:             1             16  org.apache.spark.sql.catalyst.expressions.NullsFirst$
3024:             1             16  org.apache.spark.sql.catalyst.expressions.NullsLast$
3025:             1             16  org.apache.spark.sql.catalyst.expressions.RowOrdering$
3026:             1             16  org.apache.spark.sql.catalyst.expressions.ScalarSubquery$
3027:             1             16  org.apache.spark.sql.catalyst.expressions.SortOrder$
3028:             1             16  org.apache.spark.sql.catalyst.expressions.SubExprUtils$
3029:             1             16  org.apache.spark.sql.catalyst.expressions.SubqueryExpression$
3030:             1             16  org.apache.spark.sql.catalyst.expressions.UnsafeProjection$
3031:             1             16  org.apache.spark.sql.catalyst.expressions.aggregate.AggregateExpression$
3032:             1             16  org.apache.spark.sql.catalyst.expressions.aggregate.Complete$
3033:             1             16  org.apache.spark.sql.catalyst.expressions.aggregate.Count$
3034:             1             16  org.apache.spark.sql.catalyst.expressions.aggregate.Final$
3035:             1             16  org.apache.spark.sql.catalyst.expressions.aggregate.Partial$
3036:             1             16  org.apache.spark.sql.catalyst.expressions.aggregate.PartialMerge$
3037:             1             16  org.apache.spark.sql.catalyst.expressions.codegen.CodeFormatter$
3038:             1             16  org.apache.spark.sql.catalyst.expressions.codegen.CodeGenerator$$anon$1
3039:             1             16  org.apache.spark.sql.catalyst.expressions.objects.Invoke$
3040:             1             16  org.apache.spark.sql.catalyst.expressions.objects.NewInstance$
3041:             1             16  org.apache.spark.sql.catalyst.expressions.objects.StaticInvoke$
3042:             1             16  org.apache.spark.sql.catalyst.expressions.package$
3043:             1             16  org.apache.spark.sql.catalyst.package$ScalaReflectionLock$
3044:             1             16  org.apache.spark.sql.catalyst.parser.ParseErrorListener$
3045:             1             16  org.apache.spark.sql.catalyst.parser.ParserUtils$
3046:             1             16  org.apache.spark.sql.catalyst.parser.ParserUtils$EnhancedLogicalPlan$
3047:             1             16  org.apache.spark.sql.catalyst.parser.PostProcessor$
3048:             1             16  org.apache.spark.sql.catalyst.planning.ExtractEquiJoinKeys$
3049:             1             16  org.apache.spark.sql.catalyst.planning.ExtractFiltersAndInnerJoins$
3050:             1             16  org.apache.spark.sql.catalyst.planning.PhysicalAggregation$
3051:             1             16  org.apache.spark.sql.catalyst.planning.PhysicalOperation$
3052:             1             16  org.apache.spark.sql.catalyst.plans.FullOuter$
3053:             1             16  org.apache.spark.sql.catalyst.plans.Inner$
3054:             1             16  org.apache.spark.sql.catalyst.plans.LeftAnti$
3055:             1             16  org.apache.spark.sql.catalyst.plans.LeftExistence$
3056:             1             16  org.apache.spark.sql.catalyst.plans.LeftOuter$
3057:             1             16  org.apache.spark.sql.catalyst.plans.LeftSemi$
3058:             1             16  org.apache.spark.sql.catalyst.plans.RightOuter$
3059:             1             16  org.apache.spark.sql.catalyst.plans.logical.CatalystSerde$
3060:             1             16  org.apache.spark.sql.catalyst.plans.logical.EventTimeWatermark$
3061:             1             16  org.apache.spark.sql.catalyst.plans.logical.Limit$
3062:             1             16  org.apache.spark.sql.catalyst.plans.logical.LocalRelation$
3063:             1             16  org.apache.spark.sql.catalyst.plans.physical.AllTuples$
3064:             1             16  org.apache.spark.sql.catalyst.plans.physical.Partitioning$
3065:             1             16  org.apache.spark.sql.catalyst.plans.physical.SinglePartition$
3066:             1             16  org.apache.spark.sql.catalyst.plans.physical.UnspecifiedDistribution$
3067:             1             16  org.apache.spark.sql.catalyst.rules.RuleExecutor$
3068:             1             16  org.apache.spark.sql.catalyst.trees.CurrentOrigin$
3069:             1             16  org.apache.spark.sql.catalyst.trees.CurrentOrigin$$anon$1
3070:             1             16  org.apache.spark.sql.catalyst.trees.Origin$
3071:             1             16  org.apache.spark.sql.catalyst.util.StringKeyHashMap$
3072:             1             16  org.apache.spark.sql.catalyst.util.TypeUtils$
3073:             1             16  org.apache.spark.sql.catalyst.util.package$
3074:             1             16  org.apache.spark.sql.execution.ExternalRDD$
3075:             1             16  org.apache.spark.sql.execution.ObjectOperator$
3076:             1             16  org.apache.spark.sql.execution.RowIterator$
3077:             1             16  org.apache.spark.sql.execution.SortExec$
3078:             1             16  org.apache.spark.sql.execution.SortPrefixUtils$
3079:             1             16  org.apache.spark.sql.execution.SparkPlanInfo$
3080:             1             16  org.apache.spark.sql.execution.SparkStrategies$Aggregation$
3081:             1             16  org.apache.spark.sql.execution.SparkStrategies$SpecialLimits$
3082:             1             16  org.apache.spark.sql.execution.UnsafeRowSerializer$
3083:             1             16  org.apache.spark.sql.execution.WholeStageCodegenExec$
3084:             1             16  org.apache.spark.sql.execution.aggregate.AggUtils$
3085:             1             16  org.apache.spark.sql.execution.aggregate.HashAggregateExec$
3086:             1             16  org.apache.spark.sql.execution.command.LocalTempView$
3087:             1             16  org.apache.spark.sql.execution.command.PersistedView$
3088:             1             16  org.apache.spark.sql.execution.datasources.FileSourceStrategy$
3089:             1             16  org.apache.spark.sql.execution.datasources.HiveOnlyCheck$
3090:             1             16  org.apache.spark.sql.execution.datasources.PreWriteCheck$
3091:             1             16  org.apache.spark.sql.execution.exchange.ShuffleExchange$
3092:             1             16  org.apache.spark.sql.execution.metric.SQLMetric$
3093:             1             16  org.apache.spark.sql.execution.streaming.state.StateStoreCoordinatorRef
3094:             1             16  org.apache.spark.sql.execution.ui.SQLStageMetrics$
3095:             1             16  org.apache.spark.sql.execution.ui.SQLTab$
3096:             1             16  org.apache.spark.sql.execution.ui.SparkPlanGraph$
3097:             1             16  org.apache.spark.sql.internal.BaseSessionStateBuilder$$anonfun$createClone$1
3098:             1             16  org.apache.spark.sql.internal.BaseSessionStateBuilder$$anonfun$createQueryExecution$1
3099:             1             16  org.apache.spark.sql.internal.SQLConf$$anonfun$1
3100:             1             16  org.apache.spark.sql.internal.SQLConf$$anonfun$2
3101:             1             16  org.apache.spark.sql.internal.SQLConf$$anonfun$3
3102:             1             16  org.apache.spark.sql.internal.SQLConf$$anonfun$4
3103:             1             16  org.apache.spark.sql.internal.SQLConf$$anonfun$5
3104:             1             16  org.apache.spark.sql.internal.SQLConf$$anonfun$6
3105:             1             16  org.apache.spark.sql.internal.SQLConf$$anonfun$8
3106:             1             16  org.apache.spark.sql.internal.SessionResourceLoader
3107:             1             16  org.apache.spark.sql.internal.SessionState$
3108:             1             16  org.apache.spark.sql.internal.SessionStateBuilder$$anonfun$newBuilder$1
3109:             1             16  org.apache.spark.sql.internal.SharedState$$anon$1
3110:             1             16  org.apache.spark.sql.internal.StaticSQLConf$$anonfun$1
3111:             1             16  org.apache.spark.sql.internal.VariableSubstitution$$anon$1
3112:             1             16  org.apache.spark.sql.types.AnyDataType$
3113:             1             16  org.apache.spark.sql.types.BinaryType$$anon$1
3114:             1             16  org.apache.spark.sql.types.CalendarIntervalType$
3115:             1             16  org.apache.spark.sql.types.DataType$
3116:             1             16  org.apache.spark.sql.types.Decimal$DecimalAsIfIntegral$
3117:             1             16  org.apache.spark.sql.types.Decimal$DecimalIsFractional$
3118:             1             16  org.apache.spark.sql.types.DecimalType$Expression$
3119:             1             16  org.apache.spark.sql.types.DoubleType$$anon$1
3120:             1             16  org.apache.spark.sql.types.FloatType$$anon$1
3121:             1             16  org.apache.spark.sql.types.FractionalType$
3122:             1             16  org.apache.spark.sql.types.IntegralType$
3123:             1             16  org.apache.spark.sql.types.Metadata$
3124:             1             16  org.apache.spark.sql.types.NullType$
3125:             1             16  org.apache.spark.sql.types.NumericType$
3126:             1             16  org.apache.spark.sql.types.StructType$
3127:             1             16  org.apache.spark.status.api.v1.ApiRootResource$
3128:             1             16  org.apache.spark.status.api.v1.UIRootFromServletContext$
3129:             1             16  org.apache.spark.storage.BlockManager$
3130:             1             16  org.apache.spark.storage.BlockManagerId$
3131:             1             16  org.apache.spark.storage.BlockManagerMaster$
3132:             1             16  org.apache.spark.storage.BlockManagerMessages$GetMemoryStatus$
3133:             1             16  org.apache.spark.storage.BlockManagerMessages$GetStorageStatus$
3134:             1             16  org.apache.spark.storage.BlockManagerMessages$StopBlockManagerMaster$
3135:             1             16  org.apache.spark.storage.BlockManagerSource$$anonfun$1
3136:             1             16  org.apache.spark.storage.BlockManagerSource$$anonfun$10
3137:             1             16  org.apache.spark.storage.BlockManagerSource$$anonfun$2
3138:             1             16  org.apache.spark.storage.BlockManagerSource$$anonfun$3
3139:             1             16  org.apache.spark.storage.BlockManagerSource$$anonfun$4
3140:             1             16  org.apache.spark.storage.BlockManagerSource$$anonfun$5
3141:             1             16  org.apache.spark.storage.BlockManagerSource$$anonfun$6
3142:             1             16  org.apache.spark.storage.BlockManagerSource$$anonfun$7
3143:             1             16  org.apache.spark.storage.BlockManagerSource$$anonfun$8
3144:             1             16  org.apache.spark.storage.BlockManagerSource$$anonfun$9
3145:             1             16  org.apache.spark.storage.BlockStatus$
3146:             1             16  org.apache.spark.storage.BlockUpdatedInfo$
3147:             1             16  org.apache.spark.storage.BroadcastBlockId$
3148:             1             16  org.apache.spark.storage.DefaultTopologyMapper
3149:             1             16  org.apache.spark.storage.DiskBlockManager$$anonfun$addShutdownHook$1
3150:             1             16  org.apache.spark.storage.RDDInfo$
3151:             1             16  org.apache.spark.storage.RandomBlockReplicationPolicy
3152:             1             16  org.apache.spark.storage.StorageStatus$NonRddStorageInfo$
3153:             1             16  org.apache.spark.storage.StorageUtils$
3154:             1             16  org.apache.spark.streaming.Seconds$
3155:             1             16  org.apache.spark.streaming.StreamingContext$$anonfun$start$1
3156:             1             16  org.apache.spark.streaming.StreamingSource$$anonfun$1
3157:             1             16  org.apache.spark.streaming.StreamingSource$$anonfun$10
3158:             1             16  org.apache.spark.streaming.StreamingSource$$anonfun$11
3159:             1             16  org.apache.spark.streaming.StreamingSource$$anonfun$12
3160:             1             16  org.apache.spark.streaming.StreamingSource$$anonfun$13
3161:             1             16  org.apache.spark.streaming.StreamingSource$$anonfun$14
3162:             1             16  org.apache.spark.streaming.StreamingSource$$anonfun$15
3163:             1             16  org.apache.spark.streaming.StreamingSource$$anonfun$16
3164:             1             16  org.apache.spark.streaming.StreamingSource$$anonfun$17
3165:             1             16  org.apache.spark.streaming.StreamingSource$$anonfun$18
3166:             1             16  org.apache.spark.streaming.StreamingSource$$anonfun$2
3167:             1             16  org.apache.spark.streaming.StreamingSource$$anonfun$3
3168:             1             16  org.apache.spark.streaming.StreamingSource$$anonfun$4
3169:             1             16  org.apache.spark.streaming.StreamingSource$$anonfun$5
3170:             1             16  org.apache.spark.streaming.StreamingSource$$anonfun$6
3171:             1             16  org.apache.spark.streaming.StreamingSource$$anonfun$7
3172:             1             16  org.apache.spark.streaming.StreamingSource$$anonfun$8
3173:             1             16  org.apache.spark.streaming.StreamingSource$$anonfun$9
3174:             1             16  org.apache.spark.streaming.api.python.PythonDStream$
3175:             1             16  org.apache.spark.streaming.dstream.DStream$
3176:             1             16  org.apache.spark.streaming.dstream.DStream$$anonfun$foreachRDD$1$$anonfun$apply$mcV$sp$3
3177:             1             16  org.apache.spark.streaming.dstream.ForEachDStream$$anonfun$1$$anonfun$apply$mcV$sp$1
3178:             1             16  org.apache.spark.streaming.kafka010.ConsumerStrategies$
3179:             1             16  org.apache.spark.streaming.kafka010.KafkaRDD$KafkaRDDIterator$$anonfun$9
3180:             1             16  org.apache.spark.streaming.kafka010.KafkaUtils$
3181:             1             16  org.apache.spark.streaming.kafka010.LocationStrategies$
3182:             1             16  org.apache.spark.streaming.kafka010.OffsetRange$
3183:             1             16  org.apache.spark.streaming.kafka010.PreferBrokers$
3184:             1             16  org.apache.spark.streaming.kafka010.PreferConsistent$
3185:             1             16  org.apache.spark.streaming.scheduler.JobGenerator$$anonfun$1
3186:             1             16  org.apache.spark.streaming.scheduler.JobScheduler$JobHandler$$anonfun$run$1
3187:             1             16  org.apache.spark.streaming.scheduler.RateController$
3188:             1             16  org.apache.spark.streaming.scheduler.ReceiverSchedulingPolicy
3189:             1             16  org.apache.spark.streaming.scheduler.ReceiverTracker$
3190:             1             16  org.apache.spark.streaming.scheduler.StreamInputInfo$
3191:             1             16  org.apache.spark.streaming.ui.BatchUIData$
3192:             1             16  org.apache.spark.streaming.ui.OutputOperationUIData$
3193:             1             16  org.apache.spark.streaming.ui.StreamingTab$
3194:             1             16  org.apache.spark.streaming.ui.UIUtils$$anon$1
3195:             1             16  org.apache.spark.streaming.ui.UIUtils$$anon$2
3196:             1             16  org.apache.spark.ui.JettyUtils$$anonfun$createRedirectHandler$default$3$1
3197:             1             16  org.apache.spark.ui.JettyUtils$ServletParams$
3198:             1             16  org.apache.spark.ui.JettyUtils$ServletParams$$anonfun$$lessinit$greater$default$3$1
3199:             1             16  org.apache.spark.ui.SparkUI$$anonfun$3
3200:             1             16  org.apache.spark.ui.SparkUI$$anonfun$4
3201:             1             16  org.apache.spark.ui.UIUtils$$anon$3
3202:             1             16  org.apache.spark.ui.exec.ExecutorTaskSummary$
3203:             1             16  org.apache.spark.ui.jobs.UIData$InputMetricsUIData$
3204:             1             16  org.apache.spark.ui.jobs.UIData$JobUIData$
3205:             1             16  org.apache.spark.ui.jobs.UIData$OutputMetricsUIData$
3206:             1             16  org.apache.spark.ui.jobs.UIData$ShuffleReadMetricsUIData$
3207:             1             16  org.apache.spark.ui.jobs.UIData$ShuffleWriteMetricsUIData$
3208:             1             16  org.apache.spark.ui.jobs.UIData$TaskMetricsUIData$
3209:             1             16  org.apache.spark.ui.jobs.UIData$TaskUIData$
3210:             1             16  org.apache.spark.unsafe.map.HashMapGrowthStrategy$Doubling
3211:             1             16  org.apache.spark.unsafe.memory.HeapMemoryAllocator
3212:             1             16  org.apache.spark.unsafe.memory.UnsafeMemoryAllocator
3213:             1             16  org.apache.spark.util.CausedBy$
3214:             1             16  org.apache.spark.util.ClosureCleaner$
3215:             1             16  org.apache.spark.util.CommandLineUtils$$anonfun$1
3216:             1             16  org.apache.spark.util.CompletionIterator$
3217:             1             16  org.apache.spark.util.FieldAccessFinder$
3218:             1             16  org.apache.spark.util.IdGenerator
3219:             1             16  org.apache.spark.util.RpcUtils$
3220:             1             16  org.apache.spark.util.ShutdownHookManager$$anonfun$1
3221:             1             16  org.apache.spark.util.SparkShutdownHookManager$$anon$2
3222:             1             16  org.apache.spark.util.SparkShutdownHookManager$$anonfun$runAll$1
3223:             1             16  org.apache.spark.util.SparkShutdownHookManager$$anonfun$runAll$1$$anonfun$apply$mcV$sp$1
3224:             1             16  org.apache.spark.util.SparkUncaughtExceptionHandler$
3225:             1             16  org.apache.spark.util.ThreadUtils$
3226:             1             16  org.apache.spark.util.collection.OpenHashSet$$anonfun$1
3227:             1             16  org.apache.spark.util.collection.OpenHashSet$$anonfun$2
3228:             1             16  org.apache.spark.util.collection.PrimitiveVector$
3229:             1             16  org.apache.spark.util.collection.unsafe.sort.PrefixComparators$SignedPrefixComparator
3230:             1             16  org.apache.spark.util.collection.unsafe.sort.PrefixComparators$SignedPrefixComparatorDesc
3231:             1             16  org.apache.spark.util.collection.unsafe.sort.PrefixComparators$SignedPrefixComparatorDescNullsFirst
3232:             1             16  org.apache.spark.util.collection.unsafe.sort.PrefixComparators$SignedPrefixComparatorNullsLast
3233:             1             16  org.apache.xerces.dom.CharacterDataImpl$1
3234:             1             16  org.apache.xerces.impl.XMLEntityManager$1
3235:             1             16  org.apache.xerces.impl.dv.dtd.IDDatatypeValidator
3236:             1             16  org.apache.xerces.impl.dv.dtd.IDREFDatatypeValidator
3237:             1             16  org.apache.xerces.impl.dv.dtd.NMTOKENDatatypeValidator
3238:             1             16  org.apache.xerces.impl.dv.dtd.NOTATIONDatatypeValidator
3239:             1             16  org.apache.xerces.impl.dv.dtd.StringDatatypeValidator
3240:             1             16  org.codehaus.janino.IClass$1
3241:             1             16  org.codehaus.janino.Java$Located$1
3242:             1             16  org.codehaus.janino.Java$Rvalue$2
3243:             1             16  org.slf4j.helpers.NOPLoggerFactory
3244:             1             16  org.slf4j.impl.Log4jLoggerFactory
3245:             1             16  org.slf4j.impl.StaticLoggerBinder
3246:             1             16  org.spark_project.guava.base.CharMatcher$1
3247:             1             16  org.spark_project.guava.base.CharMatcher$15
3248:             1             16  org.spark_project.guava.base.CharMatcher$2
3249:             1             16  org.spark_project.guava.base.CharMatcher$3
3250:             1             16  org.spark_project.guava.base.CharMatcher$4
3251:             1             16  org.spark_project.guava.base.CharMatcher$5
3252:             1             16  org.spark_project.guava.base.CharMatcher$6
3253:             1             16  org.spark_project.guava.base.CharMatcher$7
3254:             1             16  org.spark_project.guava.base.CharMatcher$8
3255:             1             16  org.spark_project.guava.base.Equivalence$Equals
3256:             1             16  org.spark_project.guava.base.Equivalence$Identity
3257:             1             16  org.spark_project.guava.base.Platform$1
3258:             1             16  org.spark_project.guava.base.Suppliers$SupplierOfInstance
3259:             1             16  org.spark_project.guava.base.Ticker$1
3260:             1             16  org.spark_project.guava.cache.CacheBuilder$1
3261:             1             16  org.spark_project.guava.cache.CacheBuilder$2
3262:             1             16  org.spark_project.guava.cache.CacheBuilder$3
3263:             1             16  org.spark_project.guava.cache.LocalCache$1
3264:             1             16  org.spark_project.guava.cache.LocalCache$2
3265:             1             16  org.spark_project.guava.cache.LocalCache$LocalManualCache
3266:             1             16  org.spark_project.guava.collect.Interners$1
3267:             1             16  org.spark_project.guava.collect.Iterators$1
3268:             1             16  org.spark_project.guava.collect.Iterators$2
3269:             1             16  org.spark_project.guava.collect.MapMakerInternalMap$1
3270:             1             16  org.spark_project.guava.collect.MapMakerInternalMap$2
3271:             1             16  org.spark_project.guava.io.ByteStreams$1
3272:             1             16  org.spark_project.jetty.http.DateGenerator$1
3273:             1             16  org.spark_project.jetty.http.Http1FieldPreEncoder
3274:             1             16  org.spark_project.jetty.http.MimeTypes$$Lambda$10/5255258
3275:             1             16  org.spark_project.jetty.http.MimeTypes$$Lambda$8/846274760
3276:             1             16  org.spark_project.jetty.io.WriteFlusher$CompletingState
3277:             1             16  org.spark_project.jetty.io.WriteFlusher$IdleState
3278:             1             16  org.spark_project.jetty.io.WriteFlusher$WritingState
3279:             1             16  org.spark_project.jetty.server.Authentication$1
3280:             1             16  org.spark_project.jetty.server.Authentication$2
3281:             1             16  org.spark_project.jetty.server.Authentication$3
3282:             1             16  org.spark_project.jetty.server.Authentication$4
3283:             1             16  org.spark_project.jetty.server.Authentication$5
3284:             1             16  org.spark_project.jetty.server.HttpInput$1
3285:             1             16  org.spark_project.jetty.server.HttpInput$2
3286:             1             16  org.spark_project.jetty.server.HttpInput$3
3287:             1             16  org.spark_project.jetty.server.HttpInput$4
3288:             1             16  org.spark_project.jetty.server.HttpInput$5
3289:             1             16  org.spark_project.jetty.server.Response$1
3290:             1             16  org.spark_project.jetty.util.Callback$1
3291:             1             16  org.spark_project.jetty.util.ConcurrentArrayQueue$1
3292:             1             16  org.spark_project.jetty.util.Uptime
3293:             1             16  org.spark_project.jetty.util.thread.ExecutionStrategy$DefaultExecutionStrategyFactory
3294:             1             16  org.spark_project.jetty.util.thread.QueuedThreadPool$2
3295:             1             16  org.spark_project.jetty.util.thread.ScheduledExecutorScheduler$1
3296:             1             16  scala.None$
3297:             1             16  scala.Option$
3298:             1             16  scala.PartialFunction$$anon$1
3299:             1             16  scala.PartialFunction$$anon$1$$anonfun$3
3300:             1             16  scala.PartialFunction$$anonfun$1
3301:             1             16  scala.PartialFunction$$anonfun$2
3302:             1             16  scala.Predef$$anon$1
3303:             1             16  scala.Predef$$anon$2
3304:             1             16  scala.Predef$$anon$3
3305:             1             16  scala.Predef$ArrowAssoc$
3306:             1             16  scala.Predef$DummyImplicit$
3307:             1             16  scala.Predef$any2stringadd$
3308:             1             16  scala.StringContext
3309:             1             16  scala.StringContext$
3310:             1             16  scala.collection.$colon$plus$
3311:             1             16  scala.collection.$plus$colon$
3312:             1             16  scala.collection.IndexedSeq$$anon$1
3313:             1             16  scala.collection.Iterable$
3314:             1             16  scala.collection.Iterator$
3315:             1             16  scala.collection.Iterator$$anon$2
3316:             1             16  scala.collection.JavaConversions$
3317:             1             16  scala.collection.JavaConverters$
3318:             1             16  scala.collection.Map$
3319:             1             16  scala.collection.Seq$
3320:             1             16  scala.collection.SeqView$
3321:             1             16  scala.collection.Set$
3322:             1             16  scala.collection.convert.Decorators$
3323:             1             16  scala.collection.convert.WrapAsJava$
3324:             1             16  scala.collection.convert.WrapAsScala$
3325:             1             16  scala.collection.generic.IdleSignalling$
3326:             1             16  scala.collection.immutable.$colon$colon$
3327:             1             16  scala.collection.immutable.BitSet$
3328:             1             16  scala.collection.immutable.HashMap$
3329:             1             16  scala.collection.immutable.HashMap$$anon$2$$anon$3
3330:             1             16  scala.collection.immutable.HashMap$$anonfun$1
3331:             1             16  scala.collection.immutable.HashMap$EmptyHashMap$
3332:             1             16  scala.collection.immutable.HashSet$
3333:             1             16  scala.collection.immutable.HashSet$EmptyHashSet$
3334:             1             16  scala.collection.immutable.IndexedSeq$
3335:             1             16  scala.collection.immutable.Iterable$
3336:             1             16  scala.collection.immutable.List$$anon$1
3337:             1             16  scala.collection.immutable.ListSerializeEnd$
3338:             1             16  scala.collection.immutable.Map$
3339:             1             16  scala.collection.immutable.Map$$anonfun$withDefaultValue$1
3340:             1             16  scala.collection.immutable.Map$EmptyMap$
3341:             1             16  scala.collection.immutable.Nil$
3342:             1             16  scala.collection.immutable.Range$
3343:             1             16  scala.collection.immutable.RedBlackTree$
3344:             1             16  scala.collection.immutable.RedBlackTree$BlackTree$
3345:             1             16  scala.collection.immutable.RedBlackTree$RedTree$
3346:             1             16  scala.collection.immutable.Seq$
3347:             1             16  scala.collection.immutable.Set$
3348:             1             16  scala.collection.immutable.Set$EmptySet$
3349:             1             16  scala.collection.immutable.SortedSet$
3350:             1             16  scala.collection.immutable.Stream$
3351:             1             16  scala.collection.immutable.Stream$$hash$colon$colon$
3352:             1             16  scala.collection.immutable.Stream$Empty$
3353:             1             16  scala.collection.immutable.Stream$cons$
3354:             1             16  scala.collection.immutable.StringOps$
3355:             1             16  scala.collection.immutable.Traversable$
3356:             1             16  scala.collection.immutable.TreeSet$
3357:             1             16  scala.collection.mutable.ArrayBuffer$
3358:             1             16  scala.collection.mutable.ArrayBuilder$
3359:             1             16  scala.collection.mutable.ArrayOps$ofByte$
3360:             1             16  scala.collection.mutable.ArrayOps$ofInt$
3361:             1             16  scala.collection.mutable.ArrayOps$ofLong$
3362:             1             16  scala.collection.mutable.ArrayOps$ofRef$
3363:             1             16  scala.collection.mutable.ArraySeq$
3364:             1             16  scala.collection.mutable.Buffer$
3365:             1             16  scala.collection.mutable.FlatHashTable$
3366:             1             16  scala.collection.mutable.FlatHashTable$NullSentinel$
3367:             1             16  scala.collection.mutable.HashMap$
3368:             1             16  scala.collection.mutable.HashSet$
3369:             1             16  scala.collection.mutable.HashTable$
3370:             1             16  scala.collection.mutable.IndexedSeq$
3371:             1             16  scala.collection.mutable.Iterable$
3372:             1             16  scala.collection.mutable.LinkedHashMap$
3373:             1             16  scala.collection.mutable.ListBuffer$
3374:             1             16  scala.collection.mutable.Map$
3375:             1             16  scala.collection.mutable.MutableList$
3376:             1             16  scala.collection.mutable.PriorityQueue$
3377:             1             16  scala.collection.mutable.Set$
3378:             1             16  scala.collection.mutable.Stack
3379:             1             16  scala.collection.mutable.StringBuilder$
3380:             1             16  scala.collection.mutable.WeakHashMap$
3381:             1             16  scala.collection.mutable.WrappedArray$
3382:             1             16  scala.collection.mutable.WrappedArray$ofInt
3383:             1             16  scala.collection.package$
3384:             1             16  scala.collection.parallel.ExecutionContextTaskSupport$
3385:             1             16  scala.collection.parallel.mutable.ParArray$
3386:             1             16  scala.compat.Platform$
3387:             1             16  scala.concurrent.BlockContext$
3388:             1             16  scala.concurrent.BlockContext$DefaultBlockContext$
3389:             1             16  scala.concurrent.ExecutionContext$
3390:             1             16  scala.concurrent.Future$
3391:             1             16  scala.concurrent.Future$InternalCallbackExecutor$
3392:             1             16  scala.concurrent.Promise$
3393:             1             16  scala.concurrent.duration.Duration$$anon$1
3394:             1             16  scala.concurrent.duration.Duration$$anon$2
3395:             1             16  scala.concurrent.duration.Duration$$anon$3
3396:             1             16  scala.concurrent.duration.Duration$$anonfun$3
3397:             1             16  scala.concurrent.duration.package$DurationInt$
3398:             1             16  scala.concurrent.duration.package$DurationLong$
3399:             1             16  scala.concurrent.forkjoin.ForkJoinPool$DefaultForkJoinWorkerThreadFactory
3400:             1             16  scala.concurrent.forkjoin.ForkJoinPool$Submitter
3401:             1             16  scala.concurrent.impl.ExecutionContextImpl$
3402:             1             16  scala.concurrent.impl.Future$
3403:             1             16  scala.concurrent.impl.Promise$
3404:             1             16  scala.concurrent.impl.Promise$DefaultPromise
3405:             1             16  scala.math.Equiv$
3406:             1             16  scala.math.Fractional$
3407:             1             16  scala.math.Integral$
3408:             1             16  scala.math.LowPriorityOrderingImplicits$$anon$6
3409:             1             16  scala.math.Numeric$
3410:             1             16  scala.math.Numeric$ByteIsIntegral$
3411:             1             16  scala.math.Numeric$DoubleAsIfIntegral$
3412:             1             16  scala.math.Numeric$DoubleIsFractional$
3413:             1             16  scala.math.Numeric$FloatAsIfIntegral$
3414:             1             16  scala.math.Numeric$FloatIsFractional$
3415:             1             16  scala.math.Numeric$IntIsIntegral$
3416:             1             16  scala.math.Numeric$LongIsIntegral$
3417:             1             16  scala.math.Numeric$ShortIsIntegral$
3418:             1             16  scala.math.Ordered$
3419:             1             16  scala.math.Ordering$
3420:             1             16  scala.math.Ordering$Boolean$
3421:             1             16  scala.math.Ordering$Byte$
3422:             1             16  scala.math.Ordering$Double$
3423:             1             16  scala.math.Ordering$Int$
3424:             1             16  scala.math.Ordering$Long$
3425:             1             16  scala.math.Ordering$Short$
3426:             1             16  scala.math.Ordering$String$
3427:             1             16  scala.package$$anon$1
3428:             1             16  scala.ref.WeakReference$
3429:             1             16  scala.reflect.NoManifest$
3430:             1             16  scala.reflect.api.Exprs$Expr$
3431:             1             16  scala.reflect.api.Internals$CompatToken
3432:             1             16  scala.reflect.api.Liftables$Liftable$
3433:             1             16  scala.reflect.api.Liftables$Unliftable$
3434:             1             16  scala.reflect.api.Printers$BooleanFlag$
3435:             1             16  scala.reflect.api.TypeTags$TypeTag$$anonfun$1
3436:             1             16  scala.reflect.api.TypeTags$TypeTag$$anonfun$10
3437:             1             16  scala.reflect.api.TypeTags$TypeTag$$anonfun$11
3438:             1             16  scala.reflect.api.TypeTags$TypeTag$$anonfun$12
3439:             1             16  scala.reflect.api.TypeTags$TypeTag$$anonfun$13
3440:             1             16  scala.reflect.api.TypeTags$TypeTag$$anonfun$14
3441:             1             16  scala.reflect.api.TypeTags$TypeTag$$anonfun$15
3442:             1             16  scala.reflect.api.TypeTags$TypeTag$$anonfun$2
3443:             1             16  scala.reflect.api.TypeTags$TypeTag$$anonfun$3
3444:             1             16  scala.reflect.api.TypeTags$TypeTag$$anonfun$4
3445:             1             16  scala.reflect.api.TypeTags$TypeTag$$anonfun$5
3446:             1             16  scala.reflect.api.TypeTags$TypeTag$$anonfun$6
3447:             1             16  scala.reflect.api.TypeTags$TypeTag$$anonfun$7
3448:             1             16  scala.reflect.api.TypeTags$TypeTag$$anonfun$8
3449:             1             16  scala.reflect.api.TypeTags$TypeTag$$anonfun$9
3450:             1             16  scala.reflect.internal.AnnotationInfos$Annotation$
3451:             1             16  scala.reflect.internal.AnnotationInfos$AnnotationInfo$
3452:             1             16  scala.reflect.internal.AnnotationInfos$ArrayAnnotArg$
3453:             1             16  scala.reflect.internal.AnnotationInfos$LiteralAnnotArg$
3454:             1             16  scala.reflect.internal.AnnotationInfos$NestedAnnotArg$
3455:             1             16  scala.reflect.internal.AnnotationInfos$ScalaSigBytes$
3456:             1             16  scala.reflect.internal.AnnotationInfos$ThrownException$
3457:             1             16  scala.reflect.internal.AnnotationInfos$UnmappableAnnotArg$
3458:             1             16  scala.reflect.internal.ClassfileConstants$FlagTranslation$
3459:             1             16  scala.reflect.internal.Constants$Constant$
3460:             1             16  scala.reflect.internal.Definitions$DefinitionsClass$MacroContextType$
3461:             1             16  scala.reflect.internal.Definitions$DefinitionsClass$VarArityClass$
3462:             1             16  scala.reflect.internal.FreshNames$FreshNameExtractor$
3463:             1             16  scala.reflect.internal.Internals$$anon$4
3464:             1             16  scala.reflect.internal.Kinds$KindErrors$
3465:             1             16  scala.reflect.internal.Kinds$ProperTypeKind$
3466:             1             16  scala.reflect.internal.Kinds$inferKind$
3467:             1             16  scala.reflect.internal.Names$TermName$
3468:             1             16  scala.reflect.internal.Names$TypeName$
3469:             1             16  scala.reflect.internal.Positions$Range$
3470:             1             16  scala.reflect.internal.ReificationSupport$ReificationSupportImpl$FlagsRepr$
3471:             1             16  scala.reflect.internal.Scopes$LookupAmbiguous$
3472:             1             16  scala.reflect.internal.Scopes$LookupInaccessible$
3473:             1             16  scala.reflect.internal.Scopes$LookupNotFound$
3474:             1             16  scala.reflect.internal.Scopes$LookupSucceeded$
3475:             1             16  scala.reflect.internal.Scopes$Scope$
3476:             1             16  scala.reflect.internal.StdAttachments$BackquotedIdentifierAttachment$
3477:             1             16  scala.reflect.internal.StdAttachments$CompoundTypeTreeOriginalAttachment$
3478:             1             16  scala.reflect.internal.StdAttachments$ForAttachment$
3479:             1             16  scala.reflect.internal.StdAttachments$SubpatternsAttachment$
3480:             1             16  scala.reflect.internal.StdAttachments$SyntheticUnitAttachment$
3481:             1             16  scala.reflect.internal.StdCreators$FixedMirrorTreeCreator$
3482:             1             16  scala.reflect.internal.StdCreators$FixedMirrorTypeCreator$
3483:             1             16  scala.reflect.internal.SymbolTable$$anonfun$1
3484:             1             16  scala.reflect.internal.Symbols$$anonfun$10
3485:             1             16  scala.reflect.internal.Symbols$CyclicReference$
3486:             1             16  scala.reflect.internal.Symbols$SymbolKind$
3487:             1             16  scala.reflect.internal.Symbols$SymbolOps$
3488:             1             16  scala.reflect.internal.Trees$$anonfun$1
3489:             1             16  scala.reflect.internal.Trees$Alternative$
3490:             1             16  scala.reflect.internal.Trees$Annotated$
3491:             1             16  scala.reflect.internal.Trees$AppliedTypeTree$
3492:             1             16  scala.reflect.internal.Trees$Apply$
3493:             1             16  scala.reflect.internal.Trees$ApplyDynamic$
3494:             1             16  scala.reflect.internal.Trees$ArrayValue$
3495:             1             16  scala.reflect.internal.Trees$Assign$
3496:             1             16  scala.reflect.internal.Trees$AssignOrNamedArg$
3497:             1             16  scala.reflect.internal.Trees$Bind$
3498:             1             16  scala.reflect.internal.Trees$Block$
3499:             1             16  scala.reflect.internal.Trees$CaseDef$
3500:             1             16  scala.reflect.internal.Trees$ClassDef$
3501:             1             16  scala.reflect.internal.Trees$CompoundTypeTree$
3502:             1             16  scala.reflect.internal.Trees$DefDef$
3503:             1             16  scala.reflect.internal.Trees$ExistentialTypeTree$
3504:             1             16  scala.reflect.internal.Trees$Function$
3505:             1             16  scala.reflect.internal.Trees$Ident$
3506:             1             16  scala.reflect.internal.Trees$If$
3507:             1             16  scala.reflect.internal.Trees$Import$
3508:             1             16  scala.reflect.internal.Trees$LabelDef$
3509:             1             16  scala.reflect.internal.Trees$Literal$
3510:             1             16  scala.reflect.internal.Trees$Match$
3511:             1             16  scala.reflect.internal.Trees$Modifiers$
3512:             1             16  scala.reflect.internal.Trees$ModuleDef$
3513:             1             16  scala.reflect.internal.Trees$New$
3514:             1             16  scala.reflect.internal.Trees$PackageDef$
3515:             1             16  scala.reflect.internal.Trees$RefTree$
3516:             1             16  scala.reflect.internal.Trees$Return$
3517:             1             16  scala.reflect.internal.Trees$Select$
3518:             1             16  scala.reflect.internal.Trees$SelectFromTypeTree$
3519:             1             16  scala.reflect.internal.Trees$SingletonTypeTree$
3520:             1             16  scala.reflect.internal.Trees$Star$
3521:             1             16  scala.reflect.internal.Trees$Super$
3522:             1             16  scala.reflect.internal.Trees$Template$
3523:             1             16  scala.reflect.internal.Trees$This$
3524:             1             16  scala.reflect.internal.Trees$Throw$
3525:             1             16  scala.reflect.internal.Trees$Try$
3526:             1             16  scala.reflect.internal.Trees$TypeApply$
3527:             1             16  scala.reflect.internal.Trees$TypeBoundsTree$
3528:             1             16  scala.reflect.internal.Trees$TypeDef$
3529:             1             16  scala.reflect.internal.Trees$TypeTree$
3530:             1             16  scala.reflect.internal.Trees$Typed$
3531:             1             16  scala.reflect.internal.Trees$UnApply$
3532:             1             16  scala.reflect.internal.Trees$ValDef$
3533:             1             16  scala.reflect.internal.Trees$ValOrDefDef$
3534:             1             16  scala.reflect.internal.TypeDebugging$noPrint$
3535:             1             16  scala.reflect.internal.Types$$anonfun$38
3536:             1             16  scala.reflect.internal.Types$$anonfun$39
3537:             1             16  scala.reflect.internal.Types$$anonfun$40
3538:             1             16  scala.reflect.internal.Types$$anonfun$41
3539:             1             16  scala.reflect.internal.Types$$anonfun$42
3540:             1             16  scala.reflect.internal.Types$$anonfun$43
3541:             1             16  scala.reflect.internal.Types$$anonfun$44
3542:             1             16  scala.reflect.internal.Types$$anonfun$45
3543:             1             16  scala.reflect.internal.Types$$anonfun$46
3544:             1             16  scala.reflect.internal.Types$$anonfun$47
3545:             1             16  scala.reflect.internal.Types$$anonfun$48
3546:             1             16  scala.reflect.internal.Types$$anonfun$49
3547:             1             16  scala.reflect.internal.Types$$anonfun$50
3548:             1             16  scala.reflect.internal.Types$$anonfun$51
3549:             1             16  scala.reflect.internal.Types$$anonfun$52
3550:             1             16  scala.reflect.internal.Types$$anonfun$53
3551:             1             16  scala.reflect.internal.Types$AnnotatedType$
3552:             1             16  scala.reflect.internal.Types$AntiPolyType$
3553:             1             16  scala.reflect.internal.Types$ArrayTypeRef$
3554:             1             16  scala.reflect.internal.Types$BoundedWildcardType$
3555:             1             16  scala.reflect.internal.Types$ClassInfoType$
3556:             1             16  scala.reflect.internal.Types$CompoundType$
3557:             1             16  scala.reflect.internal.Types$ConstantType$
3558:             1             16  scala.reflect.internal.Types$ErasedValueType$
3559:             1             16  scala.reflect.internal.Types$ErrorType$
3560:             1             16  scala.reflect.internal.Types$ExistentialType$
3561:             1             16  scala.reflect.internal.Types$GenPolyType$
3562:             1             16  scala.reflect.internal.Types$HasTypeMember$
3563:             1             16  scala.reflect.internal.Types$ImportType$
3564:             1             16  scala.reflect.internal.Types$MethodType$
3565:             1             16  scala.reflect.internal.Types$NamedType$
3566:             1             16  scala.reflect.internal.Types$NoPrefix$
3567:             1             16  scala.reflect.internal.Types$NoType$
3568:             1             16  scala.reflect.internal.Types$NullaryMethodType$
3569:             1             16  scala.reflect.internal.Types$OverloadedType$
3570:             1             16  scala.reflect.internal.Types$PolyType$
3571:             1             16  scala.reflect.internal.Types$RecoverableCyclicReference$
3572:             1             16  scala.reflect.internal.Types$RefinedType$
3573:             1             16  scala.reflect.internal.Types$RepeatedType$
3574:             1             16  scala.reflect.internal.Types$SingleType$
3575:             1             16  scala.reflect.internal.Types$StaticallyAnnotatedType$
3576:             1             16  scala.reflect.internal.Types$SuperType$
3577:             1             16  scala.reflect.internal.Types$ThisType$
3578:             1             16  scala.reflect.internal.Types$TypeBounds$
3579:             1             16  scala.reflect.internal.Types$TypeRef$
3580:             1             16  scala.reflect.internal.Types$TypeVar$
3581:             1             16  scala.reflect.internal.Types$WildcardType$
3582:             1             16  scala.reflect.internal.pickling.ByteCodecs$
3583:             1             16  scala.reflect.internal.settings.MutableSettings$
3584:             1             16  scala.reflect.internal.tpe.TypeComparers$SubTypePair$
3585:             1             16  scala.reflect.internal.tpe.TypeConstraints$TypeConstraint$
3586:             1             16  scala.reflect.internal.transform.Erasure$GenericArray$
3587:             1             16  scala.reflect.internal.transform.Transforms$$anonfun$1
3588:             1             16  scala.reflect.internal.transform.Transforms$$anonfun$2
3589:             1             16  scala.reflect.internal.transform.Transforms$$anonfun$3
3590:             1             16  scala.reflect.internal.transform.Transforms$$anonfun$4
3591:             1             16  scala.reflect.internal.transform.UnCurry$DesugaredParameterType$
3592:             1             16  scala.reflect.internal.util.FreshNameCreator$
3593:             1             16  scala.reflect.internal.util.NoPosition$
3594:             1             16  scala.reflect.runtime.JavaMirrors$JavaMirror$unpickler$
3595:             1             16  scala.reflect.runtime.ReflectionUtils$
3596:             1             16  scala.reflect.runtime.ReflectionUtils$EnclosedInClass$
3597:             1             16  scala.reflect.runtime.ReflectionUtils$EnclosedInClass$$anonfun$$lessinit$greater$3
3598:             1             16  scala.reflect.runtime.ReflectionUtils$EnclosedInConstructor$
3599:             1             16  scala.reflect.runtime.ReflectionUtils$EnclosedInConstructor$$anonfun$$lessinit$greater$2
3600:             1             16  scala.reflect.runtime.ReflectionUtils$EnclosedInMethod$
3601:             1             16  scala.reflect.runtime.ReflectionUtils$EnclosedInMethod$$anonfun$$lessinit$greater$1
3602:             1             16  scala.reflect.runtime.ReflectionUtils$EnclosedInPackage$
3603:             1             16  scala.reflect.runtime.ReflectionUtils$EnclosedInPackage$$anonfun$$lessinit$greater$4
3604:             1             16  scala.reflect.runtime.ReflectionUtils$PrimitiveOrArray$
3605:             1             16  scala.reflect.runtime.SynchronizedTypes$$anonfun$scala$reflect$runtime$SynchronizedTypes$$_basetypeRecursions$1
3606:             1             16  scala.reflect.runtime.SynchronizedTypes$$anonfun$scala$reflect$runtime$SynchronizedTypes$$_intersectionWitness$1
3607:             1             16  scala.reflect.runtime.SynchronizedTypes$$anonfun$scala$reflect$runtime$SynchronizedTypes$$_skolemizationLevel$1
3608:             1             16  scala.reflect.runtime.SynchronizedTypes$$anonfun$scala$reflect$runtime$SynchronizedTypes$$_subsametypeRecursions$1
3609:             1             16  scala.reflect.runtime.SynchronizedTypes$$anonfun$scala$reflect$runtime$SynchronizedTypes$$_undoLog$1
3610:             1             16  scala.runtime.BoxedUnit
3611:             1             16  scala.runtime.RichChar$
3612:             1             16  scala.runtime.RichDouble$
3613:             1             16  scala.runtime.RichInt$
3614:             1             16  scala.runtime.RichLong$
3615:             1             16  scala.runtime.ScalaRunTime$
3616:             1             16  scala.sys.BooleanProp$
3617:             1             16  scala.sys.BooleanProp$$anonfun$keyExists$1
3618:             1             16  scala.sys.package$
3619:             1             16  scala.util.Either$
3620:             1             16  scala.util.Failure
3621:             1             16  scala.util.Left$
3622:             1             16  scala.util.Random$
3623:             1             16  scala.util.Right$
3624:             1             16  scala.util.Try$
3625:             1             16  scala.util.control.Breaks
3626:             1             16  scala.util.control.Breaks$
3627:             1             16  scala.util.control.NoStackTrace$
3628:             1             16  scala.util.control.NonFatal$
3629:             1             16  scala.util.hashing.package$
3630:             1             16  scala.xml.Attribute$
3631:             1             16  scala.xml.Elem$
3632:             1             16  scala.xml.MetaData$
3633:             1             16  scala.xml.NodeSeq$
3634:             1             16  scala.xml.NodeSeq$$anon$1
3635:             1             16  scala.xml.Null$
3636:             1             16  scala.xml.Source$
3637:             1             16  scala.xml.Text$
3638:             1             16  scala.xml.Unparsed$
3639:             1             16  scala.xml.Utility$
3640:             1             16  sun.management.ClassLoadingImpl
3641:             1             16  sun.management.HotSpotDiagnostic
3642:             1             16  sun.management.ManagementFactoryHelper$PlatformLoggingImpl
3643:             1             16  sun.misc.ASCIICaseInsensitiveComparator
3644:             1             16  sun.misc.FloatingDecimal$1
3645:             1             16  sun.misc.FormattedFloatingDecimal$1
3646:             1             16  sun.misc.Launcher
3647:             1             16  sun.misc.Launcher$Factory
3648:             1             16  sun.misc.ObjectInputFilter$Config$$Lambda$13/1299885218
3649:             1             16  sun.misc.Perf
3650:             1             16  sun.misc.Unsafe
3651:             1             16  sun.net.DefaultProgressMeteringPolicy
3652:             1             16  sun.net.ExtendedOptionsImpl$$Lambda$14/2015144310
3653:             1             16  sun.net.www.protocol.jar.JarFileFactory
3654:             1             16  sun.nio.ch.EPollSelectorProvider
3655:             1             16  sun.nio.ch.ExtendedSocketOption$1
3656:             1             16  sun.nio.ch.FileChannelImpl$1
3657:             1             16  sun.nio.ch.Net$1
3658:             1             16  sun.nio.ch.Util$1
3659:             1             16  sun.nio.fs.LinuxFileSystemProvider
3660:             1             16  sun.reflect.GeneratedConstructorAccessor1
3661:             1             16  sun.reflect.GeneratedConstructorAccessor110
3662:             1             16  sun.reflect.GeneratedConstructorAccessor111
3663:             1             16  sun.reflect.GeneratedConstructorAccessor112
3664:             1             16  sun.reflect.GeneratedConstructorAccessor113
3665:             1             16  sun.reflect.GeneratedConstructorAccessor15
3666:             1             16  sun.reflect.GeneratedConstructorAccessor16
3667:             1             16  sun.reflect.GeneratedConstructorAccessor17
3668:             1             16  sun.reflect.GeneratedConstructorAccessor19
3669:             1             16  sun.reflect.GeneratedConstructorAccessor2
3670:             1             16  sun.reflect.GeneratedConstructorAccessor21
3671:             1             16  sun.reflect.GeneratedConstructorAccessor24
3672:             1             16  sun.reflect.GeneratedConstructorAccessor25
3673:             1             16  sun.reflect.GeneratedConstructorAccessor3
3674:             1             16  sun.reflect.GeneratedConstructorAccessor34
3675:             1             16  sun.reflect.GeneratedConstructorAccessor36
3676:             1             16  sun.reflect.GeneratedConstructorAccessor4
3677:             1             16  sun.reflect.GeneratedConstructorAccessor40
3678:             1             16  sun.reflect.GeneratedConstructorAccessor41
3679:             1             16  sun.reflect.GeneratedConstructorAccessor42
3680:             1             16  sun.reflect.GeneratedConstructorAccessor44
3681:             1             16  sun.reflect.GeneratedConstructorAccessor45
3682:             1             16  sun.reflect.GeneratedConstructorAccessor5
3683:             1             16  sun.reflect.GeneratedConstructorAccessor55
3684:             1             16  sun.reflect.GeneratedConstructorAccessor57
3685:             1             16  sun.reflect.GeneratedConstructorAccessor6
3686:             1             16  sun.reflect.GeneratedMethodAccessor13
3687:             1             16  sun.reflect.GeneratedMethodAccessor2
3688:             1             16  sun.reflect.GeneratedMethodAccessor3
3689:             1             16  sun.reflect.GeneratedMethodAccessor4
3690:             1             16  sun.reflect.GeneratedMethodAccessor5
3691:             1             16  sun.reflect.GeneratedMethodAccessor8
3692:             1             16  sun.reflect.ReflectionFactory
3693:             1             16  sun.reflect.generics.tree.BooleanSignature
3694:             1             16  sun.reflect.generics.tree.BottomSignature
3695:             1             16  sun.reflect.generics.tree.IntSignature
3696:             1             16  sun.reflect.generics.tree.VoidDescriptor
3697:             1             16  sun.security.util.ByteArrayLexOrder
3698:             1             16  sun.security.util.ByteArrayTagOrder
3699:             1             16  sun.security.x509.CertificateAlgorithmId
3700:             1             16  sun.security.x509.CertificateSerialNumber
3701:             1             16  sun.security.x509.CertificateVersion
3702:             1             16  sun.security.x509.CertificateX509Key
3703:             1             16  sun.security.x509.SerialNumber
3704:             1             16  sun.text.normalizer.NormalizerBase$Mode
3705:             1             16  sun.text.normalizer.NormalizerBase$NFCMode
3706:             1             16  sun.text.normalizer.NormalizerBase$NFDMode
3707:             1             16  sun.text.normalizer.NormalizerBase$NFKCMode
3708:             1             16  sun.text.normalizer.NormalizerBase$NFKDMode
3709:             1             16  sun.util.calendar.Gregorian
3710:             1             16  sun.util.locale.provider.AuxLocaleProviderAdapter$NullProvider
3711:             1             16  sun.util.locale.provider.CalendarDataUtility$CalendarWeekParameterGetter
3712:             1             16  sun.util.locale.provider.SPILocaleProviderAdapter
3713:             1             16  sun.util.resources.LocaleData
3714:             1             16  sun.util.resources.LocaleData$LocaleDataResourceBundleControl
Total      14749178      471444384
