Java HotSpot(TM) 64-Bit Server VM (25.131-b11) for linux-amd64 JRE (1.8.0_131-b11), built on Mar 15 2017 01:23:40 by "java_re" with gcc 4.3.0 20080428 (Red Hat 4.3.0-8)
Memory: 4k page, physical 32879392k(2111560k free), swap 0k(0k free)
CommandLine flags: -XX:InitialHeapSize=526070272 -XX:MaxHeapSize=536870912 -XX:+PrintGC -XX:+PrintGCDetails -XX:+PrintGCTimeStamps -XX:+UseCompressedClassPointers -XX:+UseCompressedOops -XX:+UseParallelGC 
2.426: [GC (Allocation Failure) [PSYoungGen: 129024K->13279K(150016K)] 129024K->13367K(493056K), 0.0238901 secs] [Times: user=0.03 sys=0.02, real=0.02 secs] 
2.777: [GC (Metadata GC Threshold) [PSYoungGen: 34857K->6314K(150016K)] 34945K->6410K(493056K), 0.0167351 secs] [Times: user=0.05 sys=0.01, real=0.02 secs] 
2.794: [Full GC (Metadata GC Threshold) [PSYoungGen: 6314K->0K(150016K)] [ParOldGen: 96K->6049K(176640K)] 6410K->6049K(326656K), [Metaspace: 21010K->21010K(1067008K)], 0.0373034 secs] [Times: user=0.12 sys=0.03, real=0.04 secs] 
4.178: [GC (Allocation Failure) [PSYoungGen: 129024K->12425K(150016K)] 135073K->18483K(326656K), 0.0119290 secs] [Times: user=0.04 sys=0.00, real=0.01 secs] 
4.797: [GC (Metadata GC Threshold) [PSYoungGen: 55223K->7286K(153600K)] 61281K->13351K(330240K), 0.0129171 secs] [Times: user=0.05 sys=0.01, real=0.01 secs] 
4.810: [Full GC (Metadata GC Threshold) [PSYoungGen: 7286K->0K(153600K)] [ParOldGen: 6065K->10896K(249856K)] 13351K->10896K(403456K), [Metaspace: 35006K->35006K(1079296K)], 0.0324629 secs] [Times: user=0.11 sys=0.01, real=0.04 secs] 
6.501: [GC (Allocation Failure) [PSYoungGen: 132608K->8570K(141312K)] 143504K->19474K(391168K), 0.0062747 secs] [Times: user=0.02 sys=0.00, real=0.01 secs] 
8.220: [GC (Allocation Failure) [PSYoungGen: 141178K->14827K(144384K)] 152082K->27313K(394240K), 0.0191448 secs] [Times: user=0.07 sys=0.01, real=0.02 secs] 
9.262: [GC (Metadata GC Threshold) [PSYoungGen: 107257K->16759K(147456K)] 119743K->29253K(397312K), 0.0158537 secs] [Times: user=0.05 sys=0.00, real=0.01 secs] 
9.278: [Full GC (Metadata GC Threshold) [PSYoungGen: 16759K->0K(147456K)] [ParOldGen: 12493K->23628K(340480K)] 29253K->23628K(487936K), [Metaspace: 58422K->58422K(1099776K)], 0.1125426 secs] [Times: user=0.52 sys=0.04, real=0.11 secs] 
10.739: [GC (Allocation Failure) [PSYoungGen: 129536K->7675K(154624K)] 153164K->31312K(495104K), 0.0070703 secs] [Times: user=0.02 sys=0.00, real=0.01 secs] 
12.318: [GC (Allocation Failure) [PSYoungGen: 142331K->19952K(154624K)] 165968K->64695K(495104K), 0.0543196 secs] [Times: user=0.27 sys=0.03, real=0.05 secs] 
12.713: [GC (Allocation Failure) [PSYoungGen: 154608K->19949K(131072K)] 199351K->65901K(471552K), 0.0332262 secs] [Times: user=0.18 sys=0.02, real=0.03 secs] 
12.987: [GC (Allocation Failure) [PSYoungGen: 131053K->20805K(132096K)] 177005K->66766K(472576K), 0.0193146 secs] [Times: user=0.08 sys=0.00, real=0.02 secs] 
13.380: [GC (Allocation Failure) [PSYoungGen: 130143K->1871K(140288K)] 176103K->66854K(480768K), 0.0307835 secs] [Times: user=0.18 sys=0.03, real=0.03 secs] 
13.594: [GC (Allocation Failure) [PSYoungGen: 109903K->1823K(141312K)] 174886K->67323K(481792K), 0.0054813 secs] [Times: user=0.03 sys=0.00, real=0.00 secs] 
13.725: [GC (Allocation Failure) [PSYoungGen: 109855K->1440K(141312K)] 175355K->67871K(481792K), 0.0059754 secs] [Times: user=0.02 sys=0.00, real=0.00 secs] 
15.204: [GC (Allocation Failure) [PSYoungGen: 109180K->10399K(118784K)] 175612K->77239K(459264K), 0.0069933 secs] [Times: user=0.03 sys=0.00, real=0.00 secs] 
15.343: [GC (Allocation Failure) [PSYoungGen: 118431K->1225K(139264K)] 185271K->68583K(479744K), 0.0038714 secs] [Times: user=0.02 sys=0.01, real=0.00 secs] 
15.429: [GC (Allocation Failure) [PSYoungGen: 109257K->1075K(139264K)] 176615K->68790K(479744K), 0.0034048 secs] [Times: user=0.01 sys=0.00, real=0.00 secs] 
15.538: [GC (Allocation Failure) [PSYoungGen: 109107K->1001K(142848K)] 176822K->69004K(483328K), 0.0048290 secs] [Times: user=0.02 sys=0.00, real=0.01 secs] 
15.801: [GC (Allocation Failure) [PSYoungGen: 113388K->1653K(142848K)] 181391K->69863K(483328K), 0.0042999 secs] [Times: user=0.02 sys=0.00, real=0.01 secs] 
15.892: [GC (Allocation Failure) [PSYoungGen: 114293K->1009K(143872K)] 182503K->69792K(484352K), 0.0040169 secs] [Times: user=0.02 sys=0.00, real=0.01 secs] 
16.010: [GC (Allocation Failure) [PSYoungGen: 115697K->976K(143360K)] 184480K->70032K(483840K), 0.0052547 secs] [Times: user=0.02 sys=0.00, real=0.01 secs] 
16.174: [GC (Allocation Failure) [PSYoungGen: 115664K->1598K(144384K)] 184720K->70913K(484864K), 0.0039700 secs] [Times: user=0.02 sys=0.00, real=0.00 secs] 
16.275: [GC (Allocation Failure) [PSYoungGen: 119870K->1341K(144384K)] 189185K->70978K(484864K), 0.0040617 secs] [Times: user=0.02 sys=0.00, real=0.00 secs] 
16.370: [GC (Allocation Failure) [PSYoungGen: 119613K->1148K(147456K)] 189250K->70997K(487936K), 0.0035883 secs] [Times: user=0.02 sys=0.00, real=0.01 secs] 
16.690: [GC (Allocation Failure) [PSYoungGen: 124540K->980K(147456K)] 194389K->71033K(487936K), 0.0042866 secs] [Times: user=0.02 sys=0.00, real=0.01 secs] 
17.030: [GC (Allocation Failure) [PSYoungGen: 124372K->13599K(147968K)] 194425K->84255K(488448K), 0.0077710 secs] [Times: user=0.04 sys=0.00, real=0.01 secs] 
17.153: [GC (Allocation Failure) [PSYoungGen: 138527K->1350K(149504K)] 209183K->72783K(489984K), 0.0042270 secs] [Times: user=0.03 sys=0.00, real=0.00 secs] 
17.272: [GC (Allocation Failure) [PSYoungGen: 126278K->1150K(147968K)] 197711K->73189K(488448K), 0.0058227 secs] [Times: user=0.02 sys=0.01, real=0.01 secs] 
17.393: [GC (Allocation Failure) [PSYoungGen: 128126K->1579K(148992K)] 200165K->73866K(489472K), 0.0046182 secs] [Times: user=0.02 sys=0.00, real=0.01 secs] 
17.487: [GC (Allocation Failure) [PSYoungGen: 128555K->1804K(150528K)] 200842K->74403K(491008K), 0.0051490 secs] [Times: user=0.02 sys=0.00, real=0.00 secs] 
17.598: [GC (Allocation Failure) [PSYoungGen: 133388K->744K(151552K)] 205987K->73542K(492032K), 0.0055437 secs] [Times: user=0.01 sys=0.00, real=0.00 secs] 
17.828: [GC (Allocation Failure) [PSYoungGen: 132328K->4644K(152576K)] 205126K->77667K(493056K), 0.0053633 secs] [Times: user=0.03 sys=0.00, real=0.01 secs] 
17.930: [GC (Allocation Failure) [PSYoungGen: 140035K->2490K(153600K)] 213057K->77023K(494080K), 0.0297018 secs] [Times: user=0.12 sys=0.00, real=0.03 secs] 
18.040: [GC (Allocation Failure) [PSYoungGen: 138170K->5352K(154624K)] 212703K->79988K(495104K), 0.0047065 secs] [Times: user=0.03 sys=0.00, real=0.01 secs] 
18.105: [GC (Allocation Failure) [PSYoungGen: 145128K->3564K(155648K)] 219764K->78392K(496128K), 0.0042752 secs] [Times: user=0.03 sys=0.00, real=0.00 secs] 
18.174: [GC (Allocation Failure) [PSYoungGen: 143340K->4400K(156672K)] 218168K->79332K(497152K), 0.0106123 secs] [Times: user=0.05 sys=0.00, real=0.01 secs] 
18.271: [GC (Allocation Failure) [PSYoungGen: 148272K->1072K(157696K)] 223204K->76195K(498176K), 0.0039495 secs] [Times: user=0.02 sys=0.00, real=0.01 secs] 
18.341: [GC (Allocation Failure) [PSYoungGen: 144944K->1598K(159232K)] 220067K->76849K(499712K), 0.0044092 secs] [Times: user=0.02 sys=0.00, real=0.01 secs] 
18.409: [GC (Allocation Failure) [PSYoungGen: 149054K->4376K(160256K)] 224305K->79731K(500736K), 0.0046249 secs] [Times: user=0.01 sys=0.00, real=0.01 secs] 
18.502: [GC (Allocation Failure) [PSYoungGen: 151832K->1779K(160256K)] 227187K->77254K(500736K), 0.0038338 secs] [Times: user=0.01 sys=0.00, real=0.01 secs] 
18.594: [GC (Allocation Failure) [PSYoungGen: 151283K->787K(161280K)] 226758K->76732K(501760K), 0.0035567 secs] [Times: user=0.02 sys=0.00, real=0.00 secs] 
19.841: [GC (Allocation Failure) [PSYoungGen: 150291K->448K(162304K)] 226236K->76593K(502784K), 0.0034043 secs] [Times: user=0.01 sys=0.00, real=0.01 secs] 
25.220: [GC (Allocation Failure) [PSYoungGen: 152000K->2171K(162816K)] 228145K->78549K(503296K), 0.0046428 secs] [Times: user=0.02 sys=0.00, real=0.01 secs] 
25.321: [GC (Allocation Failure) [PSYoungGen: 153723K->1575K(162816K)] 230101K->78689K(503296K), 0.0044982 secs] [Times: user=0.02 sys=0.00, real=0.01 secs] 
25.542: [GC (Allocation Failure) [PSYoungGen: 154663K->2235K(162816K)] 231777K->79572K(503296K), 0.0056242 secs] [Times: user=0.02 sys=0.00, real=0.01 secs] 
25.676: [GC (Allocation Failure) [PSYoungGen: 155323K->1511K(164352K)] 232660K->79500K(504832K), 0.0046723 secs] [Times: user=0.02 sys=0.00, real=0.00 secs] 
25.786: [GC (Allocation Failure) [PSYoungGen: 157159K->2132K(164352K)] 235148K->80496K(504832K), 0.0046124 secs] [Times: user=0.02 sys=0.00, real=0.00 secs] 
25.947: [GC (Allocation Failure) [PSYoungGen: 157592K->1760K(165376K)] 235956K->80523K(505856K), 0.0045562 secs] [Times: user=0.02 sys=0.00, real=0.00 secs] 
26.064: [GC (Allocation Failure) [PSYoungGen: 159456K->2171K(165376K)] 238219K->81457K(505856K), 0.0051951 secs] [Times: user=0.03 sys=0.00, real=0.01 secs] 
26.178: [GC (Allocation Failure) [PSYoungGen: 159867K->1547K(166400K)] 239153K->81312K(506880K), 0.0050817 secs] [Times: user=0.02 sys=0.00, real=0.00 secs] 
26.418: [GC (Allocation Failure) [PSYoungGen: 160760K->3624K(166400K)] 240525K->83803K(506880K), 0.0052970 secs] [Times: user=0.01 sys=0.00, real=0.00 secs] 
26.578: [GC (Allocation Failure) [PSYoungGen: 162856K->5054K(166400K)] 243035K->85750K(506880K), 0.0089662 secs] [Times: user=0.04 sys=0.01, real=0.01 secs] 
26.691: [GC (Allocation Failure) [PSYoungGen: 164286K->1353K(166912K)] 244982K->82847K(507392K), 0.0053619 secs] [Times: user=0.02 sys=0.00, real=0.01 secs] 
26.796: [GC (Allocation Failure) [PSYoungGen: 160585K->1414K(166912K)] 242079K->83259K(507392K), 0.0042759 secs] [Times: user=0.02 sys=0.00, real=0.00 secs] 
26.893: [GC (Allocation Failure) [PSYoungGen: 161158K->1725K(166912K)] 243003K->83851K(507392K), 0.0045591 secs] [Times: user=0.02 sys=0.00, real=0.01 secs] 
26.983: [GC (Allocation Failure) [PSYoungGen: 161469K->1735K(166912K)] 243595K->84076K(507392K), 0.0042524 secs] [Times: user=0.01 sys=0.00, real=0.01 secs] 
27.093: [GC (Allocation Failure) [PSYoungGen: 161991K->3129K(166912K)] 244332K->85749K(507392K), 0.0050573 secs] [Times: user=0.03 sys=0.00, real=0.01 secs] 
27.156: [GC (Allocation Failure) [PSYoungGen: 163383K->3695K(166912K)] 246003K->86687K(507392K), 0.0039250 secs] [Times: user=0.02 sys=0.00, real=0.00 secs] 
27.221: [GC (Allocation Failure) [PSYoungGen: 164463K->1701K(167424K)] 247454K->84813K(507904K), 0.0054505 secs] [Times: user=0.03 sys=0.00, real=0.01 secs] 
27.284: [GC (Allocation Failure) [PSYoungGen: 162469K->4941K(167424K)] 245581K->88180K(507904K), 0.0042701 secs] [Times: user=0.03 sys=0.00, real=0.01 secs] 
27.357: [GC (Allocation Failure) [PSYoungGen: 166221K->2872K(167936K)] 249460K->86318K(508416K), 0.0049642 secs] [Times: user=0.02 sys=0.00, real=0.00 secs] 
27.414: [GC (Allocation Failure) [PSYoungGen: 164152K->6518K(165888K)] 247598K->90085K(506368K), 0.0052333 secs] [Times: user=0.02 sys=0.00, real=0.01 secs] 
27.474: [GC (Allocation Failure) [PSYoungGen: 165579K->7359K(166912K)] 249145K->94118K(507392K), 0.0052823 secs] [Times: user=0.02 sys=0.00, real=0.01 secs] 
27.573: [GC (Allocation Failure) [PSYoungGen: 166591K->1861K(164864K)] 253350K->88732K(505344K), 0.0050763 secs] [Times: user=0.03 sys=0.00, real=0.01 secs] 
27.678: [GC (Allocation Failure) [PSYoungGen: 159045K->1171K(165888K)] 245916K->88433K(506368K), 0.0047042 secs] [Times: user=0.02 sys=0.00, real=0.00 secs] 
27.767: [GC (Allocation Failure) [PSYoungGen: 158355K->1649K(165376K)] 245617K->89175K(505856K), 0.0039327 secs] [Times: user=0.02 sys=0.00, real=0.00 secs] 
35.264: [GC (Allocation Failure) [PSYoungGen: 159345K->2415K(165888K)] 246871K->90133K(506368K), 0.0066492 secs] [Times: user=0.03 sys=0.00, real=0.01 secs] 
35.350: [GC (Allocation Failure) [PSYoungGen: 160111K->1254K(166400K)] 247829K->89868K(506880K), 0.0042365 secs] [Times: user=0.01 sys=0.00, real=0.00 secs] 
35.487: [GC (Allocation Failure) [PSYoungGen: 159974K->384K(166400K)] 248588K->89190K(506880K), 0.0036883 secs] [Times: user=0.02 sys=0.00, real=0.00 secs] 
35.667: [GC (Allocation Failure) [PSYoungGen: 159104K->2858K(165888K)] 247910K->91920K(506368K), 0.0052991 secs] [Times: user=0.02 sys=0.01, real=0.00 secs] 
35.756: [GC (Allocation Failure) [PSYoungGen: 162090K->2360K(166400K)] 251152K->92554K(506880K), 0.0051934 secs] [Times: user=0.02 sys=0.00, real=0.00 secs] 
35.848: [GC (Allocation Failure) [PSYoungGen: 161592K->2287K(167424K)] 251786K->93017K(507904K), 0.0100420 secs] [Times: user=0.06 sys=0.00, real=0.01 secs] 
36.038: [GC (Allocation Failure) [PSYoungGen: 163055K->3059K(167424K)] 253785K->94371K(507904K), 0.0052693 secs] [Times: user=0.02 sys=0.01, real=0.00 secs] 
36.137: [GC (Allocation Failure) [PSYoungGen: 163827K->1447K(167424K)] 255139K->93883K(507904K), 0.0044384 secs] [Times: user=0.02 sys=0.00, real=0.00 secs] 
36.231: [GC (Allocation Failure) [PSYoungGen: 162727K->2737K(167424K)] 255163K->95747K(507904K), 0.0047031 secs] [Times: user=0.02 sys=0.00, real=0.01 secs] 
36.482: [GC (Allocation Failure) [PSYoungGen: 164017K->5540K(166912K)] 257027K->99181K(507392K), 0.0053075 secs] [Times: user=0.02 sys=0.00, real=0.01 secs] 
36.615: [GC (Allocation Failure) [PSYoungGen: 166820K->4422K(165888K)] 260461K->98652K(506368K), 0.0165600 secs] [Times: user=0.09 sys=0.01, real=0.02 secs] 
36.726: [GC (Allocation Failure) [PSYoungGen: 165702K->2060K(167936K)] 259932K->97302K(508416K), 0.0087469 secs] [Times: user=0.04 sys=0.00, real=0.00 secs] 
36.826: [GC (Allocation Failure) [PSYoungGen: 162828K->1467K(167424K)] 258070K->96980K(507904K), 0.0043300 secs] [Times: user=0.02 sys=0.01, real=0.00 secs] 
36.937: [GC (Allocation Failure) [PSYoungGen: 162035K->1107K(167424K)] 257548K->96803K(507904K), 0.0051479 secs] [Times: user=0.03 sys=0.00, real=0.00 secs] 
37.039: [GC (Allocation Failure) [PSYoungGen: 161788K->1171K(167424K)] 257485K->97211K(507904K), 0.0046535 secs] [Times: user=0.02 sys=0.00, real=0.00 secs] 
37.124: [GC (Allocation Failure) [PSYoungGen: 161939K->4361K(166912K)] 257979K->100673K(507392K), 0.0057801 secs] [Times: user=0.02 sys=0.00, real=0.01 secs] 
37.177: [GC (Allocation Failure) [PSYoungGen: 165129K->2779K(167424K)] 261441K->99662K(507904K), 0.0042473 secs] [Times: user=0.02 sys=0.00, real=0.00 secs] 
37.238: [GC (Allocation Failure) [PSYoungGen: 163213K->2761K(167936K)] 260095K->99764K(508416K), 0.0043123 secs] [Times: user=0.02 sys=0.00, real=0.00 secs] 
37.300: [GC (Allocation Failure) [PSYoungGen: 164553K->2404K(167936K)] 261556K->99519K(508416K), 0.0037851 secs] [Times: user=0.01 sys=0.00, real=0.00 secs] 
37.360: [GC (Allocation Failure) [PSYoungGen: 164196K->2417K(167936K)] 261311K->99660K(508416K), 0.0047836 secs] [Times: user=0.02 sys=0.00, real=0.00 secs] 
37.440: [GC (Allocation Failure) [PSYoungGen: 164706K->3496K(167936K)] 261948K->100938K(508416K), 0.0054926 secs] [Times: user=0.02 sys=0.00, real=0.00 secs] 
37.511: [GC (Allocation Failure) [PSYoungGen: 165800K->2642K(167936K)] 263242K->100188K(508416K), 0.0050747 secs] [Times: user=0.02 sys=0.00, real=0.00 secs] 
37.597: [GC (Allocation Failure) [PSYoungGen: 165970K->2147K(168448K)] 263516K->99813K(508928K), 0.0042920 secs] [Times: user=0.02 sys=0.00, real=0.00 secs] 
37.691: [GC (Allocation Failure) [PSYoungGen: 165475K->1447K(169472K)] 263141K->99751K(509952K), 0.0043262 secs] [Times: user=0.02 sys=0.00, real=0.00 secs] 
37.797: [GC (Allocation Failure) [PSYoungGen: 165799K->1668K(169472K)] 264103K->100124K(509952K), 0.0069940 secs] [Times: user=0.04 sys=0.00, real=0.00 secs] 
45.133: [GC (Allocation Failure) [PSYoungGen: 166020K->1690K(169472K)] 264476K->100385K(509952K), 0.0046798 secs] [Times: user=0.02 sys=0.00, real=0.01 secs] 
45.228: [GC (Allocation Failure) [PSYoungGen: 166042K->2498K(166912K)] 264737K->102411K(507392K), 0.0065694 secs] [Times: user=0.03 sys=0.01, real=0.00 secs] 
45.322: [GC (Allocation Failure) [PSYoungGen: 166850K->1773K(168960K)] 266763K->101918K(509440K), 0.0058851 secs] [Times: user=0.03 sys=0.00, real=0.00 secs] 
45.466: [GC (Allocation Failure) [PSYoungGen: 166125K->548K(168960K)] 266270K->100868K(509440K), 0.0047075 secs] [Times: user=0.02 sys=0.00, real=0.01 secs] 
45.636: [GC (Allocation Failure) [PSYoungGen: 164900K->3687K(168960K)] 265220K->104309K(509440K), 0.0081496 secs] [Times: user=0.03 sys=0.00, real=0.01 secs] 
45.720: [GC (Allocation Failure) [PSYoungGen: 168039K->2676K(169472K)] 268661K->104670K(509952K), 0.0046995 secs] [Times: user=0.02 sys=0.00, real=0.00 secs] 
45.813: [GC (Allocation Failure) [PSYoungGen: 167028K->2552K(168448K)] 269022K->105226K(508928K), 0.0044668 secs] [Times: user=0.02 sys=0.01, real=0.00 secs] 
45.966: [GC (Allocation Failure) [PSYoungGen: 166904K->3097K(168960K)] 269578K->106519K(509440K), 0.0051623 secs] [Times: user=0.01 sys=0.00, real=0.01 secs] 
46.078: [GC (Allocation Failure) [PSYoungGen: 167449K->2621K(169472K)] 270871K->106893K(509952K), 0.0046836 secs] [Times: user=0.02 sys=0.00, real=0.00 secs] 
46.185: [GC (Allocation Failure) [PSYoungGen: 167485K->2760K(169472K)] 271757K->107788K(509952K), 0.0044258 secs] [Times: user=0.02 sys=0.01, real=0.01 secs] 
46.263: [GC (Allocation Failure) [PSYoungGen: 167624K->3034K(169984K)] 272652K->109430K(510464K), 0.0102087 secs] [Times: user=0.02 sys=0.02, real=0.01 secs] 
46.576: [GC (Allocation Failure) [PSYoungGen: 168150K->4580K(169984K)] 274546K->116005K(510464K), 0.0110212 secs] [Times: user=0.03 sys=0.01, real=0.01 secs] 
46.679: [GC (Allocation Failure) [PSYoungGen: 169956K->1355K(164864K)] 281381K->114227K(505344K), 0.0054301 secs] [Times: user=0.02 sys=0.00, real=0.00 secs] 
46.798: [GC (Allocation Failure) [PSYoungGen: 161611K->1539K(167424K)] 274483K->114704K(507904K), 0.0135806 secs] [Times: user=0.03 sys=0.00, real=0.01 secs] 
46.915: [GC (Allocation Failure) [PSYoungGen: 161795K->1060K(166400K)] 274960K->114393K(506880K), 0.0051953 secs] [Times: user=0.02 sys=0.00, real=0.01 secs] 
47.015: [GC (Allocation Failure) [PSYoungGen: 161316K->788K(166912K)] 274649K->114369K(507392K), 0.0047294 secs] [Times: user=0.02 sys=0.00, real=0.01 secs] 
47.140: [GC (Allocation Failure) [PSYoungGen: 161044K->969K(167936K)] 274625K->114798K(508416K), 0.0040093 secs] [Times: user=0.02 sys=0.00, real=0.00 secs] 
47.226: [GC (Allocation Failure) [PSYoungGen: 162249K->2385K(163840K)] 276078K->116486K(504320K), 0.0057801 secs] [Times: user=0.02 sys=0.01, real=0.01 secs] 
47.307: [GC (Allocation Failure) [PSYoungGen: 163665K->3592K(167424K)] 277766K->118272K(507904K), 0.0054458 secs] [Times: user=0.03 sys=0.00, real=0.01 secs] 
47.395: [GC (Allocation Failure) [PSYoungGen: 164872K->4554K(167424K)] 279552K->119338K(507904K), 0.0060966 secs] [Times: user=0.03 sys=0.00, real=0.01 secs] 
47.477: [GC (Allocation Failure) [PSYoungGen: 165834K->2624K(167936K)] 280618K->117496K(508416K), 0.0091329 secs] [Times: user=0.03 sys=0.00, real=0.01 secs] 
47.556: [GC (Allocation Failure) [PSYoungGen: 164416K->3622K(167936K)] 279288K->118693K(508416K), 0.0159628 secs] [Times: user=0.05 sys=0.01, real=0.02 secs] 
47.631: [GC (Allocation Failure) [PSYoungGen: 165414K->5745K(166400K)] 280485K->120904K(506880K), 0.0189268 secs] [Times: user=0.06 sys=0.01, real=0.02 secs] 
47.700: [GC (Allocation Failure) [PSYoungGen: 166001K->4161K(167424K)] 281160K->119536K(507904K), 0.0145629 secs] [Times: user=0.07 sys=0.01, real=0.01 secs] 
47.789: [GC (Allocation Failure) [PSYoungGen: 161881K->506K(167424K)] 277256K->115977K(507904K), 0.0052484 secs] [Times: user=0.02 sys=0.00, real=0.00 secs] 
47.888: [GC (Allocation Failure) [PSYoungGen: 160762K->1738K(167424K)] 276233K->117491K(507904K), 0.0136789 secs] [Times: user=0.02 sys=0.00, real=0.01 secs] 
48.028: [GC (Allocation Failure) [PSYoungGen: 161994K->1386K(166400K)] 277747K->117375K(506880K), 0.0050431 secs] [Times: user=0.02 sys=0.00, real=0.00 secs] 
48.133: [GC (Allocation Failure) [PSYoungGen: 161642K->1856K(166912K)] 277631K->118076K(507392K), 0.0065952 secs] [Times: user=0.03 sys=0.00, real=0.01 secs] 
55.139: [GC (Allocation Failure) [PSYoungGen: 162112K->2889K(166912K)] 278332K->119245K(507392K), 0.0047395 secs] [Times: user=0.02 sys=0.00, real=0.00 secs] 
55.217: [GC (Allocation Failure) [PSYoungGen: 164162K->1411K(167424K)] 280518K->119069K(507904K), 0.0044061 secs] [Times: user=0.02 sys=0.00, real=0.01 secs] 
55.305: [GC (Allocation Failure) [PSYoungGen: 162691K->1989K(168448K)] 280349K->119791K(508928K), 0.0042339 secs] [Times: user=0.02 sys=0.00, real=0.01 secs] 
55.395: [GC (Allocation Failure) [PSYoungGen: 164293K->2026K(164352K)] 282095K->120060K(504832K), 0.0040499 secs] [Times: user=0.02 sys=0.00, real=0.01 secs] 
55.598: [GC (Allocation Failure) [PSYoungGen: 164330K->4881K(167424K)] 282364K->123075K(507904K), 0.0057442 secs] [Times: user=0.03 sys=0.00, real=0.01 secs] 
55.662: [GC (Allocation Failure) [PSYoungGen: 166673K->2003K(167936K)] 284867K->122026K(508416K), 0.0047679 secs] [Times: user=0.02 sys=0.00, real=0.00 secs] 
55.743: [GC (Allocation Failure) [PSYoungGen: 163795K->4864K(167424K)] 283818K->125568K(507904K), 0.0054847 secs] [Times: user=0.03 sys=0.00, real=0.01 secs] 
55.822: [GC (Allocation Failure) [PSYoungGen: 166144K->736K(167936K)] 286848K->122228K(508416K), 0.0034109 secs] [Times: user=0.02 sys=0.00, real=0.00 secs] 
55.982: [GC (Allocation Failure) [PSYoungGen: 162016K->5408K(166912K)] 283508K->127517K(507392K), 0.0048904 secs] [Times: user=0.03 sys=0.00, real=0.00 secs] 
56.052: [GC (Allocation Failure) [PSYoungGen: 165664K->2877K(167424K)] 287773K->127253K(507904K), 0.0042986 secs] [Times: user=0.03 sys=0.00, real=0.00 secs] 
56.143: [GC (Allocation Failure) [PSYoungGen: 163133K->3050K(167424K)] 287509K->128082K(507904K), 0.0066453 secs] [Times: user=0.03 sys=0.00, real=0.01 secs] 
56.239: [GC (Allocation Failure) [PSYoungGen: 163818K->704K(167424K)] 288850K->126596K(507904K), 0.0039348 secs] [Times: user=0.02 sys=0.00, real=0.00 secs] 
56.475: [GC (Allocation Failure) [PSYoungGen: 161472K->6632K(163840K)] 287364K->135684K(504320K), 0.0125943 secs] [Times: user=0.03 sys=0.00, real=0.01 secs] 
56.548: [GC (Allocation Failure) [PSYoungGen: 163816K->1965K(165888K)] 292868K->133134K(506368K), 0.0038922 secs] [Times: user=0.02 sys=0.00, real=0.01 secs] 
56.605: [GC (Allocation Failure) [PSYoungGen: 159149K->1881K(164864K)] 290318K->133461K(505344K), 0.0045753 secs] [Times: user=0.02 sys=0.00, real=0.01 secs] 
56.671: [GC (Allocation Failure) [PSYoungGen: 159065K->2685K(165376K)] 290645K->134409K(505856K), 0.0040161 secs] [Times: user=0.02 sys=0.00, real=0.00 secs] 
56.732: [GC (Allocation Failure) [PSYoungGen: 159869K->1043K(166400K)] 291593K->132911K(506880K), 0.0040546 secs] [Times: user=0.02 sys=0.00, real=0.00 secs] 
56.810: [GC (Allocation Failure) [PSYoungGen: 159763K->990K(166400K)] 291631K->133249K(506880K), 0.0034580 secs] [Times: user=0.02 sys=0.01, real=0.00 secs] 
56.893: [GC (Allocation Failure) [PSYoungGen: 159710K->6272K(164864K)] 291969K->138811K(505344K), 0.0046079 secs] [Times: user=0.03 sys=0.00, real=0.00 secs] 
56.944: [GC (Allocation Failure) [PSYoungGen: 163456K->3006K(165888K)] 295995K->136123K(506368K), 0.0049972 secs] [Times: user=0.03 sys=0.01, real=0.00 secs] 
56.996: [GC (Allocation Failure) [PSYoungGen: 159859K->6368K(165376K)] 292977K->139693K(505856K), 0.0052535 secs] [Times: user=0.02 sys=0.00, real=0.01 secs] 
57.051: [GC (Allocation Failure) [PSYoungGen: 163552K->3120K(165888K)] 296877K->136541K(506368K), 0.0051090 secs] [Times: user=0.03 sys=0.01, real=0.00 secs] 
57.109: [GC (Allocation Failure) [PSYoungGen: 160304K->4574K(165888K)] 293725K->138195K(506368K), 0.0045839 secs] [Times: user=0.02 sys=0.00, real=0.01 secs] 
57.164: [GC (Allocation Failure) [PSYoungGen: 162270K->5043K(165888K)] 295891K->138777K(506368K), 0.0054992 secs] [Times: user=0.02 sys=0.00, real=0.01 secs] 
57.224: [GC (Allocation Failure) [PSYoungGen: 162739K->3220K(166400K)] 296473K->137057K(506880K), 0.0040875 secs] [Times: user=0.02 sys=0.00, real=0.00 secs] 
57.276: [GC (Allocation Failure) [PSYoungGen: 161428K->2263K(160768K)] 295265K->136212K(501248K), 0.0040770 secs] [Times: user=0.02 sys=0.01, real=0.01 secs] 
57.347: [GC (Allocation Failure) [PSYoungGen: 160471K->2943K(165888K)] 294420K->137091K(506368K), 0.0050043 secs] [Times: user=0.03 sys=0.00, real=0.01 secs] 
57.444: [GC (Allocation Failure) [PSYoungGen: 161151K->3583K(165888K)] 295299K->138540K(506368K), 0.0050522 secs] [Times: user=0.03 sys=0.00, real=0.00 secs] 
57.534: [GC (Allocation Failure) [PSYoungGen: 161791K->2738K(166400K)] 296748K->137927K(506880K), 0.0044499 secs] [Times: user=0.02 sys=0.00, real=0.00 secs] 
57.618: [GC (Allocation Failure) [PSYoungGen: 161970K->2901K(166400K)] 297159K->138218K(506880K), 0.0038646 secs] [Times: user=0.02 sys=0.00, real=0.01 secs] 
65.125: [GC (Allocation Failure) [PSYoungGen: 162133K->4790K(166400K)] 297450K->140267K(506880K), 0.0180074 secs] [Times: user=0.07 sys=0.04, real=0.02 secs] 
65.220: [GC (Allocation Failure) [PSYoungGen: 164534K->2179K(166912K)] 300011K->139278K(507392K), 0.0066810 secs] [Times: user=0.02 sys=0.00, real=0.01 secs] 
65.283: [GC (Allocation Failure) [PSYoungGen: 161923K->1572K(167424K)] 299022K->138799K(507904K), 0.0136881 secs] [Times: user=0.07 sys=0.00, real=0.01 secs] 
65.360: [GC (Allocation Failure) [PSYoungGen: 162340K->2677K(167424K)] 299567K->140040K(507904K), 0.0043498 secs] [Times: user=0.02 sys=0.00, real=0.01 secs] 
65.521: [GC (Allocation Failure) [PSYoungGen: 163445K->3426K(166912K)] 300808K->141021K(507392K), 0.0052007 secs] [Times: user=0.02 sys=0.00, real=0.00 secs] 
65.646: [GC (Allocation Failure) [PSYoungGen: 164706K->4802K(167424K)] 302301K->143152K(507904K), 0.0072633 secs] [Times: user=0.03 sys=0.00, real=0.01 secs] 
65.737: [GC (Allocation Failure) [PSYoungGen: 166082K->2318K(167936K)] 304432K->142593K(508416K), 0.0053786 secs] [Times: user=0.02 sys=0.00, real=0.01 secs] 
65.828: [GC (Allocation Failure) [PSYoungGen: 163598K->4090K(167936K)] 303873K->145013K(508416K), 0.0052708 secs] [Times: user=0.02 sys=0.00, real=0.01 secs] 
65.900: [GC (Allocation Failure) [PSYoungGen: 165370K->3357K(166912K)] 306293K->146157K(507392K), 0.0068604 secs] [Times: user=0.04 sys=0.00, real=0.01 secs] 
66.087: [GC (Allocation Failure) [PSYoungGen: 164637K->6112K(167424K)] 307437K->150174K(507904K), 0.0053696 secs] [Times: user=0.02 sys=0.01, real=0.01 secs] 
66.147: [GC (Allocation Failure) [PSYoungGen: 167392K->3285K(167424K)] 311454K->150075K(507904K), 0.0058610 secs] [Times: user=0.03 sys=0.01, real=0.01 secs] 
66.236: [GC (Allocation Failure) [PSYoungGen: 159572K->2052K(167424K)] 306362K->149714K(507904K), 0.0037023 secs] [Times: user=0.02 sys=0.00, real=0.00 secs] 
66.307: [GC (Allocation Failure) [PSYoungGen: 162308K->2150K(167424K)] 309970K->151600K(507904K), 0.0047747 secs] [Times: user=0.02 sys=0.00, real=0.01 secs] 
66.502: [GC (Allocation Failure) [PSYoungGen: 162399K->4531K(167424K)] 311849K->154567K(507904K), 0.0046848 secs] [Times: user=0.01 sys=0.00, real=0.00 secs] 
66.666: [GC (Allocation Failure) [PSYoungGen: 164787K->7153K(161280K)] 314823K->162233K(501760K), 0.0166351 secs] [Times: user=0.06 sys=0.01, real=0.02 secs] 
66.760: [GC (Allocation Failure) [PSYoungGen: 161265K->1299K(164352K)] 316345K->158030K(504832K), 0.0046315 secs] [Times: user=0.03 sys=0.00, real=0.01 secs] 
66.843: [GC (Allocation Failure) [PSYoungGen: 155411K->1001K(163328K)] 312142K->158082K(503808K), 0.0053253 secs] [Times: user=0.02 sys=0.01, real=0.00 secs] 
66.933: [GC (Allocation Failure) [PSYoungGen: 155113K->2610K(163840K)] 312194K->159971K(504320K), 0.0045596 secs] [Times: user=0.02 sys=0.00, real=0.00 secs] 
66.997: [GC (Allocation Failure) [PSYoungGen: 156722K->2939K(163840K)] 314083K->160444K(504320K), 0.0047434 secs] [Times: user=0.02 sys=0.00, real=0.01 secs] 
67.063: [GC (Allocation Failure) [PSYoungGen: 158075K->894K(164352K)] 315580K->158551K(504832K), 0.0036639 secs] [Times: user=0.02 sys=0.00, real=0.00 secs] 
67.131: [GC (Allocation Failure) [PSYoungGen: 156030K->4986K(165376K)] 313687K->162779K(505856K), 0.0050547 secs] [Times: user=0.03 sys=0.00, real=0.00 secs] 
67.181: [GC (Allocation Failure) [PSYoungGen: 161146K->3639K(160256K)] 318939K->162503K(500736K), 0.0051240 secs] [Times: user=0.02 sys=0.00, real=0.00 secs] 
67.225: [GC (Allocation Failure) [PSYoungGen: 159799K->4872K(164864K)] 318663K->163904K(505344K), 0.0051078 secs] [Times: user=0.02 sys=0.00, real=0.00 secs] 
67.265: [GC (Allocation Failure) [PSYoungGen: 161032K->4929K(164864K)] 320064K->164114K(505344K), 0.0042432 secs] [Times: user=0.02 sys=0.00, real=0.00 secs] 
67.310: [GC (Allocation Failure) [PSYoungGen: 161089K->5648K(165888K)] 320274K->164912K(506368K), 0.0041920 secs] [Times: user=0.02 sys=0.00, real=0.01 secs] 
67.357: [GC (Allocation Failure) [PSYoungGen: 162646K->5920K(163328K)] 321910K->165280K(503808K), 0.0045672 secs] [Times: user=0.03 sys=0.00, real=0.01 secs] 
67.403: [GC (Allocation Failure) [PSYoungGen: 163104K->3980K(165888K)] 322464K->163444K(506368K), 0.0043237 secs] [Times: user=0.02 sys=0.00, real=0.00 secs] 
67.442: [GC (Allocation Failure) [PSYoungGen: 160652K->2524K(165376K)] 320116K->162068K(505856K), 0.0062695 secs] [Times: user=0.01 sys=0.00, real=0.01 secs] 
67.485: [GC (Allocation Failure) [PSYoungGen: 159196K->3177K(165376K)] 318740K->162817K(505856K), 0.0040835 secs] [Times: user=0.01 sys=0.00, real=0.00 secs] 
67.556: [GC (Allocation Failure) [PSYoungGen: 160361K->3518K(165376K)] 320001K->163278K(505856K), 0.0068949 secs] [Times: user=0.03 sys=0.00, real=0.01 secs] 
67.646: [GC (Allocation Failure) [PSYoungGen: 160702K->4161K(165888K)] 320462K->165044K(506368K), 0.0053578 secs] [Times: user=0.02 sys=0.00, real=0.01 secs] 
67.729: [GC (Allocation Failure) [PSYoungGen: 162369K->1996K(165888K)] 323252K->163095K(506368K), 0.0046175 secs] [Times: user=0.01 sys=0.01, real=0.01 secs] 
67.809: [GC (Allocation Failure) [PSYoungGen: 160204K->4570K(166912K)] 321303K->165789K(507392K), 0.0054998 secs] [Times: user=0.02 sys=0.00, real=0.01 secs] 
75.146: [GC (Allocation Failure) [PSYoungGen: 163802K->4502K(166912K)] 325021K->165929K(507392K), 0.0069776 secs] [Times: user=0.02 sys=0.00, real=0.01 secs] 
75.220: [GC (Allocation Failure) [PSYoungGen: 163734K->4498K(165888K)] 325161K->167768K(506368K), 0.0053722 secs] [Times: user=0.03 sys=0.00, real=0.01 secs] 
75.276: [GC (Allocation Failure) [PSYoungGen: 163730K->3000K(166400K)] 327000K->166399K(506880K), 0.0042391 secs] [Times: user=0.02 sys=0.00, real=0.00 secs] 
75.342: [GC (Allocation Failure) [PSYoungGen: 162232K->2691K(167424K)] 325631K->166209K(507904K), 0.0043205 secs] [Times: user=0.01 sys=0.00, real=0.00 secs] 
75.414: [GC (Allocation Failure) [PSYoungGen: 162947K->2649K(167424K)] 326465K->166288K(507904K), 0.0041179 secs] [Times: user=0.02 sys=0.00, real=0.00 secs] 
75.607: [GC (Allocation Failure) [PSYoungGen: 162905K->5719K(166400K)] 326544K->169486K(506880K), 0.0054760 secs] [Times: user=0.03 sys=0.00, real=0.01 secs] 
75.709: [GC (Allocation Failure) [PSYoungGen: 164951K->4235K(166912K)] 328718K->169274K(507392K), 0.0053836 secs] [Times: user=0.02 sys=0.01, real=0.01 secs] 
75.778: [GC (Allocation Failure) [PSYoungGen: 163467K->3601K(166912K)] 328506K->171177K(507392K), 0.0053436 secs] [Times: user=0.04 sys=0.00, real=0.01 secs] 
75.880: [GC (Allocation Failure) [PSYoungGen: 163345K->4666K(166912K)] 330921K->172986K(507392K), 0.0050734 secs] [Times: user=0.03 sys=0.00, real=0.01 secs] 
75.966: [GC (Allocation Failure) [PSYoungGen: 164410K->3914K(166400K)] 332730K->174350K(506880K), 0.0063850 secs] [Times: user=0.04 sys=0.00, real=0.01 secs] 
76.178: [GC (Allocation Failure) [PSYoungGen: 164170K->5375K(166912K)] 334606K->176490K(507392K), 0.0060013 secs] [Times: user=0.03 sys=0.00, real=0.01 secs] 
76.254: [GC (Allocation Failure) [PSYoungGen: 165631K->2766K(167424K)] 336746K->176550K(507904K), 0.0052786 secs] [Times: user=0.02 sys=0.00, real=0.00 secs] 
76.332: [GC (Allocation Failure) [PSYoungGen: 163022K->3250K(163840K)] 336806K->177729K(504320K), 0.0054091 secs] [Times: user=0.02 sys=0.00, real=0.00 secs] 
76.427: [GC (Allocation Failure) [PSYoungGen: 163506K->5438K(166400K)] 337985K->180597K(506880K), 0.0069864 secs] [Times: user=0.03 sys=0.00, real=0.01 secs] 
76.533: [GC (Allocation Failure) [PSYoungGen: 165182K->800K(166912K)] 340341K->176970K(507392K), 0.0036660 secs] [Times: user=0.02 sys=0.00, real=0.00 secs] 
76.775: [GC (Allocation Failure) [PSYoungGen: 160544K->7164K(161280K)] 336714K->188588K(501760K), 0.0125286 secs] [Times: user=0.03 sys=0.01, real=0.01 secs] 
76.847: [GC (Allocation Failure) [PSYoungGen: 161276K->3810K(164352K)] 342700K->188128K(504832K), 0.0054463 secs] [Times: user=0.02 sys=0.01, real=0.00 secs] 
76.925: [GC (Allocation Failure) [PSYoungGen: 157922K->3990K(162816K)] 342240K->188631K(503296K), 0.0052832 secs] [Times: user=0.02 sys=0.00, real=0.00 secs] 
77.000: [GC (Allocation Failure) [PSYoungGen: 158614K->3669K(163840K)] 343255K->188533K(504320K), 0.0051607 secs] [Times: user=0.02 sys=0.00, real=0.01 secs] 
77.061: [GC (Allocation Failure) [PSYoungGen: 158293K->3011K(164352K)] 343157K->188012K(504832K), 0.0044667 secs] [Times: user=0.02 sys=0.00, real=0.01 secs] 
77.117: [GC (Allocation Failure) [PSYoungGen: 159171K->1043K(164864K)] 344172K->186179K(505344K), 0.0038843 secs] [Times: user=0.02 sys=0.00, real=0.00 secs] 
77.177: [GC (Allocation Failure) [PSYoungGen: 157203K->1660K(165376K)] 342339K->187116K(505856K), 0.0041924 secs] [Times: user=0.01 sys=0.00, real=0.00 secs] 
77.243: [GC (Allocation Failure) [PSYoungGen: 158332K->3678K(165376K)] 343788K->189390K(505856K), 0.0047269 secs] [Times: user=0.02 sys=0.00, real=0.00 secs] 
77.285: [GC (Allocation Failure) [PSYoungGen: 160350K->2606K(165376K)] 346062K->189530K(505856K), 0.0044144 secs] [Times: user=0.01 sys=0.00, real=0.00 secs] 
77.326: [GC (Allocation Failure) [PSYoungGen: 159790K->4581K(165376K)] 346714K->191602K(505856K), 0.0046533 secs] [Times: user=0.03 sys=0.00, real=0.00 secs] 
77.371: [GC (Allocation Failure) [PSYoungGen: 161765K->4188K(165376K)] 348786K->191296K(505856K), 0.0042414 secs] [Times: user=0.01 sys=0.00, real=0.01 secs] 
77.419: [GC (Allocation Failure) [PSYoungGen: 162396K->6686K(165888K)] 349504K->193883K(506368K), 0.0050449 secs] [Times: user=0.03 sys=0.00, real=0.01 secs] 
77.462: [GC (Allocation Failure) [PSYoungGen: 164894K->2582K(166400K)] 352091K->189874K(506880K), 0.0037244 secs] [Times: user=0.02 sys=0.00, real=0.01 secs] 
77.512: [GC (Allocation Failure) [PSYoungGen: 160278K->4123K(165888K)] 347570K->191631K(506368K), 0.0046671 secs] [Times: user=0.02 sys=0.00, real=0.01 secs] 
77.579: [GC (Allocation Failure) [PSYoungGen: 161819K->1822K(165888K)] 349327K->189410K(506368K), 0.0065412 secs] [Times: user=0.02 sys=0.00, real=0.01 secs] 
77.637: [GC (Allocation Failure) [PSYoungGen: 159518K->4677K(165888K)] 347106K->192473K(506368K), 0.0048733 secs] [Times: user=0.02 sys=0.00, real=0.00 secs] 
77.713: [GC (Allocation Failure) [PSYoungGen: 162359K->4271K(165376K)] 350155K->192179K(505856K), 0.0041921 secs] [Times: user=0.03 sys=0.00, real=0.00 secs] 
77.776: [GC (Allocation Failure) [PSYoungGen: 162479K->3682K(165888K)] 350387K->192845K(506368K), 0.0055858 secs] [Times: user=0.03 sys=0.00, real=0.00 secs] 
77.837: [GC (Allocation Failure) [PSYoungGen: 161890K->3594K(166912K)] 351053K->192868K(507392K), 0.0046959 secs] [Times: user=0.02 sys=0.00, real=0.00 secs] 
77.899: [GC (Allocation Failure) [PSYoungGen: 163338K->3561K(166912K)] 352612K->192971K(507392K), 0.0061812 secs] [Times: user=0.02 sys=0.00, real=0.01 secs] 
77.977: [GC (Allocation Failure) [PSYoungGen: 163305K->3711K(166912K)] 352715K->193225K(507392K), 0.0063927 secs] [Times: user=0.03 sys=0.00, real=0.01 secs] 
85.160: [GC (Allocation Failure) [PSYoungGen: 163967K->5496K(166912K)] 353481K->195130K(507392K), 0.0056263 secs] [Times: user=0.03 sys=0.00, real=0.01 secs] 
85.226: [GC (Allocation Failure) [PSYoungGen: 165739K->2958K(167424K)] 355373K->194890K(507904K), 0.0051686 secs] [Times: user=0.03 sys=0.01, real=0.00 secs] 
85.285: [GC (Allocation Failure) [PSYoungGen: 163726K->3840K(167424K)] 355658K->195900K(507904K), 0.0051503 secs] [Times: user=0.02 sys=0.00, real=0.00 secs] 
85.341: [GC (Allocation Failure) [PSYoungGen: 164608K->3507K(166912K)] 356668K->195695K(507392K), 0.0048661 secs] [Times: user=0.02 sys=0.00, real=0.01 secs] 
85.397: [GC (Allocation Failure) [PSYoungGen: 164787K->2150K(167424K)] 356975K->194578K(507904K), 0.0037278 secs] [Times: user=0.02 sys=0.00, real=0.00 secs] 
85.627: [GC (Allocation Failure) [PSYoungGen: 163430K->6448K(166912K)] 355858K->199019K(507392K), 0.0075261 secs] [Times: user=0.03 sys=0.00, real=0.01 secs] 
85.692: [GC (Allocation Failure) [PSYoungGen: 166704K->3881K(167424K)] 359275K->199149K(507904K), 0.0059525 secs] [Times: user=0.03 sys=0.00, real=0.01 secs] 
85.751: [GC (Allocation Failure) [PSYoungGen: 164137K->4640K(167424K)] 359405K->200580K(507904K), 0.0049907 secs] [Times: user=0.02 sys=0.00, real=0.01 secs] 
85.837: [GC (Allocation Failure) [PSYoungGen: 164896K->4003K(164352K)] 360836K->200751K(504832K), 0.0053636 secs] [Times: user=0.02 sys=0.01, real=0.00 secs] 
85.895: [GC (Allocation Failure) [PSYoungGen: 164259K->3787K(166912K)] 361007K->203895K(507392K), 0.0081168 secs] [Times: user=0.03 sys=0.01, real=0.01 secs] 
86.074: [GC (Allocation Failure) [PSYoungGen: 164043K->6551K(166912K)] 364151K->207633K(507392K), 0.0078510 secs] [Times: user=0.02 sys=0.02, real=0.00 secs] 
86.169: [GC (Allocation Failure) [PSYoungGen: 166807K->4084K(167424K)] 367889K->206526K(507904K), 0.0053871 secs] [Times: user=0.02 sys=0.01, real=0.01 secs] 
86.226: [GC (Allocation Failure) [PSYoungGen: 164340K->4676K(165376K)] 366782K->210502K(505856K), 0.0076980 secs] [Times: user=0.05 sys=0.00, real=0.00 secs] 
86.316: [GC (Allocation Failure) [PSYoungGen: 164932K->5379K(166400K)] 370758K->211989K(506880K), 0.0049263 secs] [Times: user=0.02 sys=0.00, real=0.00 secs] 
86.372: [GC (Allocation Failure) [PSYoungGen: 165123K->4708K(166912K)] 371733K->213624K(507392K), 0.0051876 secs] [Times: user=0.03 sys=0.00, real=0.01 secs] 
86.585: [GC (Allocation Failure) [PSYoungGen: 164452K->6638K(166400K)] 373368K->216274K(506880K), 0.0058996 secs] [Times: user=0.02 sys=0.00, real=0.00 secs] 
86.721: [GC (Allocation Failure) [PSYoungGen: 165870K->3906K(166912K)] 375506K->214267K(507392K), 0.0043170 secs] [Times: user=0.02 sys=0.00, real=0.01 secs] 
86.804: [GC (Allocation Failure) [PSYoungGen: 163138K->1159K(166400K)] 373499K->213632K(506880K), 0.0041617 secs] [Times: user=0.02 sys=0.01, real=0.00 secs] 
86.863: [GC (Allocation Failure) [PSYoungGen: 160387K->2689K(166912K)] 372860K->215482K(507392K), 0.0047582 secs] [Times: user=0.02 sys=0.00, real=0.01 secs] 
86.920: [GC (Allocation Failure) [PSYoungGen: 161921K->4378K(165888K)] 374714K->217379K(506368K), 0.0053911 secs] [Times: user=0.03 sys=0.00, real=0.01 secs] 
86.975: [GC (Allocation Failure) [PSYoungGen: 163610K->2148K(166400K)] 376611K->215252K(506880K), 0.0048981 secs] [Times: user=0.02 sys=0.00, real=0.00 secs] 
87.042: [GC (Allocation Failure) [PSYoungGen: 161380K->3204K(166912K)] 374484K->216539K(507392K), 0.0050839 secs] [Times: user=0.02 sys=0.00, real=0.01 secs] 
87.114: [GC (Allocation Failure) [PSYoungGen: 162948K->3129K(166912K)] 376283K->216577K(507392K), 0.0050284 secs] [Times: user=0.01 sys=0.00, real=0.00 secs] 
87.185: [GC (Allocation Failure) [PSYoungGen: 162873K->7036K(165376K)] 376321K->220716K(505856K), 0.0050253 secs] [Times: user=0.02 sys=0.00, real=0.00 secs] 
87.238: [GC (Allocation Failure) [PSYoungGen: 165244K->4019K(166400K)] 378924K->218544K(506880K), 0.0056765 secs] [Times: user=0.02 sys=0.01, real=0.01 secs] 
87.287: [GC (Allocation Failure) [PSYoungGen: 162227K->4233K(164864K)] 376752K->218847K(505344K), 0.0044502 secs] [Times: user=0.02 sys=0.00, real=0.00 secs] 
87.331: [GC (Allocation Failure) [PSYoungGen: 162953K->5206K(165888K)] 377567K->219899K(506368K), 0.0108027 secs] [Times: user=0.04 sys=0.00, real=0.01 secs] 
87.385: [GC (Allocation Failure) [PSYoungGen: 163926K->3432K(166912K)] 378619K->218214K(507392K), 0.0045855 secs] [Times: user=0.02 sys=0.00, real=0.00 secs] 
87.426: [GC (Allocation Failure) [PSYoungGen: 163176K->4598K(166912K)] 377958K->219595K(507392K), 0.0049137 secs] [Times: user=0.02 sys=0.00, real=0.00 secs] 
87.468: [GC (Allocation Failure) [PSYoungGen: 164342K->2932K(167424K)] 379339K->218016K(507904K), 0.0043086 secs] [Times: user=0.02 sys=0.00, real=0.00 secs] 
87.509: [GC (Allocation Failure) [PSYoungGen: 163188K->5068K(167424K)] 378272K->220249K(507904K), 0.0051355 secs] [Times: user=0.02 sys=0.00, real=0.01 secs] 
87.558: [GC (Allocation Failure) [PSYoungGen: 165324K->3711K(167424K)] 380505K->218963K(507904K), 0.0074401 secs] [Times: user=0.02 sys=0.00, real=0.01 secs] 
87.627: [GC (Allocation Failure) [PSYoungGen: 163967K->3886K(164352K)] 379219K->219362K(504832K), 0.0053761 secs] [Times: user=0.03 sys=0.00, real=0.00 secs] 
87.698: [GC (Allocation Failure) [PSYoungGen: 164142K->3539K(166912K)] 379618K->219841K(507392K), 0.0049016 secs] [Times: user=0.02 sys=0.00, real=0.00 secs] 
87.769: [GC (Allocation Failure) [PSYoungGen: 163795K->3242K(166912K)] 380097K->219640K(507392K), 0.0055359 secs] [Times: user=0.02 sys=0.00, real=0.01 secs] 
87.831: [GC (Allocation Failure) [PSYoungGen: 163431K->2336K(167936K)] 379828K->218957K(508416K), 0.0049722 secs] [Times: user=0.02 sys=0.00, real=0.01 secs] 
87.900: [GC (Allocation Failure) [PSYoungGen: 163616K->3634K(165376K)] 380237K->220367K(505856K), 0.0048509 secs] [Times: user=0.02 sys=0.00, real=0.01 secs] 
95.168: [GC (Allocation Failure) [PSYoungGen: 164914K->5652K(166912K)] 381647K->222505K(507392K), 0.0077013 secs] [Times: user=0.03 sys=0.00, real=0.01 secs] 
95.231: [GC (Allocation Failure) [PSYoungGen: 166420K->2910K(167424K)] 383273K->222316K(507904K), 0.0073782 secs] [Times: user=0.02 sys=0.01, real=0.01 secs] 
95.298: [GC (Allocation Failure) [PSYoungGen: 163678K->4949K(167936K)] 383084K->224467K(508416K), 0.0047608 secs] [Times: user=0.02 sys=0.00, real=0.00 secs] 
95.361: [GC (Allocation Failure) [PSYoungGen: 166229K->3254K(167936K)] 385747K->223019K(508416K), 0.0041531 secs] [Times: user=0.02 sys=0.01, real=0.01 secs] 
95.420: [GC (Allocation Failure) [PSYoungGen: 164504K->3244K(167936K)] 384269K->223129K(508416K), 0.0041221 secs] [Times: user=0.02 sys=0.00, real=0.00 secs] 
95.632: [GC (Allocation Failure) [PSYoungGen: 164524K->6643K(167936K)] 384409K->227529K(508416K), 0.0090506 secs] [Times: user=0.02 sys=0.00, real=0.01 secs] 
95.736: [GC (Allocation Failure) [PSYoungGen: 167923K->4352K(165888K)] 388809K->228098K(506368K), 0.0051043 secs] [Times: user=0.02 sys=0.00, real=0.00 secs] 
95.792: [GC (Allocation Failure) [PSYoungGen: 163583K->3130K(166912K)] 387330K->229947K(507392K), 0.0041922 secs] [Times: user=0.02 sys=0.01, real=0.01 secs] 
95.856: [GC (Allocation Failure) [PSYoungGen: 162362K->2983K(166400K)] 389179K->230544K(506880K), 0.0040315 secs] [Times: user=0.02 sys=0.00, real=0.00 secs] 
95.947: [GC (Allocation Failure) [PSYoungGen: 162727K->5924K(166912K)] 390288K->234340K(507392K), 0.0057643 secs] [Times: user=0.03 sys=0.00, real=0.00 secs] 
96.023: [GC (Allocation Failure) [PSYoungGen: 165581K->3590K(166912K)] 393998K->234648K(507392K), 0.0056610 secs] [Times: user=0.02 sys=0.01, real=0.01 secs] 
96.243: [GC (Allocation Failure) [PSYoungGen: 162446K->4483K(163840K)] 393504K->236325K(504320K), 0.0155567 secs] [Times: user=0.00 sys=0.06, real=0.02 secs] 
96.328: [GC (Allocation Failure) [PSYoungGen: 163715K->4166K(166400K)] 395557K->238662K(506880K), 0.0098175 secs] [Times: user=0.05 sys=0.00, real=0.01 secs] 
96.413: [GC (Allocation Failure) [PSYoungGen: 163398K->2926K(166400K)] 397894K->239280K(506880K), 0.0045328 secs] [Times: user=0.02 sys=0.01, real=0.01 secs] 
96.502: [GC (Allocation Failure) [PSYoungGen: 162158K->7146K(165376K)] 398512K->244805K(505856K), 0.0061373 secs] [Times: user=0.03 sys=0.00, real=0.01 secs] 
96.557: [GC (Allocation Failure) [PSYoungGen: 165354K->5060K(166400K)] 403013K->247054K(506880K), 0.0054171 secs] [Times: user=0.03 sys=0.00, real=0.00 secs] 
96.724: [GC (Allocation Failure) [PSYoungGen: 163268K->3202K(166400K)] 405262K->246306K(506880K), 0.0044098 secs] [Times: user=0.02 sys=0.00, real=0.01 secs] 
96.909: [GC (Allocation Failure) [PSYoungGen: 161124K->8185K(166400K)] 404228K->253125K(506880K), 0.0067703 secs] [Times: user=0.03 sys=0.00, real=0.01 secs] 
96.975: [GC (Allocation Failure) [PSYoungGen: 166393K->3929K(163328K)] 411333K->252218K(503808K), 0.0045759 secs] [Times: user=0.02 sys=0.00, real=0.01 secs] 
97.040: [GC (Allocation Failure) [PSYoungGen: 159065K->4505K(164864K)] 407354K->253142K(505344K), 0.0047850 secs] [Times: user=0.02 sys=0.00, real=0.00 secs] 
97.113: [GC (Allocation Failure) [PSYoungGen: 159641K->947K(164352K)] 408278K->249696K(504832K), 0.0039750 secs] [Times: user=0.02 sys=0.00, real=0.01 secs] 
97.184: [GC (Allocation Failure) [PSYoungGen: 156595K->2960K(164864K)] 405344K->251829K(505344K), 0.0039400 secs] [Times: user=0.02 sys=0.00, real=0.01 secs] 
97.249: [GC (Allocation Failure) [PSYoungGen: 158608K->3200K(164352K)] 407477K->252189K(504832K), 0.0051108 secs] [Times: user=0.02 sys=0.00, real=0.00 secs] 
97.306: [GC (Allocation Failure) [PSYoungGen: 159360K->1118K(164864K)] 408349K->250354K(505344K), 0.0043216 secs] [Times: user=0.01 sys=0.00, real=0.00 secs] 
97.390: [GC (Allocation Failure) [PSYoungGen: 157278K->1254K(165376K)] 406514K->250746K(505856K), 0.0064127 secs] [Times: user=0.03 sys=0.00, real=0.01 secs] 
97.443: [GC (Allocation Failure) [PSYoungGen: 157926K->2352K(165376K)] 407418K->253271K(505856K), 0.0051044 secs] [Times: user=0.02 sys=0.00, real=0.01 secs] 
97.502: [GC (Allocation Failure) [PSYoungGen: 159024K->6739K(164864K)] 409943K->257794K(505344K), 0.0045170 secs] [Times: user=0.02 sys=0.00, real=0.01 secs] 
97.553: [GC (Allocation Failure) [PSYoungGen: 162894K->3778K(165376K)] 413949K->254977K(505856K), 0.0058513 secs] [Times: user=0.03 sys=0.00, real=0.01 secs] 
97.613: [GC (Allocation Failure) [PSYoungGen: 159938K->6148K(164864K)] 411137K->257562K(505344K), 0.0064618 secs] [Times: user=0.03 sys=0.00, real=0.01 secs] 
97.662: [GC (Allocation Failure) [PSYoungGen: 162277K->6089K(162304K)] 413692K->257583K(502784K), 0.0063869 secs] [Times: user=0.02 sys=0.00, real=0.01 secs] 
97.711: [GC (Allocation Failure) [PSYoungGen: 162249K->3612K(165376K)] 413743K->255203K(505856K), 0.0049618 secs] [Times: user=0.02 sys=0.00, real=0.01 secs] 
97.757: [GC (Allocation Failure) [PSYoungGen: 159260K->7434K(164864K)] 410851K->259097K(505344K), 0.0056591 secs] [Times: user=0.03 sys=0.00, real=0.00 secs] 
97.800: [GC (Allocation Failure) [PSYoungGen: 163082K->6564K(163840K)] 414745K->258299K(504320K), 0.0045596 secs] [Times: user=0.02 sys=0.00, real=0.00 secs] 
97.847: [GC (Allocation Failure) [PSYoungGen: 160676K->6860K(164352K)] 412411K->259706K(504832K), 0.0047655 secs] [Times: user=0.03 sys=0.00, real=0.00 secs] 
97.920: [GC (Allocation Failure) [PSYoungGen: 160972K->3990K(164352K)] 413818K->257068K(504832K), 0.0048581 secs] [Times: user=0.03 sys=0.01, real=0.00 secs] 
97.986: [GC (Allocation Failure) [PSYoungGen: 158102K->4441K(158720K)] 411180K->258115K(499200K), 0.0051735 secs] [Times: user=0.02 sys=0.01, real=0.00 secs] 
98.050: [GC (Allocation Failure) [PSYoungGen: 158553K->3818K(164352K)] 412227K->257708K(504832K), 0.0057859 secs] [Times: user=0.03 sys=0.00, real=0.00 secs] 
98.115: [GC (Allocation Failure) [PSYoungGen: 158442K->4279K(163840K)] 412332K->258265K(504320K), 0.0048610 secs] [Times: user=0.03 sys=0.00, real=0.01 secs] 
98.176: [GC (Allocation Failure) [PSYoungGen: 158843K->4713K(164352K)] 412829K->258803K(504832K), 0.0053989 secs] [Times: user=0.02 sys=0.00, real=0.00 secs] 
98.249: [GC (Allocation Failure) [PSYoungGen: 160361K->3480K(164352K)] 414451K->257674K(504832K), 0.0045226 secs] [Times: user=0.02 sys=0.00, real=0.00 secs] 
105.194: [GC (Allocation Failure) [PSYoungGen: 159128K->5319K(165376K)] 413322K->259753K(505856K), 0.0059677 secs] [Times: user=0.02 sys=0.00, real=0.01 secs] 
105.261: [GC (Allocation Failure) [PSYoungGen: 162503K->4032K(165376K)] 416937K->261162K(505856K), 0.0080119 secs] [Times: user=0.03 sys=0.01, real=0.01 secs] 
105.340: [GC (Allocation Failure) [PSYoungGen: 161216K->3329K(166400K)] 418346K->260650K(506880K), 0.0050648 secs] [Times: user=0.02 sys=0.00, real=0.00 secs] 
105.413: [GC (Allocation Failure) [PSYoungGen: 161537K->2827K(161280K)] 418858K->260268K(501760K), 0.0049042 secs] [Times: user=0.02 sys=0.00, real=0.01 secs] 
105.496: [GC (Allocation Failure) [PSYoungGen: 161035K->3846K(165888K)] 418476K->261391K(506368K), 0.0109664 secs] [Times: user=0.02 sys=0.01, real=0.02 secs] 
105.717: [GC (Allocation Failure) [PSYoungGen: 162054K->6579K(165888K)] 419599K->264339K(506368K), 0.0056841 secs] [Times: user=0.03 sys=0.00, real=0.00 secs] 
105.866: [GC (Allocation Failure) [PSYoungGen: 164787K->6180K(165376K)] 422547K->264988K(505856K), 0.0056275 secs] [Times: user=0.03 sys=0.00, real=0.01 secs] 
105.938: [GC (Allocation Failure) [PSYoungGen: 163364K->5098K(165888K)] 422172K->267449K(506368K), 0.0082895 secs] [Times: user=0.03 sys=0.01, real=0.00 secs] 
106.018: [GC (Allocation Failure) [PSYoungGen: 162282K->4997K(165888K)] 424633K->268235K(506368K), 0.0058759 secs] [Times: user=0.02 sys=0.00, real=0.00 secs] 
106.133: [GC (Allocation Failure) [PSYoungGen: 162693K->8163K(165888K)] 425931K->272971K(506368K), 0.0085787 secs] [Times: user=0.03 sys=0.00, real=0.01 secs] 
106.204: [GC (Allocation Failure) [PSYoungGen: 165859K->4824K(164864K)] 430667K->272368K(505344K), 0.0068224 secs] [Times: user=0.03 sys=0.01, real=0.01 secs] 
106.374: [GC (Allocation Failure) [PSYoungGen: 160969K->4165K(165376K)] 428514K->272494K(505856K), 0.0043191 secs] [Times: user=0.02 sys=0.00, real=0.01 secs] 
106.511: [GC (Allocation Failure) [PSYoungGen: 160325K->6024K(165376K)] 428654K->275817K(505856K), 0.0060578 secs] [Times: user=0.03 sys=0.00, real=0.01 secs] 
106.577: [GC (Allocation Failure) [PSYoungGen: 162184K->4572K(160768K)] 431977K->277581K(501248K), 0.0059803 secs] [Times: user=0.03 sys=0.01, real=0.00 secs] 
106.647: [GC (Allocation Failure) [PSYoungGen: 160732K->5199K(164864K)] 433741K->279008K(505344K), 0.0051958 secs] [Times: user=0.02 sys=0.00, real=0.00 secs] 
106.750: [GC (Allocation Failure) [PSYoungGen: 161359K->5549K(164864K)] 435168K->280070K(505344K), 0.0051167 secs] [Times: user=0.03 sys=0.00, real=0.00 secs] 
106.812: [GC (Allocation Failure) [PSYoungGen: 161709K->4076K(165376K)] 436230K->281718K(505856K), 0.0054297 secs] [Times: user=0.03 sys=0.00, real=0.01 secs] 
106.966: [GC (Allocation Failure) [PSYoungGen: 161253K->2209K(165376K)] 438895K->280604K(505856K), 0.0046398 secs] [Times: user=0.01 sys=0.00, real=0.01 secs] 
107.154: [GC (Allocation Failure) [PSYoungGen: 159393K->8171K(160256K)] 437788K->291554K(500736K), 0.0160414 secs] [Times: user=0.04 sys=0.01, real=0.02 secs] 
107.225: [GC (Allocation Failure) [PSYoungGen: 160235K->1267K(163328K)] 443618K->287153K(503808K), 0.0042320 secs] [Times: user=0.02 sys=0.00, real=0.01 secs] 
107.293: [GC (Allocation Failure) [PSYoungGen: 153331K->1198K(163328K)] 439217K->287348K(503808K), 0.0044094 secs] [Times: user=0.02 sys=0.00, real=0.01 secs] 
107.356: [GC (Allocation Failure) [PSYoungGen: 153262K->3977K(156160K)] 439412K->290391K(496640K), 0.0061515 secs] [Times: user=0.02 sys=0.00, real=0.01 secs] 
107.414: [GC (Allocation Failure) [PSYoungGen: 156041K->3288K(162816K)] 442455K->289806K(503296K), 0.0047940 secs] [Times: user=0.02 sys=0.00, real=0.01 secs] 
107.466: [GC (Allocation Failure) [PSYoungGen: 155352K->2785K(162816K)] 441870K->289526K(503296K), 0.0044570 secs] [Times: user=0.02 sys=0.00, real=0.01 secs] 
107.520: [GC (Allocation Failure) [PSYoungGen: 154849K->2850K(163328K)] 441590K->289687K(503808K), 0.0055562 secs] [Times: user=0.02 sys=0.00, real=0.00 secs] 
107.584: [GC (Allocation Failure) [PSYoungGen: 155938K->4074K(163328K)] 442775K->291007K(503808K), 0.0059546 secs] [Times: user=0.02 sys=0.00, real=0.01 secs] 
107.658: [GC (Allocation Failure) [PSYoungGen: 157162K->3727K(163840K)] 444095K->290955K(504320K), 0.0053722 secs] [Times: user=0.02 sys=0.00, real=0.00 secs] 
107.704: [GC (Allocation Failure) [PSYoungGen: 158351K->4613K(163840K)] 445579K->292535K(504320K), 0.0065685 secs] [Times: user=0.02 sys=0.00, real=0.01 secs] 
107.756: [GC (Allocation Failure) [PSYoungGen: 159237K->5511K(164864K)] 447159K->293561K(505344K), 0.0053248 secs] [Times: user=0.03 sys=0.00, real=0.01 secs] 
107.799: [GC (Allocation Failure) [PSYoungGen: 161671K->6164K(164864K)] 449721K->294406K(505344K), 0.0050118 secs] [Times: user=0.03 sys=0.00, real=0.00 secs] 
107.850: [GC (Allocation Failure) [PSYoungGen: 162324K->7357K(164352K)] 450566K->295695K(504832K), 0.0054892 secs] [Times: user=0.03 sys=0.00, real=0.00 secs] 
107.905: [GC (Allocation Failure) [PSYoungGen: 162493K->6119K(164864K)] 450831K->294529K(505344K), 0.0042691 secs] [Times: user=0.03 sys=0.00, real=0.01 secs] 
107.950: [GC (Allocation Failure) [PSYoungGen: 161255K->4912K(163840K)] 449665K->293417K(504320K), 0.0048541 secs] [Times: user=0.02 sys=0.01, real=0.00 secs] 
107.996: [GC (Allocation Failure) [PSYoungGen: 160048K->5612K(164352K)] 448553K->294198K(504832K), 0.0060115 secs] [Times: user=0.03 sys=0.00, real=0.01 secs] 
108.046: [GC (Allocation Failure) [PSYoungGen: 160748K->2799K(165376K)] 449334K->291473K(505856K), 0.0049703 secs] [Times: user=0.02 sys=0.00, real=0.01 secs] 
108.090: [GC (Allocation Failure) [PSYoungGen: 158959K->9209K(165376K)] 447633K->298153K(505856K), 0.0058758 secs] [Times: user=0.03 sys=0.00, real=0.00 secs] 
108.158: [GC (Allocation Failure) [PSYoungGen: 165369K->4226K(163328K)] 454313K->293334K(503808K), 0.0051946 secs] [Times: user=0.02 sys=0.00, real=0.00 secs] 
108.223: [GC (Allocation Failure) [PSYoungGen: 158338K->2809K(164352K)] 447446K->293557K(504832K), 0.0054111 secs] [Times: user=0.02 sys=0.00, real=0.01 secs] 
108.283: [GC (Allocation Failure) [PSYoungGen: 156921K->4248K(163328K)] 447669K->295212K(503808K), 0.0047014 secs] [Times: user=0.03 sys=0.00, real=0.01 secs] 
108.339: [GC (Allocation Failure) [PSYoungGen: 158360K->5630K(163840K)] 449324K->296690K(504320K), 0.0050767 secs] [Times: user=0.03 sys=0.00, real=0.00 secs] 
108.394: [GC (Allocation Failure) [PSYoungGen: 159742K->3573K(163840K)] 450802K->294737K(504320K), 0.0040109 secs] [Times: user=0.02 sys=0.00, real=0.01 secs] 
108.449: [GC (Allocation Failure) [PSYoungGen: 158709K->3464K(164352K)] 449873K->294716K(504832K), 0.0052264 secs] [Times: user=0.02 sys=0.00, real=0.00 secs] 
115.152: [GC (Allocation Failure) [PSYoungGen: 158600K->4534K(164352K)] 449852K->296009K(504832K), 0.0070052 secs] [Times: user=0.03 sys=0.00, real=0.01 secs] 
115.219: [GC (Allocation Failure) [PSYoungGen: 160694K->3349K(164864K)] 452169K->297418K(505344K), 0.0058936 secs] [Times: user=0.03 sys=0.00, real=0.00 secs] 
115.287: [GC (Allocation Failure) [PSYoungGen: 159509K->3868K(164864K)] 453578K->298170K(505344K), 0.0040199 secs] [Times: user=0.03 sys=0.00, real=0.01 secs] 
115.343: [GC (Allocation Failure) [PSYoungGen: 161052K->4190K(165376K)] 455354K->298587K(505856K), 0.0053870 secs] [Times: user=0.02 sys=0.00, real=0.01 secs] 
115.400: [GC (Allocation Failure) [PSYoungGen: 161374K->4924K(165376K)] 455771K->299426K(505856K), 0.0050483 secs] [Times: user=0.03 sys=0.00, real=0.00 secs] 
115.457: [GC (Allocation Failure) [PSYoungGen: 163132K->3430K(165888K)] 457634K->298027K(506368K), 0.0045321 secs] [Times: user=0.03 sys=0.00, real=0.01 secs] 
115.681: [GC (Allocation Failure) [PSYoungGen: 161206K->4207K(165888K)] 455803K->299052K(506368K), 0.0121178 secs] [Times: user=0.04 sys=0.00, real=0.01 secs] 
115.804: [GC (Allocation Failure) [PSYoungGen: 163439K->7149K(166400K)] 458284K->302975K(506880K), 0.0070134 secs] [Times: user=0.03 sys=0.00, real=0.01 secs] 
115.860: [GC (Allocation Failure) [PSYoungGen: 166381K->4648K(166400K)] 462207K->304806K(506880K), 0.0071679 secs] [Times: user=0.03 sys=0.02, real=0.00 secs] 
115.927: [GC (Allocation Failure) [PSYoungGen: 162856K->5233K(166400K)] 463014K->306159K(506880K), 0.0051193 secs] [Times: user=0.03 sys=0.00, real=0.01 secs] 
116.025: [GC (Allocation Failure) [PSYoungGen: 163441K->4550K(165376K)] 464367K->306244K(505856K), 0.0055097 secs] [Times: user=0.02 sys=0.00, real=0.01 secs] 
116.085: [GC (Allocation Failure) [PSYoungGen: 162758K->4433K(165888K)] 464452K->309816K(506368K), 0.0075541 secs] [Times: user=0.03 sys=0.01, real=0.01 secs] 
116.153: [GC (Allocation Failure) [PSYoungGen: 162641K->1280K(166912K)] 468024K->307622K(507392K), 0.0048347 secs] [Times: user=0.02 sys=0.00, real=0.00 secs] 
116.360: [GC (Allocation Failure) [PSYoungGen: 160512K->6532K(165888K)] 466854K->313651K(506368K), 0.0056226 secs] [Times: user=0.03 sys=0.01, real=0.00 secs] 
116.479: [GC (Allocation Failure) [PSYoungGen: 165764K->6090K(165376K)] 472883K->314910K(505856K), 0.0314166 secs] [Times: user=0.10 sys=0.01, real=0.03 secs] 
116.570: [GC (Allocation Failure) [PSYoungGen: 163274K->4914K(165888K)] 472094K->318559K(506368K), 0.0089462 secs] [Times: user=0.04 sys=0.02, real=0.01 secs] 
116.639: [GC (Allocation Failure) [PSYoungGen: 162098K->4559K(165888K)] 475743K->319051K(506368K), 0.0077146 secs] [Times: user=0.02 sys=0.00, real=0.00 secs] 
116.755: [GC (Allocation Failure) [PSYoungGen: 162186K->6617K(165888K)] 476678K->321869K(506368K), 0.0084659 secs] [Times: user=0.03 sys=0.00, real=0.01 secs] 
116.835: [GC (Allocation Failure) [PSYoungGen: 164313K->3926K(166400K)] 479565K->322186K(506880K), 0.0143519 secs] [Times: user=0.07 sys=0.01, real=0.02 secs] 
117.073: [GC (Allocation Failure) [PSYoungGen: 162134K->6425K(164864K)] 480394K->325485K(505344K), 0.0058977 secs] [Times: user=0.02 sys=0.00, real=0.01 secs] 
117.205: [GC (Allocation Failure) [PSYoungGen: 164616K->4474K(166400K)] 483676K->324339K(506880K), 0.0053622 secs] [Times: user=0.02 sys=0.00, real=0.01 secs] 
117.262: [GC (Allocation Failure) [PSYoungGen: 162160K->1063K(165888K)] 482025K->323686K(506368K), 0.0056265 secs] [Times: user=0.03 sys=0.01, real=0.00 secs] 
117.326: [GC (Allocation Failure) [PSYoungGen: 158759K->4393K(165888K)] 481382K->327304K(506368K), 0.0052025 secs] [Times: user=0.03 sys=0.00, real=0.01 secs] 
117.384: [GC (Allocation Failure) [PSYoungGen: 162089K->5011K(165888K)] 485000K->328121K(506368K), 0.0050988 secs] [Times: user=0.03 sys=0.00, real=0.01 secs] 
117.441: [GC (Allocation Failure) [PSYoungGen: 162707K->3437K(166400K)] 485817K->326659K(506880K), 0.0044581 secs] [Times: user=0.02 sys=0.00, real=0.00 secs] 
117.503: [GC (Allocation Failure) [PSYoungGen: 161645K->3856K(162304K)] 484867K->327191K(502784K), 0.0043721 secs] [Times: user=0.02 sys=0.00, real=0.00 secs] 
117.561: [GC (Allocation Failure) [PSYoungGen: 162064K->2299K(165888K)] 485399K->325737K(506368K), 0.0062681 secs] [Times: user=0.02 sys=0.00, real=0.00 secs] 
117.623: [GC (Allocation Failure) [PSYoungGen: 160507K->4480K(165888K)] 483945K->328158K(506368K), 0.0058199 secs] [Times: user=0.02 sys=0.01, real=0.01 secs] 
117.705: [GC (Allocation Failure) [PSYoungGen: 162243K->6701K(165888K)] 485921K->330482K(506368K), 0.0093695 secs] [Times: user=0.04 sys=0.00, real=0.01 secs] 
117.755: [GC (Allocation Failure) [PSYoungGen: 164909K->3905K(166400K)] 488690K->329164K(506880K), 0.0050906 secs] [Times: user=0.03 sys=0.00, real=0.01 secs] 
117.800: [GC (Allocation Failure) [PSYoungGen: 162113K->5380K(165888K)] 487372K->330719K(506368K), 0.0055973 secs] [Times: user=0.02 sys=0.00, real=0.00 secs] 
117.846: [GC (Allocation Failure) [PSYoungGen: 163588K->3576K(166400K)] 488927K->328987K(506880K), 0.0062323 secs] [Times: user=0.02 sys=0.00, real=0.01 secs] 
117.889: [GC (Allocation Failure) [PSYoungGen: 161784K->4997K(166400K)] 487195K->330505K(506880K), 0.0046605 secs] [Times: user=0.02 sys=0.00, real=0.00 secs] 
117.933: [GC (Allocation Failure) [PSYoungGen: 163717K->4461K(166400K)] 489225K->330208K(506880K), 0.0044514 secs] [Times: user=0.02 sys=0.00, real=0.00 secs] 
117.977: [GC (Allocation Failure) [PSYoungGen: 163181K->4036K(166400K)] 488928K->329880K(506880K), 0.0040674 secs] [Times: user=0.02 sys=0.00, real=0.01 secs] 
118.027: [GC (Allocation Failure) [PSYoungGen: 163268K->5849K(166400K)] 489112K->331781K(506880K), 0.0069853 secs] [Times: user=0.03 sys=0.00, real=0.01 secs] 
118.081: [GC (Allocation Failure) [PSYoungGen: 165081K->7092K(165888K)] 491013K->333103K(506368K), 0.0043401 secs] [Times: user=0.03 sys=0.00, real=0.00 secs] 
118.130: [GC (Allocation Failure) [PSYoungGen: 165300K->6627K(164864K)] 491311K->332734K(505344K), 0.0068731 secs] [Times: user=0.03 sys=0.00, real=0.00 secs] 
118.193: [GC (Allocation Failure) [PSYoungGen: 164835K->3783K(166400K)] 490942K->330138K(506880K), 0.0050100 secs] [Times: user=0.02 sys=0.00, real=0.00 secs] 
118.250: [GC (Allocation Failure) [PSYoungGen: 161479K->4262K(165888K)] 487834K->332027K(506368K), 0.0045739 secs] [Times: user=0.02 sys=0.00, real=0.00 secs] 
118.310: [GC (Allocation Failure) [PSYoungGen: 161958K->4661K(165888K)] 489723K->332530K(506368K), 0.0054509 secs] [Times: user=0.02 sys=0.00, real=0.00 secs] 
118.366: [GC (Allocation Failure) [PSYoungGen: 162869K->5238K(165888K)] 490738K->333211K(506368K), 0.0054005 secs] [Times: user=0.03 sys=0.00, real=0.01 secs] 
118.426: [GC (Allocation Failure) [PSYoungGen: 163446K->2563K(166912K)] 491419K->330761K(507392K), 0.0057615 secs] [Times: user=0.03 sys=0.00, real=0.01 secs] 
118.488: [GC (Allocation Failure) [PSYoungGen: 161795K->4252K(166912K)] 489993K->332553K(507392K), 0.0045286 secs] [Times: user=0.02 sys=0.00, real=0.01 secs] 
125.160: [GC (Allocation Failure) [PSYoungGen: 163484K->5517K(166912K)] 491785K->333930K(507392K), 0.0075100 secs] [Times: user=0.04 sys=0.00, real=0.00 secs] 
125.227: [GC (Allocation Failure) [PSYoungGen: 164749K->4376K(166912K)] 493162K->335623K(507392K), 0.0053043 secs] [Times: user=0.03 sys=0.01, real=0.01 secs] 
125.284: [GC (Allocation Failure) [PSYoungGen: 163502K->3102K(166912K)] 494750K->334573K(507392K), 0.0051495 secs] [Times: user=0.03 sys=0.00, real=0.00 secs] 
125.349: [GC (Allocation Failure) [PSYoungGen: 162334K->5188K(166912K)] 493805K->336747K(507392K), 0.0060148 secs] [Times: user=0.03 sys=0.00, real=0.01 secs] 
125.416: [GC (Allocation Failure) [PSYoungGen: 164420K->4199K(165888K)] 495979K->335997K(506368K), 0.0050371 secs] [Times: user=0.03 sys=0.00, real=0.01 secs] 
125.478: [GC (Allocation Failure) [PSYoungGen: 163431K->4506K(166400K)] 495229K->336409K(506880K), 0.0050645 secs] [Times: user=0.02 sys=0.00, real=0.01 secs] 
125.571: [GC (Allocation Failure) [PSYoungGen: 163738K->384K(166400K)] 495641K->332398K(506880K), 0.0039012 secs] [Times: user=0.03 sys=0.00, real=0.00 secs] 
125.770: [GC (Allocation Failure) [PSYoungGen: 159616K->7650K(166912K)] 491630K->340257K(507392K), 0.0078056 secs] [Times: user=0.03 sys=0.00, real=0.00 secs] 
125.880: [GC (Allocation Failure) [PSYoungGen: 166882K->7669K(160768K)] 499489K->344077K(501248K), 0.0080919 secs] [Times: user=0.03 sys=0.01, real=0.00 secs] 
125.942: [GC (Allocation Failure) [PSYoungGen: 160757K->4402K(163840K)] 497165K->345703K(506368K), 0.0125331 secs] [Times: user=0.05 sys=0.01, real=0.01 secs] 
125.955: [Full GC (Ergonomics) [PSYoungGen: 4402K->0K(163840K)] [ParOldGen: 341301K->157403K(349696K)] 345703K->157403K(513536K), [Metaspace: 76543K->76472K(1116160K)], 0.2897181 secs] [Times: user=1.27 sys=0.12, real=0.29 secs] 
126.307: [GC (Allocation Failure) [PSYoungGen: 153088K->6380K(163328K)] 310491K->163784K(513024K), 0.0054036 secs] [Times: user=0.03 sys=0.00, real=0.01 secs] 
126.418: [GC (Allocation Failure) [PSYoungGen: 159980K->6335K(163840K)] 317384K->167615K(513536K), 0.0077377 secs] [Times: user=0.04 sys=0.00, real=0.01 secs] 
126.488: [GC (Allocation Failure) [PSYoungGen: 159935K->4147K(164352K)] 321215K->169094K(514048K), 0.0050610 secs] [Times: user=0.02 sys=0.00, real=0.01 secs] 
126.590: [GC (Allocation Failure) [PSYoungGen: 158259K->2212K(164352K)] 323206K->167974K(514048K), 0.0038269 secs] [Times: user=0.02 sys=0.00, real=0.00 secs] 
126.772: [GC (Allocation Failure) [PSYoungGen: 156308K->8407K(163328K)] 322070K->175279K(513024K), 0.0142415 secs] [Times: user=0.08 sys=0.00, real=0.01 secs] 
126.886: [GC (Allocation Failure) [PSYoungGen: 161495K->7653K(160768K)] 328367K->176157K(510464K), 0.0064331 secs] [Times: user=0.03 sys=0.00, real=0.01 secs] 
126.942: [GC (Allocation Failure) [PSYoungGen: 160741K->5159K(163840K)] 329245K->176887K(513536K), 0.0066154 secs] [Times: user=0.03 sys=0.00, real=0.00 secs] 
127.004: [GC (Allocation Failure) [PSYoungGen: 157735K->4488K(157184K)] 329463K->176953K(506880K), 0.0044938 secs] [Times: user=0.02 sys=0.00, real=0.00 secs] 
127.104: [GC (Allocation Failure) [PSYoungGen: 157064K->6611K(162816K)] 329529K->180003K(512512K), 0.0061453 secs] [Times: user=0.03 sys=0.00, real=0.01 secs] 
127.159: [GC (Allocation Failure) [PSYoungGen: 159187K->4068K(162816K)] 332579K->180764K(512512K), 0.0049716 secs] [Times: user=0.02 sys=0.00, real=0.01 secs] 
127.270: [GC (Allocation Failure) [PSYoungGen: 156644K->1152K(164352K)] 333340K->178552K(514048K), 0.0035370 secs] [Times: user=0.02 sys=0.00, real=0.00 secs] 
127.522: [GC (Allocation Failure) [PSYoungGen: 155264K->10239K(164352K)] 332664K->194215K(514048K), 0.0105434 secs] [Times: user=0.04 sys=0.00, real=0.01 secs] 
127.599: [GC (Allocation Failure) [PSYoungGen: 164351K->1234K(156160K)] 348327K->188669K(505856K), 0.0038555 secs] [Times: user=0.02 sys=0.00, real=0.01 secs] 
127.662: [GC (Allocation Failure) [PSYoungGen: 147154K->873K(160256K)] 334589K->188760K(509952K), 0.0040043 secs] [Times: user=0.01 sys=0.00, real=0.00 secs] 
127.717: [GC (Allocation Failure) [PSYoungGen: 146571K->4759K(158208K)] 334458K->192902K(507904K), 0.0064137 secs] [Times: user=0.02 sys=0.00, real=0.01 secs] 
127.804: [GC (Allocation Failure) [PSYoungGen: 150666K->4609K(159232K)] 338809K->192912K(508928K), 0.0054692 secs] [Times: user=0.02 sys=0.00, real=0.01 secs] 
127.872: [GC (Allocation Failure) [PSYoungGen: 150529K->4476K(159744K)] 338832K->192867K(509440K), 0.0057496 secs] [Times: user=0.02 sys=0.00, real=0.00 secs] 
127.955: [GC (Allocation Failure) [PSYoungGen: 152956K->5149K(160768K)] 341347K->193764K(510464K), 0.0049794 secs] [Times: user=0.02 sys=0.00, real=0.01 secs] 
128.028: [GC (Allocation Failure) [PSYoungGen: 153629K->3795K(162304K)] 342244K->192506K(512000K), 0.0056861 secs] [Times: user=0.02 sys=0.00, real=0.01 secs] 
128.108: [GC (Allocation Failure) [PSYoungGen: 154835K->3389K(162304K)] 343546K->192188K(512000K), 0.0071927 secs] [Times: user=0.02 sys=0.00, real=0.01 secs] 
128.202: [GC (Allocation Failure) [PSYoungGen: 153931K->6695K(162816K)] 342730K->195741K(512512K), 0.0085950 secs] [Times: user=0.02 sys=0.00, real=0.01 secs] 
128.276: [GC (Allocation Failure) [PSYoungGen: 158700K->7547K(162816K)] 347746K->197320K(512512K), 0.0096399 secs] [Times: user=0.04 sys=0.00, real=0.01 secs] 
128.346: [GC (Allocation Failure) [PSYoungGen: 159611K->6081K(163328K)] 349384K->195933K(513024K), 0.0066910 secs] [Times: user=0.02 sys=0.00, real=0.01 secs] 
128.417: [GC (Allocation Failure) [PSYoungGen: 158145K->7745K(163328K)] 347997K->197782K(513024K), 0.0089530 secs] [Times: user=0.03 sys=0.00, real=0.01 secs] 
128.490: [GC (Allocation Failure) [PSYoungGen: 159809K->4873K(162304K)] 349846K->195141K(512000K), 0.0050086 secs] [Times: user=0.02 sys=0.00, real=0.00 secs] 
128.549: [GC (Allocation Failure) [PSYoungGen: 156937K->6982K(162816K)] 347205K->197322K(512512K), 0.0066277 secs] [Times: user=0.02 sys=0.00, real=0.01 secs] 
128.608: [GC (Allocation Failure) [PSYoungGen: 159046K->4634K(163840K)] 349386K->195038K(513536K), 0.0065461 secs] [Times: user=0.03 sys=0.00, real=0.01 secs] 
128.669: [GC (Allocation Failure) [PSYoungGen: 157722K->6579K(163840K)] 348126K->197222K(513536K), 0.0094249 secs] [Times: user=0.03 sys=0.00, real=0.01 secs] 
128.729: [GC (Allocation Failure) [PSYoungGen: 159667K->6544K(162816K)] 350310K->197268K(512512K), 0.0065143 secs] [Times: user=0.03 sys=0.00, real=0.01 secs] 
128.803: [GC (Allocation Failure) [PSYoungGen: 159632K->8585K(163328K)] 350356K->199364K(513024K), 0.0110356 secs] [Times: user=0.02 sys=0.00, real=0.01 secs] 
128.884: [GC (Allocation Failure) [PSYoungGen: 161673K->8339K(163328K)] 352452K->199493K(513024K), 0.0089455 secs] [Times: user=0.03 sys=0.00, real=0.01 secs] 
128.951: [GC (Allocation Failure) [PSYoungGen: 160021K->10037K(162304K)] 351175K->202302K(512000K), 0.0093574 secs] [Times: user=0.02 sys=0.00, real=0.01 secs] 
129.049: [GC (Allocation Failure) [PSYoungGen: 162101K->5922K(162816K)] 354366K->198268K(512512K), 0.0058706 secs] [Times: user=0.03 sys=0.00, real=0.01 secs] 
129.139: [GC (Allocation Failure) [PSYoungGen: 156450K->3077K(162304K)] 348796K->196257K(512000K), 0.0081354 secs] [Times: user=0.02 sys=0.00, real=0.01 secs] 
129.222: [GC (Allocation Failure) [PSYoungGen: 153605K->3532K(162304K)] 346785K->196808K(512000K), 0.0043495 secs] [Times: user=0.02 sys=0.00, real=0.00 secs] 
129.286: [GC (Allocation Failure) [PSYoungGen: 154060K->4009K(162304K)] 347336K->197365K(512000K), 0.0049259 secs] [Times: user=0.02 sys=0.00, real=0.01 secs] 
129.353: [GC (Allocation Failure) [PSYoungGen: 154537K->2843K(162816K)] 347893K->196279K(512512K), 0.0060464 secs] [Times: user=0.02 sys=0.00, real=0.00 secs] 
129.419: [GC (Allocation Failure) [PSYoungGen: 153883K->4390K(155648K)] 347319K->197898K(505344K), 0.0055673 secs] [Times: user=0.02 sys=0.00, real=0.01 secs] 
129.495: [GC (Allocation Failure) [PSYoungGen: 155430K->4283K(162816K)] 348938K->197871K(512512K), 0.0065765 secs] [Times: user=0.03 sys=0.00, real=0.01 secs] 
135.231: [GC (Allocation Failure) [PSYoungGen: 155835K->7087K(162304K)] 349423K->200779K(512000K), 0.0093697 secs] [Times: user=0.04 sys=0.00, real=0.00 secs] 
135.296: [GC (Allocation Failure) [PSYoungGen: 158639K->3310K(163328K)] 352331K->200842K(513024K), 0.0066865 secs] [Times: user=0.04 sys=0.01, real=0.01 secs] 
135.373: [GC (Allocation Failure) [PSYoungGen: 155886K->5003K(163328K)] 353418K->202631K(513024K), 0.0067127 secs] [Times: user=0.03 sys=0.00, real=0.00 secs] 
135.469: [GC (Allocation Failure) [PSYoungGen: 157579K->2725K(163328K)] 355207K->200433K(513024K), 0.0049391 secs] [Times: user=0.01 sys=0.00, real=0.01 secs] 
135.548: [GC (Allocation Failure) [PSYoungGen: 155813K->2646K(163328K)] 353521K->200442K(513024K), 0.0070167 secs] [Times: user=0.03 sys=0.01, real=0.01 secs] 
135.625: [GC (Allocation Failure) [PSYoungGen: 155734K->3651K(163328K)] 353530K->201527K(513024K), 0.0068729 secs] [Times: user=0.02 sys=0.00, real=0.01 secs] 
135.700: [GC (Allocation Failure) [PSYoungGen: 157763K->4071K(163840K)] 355639K->202178K(513536K), 0.0054136 secs] [Times: user=0.03 sys=0.00, real=0.01 secs] 
135.971: [GC (Allocation Failure) [PSYoungGen: 158183K->9200K(161280K)] 356290K->208357K(510976K), 0.0092825 secs] [Times: user=0.04 sys=0.00, real=0.01 secs] 
136.089: [GC (Allocation Failure) [PSYoungGen: 161264K->9771K(162304K)] 360421K->212568K(512000K), 0.0093573 secs] [Times: user=0.05 sys=0.00, real=0.01 secs] 
136.156: [GC (Allocation Failure) [PSYoungGen: 161835K->8786K(161280K)] 364632K->216272K(510976K), 0.0104935 secs] [Times: user=0.05 sys=0.00, real=0.01 secs] 
136.239: [GC (Allocation Failure) [PSYoungGen: 157778K->4629K(161792K)] 365264K->212931K(511488K), 0.0064619 secs] [Times: user=0.03 sys=0.01, real=0.01 secs] 
136.311: [GC (Allocation Failure) [PSYoungGen: 153621K->6413K(160768K)] 361923K->215467K(510464K), 0.0063749 secs] [Times: user=0.03 sys=0.00, real=0.01 secs] 
136.418: [GC (Allocation Failure) [PSYoungGen: 155917K->7852K(161280K)] 364971K->217809K(510976K), 0.0068849 secs] [Times: user=0.03 sys=0.01, real=0.01 secs] 
136.481: [GC (Allocation Failure) [PSYoungGen: 157356K->7585K(162304K)] 367313K->221063K(512000K), 0.0153235 secs] [Times: user=0.09 sys=0.01, real=0.02 secs] 
136.557: [GC (Allocation Failure) [PSYoungGen: 157601K->6043K(156160K)] 371079K->220201K(505856K), 0.0094805 secs] [Times: user=0.03 sys=0.01, real=0.01 secs] 
136.826: [GC (Allocation Failure) [PSYoungGen: 156059K->10119K(161280K)] 370217K->225148K(510976K), 0.0110564 secs] [Times: user=0.05 sys=0.00, real=0.01 secs] 
136.962: [GC (Allocation Failure) [PSYoungGen: 159623K->8368K(161792K)] 374652K->225276K(511488K), 0.0100747 secs] [Times: user=0.04 sys=0.00, real=0.01 secs] 
137.029: [GC (Allocation Failure) [PSYoungGen: 157872K->4423K(161792K)] 374780K->224789K(511488K), 0.0069609 secs] [Times: user=0.03 sys=0.01, real=0.01 secs] 
137.094: [GC (Allocation Failure) [PSYoungGen: 153927K->5527K(161792K)] 374293K->226789K(511488K), 0.0066332 secs] [Times: user=0.03 sys=0.00, real=0.00 secs] 
137.161: [GC (Allocation Failure) [PSYoungGen: 155031K->4053K(161792K)] 376293K->226050K(511488K), 0.0062214 secs] [Times: user=0.03 sys=0.00, real=0.01 secs] 
137.276: [GC (Allocation Failure) [PSYoungGen: 154069K->7988K(161792K)] 376066K->230905K(511488K), 0.0071569 secs] [Times: user=0.04 sys=0.00, real=0.01 secs] 
137.341: [GC (Allocation Failure) [PSYoungGen: 158004K->4455K(162816K)] 380921K->231271K(512512K), 0.0063951 secs] [Times: user=0.03 sys=0.00, real=0.01 secs] 
137.469: [GC (Allocation Failure) [PSYoungGen: 155495K->1214K(152576K)] 382311K->228694K(502272K), 0.0047671 secs] [Times: user=0.02 sys=0.00, real=0.01 secs] 
137.748: [GC (Allocation Failure) [PSYoungGen: 152254K->12272K(156160K)] 379734K->243428K(505856K), 0.0121236 secs] [Times: user=0.03 sys=0.01, real=0.01 secs] 
137.810: [GC (Allocation Failure) [PSYoungGen: 156144K->3919K(159232K)] 387300K->238242K(508928K), 0.0104309 secs] [Times: user=0.03 sys=0.00, real=0.01 secs] 
137.870: [GC (Allocation Failure) [PSYoungGen: 147791K->5528K(157696K)] 382114K->240088K(507392K), 0.0054192 secs] [Times: user=0.03 sys=0.00, real=0.01 secs] 
137.931: [GC (Allocation Failure) [PSYoungGen: 149912K->4489K(158720K)] 384472K->239137K(508416K), 0.0119872 secs] [Times: user=0.06 sys=0.00, real=0.02 secs] 
138.011: [GC (Allocation Failure) [PSYoungGen: 148873K->5722K(158720K)] 383521K->240442K(508416K), 0.0076574 secs] [Times: user=0.03 sys=0.00, real=0.01 secs] 
138.075: [GC (Allocation Failure) [PSYoungGen: 152154K->5835K(159744K)] 386874K->240778K(509440K), 0.0051838 secs] [Times: user=0.02 sys=0.00, real=0.00 secs] 
138.133: [GC (Allocation Failure) [PSYoungGen: 152267K->5311K(160256K)] 387210K->240351K(509952K), 0.0050337 secs] [Times: user=0.02 sys=0.01, real=0.00 secs] 
138.189: [GC (Allocation Failure) [PSYoungGen: 154303K->3683K(160768K)] 389343K->238802K(510464K), 0.0052858 secs] [Times: user=0.02 sys=0.00, real=0.01 secs] 
138.250: [GC (Allocation Failure) [PSYoungGen: 152675K->1233K(162816K)] 387794K->236440K(512512K), 0.0044331 secs] [Times: user=0.02 sys=0.00, real=0.01 secs] 
138.307: [GC (Allocation Failure) [PSYoungGen: 152273K->1107K(152576K)] 387480K->236633K(502272K), 0.0044728 secs] [Times: user=0.02 sys=0.01, real=0.00 secs] 
138.373: [GC (Allocation Failure) [PSYoungGen: 152147K->4796K(163328K)] 387673K->240586K(513024K), 0.0061607 secs] [Times: user=0.02 sys=0.00, real=0.00 secs] 
138.420: [GC (Allocation Failure) [PSYoungGen: 155836K->4325K(155648K)] 391626K->240967K(505344K), 0.0058533 secs] [Times: user=0.02 sys=0.00, real=0.01 secs] 
138.467: [GC (Allocation Failure) [PSYoungGen: 155365K->6843K(161280K)] 392007K->243549K(510976K), 0.0079643 secs] [Times: user=0.03 sys=0.00, real=0.01 secs] 
138.515: [GC (Allocation Failure) [PSYoungGen: 157371K->8035K(161792K)] 394077K->244814K(511488K), 0.0056745 secs] [Times: user=0.03 sys=0.00, real=0.00 secs] 
138.566: [GC (Allocation Failure) [PSYoungGen: 158563K->8421K(161792K)] 395342K->245280K(511488K), 0.0054399 secs] [Times: user=0.03 sys=0.00, real=0.00 secs] 
138.608: [GC (Allocation Failure) [PSYoungGen: 158437K->6785K(162304K)] 395296K->243716K(512000K), 0.0056890 secs] [Times: user=0.03 sys=0.00, real=0.01 secs] 
138.653: [GC (Allocation Failure) [PSYoungGen: 156801K->4089K(162304K)] 393732K->241092K(512000K), 0.0043822 secs] [Times: user=0.02 sys=0.00, real=0.00 secs] 
138.699: [GC (Allocation Failure) [PSYoungGen: 154617K->4332K(162304K)] 391620K->241750K(512000K), 0.0039484 secs] [Times: user=0.02 sys=0.00, real=0.01 secs] 
138.741: [GC (Allocation Failure) [PSYoungGen: 154860K->6912K(162304K)] 392278K->244418K(512000K), 0.0059296 secs] [Times: user=0.03 sys=0.00, real=0.01 secs] 
138.785: [GC (Allocation Failure) [PSYoungGen: 157952K->8865K(162304K)] 395458K->246531K(512000K), 0.0068571 secs] [Times: user=0.03 sys=0.00, real=0.01 secs] 
138.830: [GC (Allocation Failure) [PSYoungGen: 159905K->4926K(162816K)] 397571K->242752K(512512K), 0.0054578 secs] [Times: user=0.02 sys=0.00, real=0.01 secs] 
138.878: [GC (Allocation Failure) [PSYoungGen: 156478K->11247K(162816K)] 394304K->250634K(512512K), 0.0083038 secs] [Times: user=0.04 sys=0.00, real=0.01 secs] 
138.956: [GC (Allocation Failure) [PSYoungGen: 162799K->4848K(159744K)] 402186K->248517K(509440K), 0.0056142 secs] [Times: user=0.03 sys=0.00, real=0.01 secs] 
139.012: [GC (Allocation Failure) [PSYoungGen: 152816K->3992K(161280K)] 396485K->250231K(510976K), 0.0050702 secs] [Times: user=0.02 sys=0.00, real=0.00 secs] 
139.065: [GC (Allocation Failure) [PSYoungGen: 151960K->5299K(159744K)] 398199K->251626K(509440K), 0.0053458 secs] [Times: user=0.03 sys=0.00, real=0.00 secs] 
139.122: [GC (Allocation Failure) [PSYoungGen: 153779K->6691K(160768K)] 400106K->253250K(510464K), 0.0062789 secs] [Times: user=0.02 sys=0.00, real=0.00 secs] 
139.185: [GC (Allocation Failure) [PSYoungGen: 155171K->2978K(161792K)] 401730K->249617K(511488K), 0.0046224 secs] [Times: user=0.01 sys=0.00, real=0.00 secs] 
139.243: [GC (Allocation Failure) [PSYoungGen: 153506K->4805K(162304K)] 400145K->251540K(512000K), 0.0048521 secs] [Times: user=0.03 sys=0.01, real=0.00 secs] 
139.303: [GC (Allocation Failure) [PSYoungGen: 155331K->4614K(161792K)] 402066K->251445K(511488K), 0.0049457 secs] [Times: user=0.02 sys=0.00, real=0.00 secs] 
145.163: [GC (Allocation Failure) [PSYoungGen: 155654K->5086K(162304K)] 402485K->252005K(512000K), 0.0077074 secs] [Times: user=0.04 sys=0.00, real=0.00 secs] 
145.246: [GC (Allocation Failure) [PSYoungGen: 156126K->5627K(162304K)] 403045K->255970K(512000K), 0.0074996 secs] [Times: user=0.03 sys=0.00, real=0.01 secs] 
145.323: [GC (Allocation Failure) [PSYoungGen: 158203K->3695K(162816K)] 408546K->254118K(512512K), 0.0041583 secs] [Times: user=0.02 sys=0.00, real=0.00 secs] 
145.397: [GC (Allocation Failure) [PSYoungGen: 156271K->6175K(164352K)] 406694K->256671K(514048K), 0.0073588 secs] [Times: user=0.03 sys=0.00, real=0.01 secs] 
145.465: [GC (Allocation Failure) [PSYoungGen: 160287K->4227K(158720K)] 410783K->254954K(508416K), 0.0054427 secs] [Times: user=0.02 sys=0.00, real=0.00 secs] 
145.535: [GC (Allocation Failure) [PSYoungGen: 158339K->5681K(163840K)] 409066K->256567K(513536K), 0.0051196 secs] [Times: user=0.02 sys=0.00, real=0.00 secs] 
145.592: [GC (Allocation Failure) [PSYoungGen: 159793K->6409K(163840K)] 410679K->257439K(513536K), 0.0061213 secs] [Times: user=0.03 sys=0.00, real=0.01 secs] 
145.649: [GC (Allocation Failure) [PSYoungGen: 160505K->5547K(163840K)] 411536K->256681K(513536K), 0.0043463 secs] [Times: user=0.02 sys=0.00, real=0.01 secs] 
145.901: [GC (Allocation Failure) [PSYoungGen: 160683K->8321K(164352K)] 411817K->259695K(514048K), 0.0072932 secs] [Times: user=0.04 sys=0.00, real=0.01 secs] 
146.017: [GC (Allocation Failure) [PSYoungGen: 163450K->8129K(163840K)] 414824K->261324K(513536K), 0.0074581 secs] [Times: user=0.04 sys=0.00, real=0.01 secs] 
146.093: [GC (Allocation Failure) [PSYoungGen: 162241K->2791K(164352K)] 415436K->260346K(514048K), 0.0053822 secs] [Times: user=0.03 sys=0.00, real=0.00 secs] 
146.153: [GC (Allocation Failure) [PSYoungGen: 156903K->6821K(164352K)] 414458K->264911K(514048K), 0.0062942 secs] [Times: user=0.03 sys=0.00, real=0.00 secs] 
146.209: [GC (Allocation Failure) [PSYoungGen: 160933K->7061K(164352K)] 419023K->266136K(514048K), 0.0048275 secs] [Times: user=0.03 sys=0.00, real=0.01 secs] 
146.321: [GC (Allocation Failure) [PSYoungGen: 161173K->9686K(162304K)] 420248K->269528K(512000K), 0.0066124 secs] [Times: user=0.03 sys=0.00, real=0.01 secs] 
146.385: [GC (Allocation Failure) [PSYoungGen: 161750K->4133K(163328K)] 421592K->267886K(513024K), 0.0061221 secs] [Times: user=0.03 sys=0.00, real=0.00 secs] 
146.452: [GC (Allocation Failure) [PSYoungGen: 156197K->4703K(163328K)] 419950K->269169K(513024K), 0.0063762 secs] [Times: user=0.03 sys=0.01, real=0.01 secs] 
146.689: [GC (Allocation Failure) [PSYoungGen: 156767K->9815K(162304K)] 421233K->275112K(512000K), 0.0074880 secs] [Times: user=0.04 sys=0.00, real=0.01 secs] 
146.810: [GC (Allocation Failure) [PSYoungGen: 161879K->9115K(161792K)] 427176K->276329K(511488K), 0.0077181 secs] [Times: user=0.03 sys=0.00, real=0.01 secs] 
146.878: [GC (Allocation Failure) [PSYoungGen: 159131K->6322K(162304K)] 426345K->277175K(512000K), 0.0064164 secs] [Times: user=0.04 sys=0.00, real=0.01 secs] 
146.936: [GC (Allocation Failure) [PSYoungGen: 156338K->6402K(161280K)] 427191K->278088K(510976K), 0.0056621 secs] [Times: user=0.03 sys=0.00, real=0.00 secs] 
146.992: [GC (Allocation Failure) [PSYoungGen: 156930K->4935K(161792K)] 428616K->277388K(511488K), 0.0052858 secs] [Times: user=0.03 sys=0.00, real=0.01 secs] 
147.099: [GC (Allocation Failure) [PSYoungGen: 155463K->9039K(162304K)] 427916K->282245K(512000K), 0.0083079 secs] [Times: user=0.05 sys=0.00, real=0.01 secs] 
147.157: [GC (Allocation Failure) [PSYoungGen: 160079K->5613K(162816K)] 433285K->282523K(512512K), 0.0057869 secs] [Times: user=0.04 sys=0.00, real=0.01 secs] 
147.215: [GC (Allocation Failure) [PSYoungGen: 156653K->6554K(162816K)] 433563K->284270K(512512K), 0.0083438 secs] [Times: user=0.03 sys=0.01, real=0.01 secs] 
147.519: [GC (Allocation Failure) [PSYoungGen: 157297K->11262K(162816K)] 435014K->291395K(512512K), 0.0086731 secs] [Times: user=0.03 sys=0.00, real=0.01 secs] 
147.599: [GC (Allocation Failure) [PSYoungGen: 162659K->1746K(158720K)] 442792K->285130K(508416K), 0.0053850 secs] [Times: user=0.02 sys=0.00, real=0.01 secs] 
147.665: [GC (Allocation Failure) [PSYoungGen: 148690K->1331K(160768K)] 432074K->285679K(510464K), 0.0055930 secs] [Times: user=0.02 sys=0.00, real=0.00 secs] 
147.738: [GC (Allocation Failure) [PSYoungGen: 148275K->5550K(159744K)] 432623K->290155K(509440K), 0.0047219 secs] [Times: user=0.03 sys=0.00, real=0.01 secs] 
147.793: [GC (Allocation Failure) [PSYoungGen: 152494K->5583K(160256K)] 437099K->290395K(509952K), 0.0087126 secs] [Times: user=0.02 sys=0.00, real=0.00 secs] 
147.850: [GC (Allocation Failure) [PSYoungGen: 152527K->6966K(160256K)] 437339K->292026K(509952K), 0.0062556 secs] [Times: user=0.03 sys=0.00, real=0.01 secs] 
147.911: [GC (Allocation Failure) [PSYoungGen: 155376K->5190K(160768K)] 440436K->290321K(510464K), 0.0049617 secs] [Times: user=0.03 sys=0.00, real=0.01 secs] 
147.975: [GC (Allocation Failure) [PSYoungGen: 153670K->4967K(162304K)] 438801K->290195K(512000K), 0.0046501 secs] [Times: user=0.02 sys=0.00, real=0.00 secs] 
148.032: [GC (Allocation Failure) [PSYoungGen: 155320K->7164K(162304K)] 440547K->292463K(512000K), 0.0065418 secs] [Times: user=0.03 sys=0.00, real=0.01 secs] 
148.092: [GC (Allocation Failure) [PSYoungGen: 157692K->4114K(162304K)] 442991K->289501K(512000K), 0.0049617 secs] [Times: user=0.03 sys=0.00, real=0.01 secs] 
148.161: [GC (Allocation Failure) [PSYoungGen: 152253K->1397K(162304K)] 437640K->286865K(512000K), 0.0043028 secs] [Times: user=0.02 sys=0.00, real=0.01 secs] 
148.211: [GC (Allocation Failure) [PSYoungGen: 152437K->6569K(163328K)] 437905K->293581K(513024K), 0.0054990 secs] [Times: user=0.03 sys=0.00, real=0.01 secs] 
148.258: [GC (Allocation Failure) [PSYoungGen: 158633K->9152K(161280K)] 445645K->296437K(510976K), 0.0068087 secs] [Times: user=0.03 sys=0.00, real=0.01 secs] 
148.306: [GC (Allocation Failure) [PSYoungGen: 161216K->4762K(162816K)] 448501K->292208K(512512K), 0.0052457 secs] [Times: user=0.02 sys=0.00, real=0.00 secs] 
148.354: [GC (Allocation Failure) [PSYoungGen: 155290K->7717K(162304K)] 442736K->295323K(512000K), 0.0051361 secs] [Times: user=0.03 sys=0.00, real=0.00 secs] 
148.400: [GC (Allocation Failure) [PSYoungGen: 158245K->4953K(162304K)] 445851K->292631K(512000K), 0.0068011 secs] [Times: user=0.03 sys=0.00, real=0.01 secs] 
148.458: [GC (Allocation Failure) [PSYoungGen: 155993K->8548K(162304K)] 443671K->296636K(512000K), 0.0093066 secs] [Times: user=0.04 sys=0.00, real=0.01 secs] 
148.524: [GC (Allocation Failure) [PSYoungGen: 159588K->3889K(162816K)] 447676K->292033K(512512K), 0.0058852 secs] [Times: user=0.02 sys=0.00, real=0.00 secs] 
148.581: [GC (Allocation Failure) [PSYoungGen: 154921K->8245K(159744K)] 443065K->296469K(509440K), 0.0077176 secs] [Times: user=0.03 sys=0.00, real=0.01 secs] 
148.634: [GC (Allocation Failure) [PSYoungGen: 159285K->7971K(162304K)] 447509K->296355K(512000K), 0.0068615 secs] [Times: user=0.03 sys=0.00, real=0.00 secs] 
148.697: [GC (Allocation Failure) [PSYoungGen: 157987K->6881K(157184K)] 446371K->295417K(506880K), 0.0080191 secs] [Times: user=0.04 sys=0.00, real=0.01 secs] 
148.754: [GC (Allocation Failure) [PSYoungGen: 156897K->8241K(161792K)] 445433K->296874K(511488K), 0.0068955 secs] [Times: user=0.03 sys=0.00, real=0.00 secs] 
148.808: [GC (Allocation Failure) [PSYoungGen: 158257K->6078K(161792K)] 446890K->294954K(511488K), 0.0058954 secs] [Times: user=0.02 sys=0.00, real=0.01 secs] 
148.891: [GC (Allocation Failure) [PSYoungGen: 156094K->4740K(161792K)] 444970K->293688K(511488K), 0.0079026 secs] [Times: user=0.02 sys=0.00, real=0.01 secs] 
148.957: [GC (Allocation Failure) [PSYoungGen: 155780K->2851K(162304K)] 444728K->293084K(512000K), 0.0046875 secs] [Times: user=0.03 sys=0.00, real=0.00 secs] 
149.013: [GC (Allocation Failure) [PSYoungGen: 153891K->7004K(163328K)] 444124K->297324K(513024K), 0.0056600 secs] [Times: user=0.03 sys=0.00, real=0.01 secs] 
149.069: [GC (Allocation Failure) [PSYoungGen: 159068K->4270K(163328K)] 449388K->294663K(513024K), 0.0043471 secs] [Times: user=0.02 sys=0.00, real=0.01 secs] 
149.124: [GC (Allocation Failure) [PSYoungGen: 156334K->4482K(162304K)] 446727K->294970K(512000K), 0.0051196 secs] [Times: user=0.03 sys=0.00, real=0.00 secs] 
149.179: [GC (Allocation Failure) [PSYoungGen: 156546K->4535K(162816K)] 447034K->295259K(512512K), 0.0053637 secs] [Times: user=0.03 sys=0.00, real=0.01 secs] 
149.234: [GC (Allocation Failure) [PSYoungGen: 156599K->5549K(162816K)] 447323K->296360K(512512K), 0.0049888 secs] [Times: user=0.03 sys=0.00, real=0.00 secs] 
155.110: [GC (Allocation Failure) [PSYoungGen: 158637K->1696K(163328K)] 449448K->292579K(513024K), 0.0051771 secs] [Times: user=0.02 sys=0.00, real=0.01 secs] 
155.222: [GC (Allocation Failure) [PSYoungGen: 154784K->7185K(163328K)] 445667K->299620K(513024K), 0.0065356 secs] [Times: user=0.03 sys=0.00, real=0.01 secs] 
155.284: [GC (Allocation Failure) [PSYoungGen: 160273K->5442K(163840K)] 452708K->299885K(513536K), 0.0067815 secs] [Times: user=0.03 sys=0.00, real=0.00 secs] 
155.340: [GC (Allocation Failure) [PSYoungGen: 158530K->4728K(162816K)] 452973K->299252K(512512K), 0.0051988 secs] [Times: user=0.02 sys=0.00, real=0.01 secs] 
155.395: [GC (Allocation Failure) [PSYoungGen: 158328K->6045K(163328K)] 452852K->300649K(513024K), 0.0052803 secs] [Times: user=0.03 sys=0.00, real=0.00 secs] 
155.454: [GC (Allocation Failure) [PSYoungGen: 159645K->7015K(164864K)] 454249K->301870K(514560K), 0.0081917 secs] [Times: user=0.03 sys=0.00, real=0.01 secs] 
155.517: [GC (Allocation Failure) [PSYoungGen: 162151K->3914K(164864K)] 457006K->298841K(514560K), 0.0043819 secs] [Times: user=0.02 sys=0.00, real=0.00 secs] 
155.583: [GC (Allocation Failure) [PSYoungGen: 159050K->5123K(163840K)] 453977K->300154K(513536K), 0.0046341 secs] [Times: user=0.02 sys=0.00, real=0.01 secs] 
155.796: [GC (Allocation Failure) [PSYoungGen: 160201K->9210K(164352K)] 455232K->305164K(514048K), 0.0069292 secs] [Times: user=0.03 sys=0.00, real=0.00 secs] 
155.968: [GC (Allocation Failure) [PSYoungGen: 160524K->4893K(164352K)] 456478K->306131K(514048K), 0.0103402 secs] [Times: user=0.05 sys=0.00, real=0.01 secs] 
156.054: [GC (Allocation Failure) [PSYoungGen: 159005K->8825K(163328K)] 460243K->314150K(513024K), 0.0104214 secs] [Times: user=0.05 sys=0.00, real=0.02 secs] 
156.133: [GC (Allocation Failure) [PSYoungGen: 162937K->6613K(163840K)] 468262K->312753K(513536K), 0.0069675 secs] [Times: user=0.03 sys=0.00, real=0.01 secs] 
156.214: [GC (Allocation Failure) [PSYoungGen: 159189K->6547K(163328K)] 465329K->313519K(513024K), 0.0109689 secs] [Times: user=0.05 sys=0.00, real=0.02 secs] 
156.334: [GC (Allocation Failure) [PSYoungGen: 156460K->4087K(163328K)] 463432K->311983K(513024K), 0.0056426 secs] [Times: user=0.03 sys=0.00, real=0.01 secs] 
156.392: [GC (Allocation Failure) [PSYoungGen: 156663K->6300K(163328K)] 464559K->318131K(513024K), 0.0075262 secs] [Times: user=0.04 sys=0.00, real=0.01 secs] 
156.451: [GC (Allocation Failure) [PSYoungGen: 158876K->5558K(163328K)] 470707K->318245K(513024K), 0.0056460 secs] [Times: user=0.03 sys=0.00, real=0.01 secs] 
156.529: [GC (Allocation Failure) [PSYoungGen: 159158K->1235K(163328K)] 471845K->314706K(513024K), 0.0042087 secs] [Times: user=0.02 sys=0.00, real=0.00 secs] 
156.759: [GC (Allocation Failure) [PSYoungGen: 154835K->10219K(158208K)] 468306K->328253K(507904K), 0.0095580 secs] [Times: user=0.05 sys=0.00, real=0.01 secs] 
156.883: [GC (Allocation Failure) [PSYoungGen: 158187K->8267K(161280K)] 476221K->333448K(510976K), 0.0134988 secs] [Times: user=0.07 sys=0.00, real=0.02 secs] 
156.948: [GC (Allocation Failure) [PSYoungGen: 156235K->5714K(160256K)] 481416K->336536K(509952K), 0.0086601 secs] [Times: user=0.04 sys=0.00, real=0.01 secs] 
157.016: [GC (Allocation Failure) [PSYoungGen: 153682K->3396K(160768K)] 484504K->334970K(510464K), 0.0043948 secs] [Times: user=0.03 sys=0.00, real=0.00 secs] 
157.075: [GC (Allocation Failure) [PSYoungGen: 151364K->5180K(160768K)] 482938K->337685K(510464K), 0.0059467 secs] [Times: user=0.02 sys=0.00, real=0.00 secs] 
157.189: [GC (Allocation Failure) [PSYoungGen: 154172K->12281K(161280K)] 486677K->346006K(510976K), 0.0147061 secs] [Times: user=0.11 sys=0.00, real=0.01 secs] 
157.255: [GC (Allocation Failure) [PSYoungGen: 161273K->5114K(160256K)] 494998K->344169K(509952K), 0.0065566 secs] [Times: user=0.04 sys=0.01, real=0.00 secs] 
157.309: [GC (Allocation Failure) [PSYoungGen: 152052K->6703K(160768K)] 491107K->346746K(510464K), 0.0065153 secs] [Times: user=0.03 sys=0.00, real=0.01 secs] 
157.495: [GC (Allocation Failure) [PSYoungGen: 153637K->4243K(160768K)] 493680K->344975K(510464K), 0.0050536 secs] [Times: user=0.03 sys=0.00, real=0.00 secs] 
157.682: [GC (Allocation Failure) [PSYoungGen: 151619K->11792K(159744K)] 492350K->353432K(509440K), 0.0083144 secs] [Times: user=0.03 sys=0.01, real=0.01 secs] 
157.756: [GC (Allocation Failure) [PSYoungGen: 159248K->1203K(159232K)] 500888K->346509K(508928K), 0.0066893 secs] [Times: user=0.03 sys=0.01, real=0.00 secs] 
157.763: [Full GC (Ergonomics) [PSYoungGen: 1203K->0K(159232K)] [ParOldGen: 345305K->189234K(349696K)] 346509K->189234K(508928K), [Metaspace: 76799K->76799K(1116160K)], 0.2820500 secs] [Times: user=1.57 sys=0.00, real=0.29 secs] 
158.111: [GC (Allocation Failure) [PSYoungGen: 144752K->1001K(159744K)] 333986K->190235K(509440K), 0.0045773 secs] [Times: user=0.01 sys=0.00, real=0.01 secs] 
158.173: [GC (Allocation Failure) [PSYoungGen: 145897K->4181K(158720K)] 335131K->193804K(508416K), 0.0050770 secs] [Times: user=0.02 sys=0.00, real=0.01 secs] 
158.229: [GC (Allocation Failure) [PSYoungGen: 149077K->5628K(159232K)] 338700K->195534K(508928K), 0.0047107 secs] [Times: user=0.02 sys=0.01, real=0.00 secs] 
158.290: [GC (Allocation Failure) [PSYoungGen: 150524K->5347K(159744K)] 340430K->195342K(509440K), 0.0046180 secs] [Times: user=0.02 sys=0.00, real=0.01 secs] 
158.360: [GC (Allocation Failure) [PSYoungGen: 152291K->4601K(159744K)] 342286K->194676K(509440K), 0.0040678 secs] [Times: user=0.02 sys=0.00, real=0.00 secs] 
158.430: [GC (Allocation Failure) [PSYoungGen: 151545K->2783K(161280K)] 341620K->192938K(510976K), 0.0040368 secs] [Times: user=0.02 sys=0.00, real=0.00 secs] 
158.489: [GC (Allocation Failure) [PSYoungGen: 152287K->5045K(161280K)] 342442K->195280K(510976K), 0.0120160 secs] [Times: user=0.06 sys=0.00, real=0.01 secs] 
158.566: [GC (Allocation Failure) [PSYoungGen: 154549K->4814K(162304K)] 344784K->195145K(512000K), 0.0045805 secs] [Times: user=0.02 sys=0.00, real=0.00 secs] 
158.655: [GC (Allocation Failure) [PSYoungGen: 156366K->4080K(162304K)] 346697K->194498K(512000K), 0.0064660 secs] [Times: user=0.02 sys=0.00, real=0.00 secs] 
158.703: [GC (Allocation Failure) [PSYoungGen: 155632K->7580K(163840K)] 346050K->199341K(513536K), 0.0139246 secs] [Times: user=0.10 sys=0.01, real=0.02 secs] 
158.778: [GC (Allocation Failure) [PSYoungGen: 160668K->7646K(160768K)] 352429K->199488K(510464K), 0.0059262 secs] [Times: user=0.02 sys=0.00, real=0.00 secs] 
158.828: [GC (Allocation Failure) [PSYoungGen: 160734K->5899K(163840K)] 352576K->197804K(513536K), 0.0042745 secs] [Times: user=0.03 sys=0.00, real=0.00 secs] 
158.875: [GC (Allocation Failure) [PSYoungGen: 158475K->5916K(158720K)] 350380K->197894K(508416K), 0.0042587 secs] [Times: user=0.03 sys=0.00, real=0.00 secs] 
158.919: [GC (Allocation Failure) [PSYoungGen: 158492K->7338K(162304K)] 350470K->199388K(512000K), 0.0044872 secs] [Times: user=0.02 sys=0.00, real=0.00 secs] 
158.965: [GC (Allocation Failure) [PSYoungGen: 159402K->6023K(162816K)] 351452K->200376K(512512K), 0.0042410 secs] [Times: user=0.02 sys=0.00, real=0.00 secs] 
159.009: [GC (Allocation Failure) [PSYoungGen: 158087K->7214K(163840K)] 352440K->201647K(513536K), 0.0057080 secs] [Times: user=0.03 sys=0.00, real=0.01 secs] 
159.055: [GC (Allocation Failure) [PSYoungGen: 160814K->7279K(163840K)] 355247K->201980K(513536K), 0.0048710 secs] [Times: user=0.02 sys=0.00, real=0.00 secs] 
159.097: [GC (Allocation Failure) [PSYoungGen: 160879K->5376K(164352K)] 355580K->200141K(514048K), 0.0044608 secs] [Times: user=0.02 sys=0.00, real=0.00 secs] 
159.149: [GC (Allocation Failure) [PSYoungGen: 159488K->4549K(164352K)] 354253K->199386K(514048K), 0.0051602 secs] [Times: user=0.01 sys=0.00, real=0.00 secs] 
159.197: [GC (Allocation Failure) [PSYoungGen: 158661K->7567K(164352K)] 353498K->202468K(514048K), 0.0066130 secs] [Times: user=0.02 sys=0.00, real=0.00 secs] 
159.247: [GC (Allocation Failure) [PSYoungGen: 161679K->5566K(159744K)] 356580K->200539K(509440K), 0.0045213 secs] [Times: user=0.02 sys=0.00, real=0.00 secs] 
159.321: [GC (Allocation Failure) [PSYoungGen: 159678K->9717K(161792K)] 354651K->204981K(511488K), 0.0062352 secs] [Times: user=0.03 sys=0.01, real=0.01 secs] 
159.382: [GC (Allocation Failure) [PSYoungGen: 161781K->7939K(163328K)] 357045K->204099K(513024K), 0.0054530 secs] [Times: user=0.03 sys=0.00, real=0.01 secs] 
159.438: [GC (Allocation Failure) [PSYoungGen: 160003K->6491K(162304K)] 356163K->202903K(512000K), 0.0049157 secs] [Times: user=0.03 sys=0.01, real=0.00 secs] 
159.494: [GC (Allocation Failure) [PSYoungGen: 158555K->5255K(162816K)] 354967K->201755K(512512K), 0.0041737 secs] [Times: user=0.03 sys=0.00, real=0.01 secs] 
159.551: [GC (Allocation Failure) [PSYoungGen: 157319K->7652K(163840K)] 353819K->204240K(513536K), 0.0044787 secs] [Times: user=0.02 sys=0.01, real=0.01 secs] 
159.607: [GC (Allocation Failure) [PSYoungGen: 160740K->4873K(163840K)] 357328K->201550K(513536K), 0.0044653 secs] [Times: user=0.02 sys=0.00, real=0.00 secs] 
159.669: [GC (Allocation Failure) [PSYoungGen: 157961K->5324K(162816K)] 354638K->202064K(512512K), 0.0050683 secs] [Times: user=0.02 sys=0.00, real=0.00 secs] 
159.732: [GC (Allocation Failure) [PSYoungGen: 158412K->5730K(163328K)] 355152K->202550K(513024K), 0.0069784 secs] [Times: user=0.03 sys=0.00, real=0.01 secs] 
165.207: [GC (Allocation Failure) [PSYoungGen: 158818K->8702K(163328K)] 355638K->205611K(513024K), 0.0124806 secs] [Times: user=0.06 sys=0.00, real=0.01 secs] 
165.280: [GC (Allocation Failure) [PSYoungGen: 161790K->6202K(163840K)] 358699K->206807K(513536K), 0.0192613 secs] [Times: user=0.09 sys=0.00, real=0.02 secs] 
165.359: [GC (Allocation Failure) [PSYoungGen: 159290K->3385K(163840K)] 359895K->204070K(513536K), 0.0044508 secs] [Times: user=0.02 sys=0.00, real=0.00 secs] 
165.426: [GC (Allocation Failure) [PSYoungGen: 156985K->6818K(163840K)] 357670K->207567K(513536K), 0.0072231 secs] [Times: user=0.02 sys=0.00, real=0.00 secs] 
165.499: [GC (Allocation Failure) [PSYoungGen: 160418K->6564K(164352K)] 361167K->207385K(514048K), 0.0060029 secs] [Times: user=0.03 sys=0.00, real=0.00 secs] 
165.573: [GC (Allocation Failure) [PSYoungGen: 160676K->5052K(159232K)] 361497K->206284K(508928K), 0.0050487 secs] [Times: user=0.03 sys=0.00, real=0.01 secs] 
165.645: [GC (Allocation Failure) [PSYoungGen: 159164K->7832K(163328K)] 360396K->209144K(513024K), 0.0047445 secs] [Times: user=0.03 sys=0.00, real=0.01 secs] 
165.716: [GC (Allocation Failure) [PSYoungGen: 161432K->5539K(163840K)] 362744K->206994K(513536K), 0.0051917 secs] [Times: user=0.03 sys=0.00, real=0.01 secs] 
165.987: [GC (Allocation Failure) [PSYoungGen: 155081K->5783K(164352K)] 356537K->207399K(514048K), 0.0059188 secs] [Times: user=0.03 sys=0.00, real=0.00 secs] 
166.120: [GC (Allocation Failure) [PSYoungGen: 160407K->7521K(164352K)] 362023K->210908K(514048K), 0.0060088 secs] [Times: user=0.03 sys=0.00, real=0.01 secs] 
166.189: [GC (Allocation Failure) [PSYoungGen: 162145K->5563K(164864K)] 365532K->213060K(514560K), 0.0061527 secs] [Times: user=0.03 sys=0.00, real=0.00 secs] 
166.260: [GC (Allocation Failure) [PSYoungGen: 160699K->4252K(164864K)] 368196K->212413K(514560K), 0.0053543 secs] [Times: user=0.02 sys=0.00, real=0.00 secs] 
166.327: [GC (Allocation Failure) [PSYoungGen: 159388K->7821K(164864K)] 367549K->216887K(514560K), 0.0075098 secs] [Times: user=0.03 sys=0.00, real=0.00 secs] 
166.436: [GC (Allocation Failure) [PSYoungGen: 162957K->4209K(164864K)] 372023K->214394K(514560K), 0.0044897 secs] [Times: user=0.02 sys=0.00, real=0.00 secs] 
166.516: [GC (Allocation Failure) [PSYoungGen: 159345K->5528K(164864K)] 369530K->219417K(514560K), 0.0053478 secs] [Times: user=0.03 sys=0.00, real=0.00 secs] 
166.593: [GC (Allocation Failure) [PSYoungGen: 160664K->5500K(160768K)] 374553K->221257K(510464K), 0.0054569 secs] [Times: user=0.02 sys=0.00, real=0.01 secs] 
166.657: [GC (Allocation Failure) [PSYoungGen: 160636K->3144K(163840K)] 376393K->219685K(513536K), 0.0040317 secs] [Times: user=0.02 sys=0.00, real=0.00 secs] 
166.926: [GC (Allocation Failure) [PSYoungGen: 157768K->9703K(164352K)] 374309K->227172K(514048K), 0.0067474 secs] [Times: user=0.03 sys=0.00, real=0.00 secs] 
167.053: [GC (Allocation Failure) [PSYoungGen: 164327K->8745K(161280K)] 381796K->228314K(510976K), 0.0148994 secs] [Times: user=0.06 sys=0.00, real=0.02 secs] 
167.128: [GC (Allocation Failure) [PSYoungGen: 159785K->6709K(162816K)] 379354K->230461K(512512K), 0.0073416 secs] [Times: user=0.04 sys=0.00, real=0.01 secs] 
167.201: [GC (Allocation Failure) [PSYoungGen: 157749K->8132K(162304K)] 381501K->233142K(512000K), 0.0089686 secs] [Times: user=0.04 sys=0.00, real=0.01 secs] 
167.291: [GC (Allocation Failure) [PSYoungGen: 159684K->6483K(162816K)] 384694K->232245K(512512K), 0.0057710 secs] [Times: user=0.02 sys=0.00, real=0.01 secs] 
167.430: [GC (Allocation Failure) [PSYoungGen: 158035K->10746K(159744K)] 383797K->238281K(509440K), 0.0079153 secs] [Times: user=0.04 sys=0.01, real=0.01 secs] 
167.503: [GC (Allocation Failure) [PSYoungGen: 159738K->6783K(161792K)] 387273K->240689K(511488K), 0.0080058 secs] [Times: user=0.05 sys=0.00, real=0.01 secs] 
167.584: [GC (Allocation Failure) [PSYoungGen: 155775K->5433K(161280K)] 389681K->240567K(510976K), 0.0109743 secs] [Times: user=0.04 sys=0.00, real=0.01 secs] 
167.736: [GC (Allocation Failure) [PSYoungGen: 154937K->1329K(161792K)] 390071K->237239K(511488K), 0.0063026 secs] [Times: user=0.02 sys=0.00, real=0.00 secs] 
167.992: [GC (Allocation Failure) [PSYoungGen: 150833K->12268K(153088K)] 386743K->255573K(502784K), 0.0112630 secs] [Times: user=0.04 sys=0.00, real=0.01 secs] 
168.120: [GC (Allocation Failure) [PSYoungGen: 153068K->14670K(155648K)] 396373K->262660K(505344K), 0.0100668 secs] [Times: user=0.03 sys=0.00, real=0.01 secs] 
168.251: [GC (Allocation Failure) [PSYoungGen: 155470K->6605K(156672K)] 403460K->266290K(506368K), 0.0121764 secs] [Times: user=0.05 sys=0.00, real=0.01 secs] 
168.388: [GC (Allocation Failure) [PSYoungGen: 144845K->14083K(152576K)] 404530K->274120K(502272K), 0.0107058 secs] [Times: user=0.04 sys=0.01, real=0.01 secs] 
168.519: [GC (Allocation Failure) [PSYoungGen: 152323K->3003K(155648K)] 412360K->274802K(505344K), 0.0093996 secs] [Times: user=0.04 sys=0.00, real=0.01 secs] 
168.624: [GC (Allocation Failure) [PSYoungGen: 139707K->1993K(155648K)] 411506K->273919K(505344K), 0.0040770 secs] [Times: user=0.02 sys=0.00, real=0.01 secs] 
168.698: [GC (Allocation Failure) [PSYoungGen: 138697K->1785K(155648K)] 410623K->273939K(505344K), 0.0045029 secs] [Times: user=0.02 sys=0.00, real=0.00 secs] 
168.768: [GC (Allocation Failure) [PSYoungGen: 138489K->1691K(155648K)] 410643K->273885K(505344K), 0.0056120 secs] [Times: user=0.02 sys=0.00, real=0.00 secs] 
168.850: [GC (Allocation Failure) [PSYoungGen: 138395K->1752K(154624K)] 410589K->273986K(504320K), 0.0149179 secs] [Times: user=0.05 sys=0.00, real=0.01 secs] 
168.923: [GC (Allocation Failure) [PSYoungGen: 138456K->3143K(155136K)] 410690K->275417K(504832K), 0.0081742 secs] [Times: user=0.03 sys=0.00, real=0.01 secs] 
168.982: [GC (Allocation Failure) [PSYoungGen: 139847K->2580K(155648K)] 412121K->274878K(505344K), 0.0065123 secs] [Times: user=0.03 sys=0.00, real=0.01 secs] 
169.052: [GC (Allocation Failure) [PSYoungGen: 141332K->1372K(155648K)] 413630K->273694K(505344K), 0.0055987 secs] [Times: user=0.03 sys=0.00, real=0.01 secs] 
169.113: [GC (Allocation Failure) [PSYoungGen: 140124K->2518K(157184K)] 412446K->274863K(506880K), 0.0101768 secs] [Times: user=0.05 sys=0.00, real=0.01 secs] 
169.178: [GC (Allocation Failure) [PSYoungGen: 143830K->3122K(157184K)] 416175K->275491K(506880K), 0.0152115 secs] [Times: user=0.06 sys=0.00, real=0.01 secs] 
169.269: [GC (Allocation Failure) [PSYoungGen: 144434K->1727K(158208K)] 416803K->274292K(507904K), 0.0071684 secs] [Times: user=0.03 sys=0.00, real=0.00 secs] 
169.321: [GC (Allocation Failure) [PSYoungGen: 145087K->3283K(157696K)] 417652K->275880K(507392K), 0.0063661 secs] [Times: user=0.03 sys=0.00, real=0.01 secs] 
169.380: [GC (Allocation Failure) [PSYoungGen: 146602K->4057K(159232K)] 419199K->276670K(508928K), 0.0061451 secs] [Times: user=0.03 sys=0.01, real=0.01 secs] 
169.440: [GC (Allocation Failure) [PSYoungGen: 150285K->8092K(159232K)] 422898K->281682K(508928K), 0.0077560 secs] [Times: user=0.03 sys=0.00, real=0.01 secs] 
169.522: [GC (Allocation Failure) [PSYoungGen: 154524K->9029K(159232K)] 428114K->288839K(508928K), 0.0067560 secs] [Times: user=0.05 sys=0.00, real=0.01 secs] 
169.576: [GC (Allocation Failure) [PSYoungGen: 154949K->5052K(160256K)] 434759K->292122K(509952K), 0.0154952 secs] [Times: user=0.11 sys=0.00, real=0.02 secs] 
169.638: [GC (Allocation Failure) [PSYoungGen: 150972K->1434K(160256K)] 438042K->291786K(509952K), 0.0121840 secs] [Times: user=0.06 sys=0.01, real=0.01 secs] 
169.707: [GC (Allocation Failure) [PSYoungGen: 148378K->160K(160256K)] 438730K->290543K(509952K), 0.0046138 secs] [Times: user=0.02 sys=0.00, real=0.00 secs] 
169.761: [GC (Allocation Failure) [PSYoungGen: 147104K->128K(160256K)] 437487K->290567K(509952K), 0.0042588 secs] [Times: user=0.02 sys=0.00, real=0.00 secs] 
169.809: [GC (Allocation Failure) [PSYoungGen: 148096K->160K(160768K)] 438535K->290599K(510464K), 0.0056621 secs] [Times: user=0.03 sys=0.00, real=0.00 secs] 
169.856: [GC (Allocation Failure) [PSYoungGen: 148128K->128K(160768K)] 438567K->290567K(510464K), 0.0054229 secs] [Times: user=0.03 sys=0.00, real=0.01 secs] 
169.917: [GC (Allocation Failure) [PSYoungGen: 149120K->416K(161280K)] 439559K->290895K(510976K), 0.0056041 secs] [Times: user=0.03 sys=0.00, real=0.00 secs] 
170.016: [GC (Allocation Failure) [PSYoungGen: 149385K->1192K(161280K)] 439864K->291903K(510976K), 0.0070168 secs] [Times: user=0.03 sys=0.00, real=0.01 secs] 
170.109: [GC (Allocation Failure) [PSYoungGen: 151720K->1022K(161792K)] 442431K->292311K(511488K), 0.0160183 secs] [Times: user=0.05 sys=0.00, real=0.01 secs] 
170.256: [GC (Allocation Failure) [PSYoungGen: 151550K->8381K(160768K)] 442839K->299911K(510464K), 0.0099796 secs] [Times: user=0.05 sys=0.00, real=0.01 secs] 
170.372: [GC (Allocation Failure) [PSYoungGen: 158397K->8335K(158720K)] 449927K->300931K(508416K), 0.0116235 secs] [Times: user=0.04 sys=0.00, real=0.01 secs] 
170.448: [GC (Allocation Failure) [PSYoungGen: 158351K->7123K(161280K)] 450947K->299775K(510976K), 0.0093071 secs] [Times: user=0.05 sys=0.00, real=0.01 secs] 
170.530: [GC (Allocation Failure) [PSYoungGen: 155091K->9695K(157696K)] 447743K->302607K(507392K), 0.0105341 secs] [Times: user=0.05 sys=0.00, real=0.01 secs] 
170.594: [GC (Allocation Failure) [PSYoungGen: 157663K->6809K(160256K)] 450575K->299784K(509952K), 0.0057235 secs] [Times: user=0.03 sys=0.00, real=0.01 secs] 
170.662: [GC (Allocation Failure) [PSYoungGen: 152217K->8040K(159744K)] 445192K->301119K(509440K), 0.0108512 secs] [Times: user=0.05 sys=0.01, real=0.01 secs] 
170.735: [GC (Allocation Failure) [PSYoungGen: 153448K->7627K(159744K)] 446527K->300906K(509440K), 0.0059854 secs] [Times: user=0.04 sys=0.00, real=0.01 secs] 
170.803: [GC (Allocation Failure) [PSYoungGen: 152523K->5268K(150528K)] 445802K->298620K(500224K), 0.0064109 secs] [Times: user=0.03 sys=0.00, real=0.01 secs] 
170.866: [GC (Allocation Failure) [PSYoungGen: 150164K->7763K(158720K)] 443516K->301379K(508416K), 0.0088490 secs] [Times: user=0.05 sys=0.00, real=0.01 secs] 
170.943: [GC (Allocation Failure) [PSYoungGen: 152659K->6000K(158720K)] 446275K->299680K(508416K), 0.0121716 secs] [Times: user=0.07 sys=0.00, real=0.01 secs] 
171.016: [GC (Allocation Failure) [PSYoungGen: 150896K->4693K(160256K)] 444576K->298437K(509952K), 0.0055006 secs] [Times: user=0.03 sys=0.00, real=0.01 secs] 
171.082: [GC (Allocation Failure) [PSYoungGen: 152149K->6287K(160256K)] 445893K->300086K(509952K), 0.0135756 secs] [Times: user=0.05 sys=0.00, real=0.01 secs] 
171.151: [GC (Allocation Failure) [PSYoungGen: 153743K->6397K(161280K)] 447542K->300452K(510976K), 0.0056210 secs] [Times: user=0.03 sys=0.00, real=0.01 secs] 
171.209: [GC (Allocation Failure) [PSYoungGen: 155899K->1878K(161280K)] 449954K->295989K(510976K), 0.0044862 secs] [Times: user=0.02 sys=0.00, real=0.00 secs] 
171.327: [GC (Allocation Failure) [PSYoungGen: 151382K->6308K(162816K)] 445493K->300667K(512512K), 0.0073377 secs] [Times: user=0.03 sys=0.00, real=0.00 secs] 
171.413: [GC (Allocation Failure) [PSYoungGen: 157348K->4788K(156160K)] 451707K->300515K(505856K), 0.0057347 secs] [Times: user=0.03 sys=0.00, real=0.01 secs] 
171.489: [GC (Allocation Failure) [PSYoungGen: 155828K->7210K(162304K)] 451555K->303010K(512000K), 0.0228841 secs] [Times: user=0.11 sys=0.00, real=0.02 secs] 
171.587: [GC (Allocation Failure) [PSYoungGen: 158250K->5983K(162304K)] 454050K->301846K(512000K), 0.0134251 secs] [Times: user=0.05 sys=0.00, real=0.01 secs] 
171.671: [GC (Allocation Failure) [PSYoungGen: 157023K->5129K(162816K)] 452886K->301235K(512512K), 0.0057059 secs] [Times: user=0.02 sys=0.00, real=0.01 secs] 
171.764: [GC (Allocation Failure) [PSYoungGen: 157193K->4933K(162816K)] 453299K->301096K(512512K), 0.0068967 secs] [Times: user=0.03 sys=0.00, real=0.01 secs] 
171.859: [GC (Allocation Failure) [PSYoungGen: 156997K->6466K(163328K)] 453160K->302700K(513024K), 0.0436495 secs] [Times: user=0.04 sys=0.00, real=0.04 secs] 
172.078: [GC (Allocation Failure) [PSYoungGen: 159526K->6100K(163328K)] 455760K->302399K(513024K), 0.0317461 secs] [Times: user=0.03 sys=0.00, real=0.03 secs] 
175.273: [GC (Allocation Failure) [PSYoungGen: 159188K->9723K(161792K)] 455487K->306703K(511488K), 0.0097934 secs] [Times: user=0.04 sys=0.00, real=0.01 secs] 
175.364: [GC (Allocation Failure) [PSYoungGen: 161787K->6610K(163328K)] 458767K->307620K(513024K), 0.0083709 secs] [Times: user=0.04 sys=0.00, real=0.01 secs] 
175.499: [GC (Allocation Failure) [PSYoungGen: 158674K->2790K(162816K)] 459684K->304036K(512512K), 0.0096946 secs] [Times: user=0.05 sys=0.00, real=0.01 secs] 
175.595: [GC (Allocation Failure) [PSYoungGen: 154854K->8120K(163328K)] 456100K->309446K(513024K), 0.0070860 secs] [Times: user=0.04 sys=0.01, real=0.01 secs] 
175.671: [GC (Allocation Failure) [PSYoungGen: 160184K->7769K(162304K)] 461510K->309166K(512000K), 0.0062097 secs] [Times: user=0.03 sys=0.00, real=0.00 secs] 
175.741: [GC (Allocation Failure) [PSYoungGen: 158809K->6337K(162816K)] 460206K->307990K(512512K), 0.0056463 secs] [Times: user=0.02 sys=0.00, real=0.00 secs] 
175.822: [GC (Allocation Failure) [PSYoungGen: 157377K->5818K(161792K)] 459030K->307543K(511488K), 0.0139973 secs] [Times: user=0.08 sys=0.01, real=0.01 secs] 
175.896: [GC (Allocation Failure) [PSYoungGen: 157370K->5696K(162304K)] 459095K->307665K(512000K), 0.0053376 secs] [Times: user=0.02 sys=0.00, real=0.01 secs] 
176.054: [GC (Allocation Failure) [PSYoungGen: 157248K->3302K(163840K)] 459217K->305343K(513536K), 0.0056268 secs] [Times: user=0.03 sys=0.00, real=0.01 secs] 
176.291: [GC (Allocation Failure) [PSYoungGen: 156902K->10229K(163840K)] 458943K->315360K(513536K), 0.0125076 secs] [Times: user=0.05 sys=0.01, real=0.01 secs] 
176.443: [GC (Allocation Failure) [PSYoungGen: 163829K->10749K(153600K)] 468960K->321684K(503296K), 0.0132956 secs] [Times: user=0.07 sys=0.01, real=0.01 secs] 
176.529: [GC (Allocation Failure) [PSYoungGen: 153597K->2840K(158720K)] 464532K->321005K(508416K), 0.0098439 secs] [Times: user=0.05 sys=0.00, real=0.01 secs] 
176.611: [GC (Allocation Failure) [PSYoungGen: 145688K->7150K(156672K)] 463853K->326206K(506368K), 0.0063389 secs] [Times: user=0.03 sys=0.00, real=0.00 secs] 
176.677: [GC (Allocation Failure) [PSYoungGen: 149998K->6883K(157696K)] 469054K->326792K(507392K), 0.0084674 secs] [Times: user=0.04 sys=0.00, real=0.01 secs] 
176.826: [GC (Allocation Failure) [PSYoungGen: 149731K->4447K(158208K)] 469640K->325115K(507904K), 0.0053480 secs] [Times: user=0.02 sys=0.00, real=0.01 secs] 
176.898: [GC (Allocation Failure) [PSYoungGen: 149855K->7758K(159232K)] 470523K->332274K(508928K), 0.0081488 secs] [Times: user=0.04 sys=0.00, real=0.00 secs] 
176.967: [GC (Allocation Failure) [PSYoungGen: 153166K->7095K(159744K)] 477682K->333070K(509440K), 0.0066589 secs] [Times: user=0.03 sys=0.00, real=0.01 secs] 
177.040: [GC (Allocation Failure) [PSYoungGen: 154039K->5743K(160256K)] 480014K->332550K(509952K), 0.0063128 secs] [Times: user=0.03 sys=0.00, real=0.00 secs] 
177.313: [GC (Allocation Failure) [PSYoungGen: 152687K->7971K(161280K)] 479494K->335717K(510976K), 0.0094865 secs] [Times: user=0.04 sys=0.01, real=0.01 secs] 
177.441: [GC (Allocation Failure) [PSYoungGen: 156451K->7309K(161280K)] 484197K->337443K(510976K), 0.0083027 secs] [Times: user=0.03 sys=0.00, real=0.01 secs] 
177.514: [GC (Allocation Failure) [PSYoungGen: 155789K->10137K(160768K)] 485923K->345359K(510464K), 0.0090708 secs] [Times: user=0.05 sys=0.00, real=0.01 secs] 
177.579: [GC (Allocation Failure) [PSYoungGen: 158617K->4168K(161280K)] 493839K->340013K(510976K), 0.0065639 secs] [Times: user=0.02 sys=0.00, real=0.00 secs] 
177.655: [GC (Allocation Failure) [PSYoungGen: 152648K->5714K(160768K)] 488493K->342655K(510464K), 0.0073383 secs] [Times: user=0.03 sys=0.01, real=0.01 secs] 
177.721: [GC (Allocation Failure) [PSYoungGen: 154706K->7339K(161280K)] 491647K->345072K(510976K), 0.0062196 secs] [Times: user=0.03 sys=0.00, real=0.01 secs] 
177.849: [GC (Allocation Failure) [PSYoungGen: 156331K->8175K(162304K)] 494064K->346700K(512000K), 0.0064764 secs] [Times: user=0.03 sys=0.00, real=0.00 secs] 
177.916: [GC (Allocation Failure) [PSYoungGen: 158191K->8692K(162304K)] 496716K->351656K(512000K), 0.0079993 secs] [Times: user=0.04 sys=0.00, real=0.01 secs] 
177.979: [GC (Allocation Failure) [PSYoungGen: 158708K->7831K(161280K)] 501672K->351718K(510976K), 0.0059128 secs] [Times: user=0.03 sys=0.00, real=0.00 secs] 
178.154: [GC (Allocation Failure) [PSYoungGen: 157825K->2730K(161792K)] 501712K->347417K(511488K), 0.0152368 secs] [Times: user=0.07 sys=0.00, real=0.02 secs] 
178.169: [Full GC (Ergonomics) [PSYoungGen: 2730K->0K(161792K)] [ParOldGen: 344687K->218616K(349696K)] 347417K->218616K(511488K), [Metaspace: 78070K->78070K(1118208K)], 0.3874553 secs] [Times: user=2.04 sys=0.06, real=0.38 secs] 
178.745: [GC (Allocation Failure) [PSYoungGen: 150016K->12270K(153088K)] 368632K->239698K(502784K), 0.0118745 secs] [Times: user=0.03 sys=0.01, real=0.01 secs] 
178.850: [GC (Allocation Failure) [PSYoungGen: 153070K->7080K(157696K)] 380498K->248761K(507392K), 0.0060148 secs] [Times: user=0.03 sys=0.00, real=0.00 secs] 
178.930: [GC (Allocation Failure) [PSYoungGen: 147880K->5333K(156160K)] 389561K->252534K(505856K), 0.0052374 secs] [Times: user=0.02 sys=0.00, real=0.00 secs] 
178.996: [GC (Allocation Failure) [PSYoungGen: 146645K->1605K(157184K)] 393846K->251231K(506880K), 0.0053525 secs] [Times: user=0.02 sys=0.00, real=0.01 secs] 
179.069: [GC (Allocation Failure) [PSYoungGen: 142917K->2233K(158208K)] 392543K->251890K(507904K), 0.0050117 secs] [Times: user=0.01 sys=0.00, real=0.00 secs] 
179.121: [GC (Allocation Failure) [PSYoungGen: 144057K->8263K(150528K)] 393714K->257960K(500224K), 0.0060932 secs] [Times: user=0.03 sys=0.00, real=0.00 secs] 
179.167: [GC (Allocation Failure) [PSYoungGen: 150087K->2951K(157696K)] 399784K->258404K(507392K), 0.0065769 secs] [Times: user=0.02 sys=0.01, real=0.01 secs] 
179.200: [GC (Allocation Failure) [PSYoungGen: 144775K->5282K(157696K)] 400228K->261271K(507392K), 0.0184893 secs] [Times: user=0.09 sys=0.00, real=0.02 secs] 
179.249: [GC (Allocation Failure) [PSYoungGen: 147106K->4344K(158208K)] 403095K->264678K(507904K), 0.0064132 secs] [Times: user=0.02 sys=0.01, real=0.00 secs] 
179.283: [GC (Allocation Failure) [PSYoungGen: 147704K->1871K(157696K)] 408038K->264662K(507392K), 0.0046659 secs] [Times: user=0.02 sys=0.00, real=0.00 secs] 
179.318: [GC (Allocation Failure) [PSYoungGen: 145231K->2287K(159744K)] 408022K->265209K(509440K), 0.0088357 secs] [Times: user=0.03 sys=0.01, real=0.00 secs] 
179.351: [GC (Allocation Failure) [PSYoungGen: 147695K->1754K(159744K)] 410617K->264725K(509440K), 0.0050568 secs] [Times: user=0.02 sys=0.00, real=0.00 secs] 
179.377: [GC (Allocation Failure) [PSYoungGen: 147162K->2591K(159744K)] 410133K->265665K(509440K), 0.0051818 secs] [Times: user=0.02 sys=0.00, real=0.01 secs] 
179.409: [GC (Allocation Failure) [PSYoungGen: 149023K->1575K(159744K)] 412097K->265832K(509440K), 0.0042461 secs] [Times: user=0.01 sys=0.00, real=0.00 secs] 
179.440: [GC (Allocation Failure) [PSYoungGen: 148007K->4840K(159232K)] 412264K->269368K(508928K), 0.0051121 secs] [Times: user=0.02 sys=0.00, real=0.00 secs] 
179.477: [GC (Allocation Failure) [PSYoungGen: 152808K->4057K(160256K)] 417336K->271899K(509952K), 0.0060015 secs] [Times: user=0.03 sys=0.00, real=0.01 secs] 
179.520: [GC (Allocation Failure) [PSYoungGen: 152025K->10566K(159744K)] 419867K->279369K(509440K), 0.0061885 secs] [Times: user=0.03 sys=0.00, real=0.00 secs] 
179.564: [GC (Allocation Failure) [PSYoungGen: 158534K->3908K(161280K)] 427337K->279313K(510976K), 0.0094709 secs] [Times: user=0.03 sys=0.01, real=0.01 secs] 
179.599: [GC (Allocation Failure) [PSYoungGen: 151876K->4898K(158720K)] 427281K->281895K(508416K), 0.0062994 secs] [Times: user=0.03 sys=0.01, real=0.00 secs] 
179.630: [GC (Allocation Failure) [PSYoungGen: 153378K->3442K(160256K)] 430375K->281707K(509952K), 0.0126474 secs] [Times: user=0.07 sys=0.00, real=0.01 secs] 
179.670: [GC (Allocation Failure) [PSYoungGen: 151922K->3397K(161792K)] 430187K->284175K(511488K), 0.0064969 secs] [Times: user=0.04 sys=0.00, real=0.00 secs] 
179.708: [GC (Allocation Failure) [PSYoungGen: 154437K->2501K(162304K)] 435215K->283399K(512000K), 0.0050982 secs] [Times: user=0.02 sys=0.01, real=0.01 secs] 
179.744: [GC (Allocation Failure) [PSYoungGen: 153541K->3055K(163328K)] 434439K->283977K(513024K), 0.0045476 secs] [Times: user=0.02 sys=0.00, real=0.01 secs] 
179.783: [GC (Allocation Failure) [PSYoungGen: 155631K->4433K(157184K)] 436553K->287275K(506880K), 0.0047378 secs] [Times: user=0.02 sys=0.00, real=0.01 secs] 
179.832: [GC (Allocation Failure) [PSYoungGen: 157009K->3615K(162816K)] 439851K->288865K(512512K), 0.0065585 secs] [Times: user=0.03 sys=0.01, real=0.01 secs] 
179.894: [GC (Allocation Failure) [PSYoungGen: 156703K->4941K(162816K)] 441953K->291266K(512512K), 0.0054450 secs] [Times: user=0.02 sys=0.00, real=0.01 secs] 
179.955: [GC (Allocation Failure) [PSYoungGen: 158029K->8821K(163328K)] 444354K->297292K(513024K), 0.0077144 secs] [Times: user=0.04 sys=0.00, real=0.01 secs] 
179.998: [GC (Allocation Failure) [PSYoungGen: 162933K->5542K(164352K)] 451404K->298109K(514048K), 0.0076392 secs] [Times: user=0.04 sys=0.00, real=0.00 secs] 
180.052: [GC (Allocation Failure) [PSYoungGen: 159654K->8041K(163328K)] 452221K->302481K(513024K), 0.0084952 secs] [Times: user=0.04 sys=0.00, real=0.01 secs] 
180.102: [GC (Allocation Failure) [PSYoungGen: 161129K->4062K(163840K)] 455569K->300154K(513536K), 0.0050168 secs] [Times: user=0.02 sys=0.00, real=0.00 secs] 
180.149: [GC (Allocation Failure) [PSYoungGen: 157150K->3938K(162816K)] 453242K->300070K(512512K), 0.0146955 secs] [Times: user=0.08 sys=0.01, real=0.01 secs] 
180.224: [GC (Allocation Failure) [PSYoungGen: 157026K->904K(163328K)] 453158K->297244K(513024K), 0.0043129 secs] [Times: user=0.02 sys=0.00, real=0.01 secs] 
180.287: [GC (Allocation Failure) [PSYoungGen: 153992K->1289K(164352K)] 450332K->297978K(514048K), 0.0043389 secs] [Times: user=0.02 sys=0.00, real=0.01 secs] 
180.367: [GC (Allocation Failure) [PSYoungGen: 155401K->6246K(160768K)] 452090K->303254K(510464K), 0.0075318 secs] [Times: user=0.02 sys=0.00, real=0.01 secs] 
180.470: [GC (Allocation Failure) [PSYoungGen: 160358K->8756K(161792K)] 457366K->305988K(511488K), 0.0064244 secs] [Times: user=0.03 sys=0.01, real=0.00 secs] 
180.529: [GC (Allocation Failure) [PSYoungGen: 159796K->9720K(160768K)] 457028K->308086K(510464K), 0.0089175 secs] [Times: user=0.03 sys=0.01, real=0.01 secs] 
180.590: [GC (Allocation Failure) [PSYoungGen: 160760K->4813K(162304K)] 459126K->303399K(512000K), 0.0069478 secs] [Times: user=0.02 sys=0.00, real=0.00 secs] 
180.641: [GC (Allocation Failure) [PSYoungGen: 154317K->6970K(161792K)] 452903K->305636K(511488K), 0.0072218 secs] [Times: user=0.04 sys=0.00, real=0.01 secs] 
180.695: [GC (Allocation Failure) [PSYoungGen: 156474K->7525K(161792K)] 455140K->306247K(511488K), 0.0068009 secs] [Times: user=0.03 sys=0.00, real=0.01 secs] 
180.757: [GC (Allocation Failure) [PSYoungGen: 156890K->8122K(161792K)] 455613K->306908K(511488K), 0.0071036 secs] [Times: user=0.04 sys=0.00, real=0.01 secs] 
180.818: [GC (Allocation Failure) [PSYoungGen: 157626K->7203K(162304K)] 456412K->306248K(512000K), 0.0063171 secs] [Times: user=0.03 sys=0.00, real=0.00 secs] 
180.869: [GC (Allocation Failure) [PSYoungGen: 157199K->10742K(160768K)] 456245K->309884K(510464K), 0.0072312 secs] [Times: user=0.04 sys=0.00, real=0.00 secs] 
180.925: [GC (Allocation Failure) [PSYoungGen: 160758K->6283K(161792K)] 459900K->305488K(511488K), 0.0085354 secs] [Times: user=0.02 sys=0.00, real=0.01 secs] 
180.998: [GC (Allocation Failure) [PSYoungGen: 154763K->8369K(161280K)] 453968K->307646K(510976K), 0.0072336 secs] [Times: user=0.04 sys=0.00, real=0.00 secs] 
181.063: [GC (Allocation Failure) [PSYoungGen: 156849K->6839K(161280K)] 456126K->306377K(510976K), 0.0052214 secs] [Times: user=0.03 sys=0.00, real=0.01 secs] 
181.115: [GC (Allocation Failure) [PSYoungGen: 155831K->7510K(161280K)] 455369K->307127K(510976K), 0.0063867 secs] [Times: user=0.02 sys=0.00, real=0.01 secs] 
181.167: [GC (Allocation Failure) [PSYoungGen: 156502K->5601K(161280K)] 456119K->305306K(510976K), 0.0049957 secs] [Times: user=0.02 sys=0.00, real=0.01 secs] 
181.252: [GC (Allocation Failure) [PSYoungGen: 155617K->7379K(161792K)] 455322K->307164K(511488K), 0.0063119 secs] [Times: user=0.04 sys=0.00, real=0.01 secs] 
181.312: [GC (Allocation Failure) [PSYoungGen: 157395K->6330K(161792K)] 457180K->307169K(511488K), 0.0056777 secs] [Times: user=0.03 sys=0.01, real=0.01 secs] 
181.370: [GC (Allocation Failure) [PSYoungGen: 157370K->6169K(162304K)] 458209K->307112K(512000K), 0.0047748 secs] [Times: user=0.02 sys=0.00, real=0.00 secs] 
181.436: [GC (Allocation Failure) [PSYoungGen: 157209K->7103K(163328K)] 458152K->308134K(513024K), 0.0055466 secs] [Times: user=0.03 sys=0.00, real=0.01 secs] 
181.497: [GC (Allocation Failure) [PSYoungGen: 159679K->6682K(163328K)] 460710K->307793K(513024K), 0.0054506 secs] [Times: user=0.03 sys=0.00, real=0.01 secs] 
181.563: [GC (Allocation Failure) [PSYoungGen: 159258K->6041K(163328K)] 460369K->307224K(513024K), 0.0061367 secs] [Times: user=0.03 sys=0.00, real=0.01 secs] 
181.628: [GC (Allocation Failure) [PSYoungGen: 159129K->7058K(163328K)] 460312K->308321K(513024K), 0.0093048 secs] [Times: user=0.04 sys=0.00, real=0.00 secs] 
181.697: [GC (Allocation Failure) [PSYoungGen: 160146K->4303K(163328K)] 461409K->305765K(513024K), 0.0063630 secs] [Times: user=0.02 sys=0.01, real=0.01 secs] 
181.761: [GC (Allocation Failure) [PSYoungGen: 157903K->5101K(163840K)] 459365K->306867K(513536K), 0.0049421 secs] [Times: user=0.02 sys=0.00, real=0.00 secs] 
185.248: [GC (Allocation Failure) [PSYoungGen: 158701K->8977K(162816K)] 460467K->310831K(512512K), 0.0078264 secs] [Times: user=0.03 sys=0.00, real=0.01 secs] 
185.317: [GC (Allocation Failure) [PSYoungGen: 162065K->6287K(163840K)] 463919K->312292K(513536K), 0.0059247 secs] [Times: user=0.03 sys=0.00, real=0.01 secs] 
185.374: [GC (Allocation Failure) [PSYoungGen: 159375K->5736K(163328K)] 465380K->311820K(513024K), 0.0054879 secs] [Times: user=0.03 sys=0.00, real=0.01 secs] 
185.434: [GC (Allocation Failure) [PSYoungGen: 159336K->4725K(163840K)] 465420K->310873K(513536K), 0.0050320 secs] [Times: user=0.02 sys=0.00, real=0.01 secs] 
185.495: [GC (Allocation Failure) [PSYoungGen: 158325K->5840K(164352K)] 464473K->312061K(514048K), 0.0064447 secs] [Times: user=0.03 sys=0.00, real=0.01 secs] 
185.559: [GC (Allocation Failure) [PSYoungGen: 160464K->5045K(164352K)] 466685K->311441K(514048K), 0.0045977 secs] [Times: user=0.03 sys=0.00, real=0.00 secs] 
185.620: [GC (Allocation Failure) [PSYoungGen: 159669K->5996K(163840K)] 466065K->312524K(513536K), 0.0066239 secs] [Times: user=0.03 sys=0.01, real=0.00 secs] 
185.682: [GC (Allocation Failure) [PSYoungGen: 161132K->5758K(164352K)] 467660K->312358K(514048K), 0.0055352 secs] [Times: user=0.02 sys=0.00, real=0.00 secs] 
185.837: [GC (Allocation Failure) [PSYoungGen: 159168K->4158K(165376K)] 465768K->310830K(515072K), 0.0042016 secs] [Times: user=0.02 sys=0.00, real=0.01 secs] 
186.054: [GC (Allocation Failure) [PSYoungGen: 160318K->9203K(165376K)] 466990K->322746K(515072K), 0.0087847 secs] [Times: user=0.05 sys=0.00, real=0.01 secs] 
186.182: [GC (Allocation Failure) [PSYoungGen: 165363K->9196K(148992K)] 478906K->335206K(498688K), 0.0111117 secs] [Times: user=0.07 sys=0.00, real=0.01 secs] 
186.255: [GC (Allocation Failure) [PSYoungGen: 148972K->11439K(151552K)] 474982K->345123K(501248K), 0.0111086 secs] [Times: user=0.07 sys=0.00, real=0.01 secs] 
186.319: [GC (Allocation Failure) [PSYoungGen: 151215K->6374K(157184K)] 484899K->343771K(506880K), 0.0094636 secs] [Times: user=0.04 sys=0.01, real=0.01 secs] 
186.378: [GC (Allocation Failure) [PSYoungGen: 145638K->7093K(146432K)] 483035K->345330K(496128K), 0.0081965 secs] [Times: user=0.03 sys=0.00, real=0.01 secs] 
186.436: [GC (Allocation Failure) [PSYoungGen: 146357K->5485K(155648K)] 484594K->344482K(505344K), 0.0070346 secs] [Times: user=0.03 sys=0.00, real=0.01 secs] 
186.563: [GC (Allocation Failure) [PSYoungGen: 144749K->10629K(155648K)] 483746K->350355K(505344K), 0.0086555 secs] [Times: user=0.04 sys=0.00, real=0.01 secs] 
186.630: [GC (Allocation Failure) [PSYoungGen: 149893K->6663K(157184K)] 489619K->351571K(506880K), 0.0081491 secs] [Times: user=0.04 sys=0.00, real=0.00 secs] 
186.638: [Full GC (Ergonomics) [PSYoungGen: 6663K->0K(157184K)] [ParOldGen: 344907K->224838K(349696K)] 351571K->224838K(506880K), [Metaspace: 78123K->78123K(1118208K)], 0.2549765 secs] [Times: user=1.26 sys=0.03, real=0.26 secs] 
186.948: [GC (Allocation Failure) [PSYoungGen: 141824K->12868K(157696K)] 366662K->237706K(507392K), 0.0075342 secs] [Times: user=0.04 sys=0.00, real=0.01 secs] 
187.050: [GC (Allocation Failure) [PSYoungGen: 154692K->2508K(156672K)] 379530K->234147K(506368K), 0.0069267 secs] [Times: user=0.04 sys=0.01, real=0.00 secs] 
187.279: [GC (Allocation Failure) [PSYoungGen: 142284K->8029K(147968K)] 373923K->240837K(497664K), 0.0079236 secs] [Times: user=0.02 sys=0.01, real=0.00 secs] 
187.400: [GC (Allocation Failure) [PSYoungGen: 147805K->11593K(156160K)] 380613K->246543K(505856K), 0.0069349 secs] [Times: user=0.03 sys=0.00, real=0.00 secs] 
187.456: [GC (Allocation Failure) [PSYoungGen: 151369K->5885K(156672K)] 386319K->245295K(506368K), 0.0059291 secs] [Times: user=0.03 sys=0.00, real=0.01 secs] 
187.510: [GC (Allocation Failure) [PSYoungGen: 145661K->8679K(156672K)] 385071K->248889K(506368K), 0.0061588 secs] [Times: user=0.03 sys=0.00, real=0.00 secs] 
187.577: [GC (Allocation Failure) [PSYoungGen: 149991K->10305K(157184K)] 390201K->251462K(506880K), 0.0091035 secs] [Times: user=0.03 sys=0.00, real=0.01 secs] 
187.643: [GC (Allocation Failure) [PSYoungGen: 151617K->5793K(157696K)] 392774K->247702K(507392K), 0.0057021 secs] [Times: user=0.03 sys=0.00, real=0.00 secs] 
187.772: [GC (Allocation Failure) [PSYoungGen: 148641K->11441K(158208K)] 390550K->254134K(507904K), 0.0103750 secs] [Times: user=0.04 sys=0.00, real=0.01 secs] 
187.869: [GC (Allocation Failure) [PSYoungGen: 154289K->7121K(158720K)] 396982K->255028K(508416K), 0.0072196 secs] [Times: user=0.04 sys=0.00, real=0.00 secs] 
187.945: [GC (Allocation Failure) [PSYoungGen: 150481K->9691K(158720K)] 398388K->258255K(508416K), 0.0151911 secs] [Times: user=0.06 sys=0.00, real=0.02 secs] 
188.022: [GC (Allocation Failure) [PSYoungGen: 153051K->5053K(159232K)] 401615K->254664K(508928K), 0.0054617 secs] [Times: user=0.03 sys=0.00, real=0.00 secs] 
188.359: [GC (Allocation Failure) [PSYoungGen: 148420K->11253K(155136K)] 398031K->261584K(504832K), 0.0141107 secs] [Times: user=0.07 sys=0.00, real=0.02 secs] 
188.434: [GC (Allocation Failure) [PSYoungGen: 155125K->14077K(155648K)] 405456K->268332K(505344K), 0.0141086 secs] [Times: user=0.06 sys=0.01, real=0.01 secs] 
188.492: [GC (Allocation Failure) [PSYoungGen: 153853K->4176K(157184K)] 408108K->269275K(506880K), 0.0196515 secs] [Times: user=0.08 sys=0.00, real=0.02 secs] 
188.553: [GC (Allocation Failure) [PSYoungGen: 143952K->2000K(157184K)] 409051K->269562K(506880K), 0.0160643 secs] [Times: user=0.09 sys=0.01, real=0.01 secs] 
188.598: [GC (Allocation Failure) [PSYoungGen: 141776K->2410K(157184K)] 409338K->270325K(506880K), 0.0115011 secs] [Times: user=0.03 sys=0.00, real=0.01 secs] 
188.651: [GC (Allocation Failure) [PSYoungGen: 142186K->3231K(156160K)] 410101K->273033K(505856K), 0.0055824 secs] [Times: user=0.02 sys=0.00, real=0.00 secs] 
188.692: [GC (Allocation Failure) [PSYoungGen: 143007K->8770K(156672K)] 412809K->281186K(506368K), 0.0164141 secs] [Times: user=0.11 sys=0.00, real=0.01 secs] 
188.735: [GC (Allocation Failure) [PSYoungGen: 148546K->7039K(155648K)] 420962K->286302K(505344K), 0.0209602 secs] [Times: user=0.15 sys=0.01, real=0.02 secs] 
188.778: [GC (Allocation Failure) [PSYoungGen: 147839K->5333K(156672K)] 427102K->289713K(506368K), 0.0069960 secs] [Times: user=0.02 sys=0.00, real=0.01 secs] 
188.804: [GC (Allocation Failure) [PSYoungGen: 146133K->2622K(158208K)] 430513K->289570K(507904K), 0.0050879 secs] [Times: user=0.02 sys=0.00, real=0.00 secs] 
188.832: [GC (Allocation Failure) [PSYoungGen: 145982K->2818K(158720K)] 432930K->289827K(508416K), 0.0047893 secs] [Times: user=0.02 sys=0.00, real=0.00 secs] 
188.856: [GC (Allocation Failure) [PSYoungGen: 146178K->2680K(159232K)] 433187K->289978K(508928K), 0.0045913 secs] [Times: user=0.01 sys=0.00, real=0.01 secs] 
188.882: [GC (Allocation Failure) [PSYoungGen: 147064K->3660K(159232K)] 434362K->291103K(508928K), 0.0044473 secs] [Times: user=0.02 sys=0.00, real=0.00 secs] 
188.907: [GC (Allocation Failure) [PSYoungGen: 148044K->3486K(159232K)] 435487K->290953K(508928K), 0.0097702 secs] [Times: user=0.06 sys=0.00, real=0.01 secs] 
188.944: [GC (Allocation Failure) [PSYoungGen: 148894K->4577K(159232K)] 436361K->292068K(508928K), 0.0047612 secs] [Times: user=0.02 sys=0.00, real=0.00 secs] 
188.986: [GC (Allocation Failure) [PSYoungGen: 149985K->7290K(160256K)] 437476K->296745K(509952K), 0.0063272 secs] [Times: user=0.03 sys=0.00, real=0.01 secs] 
189.017: [GC (Allocation Failure) [PSYoungGen: 154234K->3092K(160256K)] 443689K->295976K(509952K), 0.0043797 secs] [Times: user=0.01 sys=0.00, real=0.01 secs] 
189.047: [GC (Allocation Failure) [PSYoungGen: 150036K->6838K(160768K)] 442920K->302334K(510464K), 0.0066913 secs] [Times: user=0.02 sys=0.00, real=0.01 secs] 
189.082: [GC (Allocation Failure) [PSYoungGen: 154806K->4216K(160768K)] 450302K->303121K(510464K), 0.0057426 secs] [Times: user=0.02 sys=0.00, real=0.00 secs] 
189.116: [GC (Allocation Failure) [PSYoungGen: 152184K->4489K(161280K)] 451089K->304405K(510976K), 0.0043074 secs] [Times: user=0.02 sys=0.00, real=0.01 secs] 
189.146: [GC (Allocation Failure) [PSYoungGen: 153993K->5196K(161280K)] 453909K->308060K(510976K), 0.0070680 secs] [Times: user=0.02 sys=0.00, real=0.01 secs] 
189.177: [GC (Allocation Failure) [PSYoungGen: 154700K->1369K(161280K)] 457564K->307464K(510976K), 0.0042844 secs] [Times: user=0.02 sys=0.00, real=0.01 secs] 
189.209: [GC (Allocation Failure) [PSYoungGen: 151897K->3016K(161792K)] 457992K->309143K(511488K), 0.0139857 secs] [Times: user=0.09 sys=0.00, real=0.02 secs] 
189.260: [GC (Allocation Failure) [PSYoungGen: 153544K->615K(163328K)] 459671K->306774K(513024K), 0.0256821 secs] [Times: user=0.17 sys=0.00, real=0.02 secs] 
189.313: [GC (Allocation Failure) [PSYoungGen: 153147K->4005K(163328K)] 459306K->310204K(513024K), 0.0266630 secs] [Times: user=0.15 sys=0.01, real=0.03 secs] 
189.377: [GC (Allocation Failure) [PSYoungGen: 156581K->4934K(163328K)] 462780K->313159K(513024K), 0.0052664 secs] [Times: user=0.02 sys=0.00, real=0.01 secs] 
189.411: [GC (Allocation Failure) [PSYoungGen: 158534K->8876K(163328K)] 466759K->320533K(513024K), 0.0055812 secs] [Times: user=0.03 sys=0.00, real=0.00 secs] 
189.448: [GC (Allocation Failure) [PSYoungGen: 162476K->2213K(163840K)] 474133K->319462K(513536K), 0.0051078 secs] [Times: user=0.02 sys=0.00, real=0.01 secs] 
189.485: [GC (Allocation Failure) [PSYoungGen: 154789K->4628K(157696K)] 472038K->321901K(507392K), 0.0065847 secs] [Times: user=0.02 sys=0.00, real=0.01 secs] 
189.523: [GC (Allocation Failure) [PSYoungGen: 157204K->2520K(162816K)] 474477K->322747K(512512K), 0.0054482 secs] [Times: user=0.02 sys=0.00, real=0.00 secs] 
189.555: [GC (Allocation Failure) [PSYoungGen: 155096K->2723K(162816K)] 475323K->323767K(512512K), 0.0157238 secs] [Times: user=0.07 sys=0.01, real=0.02 secs] 
189.603: [GC (Allocation Failure) [PSYoungGen: 155299K->2207K(163840K)] 476343K->324563K(513536K), 0.0051624 secs] [Times: user=0.02 sys=0.00, real=0.00 secs] 
189.631: [GC (Allocation Failure) [PSYoungGen: 156319K->3180K(163840K)] 478675K->326122K(513536K), 0.0158610 secs] [Times: user=0.07 sys=0.00, real=0.01 secs] 
189.678: [GC (Allocation Failure) [PSYoungGen: 157292K->6641K(163840K)] 480234K->332325K(513536K), 0.0093607 secs] [Times: user=0.03 sys=0.00, real=0.01 secs] 
189.721: [GC (Allocation Failure) [PSYoungGen: 161265K->6907K(164352K)] 486949K->335069K(514048K), 0.0078677 secs] [Times: user=0.04 sys=0.00, real=0.00 secs] 
189.759: [GC (Allocation Failure) [PSYoungGen: 161531K->3235K(164352K)] 489693K->336029K(514048K), 0.0078315 secs] [Times: user=0.02 sys=0.00, real=0.01 secs] 
189.796: [GC (Allocation Failure) [PSYoungGen: 157859K->6222K(164352K)] 490653K->341055K(514048K), 0.0051398 secs] [Times: user=0.02 sys=0.00, real=0.01 secs] 
189.822: [GC (Allocation Failure) [PSYoungGen: 160846K->6787K(164352K)] 495679K->344045K(514048K), 0.0057791 secs] [Times: user=0.03 sys=0.01, real=0.00 secs] 
189.855: [GC (Allocation Failure) [PSYoungGen: 160899K->2460K(164352K)] 498157K->342118K(514048K), 0.0046335 secs] [Times: user=0.03 sys=0.00, real=0.01 secs] 
189.887: [GC (Allocation Failure) [PSYoungGen: 156572K->3257K(163328K)] 496230K->343127K(513024K), 0.0052627 secs] [Times: user=0.02 sys=0.00, real=0.01 secs] 
189.920: [GC (Allocation Failure) [PSYoungGen: 157369K->5994K(163840K)] 497239K->346951K(513536K), 0.0059366 secs] [Times: user=0.03 sys=0.00, real=0.00 secs] 
189.966: [GC (Allocation Failure) [PSYoungGen: 160106K->7181K(163840K)] 501063K->350666K(513536K), 0.0067922 secs] [Times: user=0.04 sys=0.00, real=0.01 secs] 
190.011: [GC (Allocation Failure) [PSYoungGen: 161293K->5655K(164352K)] 504778K->349600K(514048K), 0.0057140 secs] [Times: user=0.03 sys=0.00, real=0.00 secs] 
190.059: [GC (Allocation Failure) [PSYoungGen: 159767K->7731K(163328K)] 503712K->351741K(513024K), 0.0049251 secs] [Times: user=0.02 sys=0.00, real=0.01 secs] 
190.114: [GC (Allocation Failure) [PSYoungGen: 160819K->990K(163840K)] 504829K->345448K(513536K), 0.0043672 secs] [Times: user=0.02 sys=0.01, real=0.00 secs] 
190.176: [GC (Allocation Failure) [PSYoungGen: 154078K->1246K(163840K)] 498536K->345864K(513536K), 0.0053320 secs] [Times: user=0.03 sys=0.00, real=0.01 secs] 
190.257: [GC (Allocation Failure) --[PSYoungGen: 154334K->154334K(163840K)] 498952K->504028K(513536K), 0.0494646 secs] [Times: user=0.08 sys=0.01, real=0.05 secs] 
190.307: [Full GC (Ergonomics) [PSYoungGen: 154334K->0K(163840K)] [ParOldGen: 349693K->245601K(349696K)] 504028K->245601K(513536K), [Metaspace: 78137K->78137K(1118208K)], 0.2568782 secs] [Times: user=1.30 sys=0.01, real=0.26 secs] 
190.612: [GC (Allocation Failure) [PSYoungGen: 153082K->9018K(162304K)] 398683K->254619K(512000K), 0.0057524 secs] [Times: user=0.03 sys=0.00, real=0.00 secs] 
190.665: [GC (Allocation Failure) [PSYoungGen: 162106K->7099K(161792K)] 407707K->254502K(511488K), 0.0056202 secs] [Times: user=0.03 sys=0.00, real=0.01 secs] 
190.710: [GC (Allocation Failure) [PSYoungGen: 157115K->5613K(162304K)] 404518K->253097K(512000K), 0.0052697 secs] [Times: user=0.02 sys=0.00, real=0.00 secs] 
190.755: [GC (Allocation Failure) [PSYoungGen: 155629K->5759K(161280K)] 403113K->253315K(510976K), 0.0050351 secs] [Times: user=0.02 sys=0.00, real=0.01 secs] 
190.801: [GC (Allocation Failure) [PSYoungGen: 156287K->7135K(161792K)] 403843K->254927K(511488K), 0.0052332 secs] [Times: user=0.02 sys=0.00, real=0.00 secs] 
190.847: [GC (Allocation Failure) [PSYoungGen: 157663K->4719K(162304K)] 405455K->252607K(512000K), 0.0051694 secs] [Times: user=0.02 sys=0.00, real=0.01 secs] 
190.903: [GC (Allocation Failure) [PSYoungGen: 156783K->9740K(162304K)] 404671K->257708K(512000K), 0.0050570 secs] [Times: user=0.02 sys=0.00, real=0.00 secs] 
190.947: [GC (Allocation Failure) [PSYoungGen: 161769K->8578K(162304K)] 409737K->256618K(512000K), 0.0061612 secs] [Times: user=0.03 sys=0.00, real=0.01 secs] 
190.996: [GC (Allocation Failure) [PSYoungGen: 158594K->6749K(162304K)] 406634K->255072K(512000K), 0.0049929 secs] [Times: user=0.03 sys=0.00, real=0.01 secs] 
191.042: [GC (Allocation Failure) [PSYoungGen: 156765K->6609K(161280K)] 405088K->255012K(510976K), 0.0049987 secs] [Times: user=0.02 sys=0.00, real=0.00 secs] 
191.088: [GC (Allocation Failure) [PSYoungGen: 156625K->8148K(161792K)] 405028K->256810K(511488K), 0.0060950 secs] [Times: user=0.03 sys=0.00, real=0.01 secs] 
191.131: [GC (Allocation Failure) [PSYoungGen: 158164K->4805K(162816K)] 406826K->253555K(512512K), 0.0054072 secs] [Times: user=0.01 sys=0.00, real=0.00 secs] 
191.181: [GC (Allocation Failure) [PSYoungGen: 155845K->4871K(156160K)] 404595K->253701K(505856K), 0.0041614 secs] [Times: user=0.02 sys=0.00, real=0.00 secs] 
191.271: [GC (Allocation Failure) [PSYoungGen: 155911K->8886K(161792K)] 404741K->257869K(511488K), 0.0052182 secs] [Times: user=0.03 sys=0.00, real=0.00 secs] 
191.337: [GC (Allocation Failure) [PSYoungGen: 159414K->6580K(162304K)] 408397K->257185K(512000K), 0.0057266 secs] [Times: user=0.02 sys=0.00, real=0.01 secs] 
191.398: [GC (Allocation Failure) [PSYoungGen: 157108K->8815K(162304K)] 407713K->259492K(512000K), 0.0077007 secs] [Times: user=0.03 sys=0.01, real=0.01 secs] 
191.457: [GC (Allocation Failure) [PSYoungGen: 159855K->4546K(162816K)] 410532K->255288K(512512K), 0.0041636 secs] [Times: user=0.02 sys=0.00, real=0.01 secs] 
191.513: [GC (Allocation Failure) [PSYoungGen: 155468K->5896K(161792K)] 406210K->256694K(511488K), 0.0049778 secs] [Times: user=0.02 sys=0.00, real=0.00 secs] 
191.570: [GC (Allocation Failure) [PSYoungGen: 156936K->4064K(162304K)] 407734K->254950K(512000K), 0.0045077 secs] [Times: user=0.01 sys=0.00, real=0.01 secs] 
191.631: [GC (Allocation Failure) [PSYoungGen: 155104K->6789K(162304K)] 405990K->257787K(512000K), 0.0056855 secs] [Times: user=0.03 sys=0.00, real=0.00 secs] 
191.691: [GC (Allocation Failure) [PSYoungGen: 158853K->5064K(162816K)] 409851K->256274K(512512K), 0.0055079 secs] [Times: user=0.02 sys=0.00, real=0.00 secs] 
191.750: [GC (Allocation Failure) [PSYoungGen: 157128K->6412K(162816K)] 408338K->257686K(512512K), 0.0050840 secs] [Times: user=0.02 sys=0.00, real=0.01 secs] 
195.216: [GC (Allocation Failure) [PSYoungGen: 159500K->8670K(163328K)] 410774K->260016K(513024K), 0.0063694 secs] [Times: user=0.03 sys=0.00, real=0.01 secs] 
195.276: [GC (Allocation Failure) [PSYoungGen: 161758K->6140K(163840K)] 413104K->261860K(513536K), 0.0059001 secs] [Times: user=0.04 sys=0.00, real=0.01 secs] 
195.336: [GC (Allocation Failure) [PSYoungGen: 159228K->6749K(160256K)] 414948K->262525K(509952K), 0.0053198 secs] [Times: user=0.02 sys=0.00, real=0.01 secs] 
195.396: [GC (Allocation Failure) [PSYoungGen: 159837K->7371K(163328K)] 415613K->263211K(513024K), 0.0053412 secs] [Times: user=0.03 sys=0.00, real=0.01 secs] 
195.457: [GC (Allocation Failure) [PSYoungGen: 160459K->7094K(163328K)] 416299K->262998K(513024K), 0.0044670 secs] [Times: user=0.03 sys=0.00, real=0.01 secs] 
195.518: [GC (Allocation Failure) [PSYoungGen: 160182K->6346K(163328K)] 416086K->262322K(513024K), 0.0050933 secs] [Times: user=0.03 sys=0.00, real=0.01 secs] 
195.579: [GC (Allocation Failure) [PSYoungGen: 160458K->7141K(163840K)] 416434K->263244K(513536K), 0.0061635 secs] [Times: user=0.02 sys=0.00, real=0.01 secs] 
195.643: [GC (Allocation Failure) [PSYoungGen: 161253K->9708K(162816K)] 417356K->266182K(512512K), 0.0067529 secs] [Times: user=0.03 sys=0.00, real=0.00 secs] 
195.703: [GC (Allocation Failure) [PSYoungGen: 162796K->7466K(163840K)] 419270K->264316K(513536K), 0.0051115 secs] [Times: user=0.02 sys=0.00, real=0.00 secs] 
196.002: [GC (Allocation Failure) [PSYoungGen: 160554K->9601K(162816K)] 417404K->266547K(512512K), 0.0058272 secs] [Times: user=0.03 sys=0.00, real=0.00 secs] 
196.127: [GC (Allocation Failure) [PSYoungGen: 161665K->4996K(163328K)] 418611K->264176K(513024K), 0.0058254 secs] [Times: user=0.03 sys=0.01, real=0.01 secs] 
196.184: [GC (Allocation Failure) [PSYoungGen: 157013K->10019K(162304K)] 416194K->274084K(512000K), 0.0079149 secs] [Times: user=0.05 sys=0.00, real=0.01 secs] 
196.247: [GC (Allocation Failure) [PSYoungGen: 161059K->8891K(160256K)] 425124K->273564K(509952K), 0.0080616 secs] [Times: user=0.04 sys=0.00, real=0.01 secs] 
196.315: [GC (Allocation Failure) [PSYoungGen: 159931K->8068K(162816K)] 424604K->273637K(512512K), 0.0070877 secs] [Times: user=0.03 sys=0.00, real=0.01 secs] 
196.389: [GC (Allocation Failure) [PSYoungGen: 158596K->7974K(162304K)] 424165K->274351K(512000K), 0.0062348 secs] [Times: user=0.03 sys=0.00, real=0.01 secs] 
196.516: [GC (Allocation Failure) [PSYoungGen: 158502K->9849K(161792K)] 424879K->276986K(511488K), 0.0189952 secs] [Times: user=0.11 sys=0.00, real=0.02 secs] 
196.604: [GC (Allocation Failure) [PSYoungGen: 159865K->8015K(162304K)] 427002K->280207K(512000K), 0.0157372 secs] [Times: user=0.10 sys=0.00, real=0.01 secs] 
196.695: [GC (Allocation Failure) [PSYoungGen: 158031K->5420K(162304K)] 430223K->278517K(512000K), 0.0224645 secs] [Times: user=0.10 sys=0.00, real=0.02 secs] 
196.806: [GC (Allocation Failure) [PSYoungGen: 155948K->8919K(162304K)] 429045K->282823K(512000K), 0.0089260 secs] [Times: user=0.03 sys=0.00, real=0.01 secs] 
197.107: [GC (Allocation Failure) [PSYoungGen: 159447K->11770K(158720K)] 433351K->287987K(508416K), 0.0087958 secs] [Times: user=0.04 sys=0.00, real=0.01 secs] 
197.237: [GC (Allocation Failure) [PSYoungGen: 158714K->7493K(160768K)] 434931K->287820K(510464K), 0.0061715 secs] [Times: user=0.03 sys=0.00, real=0.01 secs] 
197.291: [GC (Allocation Failure) [PSYoungGen: 154437K->6657K(160256K)] 434764K->292072K(509952K), 0.0067444 secs] [Times: user=0.03 sys=0.00, real=0.00 secs] 
197.346: [GC (Allocation Failure) [PSYoungGen: 154113K->7009K(160768K)] 439528K->293307K(510464K), 0.0052560 secs] [Times: user=0.03 sys=0.00, real=0.01 secs] 
197.407: [GC (Allocation Failure) [PSYoungGen: 154465K->7666K(161280K)] 440763K->294724K(510976K), 0.0067097 secs] [Times: user=0.03 sys=0.00, real=0.01 secs] 
197.473: [GC (Allocation Failure) [PSYoungGen: 156146K->7485K(161280K)] 443204K->295563K(510976K), 0.0060487 secs] [Times: user=0.03 sys=0.00, real=0.00 secs] 
197.612: [GC (Allocation Failure) [PSYoungGen: 155965K->11581K(160256K)] 444043K->300642K(509952K), 0.0080902 secs] [Times: user=0.03 sys=0.00, real=0.00 secs] 
197.682: [GC (Allocation Failure) [PSYoungGen: 159549K->9165K(161280K)] 448610K->303711K(510976K), 0.0086708 secs] [Times: user=0.04 sys=0.00, real=0.00 secs] 
197.743: [GC (Allocation Failure) [PSYoungGen: 157133K->8228K(160768K)] 451679K->303730K(510464K), 0.0078345 secs] [Times: user=0.04 sys=0.00, real=0.00 secs] 
197.810: [GC (Allocation Failure) [PSYoungGen: 156708K->6986K(161280K)] 452210K->303352K(510976K), 0.0082097 secs] [Times: user=0.03 sys=0.00, real=0.01 secs] 
198.048: [GC (Allocation Failure) [PSYoungGen: 154724K->7866K(161792K)] 451090K->304991K(511488K), 0.0380484 secs] [Times: user=0.19 sys=0.00, real=0.04 secs] 
198.196: [GC (GCLocker Initiated GC) [PSYoungGen: 157370K->12278K(161792K)] 454564K->314558K(511488K), 0.0205233 secs] [Times: user=0.13 sys=0.00, real=0.02 secs] 
198.238: [GC (Allocation Failure) [PSYoungGen: 161782K->1737K(155648K)] 464064K->316223K(505344K), 0.0089326 secs] [Times: user=0.03 sys=0.00, real=0.01 secs] 
198.266: [GC (Allocation Failure) [PSYoungGen: 144584K->3465K(158720K)] 459069K->318697K(508416K), 0.0047429 secs] [Times: user=0.02 sys=0.00, real=0.01 secs] 
198.313: [GC (Allocation Failure) [PSYoungGen: 146313K->5350K(157696K)] 461545K->321911K(507392K), 0.0050908 secs] [Times: user=0.02 sys=0.01, real=0.00 secs] 
198.381: [GC (Allocation Failure) [PSYoungGen: 148198K->13752K(156672K)] 464759K->333273K(506368K), 0.0083613 secs] [Times: user=0.04 sys=0.00, real=0.01 secs] 
198.419: [GC (Allocation Failure) [PSYoungGen: 156600K->3084K(157696K)] 476121K->333071K(507392K), 0.0080751 secs] [Times: user=0.04 sys=0.00, real=0.01 secs] 
198.448: [GC (Allocation Failure) [PSYoungGen: 143884K->2322K(157696K)] 473871K->335248K(507392K), 0.0057139 secs] [Times: user=0.03 sys=0.00, real=0.01 secs] 
198.484: [GC (Allocation Failure) [PSYoungGen: 143122K->2970K(157696K)] 476048K->337022K(507392K), 0.0050904 secs] [Times: user=0.03 sys=0.00, real=0.00 secs] 
198.514: [GC (Allocation Failure) [PSYoungGen: 143770K->2469K(143360K)] 477822K->338290K(493056K), 0.0063804 secs] [Times: user=0.03 sys=0.00, real=0.01 secs] 
198.546: [GC (Allocation Failure) [PSYoungGen: 143269K->2268K(157184K)] 479090K->338221K(506880K), 0.0052704 secs] [Times: user=0.02 sys=0.00, real=0.01 secs] 
198.574: [GC (Allocation Failure) [PSYoungGen: 143068K->4026K(157184K)] 479021K->340299K(506880K), 0.0061871 secs] [Times: user=0.03 sys=0.00, real=0.00 secs] 
198.608: [GC (Allocation Failure) [PSYoungGen: 144826K->1993K(157184K)] 481099K->339365K(506880K), 0.0057873 secs] [Times: user=0.03 sys=0.00, real=0.01 secs] 
198.646: [GC (Allocation Failure) [PSYoungGen: 143817K->4098K(157184K)] 481189K->342581K(506880K), 0.0056186 secs] [Times: user=0.03 sys=0.00, real=0.01 secs] 
198.684: [GC (Allocation Failure) [PSYoungGen: 145123K->2649K(158720K)] 483606K->343860K(508416K), 0.0065216 secs] [Times: user=0.04 sys=0.00, real=0.00 secs] 
198.736: [GC (Allocation Failure) [PSYoungGen: 147033K->6553K(158208K)] 488244K->350108K(507904K), 0.0051972 secs] [Times: user=0.03 sys=0.00, real=0.01 secs] 
198.741: [Full GC (Ergonomics) [PSYoungGen: 6553K->0K(158208K)] [ParOldGen: 343554K->261749K(349696K)] 350108K->261749K(507904K), [Metaspace: 78204K->78204K(1118208K)], 0.2928748 secs] [Times: user=1.67 sys=0.01, real=0.29 secs] 
199.076: [GC (Allocation Failure) [PSYoungGen: 144384K->11948K(157696K)] 406133K->273697K(507392K), 0.0077993 secs] [Times: user=0.04 sys=0.00, real=0.01 secs] 
199.120: [GC (Allocation Failure) [PSYoungGen: 155820K->6970K(159232K)] 417569K->277365K(508928K), 0.0110927 secs] [Times: user=0.07 sys=0.00, real=0.02 secs] 
199.164: [GC (Allocation Failure) [PSYoungGen: 150842K->1701K(158720K)] 421237K->274848K(508416K), 0.0060147 secs] [Times: user=0.03 sys=0.01, real=0.00 secs] 
199.206: [GC (Allocation Failure) [PSYoungGen: 146085K->1458K(159232K)] 419232K->274669K(508928K), 0.0038587 secs] [Times: user=0.02 sys=0.00, real=0.00 secs] 
199.234: [GC (Allocation Failure) [PSYoungGen: 145842K->2980K(158720K)] 419053K->276247K(508416K), 0.0052699 secs] [Times: user=0.03 sys=0.00, real=0.00 secs] 
199.265: [GC (Allocation Failure) [PSYoungGen: 148388K->1916K(159232K)] 421655K->275443K(508928K), 0.0044370 secs] [Times: user=0.02 sys=0.00, real=0.00 secs] 
199.294: [GC (Allocation Failure) [PSYoungGen: 147324K->1872K(159744K)] 420851K->275570K(509440K), 0.0042618 secs] [Times: user=0.03 sys=0.00, real=0.00 secs] 
199.333: [GC (Allocation Failure) [PSYoungGen: 148603K->6022K(160256K)] 422302K->279824K(509952K), 0.0049895 secs] [Times: user=0.03 sys=0.00, real=0.00 secs] 
199.371: [GC (Allocation Failure) [PSYoungGen: 152966K->8043K(160768K)] 426768K->284834K(510464K), 0.0059220 secs] [Times: user=0.04 sys=0.00, real=0.00 secs] 
199.411: [GC (Allocation Failure) [PSYoungGen: 156011K->7815K(156160K)] 432802K->288167K(505856K), 0.0055544 secs] [Times: user=0.03 sys=0.00, real=0.00 secs] 
199.446: [GC (Allocation Failure) [PSYoungGen: 155783K->4238K(161792K)] 436135K->290107K(511488K), 0.0068966 secs] [Times: user=0.03 sys=0.00, real=0.01 secs] 
199.477: [GC (Allocation Failure) [PSYoungGen: 152206K->5779K(160768K)] 438075K->292856K(510464K), 0.0048229 secs] [Times: user=0.02 sys=0.00, real=0.01 secs] 
199.505: [GC (Allocation Failure) [PSYoungGen: 153747K->3084K(161280K)] 440824K->294946K(510976K), 0.0069505 secs] [Times: user=0.04 sys=0.00, real=0.01 secs] 
199.533: [GC (Allocation Failure) [PSYoungGen: 151564K->2153K(160768K)] 443426K->294143K(510464K), 0.0051137 secs] [Times: user=0.02 sys=0.00, real=0.00 secs] 
199.560: [GC (Allocation Failure) [PSYoungGen: 150633K->3583K(161792K)] 442623K->295657K(511488K), 0.0047310 secs] [Times: user=0.03 sys=0.00, real=0.01 secs] 
199.587: [GC (Allocation Failure) [PSYoungGen: 153599K->2847K(161280K)] 445673K->295141K(510976K), 0.0055175 secs] [Times: user=0.03 sys=0.00, real=0.01 secs] 
199.622: [GC (Allocation Failure) [PSYoungGen: 152863K->1675K(162816K)] 445157K->294009K(512512K), 0.0044791 secs] [Times: user=0.02 sys=0.01, real=0.00 secs] 
199.659: [GC (Allocation Failure) [PSYoungGen: 153739K->5676K(162816K)] 446073K->298050K(512512K), 0.0065430 secs] [Times: user=0.03 sys=0.00, real=0.01 secs] 
199.699: [GC (Allocation Failure) [PSYoungGen: 157740K->4392K(162816K)] 450114K->299565K(512512K), 0.0048293 secs] [Times: user=0.02 sys=0.00, real=0.01 secs] 
199.736: [GC (Allocation Failure) [PSYoungGen: 157480K->9275K(163328K)] 452653K->307718K(513024K), 0.0095498 secs] [Times: user=0.04 sys=0.00, real=0.01 secs] 
199.783: [GC (Allocation Failure) [PSYoungGen: 162363K->5558K(163328K)] 460806K->309746K(513024K), 0.0074567 secs] [Times: user=0.03 sys=0.00, real=0.01 secs] 
199.812: [GC (Allocation Failure) [PSYoungGen: 157622K->6959K(163328K)] 461810K->312832K(513024K), 0.0060560 secs] [Times: user=0.03 sys=0.00, real=0.00 secs] 
199.840: [GC (Allocation Failure) [PSYoungGen: 159023K->3949K(162304K)] 464896K->314079K(512000K), 0.0074041 secs] [Times: user=0.03 sys=0.00, real=0.01 secs] 
199.867: [GC (Allocation Failure) [PSYoungGen: 156013K->3887K(162816K)] 466143K->314228K(512512K), 0.0058894 secs] [Times: user=0.02 sys=0.00, real=0.01 secs] 
199.897: [GC (Allocation Failure) [PSYoungGen: 155951K->3930K(162816K)] 466292K->314335K(512512K), 0.0056132 secs] [Times: user=0.03 sys=0.00, real=0.01 secs] 
199.928: [GC (Allocation Failure) [PSYoungGen: 157018K->2937K(163328K)] 467423K->313366K(513024K), 0.0058543 secs] [Times: user=0.02 sys=0.00, real=0.01 secs] 
199.963: [GC (Allocation Failure) [PSYoungGen: 156025K->1939K(164352K)] 466454K->312572K(514048K), 0.0052430 secs] [Times: user=0.02 sys=0.00, real=0.00 secs] 
200.005: [GC (Allocation Failure) [PSYoungGen: 156563K->3609K(164352K)] 467196K->315212K(514048K), 0.0043211 secs] [Times: user=0.02 sys=0.00, real=0.00 secs] 
200.037: [GC (Allocation Failure) [PSYoungGen: 158233K->8888K(162304K)] 469836K->323333K(512000K), 0.0060601 secs] [Times: user=0.03 sys=0.00, real=0.01 secs] 
200.067: [GC (Allocation Failure) [PSYoungGen: 161954K->6322K(163840K)] 476399K->326912K(513536K), 0.0075840 secs] [Times: user=0.04 sys=0.00, real=0.01 secs] 
200.119: [GC (Allocation Failure) [PSYoungGen: 159410K->8857K(161792K)] 480000K->331399K(511488K), 0.0068841 secs] [Times: user=0.04 sys=0.00, real=0.01 secs] 
200.165: [GC (Allocation Failure) [PSYoungGen: 159897K->5928K(162816K)] 482439K->333709K(512512K), 0.0068832 secs] [Times: user=0.04 sys=0.00, real=0.01 secs] 
200.223: [GC (Allocation Failure) [PSYoungGen: 156968K->1064K(162304K)] 484749K->329349K(512000K), 0.0044526 secs] [Times: user=0.02 sys=0.00, real=0.00 secs] 
200.282: [GC (Allocation Failure) [PSYoungGen: 152616K->958K(162816K)] 480901K->329575K(512512K), 0.0043598 secs] [Times: user=0.02 sys=0.00, real=0.00 secs] 
200.350: [GC (Allocation Failure) [PSYoungGen: 152510K->8427K(161280K)] 481127K->337301K(510976K), 0.0082766 secs] [Times: user=0.04 sys=0.00, real=0.01 secs] 
200.418: [GC (Allocation Failure) [PSYoungGen: 158443K->1885K(162304K)] 487317K->331070K(512000K), 0.0039029 secs] [Times: user=0.02 sys=0.00, real=0.01 secs] 
200.512: [GC (Allocation Failure) [PSYoungGen: 151901K->9457K(160256K)] 481086K->338729K(509952K), 0.0132666 secs] [Times: user=0.07 sys=0.00, real=0.01 secs] 
200.574: [GC (Allocation Failure) [PSYoungGen: 157171K->10110K(158208K)] 486444K->340377K(507904K), 0.0088367 secs] [Times: user=0.05 sys=0.00, real=0.01 secs] 
200.632: [GC (Allocation Failure) [PSYoungGen: 158078K->8645K(160256K)] 488345K->338977K(509952K), 0.0060746 secs] [Times: user=0.04 sys=0.00, real=0.00 secs] 
200.686: [GC (Allocation Failure) [PSYoungGen: 154565K->6684K(153088K)] 484897K->337351K(502784K), 0.0070895 secs] [Times: user=0.04 sys=0.00, real=0.01 secs] 
200.748: [GC (Allocation Failure) [PSYoungGen: 152604K->10967K(158720K)] 483271K->341954K(508416K), 0.0080301 secs] [Times: user=0.05 sys=0.00, real=0.01 secs] 
200.802: [GC (Allocation Failure) [PSYoungGen: 155863K->8700K(159744K)] 486850K->339856K(509440K), 0.0076732 secs] [Times: user=0.04 sys=0.00, real=0.00 secs] 
200.863: [GC (Allocation Failure) [PSYoungGen: 153596K->8291K(159744K)] 484752K->339533K(509440K), 0.0062196 secs] [Times: user=0.04 sys=0.00, real=0.00 secs] 
200.940: [GC (Allocation Failure) [PSYoungGen: 152785K->6076K(151040K)] 484027K->337382K(500736K), 0.0068713 secs] [Times: user=0.04 sys=0.00, real=0.01 secs] 
200.998: [GC (Allocation Failure) [PSYoungGen: 150972K->5135K(159744K)] 482278K->336505K(509440K), 0.0087376 secs] [Times: user=0.04 sys=0.00, real=0.01 secs] 
201.059: [GC (Allocation Failure) [PSYoungGen: 150543K->11359K(159232K)] 481913K->342817K(508928K), 0.0083222 secs] [Times: user=0.05 sys=0.01, real=0.01 secs] 
201.113: [GC (Allocation Failure) [PSYoungGen: 156767K->8705K(159744K)] 488225K->340211K(509440K), 0.0091772 secs] [Times: user=0.05 sys=0.00, real=0.01 secs] 
201.176: [GC (Allocation Failure) [PSYoungGen: 153601K->8219K(153600K)] 485107K->339782K(503296K), 0.0085798 secs] [Times: user=0.04 sys=0.00, real=0.01 secs] 
201.234: [GC (Allocation Failure) [PSYoungGen: 153115K->9993K(158720K)] 484678K->341619K(508416K), 0.0081725 secs] [Times: user=0.05 sys=0.00, real=0.01 secs] 
201.296: [GC (Allocation Failure) [PSYoungGen: 154377K->11483K(159232K)] 486003K->343182K(508928K), 0.0074511 secs] [Times: user=0.04 sys=0.00, real=0.01 secs] 
201.391: [GC (Allocation Failure) [PSYoungGen: 155867K->5563K(159232K)] 487566K->337333K(508928K), 0.0051886 secs] [Times: user=0.03 sys=0.00, real=0.00 secs] 
201.456: [GC (Allocation Failure) [PSYoungGen: 149947K->5603K(159232K)] 481717K->338331K(508928K), 0.0057406 secs] [Times: user=0.04 sys=0.00, real=0.01 secs] 
201.535: [GC (Allocation Failure) [PSYoungGen: 149987K->6533K(158720K)] 482715K->339500K(508416K), 0.0070955 secs] [Times: user=0.03 sys=0.00, real=0.01 secs] 
201.619: [GC (Allocation Failure) [PSYoungGen: 151429K->6198K(159232K)] 484396K->339246K(508928K), 0.0052515 secs] [Times: user=0.03 sys=0.00, real=0.01 secs] 
201.690: [GC (Allocation Failure) [PSYoungGen: 151094K->7703K(159232K)] 484142K->340815K(508928K), 0.0164395 secs] [Times: user=0.08 sys=0.00, real=0.02 secs] 
201.776: [GC (Allocation Failure) [PSYoungGen: 154135K->6585K(159744K)] 487247K->339940K(509440K), 0.0116954 secs] [Times: user=0.04 sys=0.00, real=0.01 secs] 
201.867: [GC (Allocation Failure) [PSYoungGen: 153017K->8482K(161280K)] 486372K->341901K(510976K), 0.0091512 secs] [Times: user=0.05 sys=0.00, real=0.01 secs] 
201.947: [GC (Allocation Failure) [PSYoungGen: 156962K->7892K(161280K)] 490381K->341368K(510976K), 0.0082762 secs] [Times: user=0.04 sys=0.00, real=0.01 secs] 
202.031: [GC (Allocation Failure) [PSYoungGen: 156372K->6694K(161280K)] 489848K->340233K(510976K), 0.0063405 secs] [Times: user=0.03 sys=0.00, real=0.01 secs] 
202.116: [GC (Allocation Failure) [PSYoungGen: 155686K->5409K(161280K)] 489225K->339028K(510976K), 0.0061921 secs] [Times: user=0.03 sys=0.00, real=0.01 secs] 
205.232: [GC (Allocation Failure) [PSYoungGen: 154401K->10002K(160768K)] 488020K->343701K(510464K), 0.0084315 secs] [Times: user=0.03 sys=0.00, real=0.00 secs] 
205.301: [GC (Allocation Failure) [PSYoungGen: 158994K->7738K(161792K)] 492693K->346027K(511488K), 0.0076177 secs] [Times: user=0.03 sys=0.00, real=0.01 secs] 
205.366: [GC (Allocation Failure) [PSYoungGen: 156730K->9257K(161280K)] 495019K->347626K(510976K), 0.0054052 secs] [Times: user=0.03 sys=0.00, real=0.01 secs] 
205.423: [GC (Allocation Failure) [PSYoungGen: 158761K->5931K(161792K)] 497130K->344551K(511488K), 0.0050830 secs] [Times: user=0.02 sys=0.00, real=0.00 secs] 
205.479: [GC (Allocation Failure) [PSYoungGen: 155435K->9274K(162304K)] 494055K->348150K(512000K), 0.0059222 secs] [Times: user=0.03 sys=0.00, real=0.01 secs] 
205.538: [GC (Allocation Failure) [PSYoungGen: 159290K->5018K(162304K)] 498166K->343958K(512000K), 0.0053535 secs] [Times: user=0.02 sys=0.00, real=0.01 secs] 
205.598: [GC (Allocation Failure) [PSYoungGen: 155034K->2138K(161280K)] 493974K->341374K(510976K), 0.0043423 secs] [Times: user=0.01 sys=0.00, real=0.01 secs] 
205.655: [GC (Allocation Failure) [PSYoungGen: 151130K->6742K(161792K)] 490366K->346210K(511488K), 0.0054630 secs] [Times: user=0.02 sys=0.00, real=0.00 secs] 
205.712: [GC (Allocation Failure) [PSYoungGen: 155734K->7845K(161792K)] 495202K->347377K(511488K), 0.0052242 secs] [Times: user=0.03 sys=0.00, real=0.00 secs] 
205.874: [GC (Allocation Failure) [PSYoungGen: 157349K->5950K(161792K)] 496881K->345766K(511488K), 0.0043271 secs] [Times: user=0.02 sys=0.00, real=0.00 secs] 
206.071: [GC (Allocation Failure) [PSYoungGen: 155454K->11749K(157696K)] 495270K->354451K(507392K), 0.0088974 secs] [Times: user=0.05 sys=0.00, real=0.01 secs] 
206.214: [GC (Allocation Failure) [PSYoungGen: 157669K->9031K(160256K)] 500371K->354876K(509952K), 0.0096196 secs] [Times: user=0.04 sys=0.01, real=0.01 secs] 
206.274: [GC (Allocation Failure) --[PSYoungGen: 154951K->154951K(160256K)] 500796K->504644K(509952K), 0.0532558 secs] [Times: user=0.08 sys=0.02, real=0.05 secs] 
206.327: [Full GC (Ergonomics) [PSYoungGen: 154951K->0K(160256K)] [ParOldGen: 349693K->254238K(349696K)] 504644K->254238K(509952K), [Metaspace: 78264K->78264K(1118208K)], 0.2472078 secs] [Times: user=1.31 sys=0.01, real=0.25 secs] 
206.627: [GC (Allocation Failure) [PSYoungGen: 145920K->12087K(158208K)] 400158K->266326K(507904K), 0.0066677 secs] [Times: user=0.03 sys=0.00, real=0.01 secs] 
206.683: [GC (Allocation Failure) [PSYoungGen: 155959K->7640K(159232K)] 410198K->267219K(508928K), 0.0085318 secs] [Times: user=0.05 sys=0.00, real=0.00 secs] 
206.744: [GC (Allocation Failure) [PSYoungGen: 151512K->5827K(159232K)] 411091K->266378K(508928K), 0.0051930 secs] [Times: user=0.03 sys=0.00, real=0.00 secs] 
206.872: [GC (Allocation Failure) [PSYoungGen: 150723K->11545K(159232K)] 411274K->272985K(508928K), 0.0090267 secs] [Times: user=0.04 sys=0.00, real=0.00 secs] 
206.944: [GC (Allocation Failure) [PSYoungGen: 156441K->10165K(159744K)] 417881K->276600K(509440K), 0.0092548 secs] [Times: user=0.05 sys=0.00, real=0.01 secs] 
207.006: [GC (Allocation Failure) [PSYoungGen: 155061K->8147K(153088K)] 421496K->275470K(502784K), 0.0065274 secs] [Times: user=0.03 sys=0.00, real=0.01 secs] 
207.062: [GC (Allocation Failure) [PSYoungGen: 153043K->8343K(159744K)] 420366K->276434K(509440K), 0.0062742 secs] [Times: user=0.04 sys=0.00, real=0.00 secs] 
207.283: [GC (Allocation Failure) [PSYoungGen: 153751K->6936K(159232K)] 421842K->275931K(508928K), 0.0145074 secs] [Times: user=0.08 sys=0.00, real=0.01 secs] 
207.421: [GC (Allocation Failure) [PSYoungGen: 152344K->11260K(159744K)] 421339K->282612K(509440K), 0.0079578 secs] [Times: user=0.03 sys=0.00, real=0.01 secs] 
207.566: [GC (Allocation Failure) [PSYoungGen: 157180K->10418K(160256K)] 428532K->283711K(509952K), 0.0104675 secs] [Times: user=0.04 sys=0.00, real=0.01 secs] 
207.654: [GC (Allocation Failure) [PSYoungGen: 156338K->6631K(160256K)] 429631K->285040K(509952K), 0.0137168 secs] [Times: user=0.07 sys=0.00, real=0.01 secs] 
207.754: [GC (Allocation Failure) [PSYoungGen: 152551K->10916K(160256K)] 430960K->290297K(509952K), 0.0074679 secs] [Times: user=0.04 sys=0.00, real=0.01 secs] 
207.817: [GC (Allocation Failure) [PSYoungGen: 156836K->6078K(160256K)] 436217K->286395K(509952K), 0.0056357 secs] [Times: user=0.03 sys=0.00, real=0.01 secs] 
207.872: [GC (Allocation Failure) [PSYoungGen: 151998K->8456K(154624K)] 432315K->289701K(504320K), 0.0059771 secs] [Times: user=0.03 sys=0.00, real=0.00 secs] 
207.997: [GC (Allocation Failure) [PSYoungGen: 154376K->13300K(157696K)] 435621K->295337K(507392K), 0.0075827 secs] [Times: user=0.04 sys=0.00, real=0.01 secs] 
208.054: [GC (Allocation Failure) [PSYoungGen: 157172K->7576K(159232K)] 439209K->294609K(508928K), 0.0079407 secs] [Times: user=0.04 sys=0.00, real=0.00 secs] 
208.111: [GC (Allocation Failure) [PSYoungGen: 151425K->9373K(157696K)] 438458K->297722K(507392K), 0.0068437 secs] [Times: user=0.03 sys=0.00, real=0.01 secs] 
208.169: [GC (Allocation Failure) [PSYoungGen: 153757K->6193K(158720K)] 442106K->295317K(508416K), 0.0051483 secs] [Times: user=0.03 sys=0.00, real=0.01 secs] 
208.475: [GC (Allocation Failure) [PSYoungGen: 150577K->11055K(159232K)] 439701K->300924K(508928K), 0.0069097 secs] [Times: user=0.03 sys=0.00, real=0.00 secs] 
208.501: [GC (Allocation Failure) [PSYoungGen: 153361K->12775K(157696K)] 443230K->307278K(507392K), 0.0051351 secs] [Times: user=0.02 sys=0.00, real=0.01 secs] 
208.527: [GC (Allocation Failure) [PSYoungGen: 157671K->4949K(158208K)] 452174K->312011K(507904K), 0.0062288 secs] [Times: user=0.03 sys=0.01, real=0.01 secs] 
208.553: [GC (Allocation Failure) [PSYoungGen: 147797K->4570K(158720K)] 454859K->312400K(508416K), 0.0046040 secs] [Times: user=0.02 sys=0.00, real=0.00 secs] 
208.578: [GC (Allocation Failure) [PSYoungGen: 147418K->4033K(158720K)] 455248K->312166K(508416K), 0.0047524 secs] [Times: user=0.02 sys=0.00, real=0.01 secs] 
208.603: [GC (Allocation Failure) [PSYoungGen: 146881K->2650K(158720K)] 455014K->310951K(508416K), 0.0043592 secs] [Times: user=0.02 sys=0.00, real=0.00 secs] 
208.627: [GC (Allocation Failure) [PSYoungGen: 145498K->4360K(158720K)] 453799K->313458K(508416K), 0.0055651 secs] [Times: user=0.02 sys=0.00, real=0.00 secs] 
208.662: [GC (Allocation Failure) [PSYoungGen: 147208K->4362K(147456K)] 456306K->315137K(497152K), 0.0047779 secs] [Times: user=0.02 sys=0.00, real=0.01 secs] 
208.709: [GC (Allocation Failure) [PSYoungGen: 147210K->9590K(158208K)] 457985K->324141K(507904K), 0.0057557 secs] [Times: user=0.02 sys=0.00, real=0.01 secs] 
208.741: [GC (Allocation Failure) [PSYoungGen: 152438K->4336K(158208K)] 466989K->327117K(507904K), 0.0071832 secs] [Times: user=0.03 sys=0.00, real=0.01 secs] 
208.771: [GC (Allocation Failure) [PSYoungGen: 147184K->5317K(158208K)] 469965K->330459K(507904K), 0.0058091 secs] [Times: user=0.02 sys=0.00, real=0.01 secs] 
208.797: [GC (Allocation Failure) [PSYoungGen: 149189K->3043K(158720K)] 474331K->331577K(508416K), 0.0070344 secs] [Times: user=0.02 sys=0.00, real=0.01 secs] 
208.824: [GC (Allocation Failure) [PSYoungGen: 146915K->1875K(159744K)] 475449K->330868K(509440K), 0.0047438 secs] [Times: user=0.02 sys=0.00, real=0.00 secs] 
208.848: [GC (Allocation Failure) [PSYoungGen: 147283K->3074K(159744K)] 476276K->332170K(509440K), 0.0056581 secs] [Times: user=0.02 sys=0.00, real=0.01 secs] 
208.874: [GC (Allocation Failure) [PSYoungGen: 148482K->4133K(158208K)] 477578K->333417K(507904K), 0.0046535 secs] [Times: user=0.03 sys=0.00, real=0.00 secs] 
208.899: [GC (Allocation Failure) [PSYoungGen: 150053K->2984K(159232K)] 479337K->332317K(508928K), 0.0046097 secs] [Times: user=0.02 sys=0.00, real=0.01 secs] 
208.923: [GC (Allocation Failure) [PSYoungGen: 148904K->2329K(160256K)] 478237K->331798K(509952K), 0.0051612 secs] [Times: user=0.01 sys=0.00, real=0.00 secs] 
208.969: [GC (Allocation Failure) [PSYoungGen: 150297K->5544K(160768K)] 479766K->335213K(510464K), 0.0042922 secs] [Times: user=0.02 sys=0.00, real=0.01 secs] 
209.008: [GC (Allocation Failure) [PSYoungGen: 153512K->11992K(158208K)] 483181K->346410K(507904K), 0.0059579 secs] [Times: user=0.03 sys=0.00, real=0.01 secs] 
209.036: [GC (Allocation Failure) [PSYoungGen: 157912K->3914K(160256K)] 492330K->348560K(509952K), 0.0078004 secs] [Times: user=0.05 sys=0.00, real=0.01 secs] 
209.044: [Full GC (Ergonomics) [PSYoungGen: 3914K->0K(160256K)] [ParOldGen: 344646K->276813K(349696K)] 348560K->276813K(509952K), [Metaspace: 78308K->78308K(1118208K)], 0.2499860 secs] [Times: user=1.37 sys=0.01, real=0.25 secs] 
209.316: [GC (Allocation Failure) [PSYoungGen: 145920K->4590K(157696K)] 422733K->281404K(507392K), 0.0047908 secs] [Times: user=0.02 sys=0.00, real=0.00 secs] 
209.340: [GC (Allocation Failure) [PSYoungGen: 151022K->1532K(159232K)] 427836K->280819K(508928K), 0.0049317 secs] [Times: user=0.02 sys=0.00, real=0.01 secs] 
209.365: [GC (Allocation Failure) [PSYoungGen: 147964K->881K(161792K)] 427251K->280353K(511488K), 0.0045314 secs] [Times: user=0.02 sys=0.00, real=0.00 secs] 
209.390: [GC (Allocation Failure) [PSYoungGen: 149873K->2931K(152064K)] 429345K->282688K(501760K), 0.0042907 secs] [Times: user=0.03 sys=0.00, real=0.01 secs] 
209.414: [GC (Allocation Failure) [PSYoungGen: 151923K->3549K(161792K)] 431680K->285618K(511488K), 0.0052348 secs] [Times: user=0.03 sys=0.00, real=0.00 secs] 
209.443: [GC (Allocation Failure) [PSYoungGen: 153053K->2857K(161280K)] 435122K->286653K(510976K), 0.0044882 secs] [Times: user=0.03 sys=0.00, real=0.00 secs] 
209.474: [GC (Allocation Failure) [PSYoungGen: 152361K->5776K(161792K)] 436157K->290684K(511488K), 0.0061075 secs] [Times: user=0.02 sys=0.00, real=0.00 secs] 
209.513: [GC (Allocation Failure) [PSYoungGen: 156121K->9668K(161792K)] 441028K->296618K(511488K), 0.0056503 secs] [Times: user=0.03 sys=0.00, real=0.00 secs] 
209.553: [GC (Allocation Failure) [PSYoungGen: 160196K->5489K(162816K)] 447146K->298457K(512512K), 0.0053767 secs] [Times: user=0.04 sys=0.00, real=0.00 secs] 
209.589: [GC (Allocation Failure) [PSYoungGen: 156017K->7729K(162304K)] 448985K->303511K(512000K), 0.0066770 secs] [Times: user=0.03 sys=0.01, real=0.01 secs] 
209.617: [GC (Allocation Failure) [PSYoungGen: 158257K->1503K(162304K)] 454039K->303054K(512000K), 0.0061058 secs] [Times: user=0.03 sys=0.00, real=0.01 secs] 
209.646: [GC (Allocation Failure) [PSYoungGen: 151519K->1442K(162304K)] 453070K->303224K(512000K), 0.0042220 secs] [Times: user=0.02 sys=0.00, real=0.00 secs] 
209.670: [GC (Allocation Failure) [PSYoungGen: 151458K->3886K(161280K)] 453240K->305889K(510976K), 0.0048590 secs] [Times: user=0.02 sys=0.00, real=0.01 secs] 
209.698: [GC (Allocation Failure) [PSYoungGen: 153902K->1939K(161792K)] 455905K->305376K(511488K), 0.0043642 secs] [Times: user=0.03 sys=0.00, real=0.01 secs] 
209.724: [GC (Allocation Failure) [PSYoungGen: 151955K->4855K(161792K)] 455392K->308332K(511488K), 0.0062780 secs] [Times: user=0.03 sys=0.00, real=0.00 secs] 
209.761: [GC (Allocation Failure) [PSYoungGen: 156407K->4140K(162304K)] 459884K->307813K(512000K), 0.0058711 secs] [Times: user=0.01 sys=0.00, real=0.01 secs] 
209.793: [GC (Allocation Failure) [PSYoungGen: 155692K->7224K(163328K)] 459365K->312892K(513024K), 0.0056405 secs] [Times: user=0.03 sys=0.00, real=0.00 secs] 
209.821: [GC (Allocation Failure) [PSYoungGen: 160312K->7739K(161280K)] 465980K->315815K(510976K), 0.0065253 secs] [Times: user=0.03 sys=0.00, real=0.01 secs] 
209.859: [GC (Allocation Failure) [PSYoungGen: 160827K->3768K(163840K)] 468903K->315411K(513536K), 0.0062123 secs] [Times: user=0.02 sys=0.00, real=0.01 secs] 
209.895: [GC (Allocation Failure) [PSYoungGen: 156344K->5654K(163328K)] 467987K->319257K(513024K), 0.0058665 secs] [Times: user=0.03 sys=0.00, real=0.00 secs] 
209.927: [GC (Allocation Failure) [PSYoungGen: 158230K->6728K(163328K)] 471833K->322764K(513024K), 0.0064072 secs] [Times: user=0.03 sys=0.00, real=0.01 secs] 
209.959: [GC (Allocation Failure) [PSYoungGen: 159304K->1255K(163328K)] 475340K->322084K(513024K), 0.0060314 secs] [Times: user=0.03 sys=0.00, real=0.01 secs] 
209.989: [GC (Allocation Failure) [PSYoungGen: 153831K->3170K(163840K)] 474660K->324055K(513536K), 0.0044795 secs] [Times: user=0.02 sys=0.00, real=0.01 secs] 
210.017: [GC (Allocation Failure) [PSYoungGen: 156258K->3627K(157184K)] 477143K->324823K(506880K), 0.0046035 secs] [Times: user=0.02 sys=0.00, real=0.00 secs] 
210.045: [GC (Allocation Failure) [PSYoungGen: 156715K->2333K(163840K)] 477911K->323792K(513536K), 0.0044815 secs] [Times: user=0.01 sys=0.00, real=0.00 secs] 
210.081: [GC (Allocation Failure) [PSYoungGen: 155933K->5608K(163328K)] 477392K->327267K(513024K), 0.0059591 secs] [Times: user=0.03 sys=0.00, real=0.01 secs] 
210.122: [GC (Allocation Failure) [PSYoungGen: 159208K->7942K(162816K)] 480867K->330593K(512512K), 0.0065259 secs] [Times: user=0.03 sys=0.00, real=0.01 secs] 
210.184: [GC (Allocation Failure) [PSYoungGen: 161030K->1032K(163840K)] 483681K->326332K(513536K), 0.0057423 secs] [Times: user=0.02 sys=0.00, real=0.00 secs] 
210.245: [GC (Allocation Failure) [PSYoungGen: 154120K->1172K(163840K)] 479420K->326853K(513536K), 0.0058219 secs] [Times: user=0.02 sys=0.00, real=0.00 secs] 
210.315: [GC (Allocation Failure) [PSYoungGen: 154260K->6111K(163840K)] 479941K->332055K(513536K), 0.0064353 secs] [Times: user=0.03 sys=0.00, real=0.00 secs] 
210.386: [GC (Allocation Failure) [PSYoungGen: 159199K->5052K(162816K)] 485143K->331164K(512512K), 0.0065660 secs] [Times: user=0.02 sys=0.00, real=0.00 secs] 
210.479: [GC (Allocation Failure) [PSYoungGen: 158140K->4188K(163328K)] 484252K->330372K(513024K), 0.0056275 secs] [Times: user=0.02 sys=0.00, real=0.01 secs] 
210.548: [GC (Allocation Failure) [PSYoungGen: 157276K->9720K(159744K)] 483460K->338991K(509440K), 0.0073618 secs] [Times: user=0.04 sys=0.01, real=0.01 secs] 
210.602: [GC (Allocation Failure) [PSYoungGen: 159736K->10355K(160768K)] 489007K->345990K(510464K), 0.0101015 secs] [Times: user=0.05 sys=0.00, real=0.01 secs] 
210.659: [GC (Allocation Failure) [PSYoungGen: 160371K->9001K(159744K)] 496006K->347366K(509440K), 0.0066240 secs] [Times: user=0.03 sys=0.00, real=0.01 secs] 
210.710: [GC (Allocation Failure) [PSYoungGen: 154921K->8014K(160256K)] 493286K->346499K(509952K), 0.0058916 secs] [Times: user=0.03 sys=0.00, real=0.01 secs] 
210.762: [GC (Allocation Failure) [PSYoungGen: 153934K->6540K(158208K)] 492419K->345097K(507904K), 0.0050858 secs] [Times: user=0.02 sys=0.00, real=0.01 secs] 
210.811: [GC (Allocation Failure) [PSYoungGen: 152460K->6354K(159232K)] 491017K->345031K(508928K), 0.0133445 secs] [Times: user=0.04 sys=0.00, real=0.02 secs] 
210.883: [GC (Allocation Failure) [PSYoungGen: 152274K->6301K(159744K)] 490951K->345206K(509440K), 0.0061713 secs] [Times: user=0.03 sys=0.00, real=0.00 secs] 
210.960: [GC (Allocation Failure) [PSYoungGen: 154781K->5953K(160768K)] 493686K->345137K(510464K), 0.0086976 secs] [Times: user=0.03 sys=0.00, real=0.01 secs] 
211.025: [GC (Allocation Failure) [PSYoungGen: 154433K->4497K(160768K)] 493617K->343761K(510464K), 0.0053163 secs] [Times: user=0.02 sys=0.00, real=0.00 secs] 
211.078: [GC (Allocation Failure) [PSYoungGen: 155025K->8804K(161792K)] 494289K->348148K(511488K), 0.0056725 secs] [Times: user=0.03 sys=0.00, real=0.01 secs] 
211.134: [GC (Allocation Failure) [PSYoungGen: 159332K->7752K(162816K)] 498676K->347168K(512512K), 0.0052921 secs] [Times: user=0.03 sys=0.00, real=0.00 secs] 
211.187: [GC (Allocation Failure) [PSYoungGen: 158792K->9504K(160768K)] 498208K->348984K(510464K), 0.0058812 secs] [Times: user=0.04 sys=0.00, real=0.01 secs] 
211.247: [GC (Allocation Failure) [PSYoungGen: 160544K->10147K(160768K)] 500024K->349699K(510464K), 0.0072340 secs] [Times: user=0.04 sys=0.00, real=0.01 secs] 
211.331: [GC (Allocation Failure) [PSYoungGen: 157604K->1765K(150016K)] 497156K->341808K(499712K), 0.0037547 secs] [Times: user=0.02 sys=0.00, real=0.01 secs] 
211.389: [GC (Allocation Failure) [PSYoungGen: 149733K->8369K(161280K)] 489776K->349159K(510976K), 0.0063327 secs] [Times: user=0.03 sys=0.00, real=0.01 secs] 
211.446: [GC (Allocation Failure) [PSYoungGen: 155825K->6946K(154624K)] 496615K->348042K(504320K), 0.0055014 secs] [Times: user=0.03 sys=0.00, real=0.00 secs] 
211.502: [GC (Allocation Failure) [PSYoungGen: 154402K->6614K(160768K)] 495498K->347774K(510464K), 0.0052776 secs] [Times: user=0.02 sys=0.00, real=0.01 secs] 
211.561: [GC (Allocation Failure) [PSYoungGen: 154582K->5939K(160256K)] 495742K->347172K(509952K), 0.0055539 secs] [Times: user=0.03 sys=0.00, real=0.01 secs] 
211.624: [GC (Allocation Failure) [PSYoungGen: 153907K->7393K(161280K)] 495140K->348674K(510976K), 0.0052564 secs] [Times: user=0.03 sys=0.01, real=0.00 secs] 
211.678: [GC (Allocation Failure) [PSYoungGen: 156897K->8192K(161280K)] 498178K->349536K(510976K), 0.0055654 secs] [Times: user=0.03 sys=0.00, real=0.01 secs] 
211.738: [GC (Allocation Failure) [PSYoungGen: 157696K->7540K(162816K)] 499040K->349148K(512512K), 0.0056444 secs] [Times: user=0.03 sys=0.00, real=0.01 secs] 
211.804: [GC (Allocation Failure) [PSYoungGen: 158580K->5763K(157184K)] 500188K->347426K(506880K), 0.0058112 secs] [Times: user=0.02 sys=0.00, real=0.00 secs] 
211.864: [GC (Allocation Failure) [PSYoungGen: 156803K->9012K(161792K)] 498466K->350739K(511488K), 0.0060162 secs] [Times: user=0.03 sys=0.00, real=0.00 secs] 
211.928: [GC (Allocation Failure) [PSYoungGen: 159540K->5614K(162304K)] 501267K->347613K(512000K), 0.0056887 secs] [Times: user=0.02 sys=0.00, real=0.01 secs] 
215.244: [GC (Allocation Failure) [PSYoungGen: 156142K->10685K(161792K)] 498141K->352780K(511488K), 0.0074000 secs] [Times: user=0.04 sys=0.00, real=0.00 secs] 
215.309: [GC (Allocation Failure) [PSYoungGen: 160701K->7331K(162304K)] 502796K->354255K(512000K), 0.0083346 secs] [Times: user=0.04 sys=0.00, real=0.01 secs] 
215.318: [Full GC (Ergonomics) [PSYoungGen: 7331K->0K(162304K)] [ParOldGen: 346924K->265877K(349696K)] 354255K->265877K(512000K), [Metaspace: 78325K->78325K(1118208K)], 0.2513191 secs] [Times: user=1.34 sys=0.01, real=0.25 secs] 
215.631: [GC (Allocation Failure) [PSYoungGen: 150016K->11768K(157696K)] 415893K->281158K(507392K), 0.0108398 secs] [Times: user=0.05 sys=0.00, real=0.01 secs] 
215.697: [GC (Allocation Failure) [PSYoungGen: 157688K->10741K(156672K)] 427078K->289924K(506368K), 0.0140194 secs] [Times: user=0.08 sys=0.00, real=0.01 secs] 
215.768: [GC (Allocation Failure) [PSYoungGen: 156661K->8606K(160256K)] 435844K->288533K(509952K), 0.0067582 secs] [Times: user=0.03 sys=0.00, real=0.01 secs] 
215.827: [GC (Allocation Failure) [PSYoungGen: 153827K->7511K(153088K)] 433753K->287518K(502784K), 0.0058667 secs] [Times: user=0.03 sys=0.01, real=0.00 secs] 
215.887: [GC (Allocation Failure) [PSYoungGen: 152919K->8032K(159744K)] 432926K->288102K(509440K), 0.0058161 secs] [Times: user=0.03 sys=0.00, real=0.00 secs] 
215.951: [GC (Allocation Failure) [PSYoungGen: 153952K->7739K(159232K)] 434022K->287866K(508928K), 0.0063342 secs] [Times: user=0.03 sys=0.00, real=0.01 secs] 
216.015: [GC (Allocation Failure) [PSYoungGen: 153659K->4791K(159744K)] 433786K->285177K(509440K), 0.0057913 secs] [Times: user=0.02 sys=0.00, real=0.00 secs] 
216.093: [GC (Allocation Failure) [PSYoungGen: 151735K->8091K(160256K)] 432121K->288541K(509952K), 0.0055228 secs] [Times: user=0.03 sys=0.00, real=0.01 secs] 
216.336: [GC (Allocation Failure) [PSYoungGen: 155035K->10736K(160768K)] 435485K->291474K(510464K), 0.0055436 secs] [Times: user=0.03 sys=0.00, real=0.00 secs] 
216.459: [GC (Allocation Failure) [PSYoungGen: 158704K->12456K(160768K)] 439442K->295091K(510464K), 0.0063598 secs] [Times: user=0.04 sys=0.00, real=0.01 secs] 
216.601: [GC (Allocation Failure) [PSYoungGen: 160424K->13793K(153600K)] 443059K->301062K(503296K), 0.0132828 secs] [Times: user=0.05 sys=0.00, real=0.02 secs] 
216.671: [GC (Allocation Failure) [PSYoungGen: 153569K->8334K(157184K)] 440838K->308265K(506880K), 0.0126445 secs] [Times: user=0.07 sys=0.00, real=0.02 secs] 
216.737: [GC (Allocation Failure) [PSYoungGen: 148110K->9357K(155648K)] 448041K->311219K(505344K), 0.0080346 secs] [Times: user=0.04 sys=0.00, real=0.01 secs] 
216.793: [GC (Allocation Failure) [PSYoungGen: 149645K->7512K(156672K)] 451507K->310079K(506368K), 0.0073259 secs] [Times: user=0.03 sys=0.00, real=0.01 secs] 
216.853: [GC (Allocation Failure) [PSYoungGen: 147800K->7656K(156672K)] 450367K->311258K(506368K), 0.0078378 secs] [Times: user=0.03 sys=0.00, real=0.01 secs] 
216.982: [GC (Allocation Failure) [PSYoungGen: 149101K->5389K(157696K)] 452703K->309760K(507392K), 0.0048160 secs] [Times: user=0.02 sys=0.00, real=0.01 secs] 
217.039: [GC (Allocation Failure) [PSYoungGen: 147725K->6453K(159232K)] 452096K->316054K(508928K), 0.0079684 secs] [Times: user=0.04 sys=0.00, real=0.01 secs] 
217.104: [GC (Allocation Failure) [PSYoungGen: 150313K->7500K(151552K)] 459913K->317938K(501248K), 0.0097720 secs] [Times: user=0.07 sys=0.00, real=0.01 secs] 
217.162: [GC (Allocation Failure) [PSYoungGen: 151372K->9273K(159232K)] 461810K->320527K(508928K), 0.0074813 secs] [Times: user=0.04 sys=0.00, real=0.01 secs] 
217.227: [GC (Allocation Failure) [PSYoungGen: 153657K->4134K(158720K)] 464911K->316116K(508416K), 0.0053241 secs] [Times: user=0.02 sys=0.00, real=0.00 secs] 
217.525: [GC (Allocation Failure) [PSYoungGen: 148518K->14842K(152576K)] 460500K->331649K(502272K), 0.0134079 secs] [Times: user=0.08 sys=0.00, real=0.01 secs] 
217.660: [GC (Allocation Failure) [PSYoungGen: 151829K->9627K(156160K)] 468636K->337239K(505856K), 0.0130033 secs] [Times: user=0.07 sys=0.00, real=0.01 secs] 
217.731: [GC (Allocation Failure) [PSYoungGen: 147355K->7092K(155136K)] 474967K->343404K(504832K), 0.0173972 secs] [Times: user=0.09 sys=0.01, real=0.02 secs] 
217.797: [GC (Allocation Failure) [PSYoungGen: 145844K->8408K(156160K)] 482156K->346259K(505856K), 0.0065157 secs] [Times: user=0.04 sys=0.00, real=0.00 secs] 
217.850: [GC (Allocation Failure) [PSYoungGen: 147160K->6992K(156160K)] 485011K->345767K(505856K), 0.0063615 secs] [Times: user=0.04 sys=0.01, real=0.01 secs] 
217.856: [Full GC (Ergonomics) [PSYoungGen: 6992K->0K(156160K)] [ParOldGen: 338775K->278412K(349696K)] 345767K->278412K(505856K), [Metaspace: 78377K->78377K(1118208K)], 0.2584761 secs] [Times: user=1.41 sys=0.00, real=0.26 secs] 
218.162: [GC (Allocation Failure) [PSYoungGen: 140800K->13396K(156672K)] 419212K->291808K(506368K), 0.0081370 secs] [Times: user=0.04 sys=0.01, real=0.01 secs] 
218.217: [GC (Allocation Failure) [PSYoungGen: 154196K->5862K(157696K)] 432608K->290752K(507392K), 0.0076953 secs] [Times: user=0.05 sys=0.00, real=0.01 secs] 
218.349: [GC (Allocation Failure) [PSYoungGen: 146662K->16883K(157696K)] 431552K->304029K(507392K), 0.0100652 secs] [Times: user=0.06 sys=0.00, real=0.01 secs] 
218.408: [GC (Allocation Failure) [PSYoungGen: 157683K->10077K(153600K)] 444829K->304617K(503296K), 0.0101255 secs] [Times: user=0.06 sys=0.00, real=0.01 secs] 
218.465: [GC (Allocation Failure) [PSYoungGen: 146781K->9765K(155648K)] 441321K->305296K(505344K), 0.0070834 secs] [Times: user=0.04 sys=0.00, real=0.00 secs] 
218.519: [GC (Allocation Failure) [PSYoungGen: 146469K->8751K(153600K)] 442000K->304962K(503296K), 0.0067150 secs] [Times: user=0.03 sys=0.00, real=0.01 secs] 
218.624: [GC (Allocation Failure) [PSYoungGen: 146479K->1235K(155136K)] 442690K->298286K(504832K), 0.0037663 secs] [Times: user=0.02 sys=0.00, real=0.00 secs] 
218.899: [GC (Allocation Failure) [PSYoungGen: 138963K->17646K(152064K)] 436014K->315680K(501760K), 0.0160935 secs] [Times: user=0.05 sys=0.00, real=0.02 secs] 
218.946: [GC (Allocation Failure) [PSYoungGen: 151278K->14907K(148992K)] 449312K->317894K(498688K), 0.0059849 secs] [Times: user=0.03 sys=0.00, real=0.00 secs] 
218.979: [GC (Allocation Failure) [PSYoungGen: 148539K->7686K(153600K)] 451526K->322956K(503296K), 0.0194251 secs] [Times: user=0.10 sys=0.00, real=0.02 secs] 
219.037: [GC (Allocation Failure) [PSYoungGen: 139782K->8145K(140288K)] 455052K->326284K(489984K), 0.0074579 secs] [Times: user=0.02 sys=0.00, real=0.01 secs] 
219.067: [GC (Allocation Failure) [PSYoungGen: 140241K->6640K(152576K)] 458380K->328966K(502272K), 0.0056612 secs] [Times: user=0.03 sys=0.00, real=0.00 secs] 
219.095: [GC (Allocation Failure) [PSYoungGen: 139248K->3325K(152064K)] 461574K->329811K(501760K), 0.0055729 secs] [Times: user=0.02 sys=0.00, real=0.00 secs] 
219.133: [GC (Allocation Failure) [PSYoungGen: 135933K->2317K(154112K)] 462419K->331387K(503808K), 0.0056979 secs] [Times: user=0.02 sys=0.01, real=0.01 secs] 
219.160: [GC (Allocation Failure) [PSYoungGen: 136973K->3309K(154624K)] 466043K->332665K(504320K), 0.0048194 secs] [Times: user=0.02 sys=0.00, real=0.01 secs] 
219.184: [GC (Allocation Failure) [PSYoungGen: 137965K->2292K(154624K)] 467321K->333091K(504320K), 0.0047276 secs] [Times: user=0.02 sys=0.00, real=0.00 secs] 
219.210: [GC (Allocation Failure) [PSYoungGen: 137460K->3723K(139264K)] 468259K->334829K(488960K), 0.0045445 secs] [Times: user=0.02 sys=0.00, real=0.01 secs] 
219.235: [GC (Allocation Failure) [PSYoungGen: 138891K->1786K(154112K)] 469997K->333873K(503808K), 0.0044867 secs] [Times: user=0.02 sys=0.00, real=0.00 secs] 
219.257: [GC (Allocation Failure) [PSYoungGen: 137466K->4201K(154112K)] 469553K->336439K(503808K), 0.0047371 secs] [Times: user=0.02 sys=0.00, real=0.00 secs] 
219.279: [GC (Allocation Failure) [PSYoungGen: 139881K->3742K(155648K)] 472119K->338685K(505344K), 0.0094278 secs] [Times: user=0.03 sys=0.00, real=0.01 secs] 
219.308: [GC (Allocation Failure) [PSYoungGen: 141982K->4344K(155136K)] 476925K->339526K(504832K), 0.0051529 secs] [Times: user=0.02 sys=0.00, real=0.00 secs] 
219.346: [GC (Allocation Failure) [PSYoungGen: 142584K->8104K(156160K)] 477766K->346195K(505856K), 0.0060853 secs] [Times: user=0.03 sys=0.00, real=0.00 secs] 
219.382: [GC (Allocation Failure) [PSYoungGen: 148392K->6509K(156160K)] 486483K->349318K(505856K), 0.0197717 secs] [Times: user=0.10 sys=0.00, real=0.02 secs] 
219.402: [Full GC (Ergonomics) [PSYoungGen: 6509K->0K(156160K)] [ParOldGen: 342809K->291768K(349696K)] 349318K->291768K(505856K), [Metaspace: 78426K->78426K(1118208K)], 0.3144624 secs] [Times: user=1.51 sys=0.00, real=0.32 secs] 
219.743: [GC (Allocation Failure) [PSYoungGen: 140288K->5703K(157184K)] 432056K->297471K(506880K), 0.0043641 secs] [Times: user=0.02 sys=0.00, real=0.01 secs] 
219.768: [GC (Allocation Failure) [PSYoungGen: 149063K->2978K(157696K)] 440831K->299886K(507392K), 0.0060738 secs] [Times: user=0.03 sys=0.00, real=0.01 secs] 
219.793: [GC (Allocation Failure) [PSYoungGen: 146338K->3599K(160256K)] 443246K->300696K(509952K), 0.0042163 secs] [Times: user=0.02 sys=0.00, real=0.01 secs] 
219.820: [GC (Allocation Failure) [PSYoungGen: 150031K->2739K(160256K)] 447128K->300791K(509952K), 0.0051215 secs] [Times: user=0.02 sys=0.00, real=0.01 secs] 
219.848: [GC (Allocation Failure) [PSYoungGen: 149171K->4905K(159232K)] 447223K->303054K(508928K), 0.0049675 secs] [Times: user=0.01 sys=0.00, real=0.00 secs] 
219.872: [GC (Allocation Failure) [PSYoungGen: 152361K->1832K(159744K)] 450510K->302685K(509440K), 0.0043439 secs] [Times: user=0.02 sys=0.00, real=0.01 secs] 
219.900: [GC (Allocation Failure) [PSYoungGen: 149288K->2377K(162304K)] 450141K->303262K(512000K), 0.0045673 secs] [Times: user=0.02 sys=0.00, real=0.01 secs] 
219.929: [GC (Allocation Failure) [PSYoungGen: 152393K->3012K(153088K)] 453278K->304458K(502784K), 0.0037965 secs] [Times: user=0.02 sys=0.01, real=0.00 secs] 
219.957: [GC (Allocation Failure) [PSYoungGen: 153028K->5349K(162304K)] 454474K->308937K(512000K), 0.0064120 secs] [Times: user=0.03 sys=0.00, real=0.01 secs] 
220.000: [GC (Allocation Failure) [PSYoungGen: 155877K->9382K(161792K)] 459465K->314359K(511488K), 0.0053424 secs] [Times: user=0.03 sys=0.00, real=0.01 secs] 
220.030: [GC (Allocation Failure) [PSYoungGen: 159910K->6888K(162304K)] 464887K->317831K(512000K), 0.0072448 secs] [Times: user=0.03 sys=0.00, real=0.01 secs] 
220.063: [GC (Allocation Failure) [PSYoungGen: 156904K->8333K(158720K)] 467847K->322445K(508416K), 0.0082395 secs] [Times: user=0.03 sys=0.00, real=0.01 secs] 
220.094: [GC (Allocation Failure) [PSYoungGen: 158349K->4351K(162304K)] 472461K->322700K(512000K), 0.0053739 secs] [Times: user=0.02 sys=0.01, real=0.00 secs] 
220.119: [GC (Allocation Failure) [PSYoungGen: 153855K->5032K(154624K)] 472204K->325973K(504320K), 0.0045320 secs] [Times: user=0.03 sys=0.00, real=0.01 secs] 
220.144: [GC (Allocation Failure) [PSYoungGen: 154536K->3906K(161792K)] 475477K->325058K(511488K), 0.0041305 secs] [Times: user=0.02 sys=0.00, real=0.00 secs] 
220.171: [GC (Allocation Failure) [PSYoungGen: 153922K->2795K(161280K)] 475074K->324026K(510976K), 0.0038600 secs] [Times: user=0.02 sys=0.00, real=0.01 secs] 
220.195: [GC (Allocation Failure) [PSYoungGen: 152811K->1842K(162816K)] 474042K->323114K(512512K), 0.0046055 secs] [Times: user=0.02 sys=0.00, real=0.00 secs] 
220.220: [GC (Allocation Failure) [PSYoungGen: 153394K->3010K(162816K)] 474666K->324465K(512512K), 0.0044350 secs] [Times: user=0.02 sys=0.00, real=0.01 secs] 
220.252: [GC (Allocation Failure) [PSYoungGen: 154562K->5617K(162816K)] 476017K->328299K(512512K), 0.0042709 secs] [Times: user=0.02 sys=0.00, real=0.01 secs] 
220.289: [GC (Allocation Failure) [PSYoungGen: 157681K->10750K(162816K)] 480363K->335848K(512512K), 0.0055693 secs] [Times: user=0.02 sys=0.00, real=0.01 secs] 
220.321: [GC (Allocation Failure) [PSYoungGen: 162814K->5421K(161792K)] 487912K->338327K(511488K), 0.0068607 secs] [Times: user=0.04 sys=0.00, real=0.01 secs] 
220.353: [GC (Allocation Failure) [PSYoungGen: 155437K->5994K(162304K)] 488343K->339907K(512000K), 0.0047264 secs] [Times: user=0.03 sys=0.00, real=0.01 secs] 
220.380: [GC (Allocation Failure) [PSYoungGen: 156010K->4639K(161280K)] 489923K->340992K(510976K), 0.0047258 secs] [Times: user=0.03 sys=0.00, real=0.01 secs] 
220.406: [GC (Allocation Failure) [PSYoungGen: 155167K->3326K(161792K)] 491520K->342143K(511488K), 0.0054310 secs] [Times: user=0.02 sys=0.00, real=0.00 secs] 
220.433: [GC (Allocation Failure) [PSYoungGen: 153854K->3605K(162304K)] 492671K->342470K(512000K), 0.0050500 secs] [Times: user=0.03 sys=0.00, real=0.01 secs] 
220.463: [GC (Allocation Failure) [PSYoungGen: 155669K->3579K(162816K)] 494534K->342540K(512512K), 0.0043799 secs] [Times: user=0.02 sys=0.00, real=0.01 secs] 
220.489: [GC (Allocation Failure) [PSYoungGen: 155643K->1984K(163840K)] 494604K->341321K(513536K), 0.0050661 secs] [Times: user=0.02 sys=0.00, real=0.01 secs] 
220.516: [GC (Allocation Failure) [PSYoungGen: 155072K->3852K(157184K)] 494409K->343416K(506880K), 0.0046803 secs] [Times: user=0.02 sys=0.00, real=0.00 secs] 
220.549: [GC (Allocation Failure) [PSYoungGen: 156940K->5786K(163328K)] 496504K->346429K(513024K), 0.0044561 secs] [Times: user=0.02 sys=0.00, real=0.01 secs] 
220.601: [GC (Allocation Failure) [PSYoungGen: 158874K->10220K(163328K)] 499517K->354943K(513024K), 0.0069909 secs] [Times: user=0.03 sys=0.00, real=0.01 secs] 
220.609: [Full GC (Ergonomics) [PSYoungGen: 10220K->0K(163328K)] [ParOldGen: 344722K->287578K(349696K)] 354943K->287578K(513024K), [Metaspace: 78441K->78441K(1118208K)], 0.2581559 secs] [Times: user=1.33 sys=0.00, real=0.26 secs] 
220.894: [GC (Allocation Failure) [PSYoungGen: 153088K->5636K(161280K)] 440666K->293214K(510976K), 0.0046068 secs] [Times: user=0.02 sys=0.00, real=0.00 secs] 
220.925: [GC (Allocation Failure) [PSYoungGen: 155652K->2961K(162304K)] 443230K->295200K(512000K), 0.0062964 secs] [Times: user=0.02 sys=0.00, real=0.00 secs] 
220.960: [GC (Allocation Failure) [PSYoungGen: 152977K->1487K(162304K)] 445216K->293813K(512000K), 0.0064265 secs] [Times: user=0.03 sys=0.01, real=0.01 secs] 
220.995: [GC (Allocation Failure) [PSYoungGen: 151503K->6483K(162304K)] 443829K->299029K(512000K), 0.0087836 secs] [Times: user=0.03 sys=0.00, real=0.01 secs] 
221.049: [GC (Allocation Failure) [PSYoungGen: 156499K->5649K(161280K)] 449045K->298471K(510976K), 0.0055401 secs] [Times: user=0.03 sys=0.00, real=0.01 secs] 
221.112: [GC (Allocation Failure) [PSYoungGen: 155514K->6738K(161792K)] 448336K->300177K(511488K), 0.0114303 secs] [Times: user=0.05 sys=0.00, real=0.01 secs] 
221.187: [GC (Allocation Failure) [PSYoungGen: 156754K->745K(162816K)] 450193K->294264K(512512K), 0.0043571 secs] [Times: user=0.01 sys=0.00, real=0.00 secs] 
221.268: [GC (Allocation Failure) [PSYoungGen: 148682K->1232K(162816K)] 442200K->295007K(512512K), 0.0046035 secs] [Times: user=0.01 sys=0.00, real=0.00 secs] 
221.325: [GC (Allocation Failure) [PSYoungGen: 151784K->8957K(160768K)] 445559K->302732K(510464K), 0.0061933 secs] [Times: user=0.03 sys=0.00, real=0.00 secs] 
221.376: [GC (Allocation Failure) [PSYoungGen: 157949K->10367K(159744K)] 451724K->304142K(509440K), 0.0063624 secs] [Times: user=0.04 sys=0.00, real=0.00 secs] 
221.424: [GC (Allocation Failure) [PSYoungGen: 159359K->11775K(157696K)] 453134K->305550K(507392K), 0.0069569 secs] [Times: user=0.03 sys=0.00, real=0.01 secs] 
221.477: [GC (Allocation Failure) [PSYoungGen: 155647K->7974K(159232K)] 449422K->302725K(508928K), 0.0060441 secs] [Times: user=0.03 sys=0.00, real=0.00 secs] 
221.535: [GC (Allocation Failure) [PSYoungGen: 151846K->8078K(158208K)] 446597K->303152K(507904K), 0.0063240 secs] [Times: user=0.02 sys=0.00, real=0.00 secs] 
221.590: [GC (Allocation Failure) [PSYoungGen: 151950K->10740K(158720K)] 447024K->306096K(508416K), 0.0083656 secs] [Times: user=0.04 sys=0.00, real=0.01 secs] 
221.654: [GC (Allocation Failure) [PSYoungGen: 154612K->8345K(159232K)] 449968K->303766K(508928K), 0.0071313 secs] [Times: user=0.03 sys=0.00, real=0.01 secs] 
221.710: [GC (Allocation Failure) [PSYoungGen: 151705K->8301K(152064K)] 447126K->303785K(501760K), 0.0074480 secs] [Times: user=0.03 sys=0.00, real=0.01 secs] 
221.773: [GC (Allocation Failure) [PSYoungGen: 151661K->7776K(158720K)] 447145K->303317K(508416K), 0.0063271 secs] [Times: user=0.03 sys=0.00, real=0.01 secs] 
221.822: [GC (Allocation Failure) [PSYoungGen: 151648K->10625K(158208K)] 447189K->306222K(507904K), 0.0063181 secs] [Times: user=0.04 sys=0.00, real=0.01 secs] 
221.871: [GC (Allocation Failure) [PSYoungGen: 154497K->7579K(159744K)] 450094K->303239K(509440K), 0.0055172 secs] [Times: user=0.02 sys=0.01, real=0.01 secs] 
221.918: [GC (Allocation Failure) [PSYoungGen: 152987K->8263K(159744K)] 448647K->303987K(509440K), 0.0069950 secs] [Times: user=0.03 sys=0.00, real=0.01 secs] 
221.973: [GC (Allocation Failure) [PSYoungGen: 153671K->11776K(158720K)] 449395K->307572K(508416K), 0.0077875 secs] [Times: user=0.03 sys=0.00, real=0.01 secs] 
222.024: [GC (Allocation Failure) [PSYoungGen: 156672K->11187K(156160K)] 452468K->307063K(505856K), 0.0109604 secs] [Times: user=0.04 sys=0.00, real=0.02 secs] 
222.079: [GC (Allocation Failure) [PSYoungGen: 156083K->10486K(159232K)] 451959K->306459K(508928K), 0.0072171 secs] [Times: user=0.03 sys=0.00, real=0.01 secs] 
222.166: [GC (Allocation Failure) [PSYoungGen: 154358K->11751K(155648K)] 450331K->307828K(505344K), 0.0083637 secs] [Times: user=0.04 sys=0.00, real=0.01 secs] 
222.226: [GC (Allocation Failure) [PSYoungGen: 155623K->12921K(156672K)] 451700K->309069K(506368K), 0.0066781 secs] [Times: user=0.04 sys=0.00, real=0.00 secs] 
222.291: [GC (Allocation Failure) [PSYoungGen: 153721K->11495K(157696K)] 449869K->308806K(507392K), 0.0069788 secs] [Times: user=0.04 sys=0.01, real=0.01 secs] 
222.351: [GC (Allocation Failure) [PSYoungGen: 152295K->5110K(157696K)] 449606K->302553K(507392K), 0.0054286 secs] [Times: user=0.03 sys=0.00, real=0.01 secs] 
222.407: [GC (Allocation Failure) [PSYoungGen: 145910K->6298K(147456K)] 443353K->303741K(497152K), 0.0051550 secs] [Times: user=0.02 sys=0.00, real=0.00 secs] 
222.468: [GC (Allocation Failure) [PSYoungGen: 147098K->8600K(157696K)] 444541K->306043K(507392K), 0.0058784 secs] [Times: user=0.03 sys=0.00, real=0.00 secs] 
222.527: [GC (Allocation Failure) [PSYoungGen: 149912K->4862K(157184K)] 447355K->302305K(506880K), 0.0047360 secs] [Times: user=0.02 sys=0.00, real=0.00 secs] 
222.594: [GC (Allocation Failure) [PSYoungGen: 146174K->7458K(158208K)] 443617K->304901K(507904K), 0.0065088 secs] [Times: user=0.03 sys=0.00, real=0.01 secs] 
222.659: [GC (Allocation Failure) [PSYoungGen: 150306K->8677K(158208K)] 447749K->306120K(507904K), 0.0063348 secs] [Times: user=0.03 sys=0.00, real=0.01 secs] 
222.719: [GC (Allocation Failure) [PSYoungGen: 151525K->9559K(158720K)] 448968K->307002K(508416K), 0.0061635 secs] [Times: user=0.03 sys=0.00, real=0.01 secs] 
222.783: [GC (Allocation Failure) [PSYoungGen: 153431K->8540K(158720K)] 450874K->305983K(508416K), 0.0059042 secs] [Times: user=0.03 sys=0.00, real=0.01 secs] 
225.232: [GC (Allocation Failure) [PSYoungGen: 152412K->9984K(158208K)] 449855K->307427K(507904K), 0.0202305 secs] [Times: user=0.12 sys=0.00, real=0.02 secs] 
225.301: [GC (Allocation Failure) [PSYoungGen: 154368K->12760K(158720K)] 451811K->310203K(508416K), 0.0075719 secs] [Times: user=0.04 sys=0.00, real=0.01 secs] 
225.368: [GC (Allocation Failure) [PSYoungGen: 157144K->14797K(155648K)] 454587K->312240K(505344K), 0.0066333 secs] [Times: user=0.04 sys=0.00, real=0.01 secs] 
225.431: [GC (Allocation Failure) [PSYoungGen: 155578K->15855K(156672K)] 453021K->313298K(506368K), 0.0077658 secs] [Times: user=0.04 sys=0.00, real=0.01 secs] 
225.489: [GC (Allocation Failure) [PSYoungGen: 156655K->12188K(155648K)] 454098K->309631K(505344K), 0.0070736 secs] [Times: user=0.04 sys=0.00, real=0.01 secs] 
225.549: [GC (Allocation Failure) [PSYoungGen: 149916K->12121K(156160K)] 447359K->309564K(505856K), 0.0061993 secs] [Times: user=0.04 sys=0.00, real=0.01 secs] 
225.607: [GC (Allocation Failure) [PSYoungGen: 149849K->15102K(154624K)] 447292K->312617K(504320K), 0.0077039 secs] [Times: user=0.04 sys=0.00, real=0.01 secs] 
225.666: [GC (Allocation Failure) [PSYoungGen: 151806K->13576K(150528K)] 449321K->311179K(500224K), 0.0072789 secs] [Times: user=0.04 sys=0.00, real=0.00 secs] 
225.721: [GC (Allocation Failure) [PSYoungGen: 150280K->15238K(154112K)] 447883K->312912K(503808K), 0.0075482 secs] [Times: user=0.05 sys=0.00, real=0.01 secs] 
225.776: [GC (Allocation Failure) [PSYoungGen: 149894K->12295K(154624K)] 447568K->310050K(504320K), 0.0058291 secs] [Times: user=0.04 sys=0.00, real=0.00 secs] 
225.831: [GC (Allocation Failure) [PSYoungGen: 146951K->15242K(154112K)] 444706K->313061K(503808K), 0.0087385 secs] [Times: user=0.04 sys=0.00, real=0.01 secs] 
226.062: [GC (Allocation Failure) [PSYoungGen: 149898K->7273K(154624K)] 447717K->305164K(504320K), 0.0050347 secs] [Times: user=0.02 sys=0.00, real=0.01 secs] 
226.209: [GC (Allocation Failure) [PSYoungGen: 141929K->14120K(154624K)] 439820K->312091K(504320K), 0.0066033 secs] [Times: user=0.03 sys=0.01, real=0.01 secs] 
226.341: [GC (Allocation Failure) [PSYoungGen: 148776K->17831K(152576K)] 446747K->315874K(502272K), 0.0087540 secs] [Times: user=0.05 sys=0.00, real=0.01 secs] 
226.397: [GC (Allocation Failure) [PSYoungGen: 152487K->18729K(150016K)] 450530K->316868K(499712K), 0.0085707 secs] [Times: user=0.05 sys=0.00, real=0.01 secs] 
226.459: [GC (Allocation Failure) [PSYoungGen: 147241K->21504K(150528K)] 445380K->320892K(500224K), 0.0103950 secs] [Times: user=0.06 sys=0.00, real=0.01 secs] 
226.517: [GC (Allocation Failure) [PSYoungGen: 150016K->19452K(146432K)] 449404K->319084K(496128K), 0.0085380 secs] [Times: user=0.05 sys=0.00, real=0.01 secs] 
226.573: [GC (Allocation Failure) [PSYoungGen: 141820K->18252K(148480K)] 441452K->317940K(498176K), 0.0086334 secs] [Times: user=0.05 sys=0.00, real=0.01 secs] 
226.631: [GC (Allocation Failure) [PSYoungGen: 140620K->17332K(148480K)] 440308K->317060K(498176K), 0.0090999 secs] [Times: user=0.04 sys=0.00, real=0.01 secs] 
226.683: [GC (Allocation Failure) [PSYoungGen: 139700K->16677K(139264K)] 439428K->316437K(488960K), 0.0083876 secs] [Times: user=0.05 sys=0.00, real=0.01 secs] 
226.812: [GC (Allocation Failure) [PSYoungGen: 139045K->22081K(145920K)] 438805K->321913K(495616K), 0.0167429 secs] [Times: user=0.08 sys=0.00, real=0.02 secs] 
226.877: [GC (Allocation Failure) [PSYoungGen: 142401K->19833K(140288K)] 442233K->319745K(489984K), 0.0160470 secs] [Times: user=0.07 sys=0.00, real=0.01 secs] 
226.956: [GC (Allocation Failure) [PSYoungGen: 140153K->18974K(147456K)] 440065K->319118K(497152K), 0.0229499 secs] [Times: user=0.08 sys=0.00, real=0.02 secs] 
227.031: [GC (Allocation Failure) [PSYoungGen: 138782K->21508K(141824K)] 438926K->322418K(491520K), 0.0126075 secs] [Times: user=0.07 sys=0.00, real=0.01 secs] 
227.096: [GC (Allocation Failure) [PSYoungGen: 141316K->20182K(146432K)] 442226K->323252K(496128K), 0.0184802 secs] [Times: user=0.08 sys=0.00, real=0.01 secs] 
227.383: [GC (Allocation Failure) [PSYoungGen: 138454K->12492K(146432K)] 441524K->316850K(496128K), 0.0196301 secs] [Times: user=0.10 sys=0.01, real=0.02 secs] 
227.500: [GC (Allocation Failure) [PSYoungGen: 130764K->20716K(146432K)] 435122K->326474K(496128K), 0.0102766 secs] [Times: user=0.06 sys=0.00, real=0.01 secs] 
227.638: [GC (Allocation Failure) [PSYoungGen: 138988K->19258K(146432K)] 444746K->326336K(496128K), 0.0150586 secs] [Times: user=0.06 sys=0.00, real=0.01 secs] 
227.702: [GC (Allocation Failure) [PSYoungGen: 137530K->16236K(144384K)] 444608K->324882K(494080K), 0.0136405 secs] [Times: user=0.06 sys=0.01, real=0.02 secs] 
227.758: [GC (Allocation Failure) [PSYoungGen: 134508K->15773K(145408K)] 443154K->325675K(495104K), 0.0122155 secs] [Times: user=0.05 sys=0.00, real=0.01 secs] 
227.812: [GC (Allocation Failure) [PSYoungGen: 134045K->16037K(144896K)] 443947K->328080K(494592K), 0.0103689 secs] [Times: user=0.05 sys=0.00, real=0.01 secs] 
227.868: [GC (Allocation Failure) [PSYoungGen: 136869K->11692K(146432K)] 448912K->330422K(496128K), 0.0109968 secs] [Times: user=0.05 sys=0.01, real=0.01 secs] 
227.934: [GC (Allocation Failure) [PSYoungGen: 132524K->9105K(147968K)] 451254K->329162K(497664K), 0.0086828 secs] [Times: user=0.04 sys=0.00, real=0.01 secs] 
227.997: [GC (Allocation Failure) [PSYoungGen: 131473K->6718K(129536K)] 451530K->328287K(479232K), 0.0078154 secs] [Times: user=0.03 sys=0.00, real=0.00 secs] 
228.149: [GC (Allocation Failure) [PSYoungGen: 129086K->15302K(148992K)] 450655K->338278K(498688K), 0.0112040 secs] [Times: user=0.06 sys=0.00, real=0.01 secs] 
228.210: [GC (Allocation Failure) [PSYoungGen: 137670K->8658K(147968K)] 460646K->336996K(497664K), 0.0134566 secs] [Times: user=0.06 sys=0.00, real=0.01 secs] 
228.280: [GC (Allocation Failure) [PSYoungGen: 131026K->8154K(147968K)] 459364K->337204K(497664K), 0.0096848 secs] [Times: user=0.03 sys=0.00, real=0.01 secs] 
228.344: [GC (Allocation Failure) [PSYoungGen: 130522K->9090K(147968K)] 459572K->338976K(497664K), 0.0087908 secs] [Times: user=0.04 sys=0.00, real=0.01 secs] 
228.407: [GC (Allocation Failure) [PSYoungGen: 131458K->5678K(147968K)] 461344K->336488K(497664K), 0.0078513 secs] [Times: user=0.03 sys=0.00, real=0.00 secs] 
228.695: [GC (Allocation Failure) [PSYoungGen: 128558K->5773K(148480K)] 459368K->337238K(498176K), 0.0093716 secs] [Times: user=0.01 sys=0.01, real=0.01 secs] 
228.877: [GC (Allocation Failure) [PSYoungGen: 128653K->15105K(148992K)] 460118K->346571K(498688K), 0.0078987 secs] [Times: user=0.03 sys=0.00, real=0.00 secs] 
228.904: [GC (Allocation Failure) [PSYoungGen: 139009K->13899K(148992K)] 470475K->345364K(498688K), 0.0056464 secs] [Times: user=0.02 sys=0.00, real=0.01 secs] 
228.930: [GC (Allocation Failure) [PSYoungGen: 137803K->16299K(148992K)] 469268K->348577K(498688K), 0.0112264 secs] [Times: user=0.04 sys=0.00, real=0.01 secs] 
228.967: [GC (Allocation Failure) [PSYoungGen: 140715K->5629K(148992K)] 472993K->350968K(498688K), 0.0087470 secs] [Times: user=0.04 sys=0.00, real=0.01 secs] 
228.976: [Full GC (Ergonomics) [PSYoungGen: 5629K->0K(148992K)] [ParOldGen: 345338K->312738K(349696K)] 350968K->312738K(498688K), [Metaspace: 78469K->78469K(1118208K)], 0.3595650 secs] [Times: user=1.60 sys=0.08, real=0.35 secs] 
229.369: [GC (Allocation Failure) [PSYoungGen: 124416K->6574K(150016K)] 437154K->319312K(499712K), 0.0079515 secs] [Times: user=0.03 sys=0.00, real=0.01 secs] 
229.428: [GC (Allocation Failure) [PSYoungGen: 132014K->9512K(135168K)] 444752K->325028K(484864K), 0.0056022 secs] [Times: user=0.03 sys=0.00, real=0.00 secs] 
229.460: [GC (Allocation Failure) [PSYoungGen: 134952K->7233K(149504K)] 450468K->329526K(499200K), 0.0092678 secs] [Times: user=0.03 sys=0.01, real=0.01 secs] 
229.497: [GC (Allocation Failure) [PSYoungGen: 133185K->5163K(148992K)] 455478K->331312K(498688K), 0.0061305 secs] [Times: user=0.03 sys=0.00, real=0.00 secs] 
229.529: [GC (Allocation Failure) [PSYoungGen: 131115K->839K(151040K)] 457264K->330353K(500736K), 0.0053116 secs] [Times: user=0.02 sys=0.00, real=0.00 secs] 
229.557: [GC (Allocation Failure) [PSYoungGen: 128839K->2245K(151040K)] 458353K->332039K(500736K), 0.0118196 secs] [Times: user=0.03 sys=0.00, real=0.01 secs] 
229.593: [GC (Allocation Failure) [PSYoungGen: 130245K->5216K(149504K)] 460039K->336745K(499200K), 0.0090328 secs] [Times: user=0.03 sys=0.00, real=0.01 secs] 
229.625: [GC (Allocation Failure) [PSYoungGen: 133728K->647K(150528K)] 465257K->335714K(500224K), 0.0063288 secs] [Times: user=0.02 sys=0.00, real=0.01 secs] 
229.657: [GC (Allocation Failure) [PSYoungGen: 129159K->3672K(151552K)] 464226K->338995K(501248K), 0.0067098 secs] [Times: user=0.02 sys=0.00, real=0.00 secs] 
229.694: [GC (Allocation Failure) [PSYoungGen: 134232K->3383K(152064K)] 469555K->341312K(501760K), 0.0140088 secs] [Times: user=0.06 sys=0.00, real=0.02 secs] 
229.736: [GC (Allocation Failure) [PSYoungGen: 133943K->2243K(152576K)] 471872K->340538K(502272K), 0.0073424 secs] [Times: user=0.03 sys=0.00, real=0.00 secs] 
229.776: [GC (Allocation Failure) [PSYoungGen: 134851K->4698K(152576K)] 473146K->344127K(502272K), 0.0064106 secs] [Times: user=0.03 sys=0.00, real=0.00 secs] 
229.820: [GC (Allocation Failure) [PSYoungGen: 137306K->6160K(153600K)] 476735K->349058K(503296K), 0.0094552 secs] [Times: user=0.03 sys=0.00, real=0.01 secs] 
229.869: [GC (Allocation Failure) [PSYoungGen: 141840K->6205K(153600K)] 484738K->352438K(503296K), 0.0078247 secs] [Times: user=0.04 sys=0.01, real=0.01 secs] 
229.877: [Full GC (Ergonomics) [PSYoungGen: 6205K->0K(153600K)] [ParOldGen: 346233K->306967K(349696K)] 352438K->306967K(503296K), [Metaspace: 78469K->78405K(1118208K)], 0.3506727 secs] [Times: user=1.51 sys=0.04, real=0.35 secs] 
230.259: [GC (Allocation Failure) [PSYoungGen: 135680K->6544K(155648K)] 442647K->313512K(505344K), 0.0073357 secs] [Times: user=0.03 sys=0.00, real=0.01 secs] 
230.289: [GC (Allocation Failure) [PSYoungGen: 145808K->6040K(155136K)] 452776K->313007K(504832K), 0.0066727 secs] [Times: user=0.02 sys=0.00, real=0.01 secs] 
230.324: [GC (Allocation Failure) [PSYoungGen: 145304K->4190K(157696K)] 452271K->315385K(507392K), 0.0075379 secs] [Times: user=0.03 sys=0.00, real=0.01 secs] 
230.357: [GC (Allocation Failure) [PSYoungGen: 147038K->5534K(157184K)] 458233K->318675K(506880K), 0.0072666 secs] [Times: user=0.03 sys=0.01, real=0.00 secs] 
230.392: [GC (Allocation Failure) [PSYoungGen: 148382K->7221K(159744K)] 461523K->320402K(509440K), 0.0061194 secs] [Times: user=0.03 sys=0.00, real=0.01 secs] 
230.421: [GC (Allocation Failure) [PSYoungGen: 153141K->1382K(159232K)] 466322K->317011K(508928K), 0.0049494 secs] [Times: user=0.02 sys=0.00, real=0.01 secs] 
230.455: [GC (Allocation Failure) [PSYoungGen: 147302K->4268K(160768K)] 462931K->319922K(510464K), 0.0071989 secs] [Times: user=0.02 sys=0.00, real=0.01 secs] 
230.498: [GC (Allocation Failure) [PSYoungGen: 152236K->7871K(160768K)] 467890K->323549K(510464K), 0.0055095 secs] [Times: user=0.02 sys=0.00, real=0.00 secs] 
230.547: [GC (Allocation Failure) [PSYoungGen: 155839K->7014K(161280K)] 471517K->324618K(510976K), 0.0052851 secs] [Times: user=0.02 sys=0.00, real=0.00 secs] 
230.578: [GC (Allocation Failure) [PSYoungGen: 155494K->12781K(161280K)] 473098K->332092K(510976K), 0.0084869 secs] [Times: user=0.03 sys=0.00, real=0.01 secs] 
230.617: [GC (Allocation Failure) [PSYoungGen: 161261K->11194K(155136K)] 480572K->335549K(504832K), 0.0145608 secs] [Times: user=0.04 sys=0.02, real=0.01 secs] 
230.656: [GC (Allocation Failure) [PSYoungGen: 153018K->704K(158208K)] 477373K->334257K(507904K), 0.0117857 secs] [Times: user=0.05 sys=0.00, real=0.01 secs] 
230.706: [GC (Allocation Failure) [PSYoungGen: 142528K->4613K(157184K)] 476081K->338490K(506880K), 0.0054693 secs] [Times: user=0.02 sys=0.01, real=0.00 secs] 
230.733: [GC (Allocation Failure) [PSYoungGen: 146437K->4424K(157696K)] 480314K->340803K(507392K), 0.0066566 secs] [Times: user=0.03 sys=0.00, real=0.01 secs] 
230.770: [GC (Allocation Failure) [PSYoungGen: 146248K->3905K(157696K)] 482627K->343057K(507392K), 0.0068419 secs] [Times: user=0.03 sys=0.00, real=0.01 secs] 
230.810: [GC (Allocation Failure) [PSYoungGen: 147265K->5393K(158208K)] 486417K->344752K(507904K), 0.0067339 secs] [Times: user=0.02 sys=0.00, real=0.01 secs] 
230.850: [GC (Allocation Failure) [PSYoungGen: 148753K->3342K(159232K)] 488112K->343867K(508928K), 0.0065873 secs] [Times: user=0.02 sys=0.00, real=0.01 secs] 
230.896: [GC (Allocation Failure) [PSYoungGen: 149262K->5030K(159232K)] 489787K->345652K(508928K), 0.0047409 secs] [Times: user=0.02 sys=0.01, real=0.00 secs] 
230.936: [GC (Allocation Failure) [PSYoungGen: 150950K->2453K(160768K)] 491572K->346533K(510464K), 0.0049923 secs] [Times: user=0.02 sys=0.00, real=0.00 secs] 
230.941: [Full GC (Ergonomics) [PSYoungGen: 2453K->0K(160768K)] [ParOldGen: 344079K->305760K(349696K)] 346533K->305760K(510464K), [Metaspace: 78407K->78407K(1118208K)], 0.3729182 secs] [Times: user=1.37 sys=0.07, real=0.37 secs] 
231.366: [GC (Allocation Failure) [PSYoungGen: 147968K->7792K(160768K)] 453728K->313552K(510464K), 0.0072809 secs] [Times: user=0.02 sys=0.00, real=0.00 secs] 
231.411: [GC (Allocation Failure) [PSYoungGen: 155760K->11660K(158720K)] 461520K->317421K(508416K), 0.0069816 secs] [Times: user=0.03 sys=0.00, real=0.01 secs] 
231.445: [GC (Allocation Failure) [PSYoungGen: 157580K->12848K(159232K)] 463341K->318608K(508928K), 0.0067786 secs] [Times: user=0.03 sys=0.00, real=0.01 secs] 
231.476: [GC (Allocation Failure) [PSYoungGen: 158768K->15026K(153088K)] 464528K->320786K(502784K), 0.0075382 secs] [Times: user=0.03 sys=0.00, real=0.00 secs] 
231.512: [GC (Allocation Failure) [PSYoungGen: 151984K->16554K(154624K)] 457745K->322314K(504320K), 0.0066764 secs] [Times: user=0.04 sys=0.00, real=0.01 secs] 
231.544: [GC (Allocation Failure) [PSYoungGen: 154282K->16313K(149504K)] 460042K->322073K(499200K), 0.0141514 secs] [Times: user=0.06 sys=0.01, real=0.02 secs] 
231.589: [GC (Allocation Failure) [PSYoungGen: 145849K->20246K(150016K)] 451609K->326006K(499712K), 0.0084114 secs] [Times: user=0.04 sys=0.01, real=0.01 secs] 
231.624: [GC (Allocation Failure) [PSYoungGen: 149782K->17366K(146944K)] 455542K->327573K(496640K), 0.0069953 secs] [Times: user=0.04 sys=0.00, real=0.01 secs] 
231.654: [GC (Allocation Failure) [PSYoungGen: 139734K->11227K(148480K)] 449941K->324780K(498176K), 0.0073342 secs] [Times: user=0.03 sys=0.00, real=0.01 secs] 
231.687: [GC (Allocation Failure) [PSYoungGen: 133595K->7738K(147456K)] 447148K->323796K(497152K), 0.0093410 secs] [Times: user=0.03 sys=0.00, real=0.01 secs] 
231.732: [GC (Allocation Failure) [PSYoungGen: 131642K->10388K(147968K)] 447700K->328910K(497664K), 0.0073841 secs] [Times: user=0.03 sys=0.00, real=0.01 secs] 
231.790: [GC (Allocation Failure) [PSYoungGen: 134292K->14458K(148992K)] 452814K->333004K(498688K), 0.0115072 secs] [Times: user=0.03 sys=0.01, real=0.01 secs] 
231.835: [GC (Allocation Failure) [PSYoungGen: 140922K->16381K(149504K)] 459468K->335913K(499200K), 0.0092253 secs] [Times: user=0.03 sys=0.00, real=0.01 secs] 
231.881: [GC (Allocation Failure) [PSYoungGen: 142845K->18354K(147968K)] 462377K->337926K(497664K), 0.0107865 secs] [Times: user=0.04 sys=0.00, real=0.01 secs] 
231.930: [GC (Allocation Failure) [PSYoungGen: 142770K->15269K(149504K)] 462342K->337274K(499200K), 0.0158866 secs] [Times: user=0.06 sys=0.00, real=0.02 secs] 
232.009: [GC (Allocation Failure) [PSYoungGen: 139685K->17971K(148480K)] 461690K->340008K(498176K), 0.0087406 secs] [Times: user=0.03 sys=0.00, real=0.01 secs] 
232.070: [GC (Allocation Failure) [PSYoungGen: 141363K->21450K(144896K)] 463400K->343519K(494592K), 0.0160922 secs] [Times: user=0.05 sys=0.00, real=0.02 secs] 
232.141: [GC (Allocation Failure) [PSYoungGen: 144842K->12443K(147968K)] 466911K->337504K(497664K), 0.0097521 secs] [Times: user=0.03 sys=0.01, real=0.01 secs] 
232.208: [GC (Allocation Failure) [PSYoungGen: 132763K->12749K(133120K)] 457824K->337810K(482816K), 0.0107200 secs] [Times: user=0.03 sys=0.00, real=0.01 secs] 
232.296: [GC (Allocation Failure) [PSYoungGen: 133069K->19347K(145408K)] 458130K->344407K(495104K), 0.0111395 secs] [Times: user=0.05 sys=0.01, real=0.01 secs] 
232.408: [GC (Allocation Failure) [PSYoungGen: 139155K->15509K(145920K)] 464215K->340570K(495616K), 0.0078709 secs] [Times: user=0.03 sys=0.01, real=0.01 secs] 
232.476: [GC (Allocation Failure) [PSYoungGen: 135317K->18834K(147968K)] 460378K->343895K(497664K), 0.0085570 secs] [Times: user=0.04 sys=0.00, real=0.00 secs] 
232.539: [GC (Allocation Failure) [PSYoungGen: 141047K->21064K(143872K)] 466108K->346124K(493568K), 0.0119268 secs] [Times: user=0.05 sys=0.00, real=0.01 secs] 
232.604: [GC (Allocation Failure) [PSYoungGen: 143432K->19692K(146432K)] 468492K->344753K(496128K), 0.0274372 secs] [Times: user=0.07 sys=0.00, real=0.03 secs] 
232.688: [GC (Allocation Failure) [PSYoungGen: 138988K->22452K(141824K)] 464049K->347513K(491520K), 0.0196832 secs] [Times: user=0.09 sys=0.01, real=0.02 secs] 
232.756: [GC (Allocation Failure) [PSYoungGen: 141748K->20090K(145408K)] 466809K->350919K(495104K), 0.0131820 secs] [Times: user=0.05 sys=0.01, real=0.01 secs] 
232.810: [GC (Allocation Failure) [PSYoungGen: 136314K->14821K(131072K)] 467143K->347354K(480768K), 0.0133643 secs] [Times: user=0.06 sys=0.00, real=0.01 secs] 
232.866: [GC (Allocation Failure) [PSYoungGen: 131045K->12772K(144896K)] 463578K->345434K(494592K), 0.0069937 secs] [Times: user=0.04 sys=0.00, real=0.01 secs] 
232.922: [GC (Allocation Failure) [PSYoungGen: 129190K->11797K(144384K)] 461851K->345640K(494080K), 0.0188380 secs] [Times: user=0.05 sys=0.01, real=0.02 secs] 
232.999: [GC (Allocation Failure) [PSYoungGen: 128533K->12204K(146432K)] 462376K->348751K(496128K), 0.0185502 secs] [Times: user=0.05 sys=0.01, real=0.02 secs] 
233.078: [GC (Allocation Failure) [PSYoungGen: 131500K->8649K(146432K)] 468047K->345356K(496128K), 0.0103803 secs] [Times: user=0.03 sys=0.00, real=0.01 secs] 
233.146: [GC (Allocation Failure) [PSYoungGen: 127945K->7709K(147456K)] 464652K->344496K(497152K), 0.0112233 secs] [Times: user=0.03 sys=0.00, real=0.01 secs] 
233.216: [GC (Allocation Failure) [PSYoungGen: 128029K->9606K(130048K)] 464816K->346393K(479744K), 0.0232906 secs] [Times: user=0.06 sys=0.00, real=0.03 secs] 
233.307: [GC (Allocation Failure) [PSYoungGen: 129926K->10657K(147968K)] 466713K->347539K(497664K), 0.0116860 secs] [Times: user=0.04 sys=0.00, real=0.01 secs] 
233.373: [GC (Allocation Failure) [PSYoungGen: 132001K->8760K(146944K)] 468883K->345730K(496640K), 0.0095256 secs] [Times: user=0.03 sys=0.00, real=0.01 secs] 
233.466: [GC (Allocation Failure) [PSYoungGen: 130104K->11394K(147968K)] 467074K->349472K(497664K), 0.0103506 secs] [Times: user=0.03 sys=0.00, real=0.01 secs] 
233.545: [GC (Allocation Failure) [PSYoungGen: 134274K->7358K(147456K)] 472352K->345484K(497152K), 0.0170241 secs] [Times: user=0.04 sys=0.00, real=0.02 secs] 
233.640: [GC (Allocation Failure) [PSYoungGen: 130238K->10221K(148992K)] 468364K->348403K(498688K), 0.0146366 secs] [Times: user=0.04 sys=0.01, real=0.01 secs] 
233.713: [GC (Allocation Failure) [PSYoungGen: 136006K->11110K(148992K)] 474188K->349356K(498688K), 0.0235215 secs] [Times: user=0.06 sys=0.01, real=0.02 secs] 
233.840: [GC (Allocation Failure) [PSYoungGen: 137062K->8218K(151040K)] 475308K->346536K(500736K), 0.0092931 secs] [Times: user=0.02 sys=0.00, real=0.01 secs] 
233.924: [GC (Allocation Failure) [PSYoungGen: 137242K->6427K(151040K)] 475560K->344793K(500736K), 0.0071335 secs] [Times: user=0.02 sys=0.00, real=0.01 secs] 
234.019: [GC (Allocation Failure) [PSYoungGen: 135451K->8985K(150528K)] 473817K->347415K(500224K), 0.0138130 secs] [Times: user=0.03 sys=0.00, real=0.01 secs] 
234.113: [GC (Allocation Failure) [PSYoungGen: 139545K->9449K(151552K)] 477975K->347927K(501248K), 0.0177705 secs] [Times: user=0.04 sys=0.00, real=0.02 secs] 
234.208: [GC (Allocation Failure) [PSYoungGen: 139968K->12837K(152064K)] 478446K->351379K(501760K), 0.0167907 secs] [Times: user=0.06 sys=0.00, real=0.01 secs] 
234.300: [GC (Allocation Failure) [PSYoungGen: 145957K->9874K(153088K)] 484499K->348472K(502784K), 0.0204781 secs] [Times: user=0.06 sys=0.00, real=0.02 secs] 
234.424: [GC (Allocation Failure) [PSYoungGen: 142994K->9946K(153088K)] 481592K->348600K(502784K), 0.0124574 secs] [Times: user=0.05 sys=0.00, real=0.02 secs] 
234.505: [GC (Allocation Failure) [PSYoungGen: 145114K->6425K(154112K)] 483768K->345151K(503808K), 0.0165985 secs] [Times: user=0.06 sys=0.01, real=0.02 secs] 
234.603: [GC (Allocation Failure) [PSYoungGen: 141593K->8171K(154624K)] 480319K->346961K(504320K), 0.0077746 secs] [Times: user=0.03 sys=0.00, real=0.01 secs] 
234.703: [GC (Allocation Failure) [PSYoungGen: 144875K->9400K(155136K)] 483665K->348254K(504832K), 0.0122141 secs] [Times: user=0.04 sys=0.00, real=0.01 secs] 
234.783: [GC (Allocation Failure) [PSYoungGen: 146104K->11830K(155648K)] 484958K->350756K(505344K), 0.0087954 secs] [Times: user=0.04 sys=0.00, real=0.01 secs] 
234.860: [GC (Allocation Failure) [PSYoungGen: 150070K->7860K(155648K)] 488996K->346842K(505344K), 0.0135932 secs] [Times: user=0.05 sys=0.00, real=0.01 secs] 
235.220: [GC (Allocation Failure) [PSYoungGen: 146100K->7063K(156160K)] 485082K->346101K(505856K), 0.0070119 secs] [Times: user=0.03 sys=0.00, real=0.01 secs] 
235.312: [GC (Allocation Failure) [PSYoungGen: 146839K->16402K(156672K)] 485877K->355512K(506368K), 0.0112984 secs] [Times: user=0.05 sys=0.00, real=0.01 secs] 
235.399: [GC (Allocation Failure) [PSYoungGen: 156178K->16278K(152576K)] 495288K->355435K(502272K), 0.0251010 secs] [Times: user=0.07 sys=0.00, real=0.02 secs] 
235.503: [GC (Allocation Failure) [PSYoungGen: 150934K->11697K(154624K)] 490091K->351639K(504320K), 0.0121541 secs] [Times: user=0.04 sys=0.01, real=0.01 secs] 
235.608: [GC (Allocation Failure) [PSYoungGen: 146353K->10600K(153088K)] 486295K->350581K(502784K), 0.0131264 secs] [Times: user=0.04 sys=0.01, real=0.01 secs] 
235.697: [GC (Allocation Failure) [PSYoungGen: 145768K->13713K(154112K)] 485749K->353742K(503808K), 0.0073638 secs] [Times: user=0.04 sys=0.00, real=0.00 secs] 
235.784: [GC (Allocation Failure) [PSYoungGen: 148881K->13093K(155648K)] 488910K->353154K(505344K), 0.0104919 secs] [Times: user=0.05 sys=0.00, real=0.01 secs] 
235.877: [GC (Allocation Failure) [PSYoungGen: 149797K->11154K(147968K)] 489858K->351247K(497664K), 0.0234310 secs] [Times: user=0.09 sys=0.01, real=0.02 secs] 
235.966: [GC (Allocation Failure) [PSYoungGen: 147858K->11085K(155648K)] 487951K->351219K(505344K), 0.0094663 secs] [Times: user=0.04 sys=0.01, real=0.01 secs] 
236.036: [GC (Allocation Failure) [PSYoungGen: 148301K->16101K(155136K)] 488435K->356267K(504832K), 0.0121387 secs] [Times: user=0.05 sys=0.00, real=0.02 secs] 
236.121: [GC (Allocation Failure) [PSYoungGen: 153317K->13016K(156160K)] 493483K->353238K(505856K), 0.0093546 secs] [Times: user=0.04 sys=0.00, real=0.01 secs] 
236.200: [GC (Allocation Failure) [PSYoungGen: 150232K->14909K(155648K)] 490454K->355171K(505344K), 0.0118075 secs] [Times: user=0.06 sys=0.00, real=0.01 secs] 
236.401: [GC (Allocation Failure) [PSYoungGen: 152125K->7924K(155648K)] 492387K->348233K(505344K), 0.0068948 secs] [Times: user=0.03 sys=0.00, real=0.01 secs] 
236.635: [GC (Allocation Failure) [PSYoungGen: 144628K->15148K(152064K)] 484937K->355710K(501760K), 0.0098862 secs] [Times: user=0.04 sys=0.01, real=0.01 secs] 
236.783: [GC (Allocation Failure) [PSYoungGen: 151852K->10927K(155648K)] 492414K->351536K(505344K), 0.0064805 secs] [Times: user=0.04 sys=0.00, real=0.01 secs] 
236.844: [GC (Allocation Failure) [PSYoungGen: 147119K->15309K(155136K)] 487728K->356486K(504832K), 0.0073776 secs] [Times: user=0.05 sys=0.00, real=0.01 secs] 
236.899: [GC (Allocation Failure) [PSYoungGen: 151501K->14116K(155136K)] 492678K->355333K(504832K), 0.0086575 secs] [Times: user=0.04 sys=0.00, real=0.01 secs] 
236.957: [GC (Allocation Failure) [PSYoungGen: 149796K->18872K(154624K)] 491013K->360130K(504320K), 0.0096735 secs] [Times: user=0.05 sys=0.01, real=0.01 secs] 
237.025: [GC (Allocation Failure) [PSYoungGen: 154552K->16423K(151552K)] 495810K->357736K(501248K), 0.0104236 secs] [Times: user=0.05 sys=0.00, real=0.01 secs] 
237.091: [GC (Allocation Failure) [PSYoungGen: 148007K->17640K(149504K)] 489320K->359017K(499200K), 0.0126110 secs] [Times: user=0.07 sys=0.00, real=0.01 secs] 
237.159: [GC (Allocation Failure) [PSYoungGen: 149224K->15662K(152576K)] 490601K->357079K(502272K), 0.0215167 secs] [Times: user=0.11 sys=0.00, real=0.02 secs] 
237.317: [GC (Allocation Failure) [PSYoungGen: 145710K->22009K(152064K)] 487127K->366275K(501760K), 0.0158350 secs] [Times: user=0.10 sys=0.00, real=0.01 secs] 
237.389: [GC (Allocation Failure) [PSYoungGen: 152057K->17272K(146944K)] 496323K->361594K(496640K), 0.0110573 secs] [Times: user=0.06 sys=0.00, real=0.01 secs] 
237.451: [GC (Allocation Failure) [PSYoungGen: 141688K->18822K(143360K)] 486010K->363143K(493056K), 0.0106942 secs] [Times: user=0.05 sys=0.00, real=0.01 secs] 
237.510: [GC (Allocation Failure) [PSYoungGen: 143238K->19901K(147968K)] 487559K->364255K(497664K), 0.0098260 secs] [Times: user=0.05 sys=0.01, real=0.01 secs] 
237.571: [GC (Allocation Failure) [PSYoungGen: 142269K->18463K(148480K)] 486623K->362856K(498176K), 0.0124818 secs] [Times: user=0.06 sys=0.00, real=0.01 secs] 
237.881: [GC (Allocation Failure) [PSYoungGen: 137840K->17109K(147456K)] 482233K->361542K(497152K), 0.0145252 secs] [Times: user=0.07 sys=0.00, real=0.01 secs] 
237.955: [GC (Allocation Failure) [PSYoungGen: 139477K->20979K(147968K)] 483910K->365975K(497664K), 0.0107568 secs] [Times: user=0.06 sys=0.01, real=0.01 secs] 
238.111: [GC (Allocation Failure) [PSYoungGen: 143347K->22795K(145408K)] 488343K->368926K(495104K), 0.0154532 secs] [Times: user=0.07 sys=0.00, real=0.02 secs] 
238.179: [GC (Allocation Failure) [PSYoungGen: 142091K->22392K(141824K)] 488222K->369868K(491520K), 0.0103387 secs] [Times: user=0.07 sys=0.00, real=0.01 secs] 
238.236: [GC (Allocation Failure) [PSYoungGen: 141688K->21747K(145408K)] 489164K->369518K(495104K), 0.0091623 secs] [Times: user=0.06 sys=0.00, real=0.01 secs] 
238.286: [GC (Allocation Failure) [PSYoungGen: 138995K->22969K(140288K)] 486766K->370997K(489984K), 0.0107915 secs] [Times: user=0.07 sys=0.00, real=0.02 secs] 
238.341: [GC (Allocation Failure) [PSYoungGen: 140217K->24216K(143360K)] 488245K->372507K(493056K), 0.0135151 secs] [Times: user=0.07 sys=0.01, real=0.01 secs] 
238.355: [Full GC (Ergonomics) [PSYoungGen: 24216K->0K(143360K)] [ParOldGen: 348291K->315012K(349696K)] 372507K->315012K(493056K), [Metaspace: 78413K->78413K(1118208K)], 0.3140555 secs] [Times: user=1.69 sys=0.04, real=0.32 secs] 
238.718: [GC (Allocation Failure) [PSYoungGen: 114176K->14195K(144384K)] 429188K->329207K(494080K), 0.0103093 secs] [Times: user=0.06 sys=0.00, real=0.01 secs] 
238.771: [GC (Allocation Failure) [PSYoungGen: 128371K->14589K(143360K)] 443383K->329601K(493056K), 0.0116006 secs] [Times: user=0.05 sys=0.00, real=0.01 secs] 
238.911: [GC (Allocation Failure) [PSYoungGen: 128765K->23048K(143872K)] 443777K->338060K(493568K), 0.0268449 secs] [Times: user=0.16 sys=0.00, real=0.03 secs] 
238.979: [GC (Allocation Failure) [PSYoungGen: 137224K->18628K(143360K)] 452236K->333640K(493056K), 0.0090086 secs] [Times: user=0.05 sys=0.00, real=0.01 secs] 
239.031: [GC (Allocation Failure) [PSYoungGen: 133316K->21960K(143872K)] 448328K->336972K(493568K), 0.0130414 secs] [Times: user=0.06 sys=0.00, real=0.01 secs] 
239.089: [GC (Allocation Failure) [PSYoungGen: 136648K->24758K(142336K)] 451660K->339770K(492032K), 0.0128959 secs] [Times: user=0.06 sys=0.01, real=0.01 secs] 
239.143: [GC (Allocation Failure) [PSYoungGen: 137910K->27277K(140800K)] 452922K->342289K(490496K), 0.0119275 secs] [Times: user=0.07 sys=0.00, real=0.01 secs] 
239.200: [GC (Allocation Failure) [PSYoungGen: 140429K->22982K(142336K)] 455441K->337994K(492032K), 0.0107059 secs] [Times: user=0.06 sys=0.00, real=0.01 secs] 
239.407: [GC (Allocation Failure) [PSYoungGen: 133048K->19415K(129536K)] 448060K->334427K(479232K), 0.0118630 secs] [Times: user=0.04 sys=0.01, real=0.01 secs] 
239.589: [GC (Allocation Failure) [PSYoungGen: 129281K->24834K(140800K)] 444293K->339846K(490496K), 0.0188708 secs] [Times: user=0.11 sys=0.00, real=0.02 secs] 
239.630: [GC (Allocation Failure) [PSYoungGen: 134402K->31714K(141312K)] 449414K->349005K(491008K), 0.0133710 secs] [Times: user=0.07 sys=0.00, real=0.01 secs] 
239.660: [GC (Allocation Failure) [PSYoungGen: 141282K->29990K(134144K)] 458573K->347282K(483840K), 0.0083192 secs] [Times: user=0.05 sys=0.00, real=0.01 secs] 
239.681: [GC (Allocation Failure) [PSYoungGen: 130854K->27658K(129024K)] 448146K->350146K(478720K), 0.0126444 secs] [Times: user=0.07 sys=0.00, real=0.01 secs] 
239.709: [GC (Allocation Failure) [PSYoungGen: 128522K->23480K(138752K)] 451010K->347536K(488448K), 0.0078582 secs] [Times: user=0.05 sys=0.00, real=0.01 secs] 
239.731: [GC (Allocation Failure) [PSYoungGen: 124856K->22634K(124416K)] 448912K->347770K(474112K), 0.0147250 secs] [Times: user=0.06 sys=0.00, real=0.01 secs] 
239.767: [GC (Allocation Failure) [PSYoungGen: 124010K->20472K(136704K)] 449146K->346792K(486400K), 0.0092895 secs] [Times: user=0.04 sys=0.00, real=0.01 secs] 
239.801: [GC (Allocation Failure) [PSYoungGen: 122360K->23174K(136192K)] 448680K->350731K(485888K), 0.0143499 secs] [Times: user=0.09 sys=0.01, real=0.01 secs] 
239.834: [GC (Allocation Failure) [PSYoungGen: 125062K->2570K(136192K)] 452619K->348894K(485888K), 0.0084461 secs] [Times: user=0.04 sys=0.00, real=0.01 secs] 
239.842: [Full GC (Ergonomics) [PSYoungGen: 2570K->0K(136192K)] [ParOldGen: 346323K->323956K(349696K)] 348894K->323956K(485888K), [Metaspace: 78421K->78421K(1118208K)], 0.3004748 secs] [Times: user=1.56 sys=0.04, real=0.30 secs] 
240.170: [GC (Allocation Failure) [PSYoungGen: 102912K->4702K(108032K)] 426868K->328659K(457728K), 0.0071188 secs] [Times: user=0.02 sys=0.00, real=0.01 secs] 
240.198: [GC (Allocation Failure) [PSYoungGen: 107614K->7442K(136704K)] 431571K->331399K(486400K), 0.0064189 secs] [Times: user=0.03 sys=0.01, real=0.00 secs] 
240.234: [GC (Allocation Failure) [PSYoungGen: 107282K->12138K(112128K)] 431239K->336095K(461824K), 0.0065856 secs] [Times: user=0.03 sys=0.01, real=0.01 secs] 
240.272: [GC (Allocation Failure) [PSYoungGen: 111978K->19040K(137728K)] 435935K->346151K(487424K), 0.0110612 secs] [Times: user=0.06 sys=0.00, real=0.01 secs] 
240.305: [GC (Allocation Failure) [PSYoungGen: 120416K->10765K(136704K)] 447527K->344448K(486400K), 0.0131649 secs] [Times: user=0.06 sys=0.00, real=0.02 secs] 
240.336: [GC (Allocation Failure) [PSYoungGen: 112141K->2992K(137216K)] 445824K->347087K(486912K), 0.0111588 secs] [Times: user=0.03 sys=0.00, real=0.02 secs] 
240.347: [Full GC (Ergonomics) [PSYoungGen: 2992K->0K(137216K)] [ParOldGen: 344094K->325952K(349696K)] 347087K->325952K(486912K), [Metaspace: 78421K->78421K(1118208K)], 0.2888070 secs] [Times: user=1.46 sys=0.04, real=0.28 secs] 
240.652: [GC (Allocation Failure) [PSYoungGen: 102400K->2703K(137728K)] 428352K->328656K(487424K), 0.0044996 secs] [Times: user=0.03 sys=0.00, real=0.00 secs] 
240.672: [GC (Allocation Failure) [PSYoungGen: 105103K->3006K(138752K)] 431056K->328958K(488448K), 0.0051686 secs] [Times: user=0.02 sys=0.00, real=0.01 secs] 
240.692: [GC (Allocation Failure) [PSYoungGen: 106430K->4031K(138752K)] 432382K->329983K(488448K), 0.0044986 secs] [Times: user=0.02 sys=0.00, real=0.00 secs] 
240.710: [GC (Allocation Failure) [PSYoungGen: 107455K->2475K(138752K)] 433407K->328427K(488448K), 0.0048536 secs] [Times: user=0.02 sys=0.00, real=0.00 secs] 
240.729: [GC (Allocation Failure) [PSYoungGen: 106923K->4489K(138752K)] 432875K->330442K(488448K), 0.0043023 secs] [Times: user=0.02 sys=0.00, real=0.00 secs] 
240.749: [GC (Allocation Failure) [PSYoungGen: 108937K->3436K(139264K)] 434890K->329389K(488960K), 0.0044726 secs] [Times: user=0.02 sys=0.00, real=0.00 secs] 
240.769: [GC (Allocation Failure) [PSYoungGen: 110444K->5375K(139264K)] 436397K->331327K(488960K), 0.0046822 secs] [Times: user=0.02 sys=0.00, real=0.00 secs] 
240.789: [GC (Allocation Failure) [PSYoungGen: 112383K->4819K(140800K)] 438335K->330771K(490496K), 0.0059209 secs] [Times: user=0.02 sys=0.01, real=0.00 secs] 
240.811: [GC (Allocation Failure) [PSYoungGen: 116435K->4190K(140800K)] 442387K->330142K(490496K), 0.0044433 secs] [Times: user=0.02 sys=0.00, real=0.00 secs] 
240.838: [GC (Allocation Failure) [PSYoungGen: 115806K->7101K(143360K)] 441758K->333054K(493056K), 0.0053675 secs] [Times: user=0.02 sys=0.01, real=0.00 secs] 
240.881: [GC (Allocation Failure) [PSYoungGen: 124349K->7279K(143872K)] 450302K->333231K(493568K), 0.0057550 secs] [Times: user=0.02 sys=0.00, real=0.01 secs] 
240.934: [GC (Allocation Failure) [PSYoungGen: 124527K->14511K(146432K)] 450479K->340463K(496128K), 0.0071902 secs] [Times: user=0.03 sys=0.00, real=0.01 secs] 
240.964: [GC (Allocation Failure) [PSYoungGen: 135855K->19653K(141312K)] 461807K->345606K(491008K), 0.0138590 secs] [Times: user=0.05 sys=0.00, real=0.02 secs] 
241.007: [GC (Allocation Failure) [PSYoungGen: 140997K->20322K(142336K)] 466950K->346274K(492032K), 0.0101159 secs] [Times: user=0.04 sys=0.00, real=0.02 secs] 
241.041: [GC (Allocation Failure) [PSYoungGen: 134498K->22008K(136192K)] 460450K->347961K(485888K), 0.0095905 secs] [Times: user=0.05 sys=0.00, real=0.01 secs] 
241.073: [GC (Allocation Failure) [PSYoungGen: 136184K->16773K(142848K)] 462137K->343794K(492544K), 0.0072246 secs] [Times: user=0.03 sys=0.00, real=0.01 secs] 
241.103: [GC (Allocation Failure) [PSYoungGen: 127365K->20327K(131072K)] 454386K->347364K(480768K), 0.0120493 secs] [Times: user=0.04 sys=0.01, real=0.01 secs] 
241.130: [GC (Allocation Failure) [PSYoungGen: 130919K->19221K(140800K)] 457956K->346274K(490496K), 0.0064863 secs] [Times: user=0.03 sys=0.00, real=0.00 secs] 
241.154: [GC (Allocation Failure) [PSYoungGen: 127253K->19256K(141312K)] 454306K->346341K(491008K), 0.0068301 secs] [Times: user=0.03 sys=0.01, real=0.01 secs] 
241.177: [GC (Allocation Failure) [PSYoungGen: 127288K->18445K(140288K)] 454373K->345546K(489984K), 0.0064457 secs] [Times: user=0.04 sys=0.00, real=0.01 secs] 
241.201: [GC (Allocation Failure) [PSYoungGen: 126477K->22547K(140800K)] 453578K->349688K(490496K), 0.0073481 secs] [Times: user=0.03 sys=0.00, real=0.01 secs] 
241.225: [GC (Allocation Failure) [PSYoungGen: 130579K->19220K(141312K)] 457720K->346393K(491008K), 0.0065347 secs] [Times: user=0.03 sys=0.01, real=0.01 secs] 
241.254: [GC (Allocation Failure) [PSYoungGen: 126740K->20065K(140800K)] 453913K->347382K(490496K), 0.0063833 secs] [Times: user=0.03 sys=0.00, real=0.01 secs] 
241.283: [GC (Allocation Failure) [PSYoungGen: 127585K->21676K(140800K)] 454902K->349121K(490496K), 0.0091858 secs] [Times: user=0.05 sys=0.00, real=0.01 secs] 
241.323: [GC (Allocation Failure) [PSYoungGen: 129196K->24833K(132608K)] 456641K->355050K(482304K), 0.0093658 secs] [Times: user=0.04 sys=0.00, real=0.01 secs] 
241.362: [GC (Allocation Failure) [PSYoungGen: 132353K->19820K(140800K)] 462570K->351919K(490496K), 0.0072892 secs] [Times: user=0.03 sys=0.00, real=0.01 secs] 
241.388: [GC (Allocation Failure) [PSYoungGen: 125804K->15610K(121856K)] 457903K->347765K(471552K), 0.0070471 secs] [Times: user=0.03 sys=0.00, real=0.00 secs] 
241.413: [GC (Allocation Failure) [PSYoungGen: 121594K->15964K(139776K)] 453749K->348151K(489472K), 0.0094013 secs] [Times: user=0.04 sys=0.00, real=0.01 secs] 
241.441: [GC (Allocation Failure) [PSYoungGen: 122972K->15224K(138752K)] 455159K->347443K(488448K), 0.0094626 secs] [Times: user=0.04 sys=0.00, real=0.01 secs] 
241.474: [GC (Allocation Failure) [PSYoungGen: 122232K->13832K(141824K)] 454451K->346076K(491520K), 0.0058086 secs] [Times: user=0.03 sys=0.00, real=0.01 secs] 
241.498: [GC (Allocation Failure) [PSYoungGen: 124936K->15437K(140800K)] 457180K->347697K(490496K), 0.0064360 secs] [Times: user=0.03 sys=0.00, real=0.00 secs] 
241.521: [GC (Allocation Failure) [PSYoungGen: 126541K->15003K(143360K)] 458801K->347303K(493056K), 0.0060852 secs] [Times: user=0.03 sys=0.00, real=0.00 secs] 
241.547: [GC (Allocation Failure) [PSYoungGen: 129691K->14995K(142848K)] 461991K->347334K(492544K), 0.0070571 secs] [Times: user=0.03 sys=0.01, real=0.01 secs] 
241.573: [GC (Allocation Failure) [PSYoungGen: 129683K->14956K(145408K)] 462022K->347327K(495104K), 0.0085305 secs] [Times: user=0.03 sys=0.00, real=0.01 secs] 
241.601: [GC (Allocation Failure) [PSYoungGen: 133740K->15025K(144896K)] 466111K->347421K(494592K), 0.0060802 secs] [Times: user=0.03 sys=0.00, real=0.00 secs] 
241.627: [GC (Allocation Failure) [PSYoungGen: 133809K->15990K(147456K)] 466205K->348417K(497152K), 0.0058801 secs] [Times: user=0.04 sys=0.00, real=0.01 secs] 
241.659: [GC (Allocation Failure) [PSYoungGen: 138870K->18555K(147456K)] 471297K->351031K(497152K), 0.0075801 secs] [Times: user=0.04 sys=0.00, real=0.00 secs] 
241.689: [GC (Allocation Failure) [PSYoungGen: 141435K->15623K(148992K)] 473911K->348123K(498688K), 0.0071447 secs] [Times: user=0.04 sys=0.00, real=0.00 secs] 
241.720: [GC (Allocation Failure) [PSYoungGen: 141063K->17129K(149504K)] 473563K->349653K(499200K), 0.0083139 secs] [Times: user=0.03 sys=0.01, real=0.01 secs] 
241.754: [GC (Allocation Failure) [PSYoungGen: 142569K->17172K(149504K)] 475093K->349720K(499200K), 0.0228531 secs] [Times: user=0.08 sys=0.00, real=0.02 secs] 
241.806: [GC (Allocation Failure) [PSYoungGen: 144148K->19437K(150016K)] 476696K->352016K(499712K), 0.0118007 secs] [Times: user=0.04 sys=0.00, real=0.02 secs] 
241.841: [GC (Allocation Failure) [PSYoungGen: 146413K->14059K(151040K)] 478992K->346671K(500736K), 0.0073692 secs] [Times: user=0.04 sys=0.00, real=0.01 secs] 
241.869: [GC (Allocation Failure) [PSYoungGen: 141547K->16882K(144384K)] 474159K->349518K(494080K), 0.0075389 secs] [Times: user=0.03 sys=0.00, real=0.00 secs] 
241.898: [GC (Allocation Failure) [PSYoungGen: 144370K->15054K(151040K)] 477006K->347729K(500736K), 0.0068431 secs] [Times: user=0.03 sys=0.01, real=0.00 secs] 
241.926: [GC (Allocation Failure) [PSYoungGen: 143054K->16419K(150528K)] 475729K->349142K(500224K), 0.0067991 secs] [Times: user=0.04 sys=0.00, real=0.01 secs] 
241.957: [GC (Allocation Failure) [PSYoungGen: 144419K->16672K(151552K)] 477142K->349427K(501248K), 0.0079204 secs] [Times: user=0.04 sys=0.00, real=0.01 secs] 
241.990: [GC (Allocation Failure) [PSYoungGen: 146208K->16403K(151040K)] 478963K->349191K(500736K), 0.0077946 secs] [Times: user=0.03 sys=0.00, real=0.01 secs] 
242.022: [GC (Allocation Failure) [PSYoungGen: 145939K->15084K(152064K)] 478727K->347904K(501760K), 0.0055203 secs] [Times: user=0.04 sys=0.00, real=0.01 secs] 
242.055: [GC (Allocation Failure) [PSYoungGen: 146156K->16949K(152064K)] 478976K->349801K(501760K), 0.0116075 secs] [Times: user=0.05 sys=0.00, real=0.01 secs] 
242.097: [GC (Allocation Failure) [PSYoungGen: 148021K->17011K(153088K)] 480873K->349895K(502784K), 0.0074155 secs] [Times: user=0.03 sys=0.00, real=0.01 secs] 
242.146: [GC (Allocation Failure) [PSYoungGen: 149619K->20464K(153088K)] 482503K->354340K(502784K), 0.0184222 secs] [Times: user=0.10 sys=0.00, real=0.02 secs] 
242.205: [GC (Allocation Failure) [PSYoungGen: 153072K->16222K(153088K)] 486948K->350145K(502784K), 0.0081554 secs] [Times: user=0.04 sys=0.00, real=0.01 secs] 
242.289: [GC (Allocation Failure) [PSYoungGen: 147806K->19725K(151552K)] 481729K->353649K(501248K), 0.0150494 secs] [Times: user=0.07 sys=0.00, real=0.01 secs] 
242.360: [GC (Allocation Failure) [PSYoungGen: 151309K->14665K(152576K)] 485233K->348645K(502272K), 0.0069868 secs] [Times: user=0.03 sys=0.01, real=0.00 secs] 
242.424: [GC (Allocation Failure) [PSYoungGen: 145225K->13128K(143872K)] 479205K->347148K(493568K), 0.0069152 secs] [Times: user=0.03 sys=0.00, real=0.01 secs] 
242.479: [GC (Allocation Failure) [PSYoungGen: 143688K->10589K(152064K)] 477708K->346993K(501760K), 0.0052023 secs] [Times: user=0.03 sys=0.00, real=0.00 secs] 
242.552: [GC (Allocation Failure) [PSYoungGen: 140125K->14397K(152064K)] 476529K->350865K(501760K), 0.0088619 secs] [Times: user=0.05 sys=0.00, real=0.01 secs] 
242.612: [GC (Allocation Failure) [PSYoungGen: 143933K->20217K(150016K)] 480401K->356725K(499712K), 0.0109567 secs] [Times: user=0.04 sys=0.00, real=0.01 secs] 
242.687: [GC (Allocation Failure) [PSYoungGen: 147349K->22442K(150016K)] 483857K->358990K(499712K), 0.0123606 secs] [Times: user=0.06 sys=0.00, real=0.02 secs] 
242.747: [GC (Allocation Failure) [PSYoungGen: 149930K->20133K(147968K)] 486478K->356712K(497664K), 0.0126578 secs] [Times: user=0.05 sys=0.00, real=0.02 secs] 
242.806: [GC (Allocation Failure) [PSYoungGen: 143525K->21855K(145408K)] 480104K->358467K(495104K), 0.0114088 secs] [Times: user=0.05 sys=0.00, real=0.02 secs] 
242.860: [GC (Allocation Failure) [PSYoungGen: 145247K->19086K(148480K)] 481859K->357266K(498176K), 0.0103649 secs] [Times: user=0.04 sys=0.00, real=0.01 secs] 
242.913: [GC (Allocation Failure) [PSYoungGen: 141454K->15611K(138240K)] 479634K->354647K(487936K), 0.0066034 secs] [Times: user=0.04 sys=0.00, real=0.01 secs] 
242.967: [GC (Allocation Failure) [PSYoungGen: 137909K->16780K(148480K)] 476945K->357897K(498176K), 0.0080604 secs] [Times: user=0.05 sys=0.00, real=0.01 secs] 
243.017: [GC (Allocation Failure) [PSYoungGen: 139660K->19381K(147968K)] 480777K->360674K(497664K), 0.0081419 secs] [Times: user=0.05 sys=0.00, real=0.01 secs] 
243.061: [GC (Allocation Failure) [PSYoungGen: 142261K->8411K(148480K)] 483554K->353985K(498176K), 0.0072396 secs] [Times: user=0.03 sys=0.00, real=0.01 secs] 
243.107: [GC (Allocation Failure) [PSYoungGen: 131803K->11738K(148992K)] 477377K->357859K(498688K), 0.0067257 secs] [Times: user=0.03 sys=0.00, real=0.01 secs] 
243.163: [GC (Allocation Failure) [PSYoungGen: 135130K->11014K(148992K)] 481251K->357311K(498688K), 0.0083042 secs] [Times: user=0.04 sys=0.01, real=0.01 secs] 
243.209: [GC (Allocation Failure) [PSYoungGen: 134406K->10721K(148992K)] 480703K->357098K(498688K), 0.0069806 secs] [Times: user=0.03 sys=0.00, real=0.00 secs] 
243.254: [GC (Allocation Failure) [PSYoungGen: 134113K->8026K(148992K)] 480490K->354475K(498688K), 0.0083652 secs] [Times: user=0.03 sys=0.00, real=0.01 secs] 
243.308: [GC (Allocation Failure) [PSYoungGen: 131418K->10630K(148992K)] 477867K->357175K(498688K), 0.0071607 secs] [Times: user=0.03 sys=0.00, real=0.00 secs] 
243.359: [GC (Allocation Failure) [PSYoungGen: 134022K->8139K(147968K)] 480567K->355821K(497664K), 0.0059134 secs] [Times: user=0.04 sys=0.00, real=0.00 secs] 
243.365: [Full GC (Ergonomics) [PSYoungGen: 8139K->0K(147968K)] [ParOldGen: 347682K->317732K(349696K)] 355821K->317732K(497664K), [Metaspace: 78440K->78440K(1118208K)], 0.3259515 secs] [Times: user=1.62 sys=0.01, real=0.33 secs] 
243.730: [GC (Allocation Failure) [PSYoungGen: 123392K->22552K(146432K)] 441124K->340284K(496128K), 0.0118945 secs] [Times: user=0.05 sys=0.00, real=0.01 secs] 
243.779: [GC (Allocation Failure) [PSYoungGen: 145944K->17178K(147456K)] 463676K->334911K(497152K), 0.0078603 secs] [Times: user=0.04 sys=0.00, real=0.00 secs] 
243.829: [GC (Allocation Failure) [PSYoungGen: 136986K->11586K(131584K)] 454719K->329318K(481280K), 0.0077729 secs] [Times: user=0.05 sys=0.00, real=0.00 secs] 
243.915: [GC (Allocation Failure) [PSYoungGen: 131394K->18987K(145920K)] 449126K->336719K(495616K), 0.0087340 secs] [Times: user=0.04 sys=0.01, real=0.01 secs] 
243.970: [GC (Allocation Failure) [PSYoungGen: 138283K->20695K(146432K)] 456015K->338427K(496128K), 0.0094398 secs] [Times: user=0.05 sys=0.00, real=0.01 secs] 
244.029: [GC (Allocation Failure) [PSYoungGen: 139968K->21354K(144384K)] 457700K->339086K(494080K), 0.0104424 secs] [Times: user=0.06 sys=0.00, real=0.01 secs] 
244.089: [GC (Allocation Failure) [PSYoungGen: 137578K->18779K(145408K)] 455310K->336511K(495104K), 0.0093797 secs] [Times: user=0.05 sys=0.00, real=0.01 secs] 
244.143: [GC (Allocation Failure) [PSYoungGen: 135003K->17583K(143872K)] 452735K->335316K(493568K), 0.0080210 secs] [Times: user=0.04 sys=0.00, real=0.01 secs] 
244.196: [GC (Allocation Failure) [PSYoungGen: 134319K->17102K(144896K)] 452052K->334834K(494592K), 0.0105591 secs] [Times: user=0.05 sys=0.00, real=0.01 secs] 
244.252: [GC (Allocation Failure) [PSYoungGen: 133838K->18652K(145408K)] 451570K->336384K(495104K), 0.0079200 secs] [Times: user=0.04 sys=0.00, real=0.01 secs] 
244.307: [GC (Allocation Failure) [PSYoungGen: 137948K->16594K(145920K)] 455680K->334326K(495616K), 0.0083271 secs] [Times: user=0.04 sys=0.00, real=0.01 secs] 
244.365: [GC (Allocation Failure) [PSYoungGen: 135890K->17822K(146944K)] 453622K->335554K(496640K), 0.0130571 secs] [Times: user=0.05 sys=0.00, real=0.02 secs] 
244.429: [GC (Allocation Failure) [PSYoungGen: 139670K->19563K(147456K)] 457402K->337295K(497152K), 0.0147496 secs] [Times: user=0.07 sys=0.01, real=0.01 secs] 
244.494: [GC (Allocation Failure) [PSYoungGen: 141419K->18687K(148992K)] 459151K->336420K(498688K), 0.0109632 secs] [Times: user=0.05 sys=0.00, real=0.01 secs] 
244.552: [GC (Allocation Failure) [PSYoungGen: 142079K->18077K(141824K)] 459812K->335809K(491520K), 0.0077328 secs] [Times: user=0.05 sys=0.00, real=0.01 secs] 
244.606: [GC (Allocation Failure) [PSYoungGen: 141469K->9167K(147968K)] 459201K->335896K(497664K), 0.0082443 secs] [Times: user=0.05 sys=0.00, real=0.01 secs] 
245.031: [GC (Allocation Failure) [PSYoungGen: 132047K->1627K(124928K)] 458776K->328429K(474624K), 0.0044559 secs] [Times: user=0.02 sys=0.00, real=0.00 secs] 
245.243: [GC (Allocation Failure) [PSYoungGen: 124507K->15918K(148480K)] 451309K->342799K(498176K), 0.0070988 secs] [Times: user=0.05 sys=0.00, real=0.01 secs] 
245.294: [GC (Allocation Failure) [PSYoungGen: 137262K->12448K(134144K)] 464143K->340144K(483840K), 0.0057616 secs] [Times: user=0.03 sys=0.00, real=0.01 secs] 
245.349: [GC (Allocation Failure) [PSYoungGen: 133792K->15247K(147968K)] 461488K->343210K(497664K), 0.0079657 secs] [Times: user=0.04 sys=0.00, real=0.00 secs] 
245.401: [GC (Allocation Failure) [PSYoungGen: 137615K->16150K(146944K)] 465578K->344153K(496640K), 0.0077601 secs] [Times: user=0.04 sys=0.00, real=0.01 secs] 
245.452: [GC (Allocation Failure) [PSYoungGen: 138518K->17341K(148480K)] 466521K->345385K(498176K), 0.0083063 secs] [Times: user=0.05 sys=0.00, real=0.01 secs] 
245.514: [GC (Allocation Failure) [PSYoungGen: 141757K->13378K(148480K)] 469801K->341454K(498176K), 0.0084825 secs] [Times: user=0.04 sys=0.00, real=0.01 secs] 
245.572: [GC (Allocation Failure) [PSYoungGen: 137794K->13792K(150016K)] 465870K->341915K(499712K), 0.0063669 secs] [Times: user=0.03 sys=0.00, real=0.01 secs] 
245.623: [GC (Allocation Failure) [PSYoungGen: 140768K->11672K(150016K)] 468891K->339859K(499712K), 0.0062156 secs] [Times: user=0.03 sys=0.00, real=0.01 secs] 
245.675: [GC (Allocation Failure) [PSYoungGen: 138648K->13305K(149504K)] 466835K->341556K(499200K), 0.0058838 secs] [Times: user=0.04 sys=0.00, real=0.01 secs] 
245.728: [GC (Allocation Failure) [PSYoungGen: 141817K->15975K(150528K)] 470068K->344274K(500224K), 0.0075838 secs] [Times: user=0.04 sys=0.00, real=0.00 secs] 
245.782: [GC (Allocation Failure) [PSYoungGen: 144487K->16731K(152576K)] 472786K->345070K(502272K), 0.0067840 secs] [Times: user=0.05 sys=0.00, real=0.01 secs] 
245.839: [GC (Allocation Failure) [PSYoungGen: 147291K->16693K(152576K)] 475630K->345080K(502272K), 0.0090605 secs] [Times: user=0.04 sys=0.00, real=0.01 secs] 
245.899: [GC (Allocation Failure) [PSYoungGen: 147253K->14023K(151552K)] 475640K->342467K(501248K), 0.0069511 secs] [Times: user=0.04 sys=0.01, real=0.00 secs] 
246.159: [GC (Allocation Failure) [PSYoungGen: 144583K->15008K(152064K)] 473027K->343515K(501760K), 0.0075753 secs] [Times: user=0.04 sys=0.00, real=0.00 secs] 
246.291: [GC (Allocation Failure) [PSYoungGen: 145568K->16643K(153088K)] 474075K->345230K(502784K), 0.0079617 secs] [Times: user=0.05 sys=0.00, real=0.01 secs] 
246.428: [GC (Allocation Failure) [PSYoungGen: 148739K->20047K(152576K)] 477326K->349202K(502272K), 0.0117489 secs] [Times: user=0.06 sys=0.00, real=0.01 secs] 
246.505: [GC (Allocation Failure) [PSYoungGen: 152143K->15650K(153088K)] 481298K->344837K(502784K), 0.0116878 secs] [Times: user=0.04 sys=0.00, real=0.01 secs] 
246.576: [GC (Allocation Failure) [PSYoungGen: 146722K->16083K(152576K)] 475909K->345310K(502272K), 0.0091928 secs] [Times: user=0.05 sys=0.00, real=0.01 secs] 
246.633: [GC (Allocation Failure) [PSYoungGen: 147155K->20150K(151040K)] 476382K->349425K(500736K), 0.0222813 secs] [Times: user=0.14 sys=0.01, real=0.02 secs] 
246.704: [GC (Allocation Failure) [PSYoungGen: 149686K->21345K(151040K)] 478961K->350636K(500736K), 0.0098168 secs] [Times: user=0.06 sys=0.00, real=0.01 secs] 
246.764: [GC (Allocation Failure) [PSYoungGen: 150881K->18534K(151040K)] 480172K->347881K(500736K), 0.0094866 secs] [Times: user=0.05 sys=0.00, real=0.01 secs] 
246.824: [GC (Allocation Failure) [PSYoungGen: 146022K->18090K(151040K)] 475369K->347486K(500736K), 0.0080505 secs] [Times: user=0.04 sys=0.00, real=0.01 secs] 
246.969: [GC (Allocation Failure) [PSYoungGen: 145578K->19680K(150016K)] 474974K->349115K(499712K), 0.0145040 secs] [Times: user=0.07 sys=0.00, real=0.01 secs] 
247.031: [GC (Allocation Failure) [PSYoungGen: 146144K->21815K(148480K)] 475579K->351290K(498176K), 0.0114867 secs] [Times: user=0.05 sys=0.00, real=0.01 secs] 
247.097: [GC (Allocation Failure) [PSYoungGen: 148279K->25059K(145408K)] 477754K->354982K(495104K), 0.0150891 secs] [Times: user=0.08 sys=0.00, real=0.02 secs] 
247.161: [GC (Allocation Failure) [PSYoungGen: 145379K->22862K(143360K)] 475302K->352849K(493056K), 0.0103664 secs] [Times: user=0.06 sys=0.00, real=0.01 secs] 
247.223: [GC (Allocation Failure) [PSYoungGen: 143182K->25718K(143360K)] 473169K->355705K(493056K), 0.0110046 secs] [Times: user=0.07 sys=0.00, real=0.01 secs] 
247.466: [GC (Allocation Failure) [PSYoungGen: 140918K->18212K(144896K)] 470905K->348247K(494592K), 0.0120808 secs] [Times: user=0.06 sys=0.00, real=0.02 secs] 
247.641: [GC (Allocation Failure) [PSYoungGen: 133412K->26106K(142848K)] 463447K->357215K(492544K), 0.0210989 secs] [Times: user=0.09 sys=0.00, real=0.02 secs] 
247.717: [GC (Allocation Failure) [PSYoungGen: 140282K->18032K(144384K)] 471391K->350125K(494080K), 0.0119866 secs] [Times: user=0.07 sys=0.00, real=0.02 secs] 
247.857: [GC (Allocation Failure) [PSYoungGen: 132208K->23874K(143872K)] 464301K->357047K(493568K), 0.0126991 secs] [Times: user=0.07 sys=0.00, real=0.02 secs] 
247.914: [GC (Allocation Failure) [PSYoungGen: 138050K->22611K(144384K)] 471223K->356400K(494080K), 0.0105622 secs] [Times: user=0.07 sys=0.00, real=0.01 secs] 
247.980: [GC (Allocation Failure) [PSYoungGen: 136787K->20360K(142336K)] 470576K->354741K(492032K), 0.0099894 secs] [Times: user=0.05 sys=0.00, real=0.01 secs] 
248.035: [GC (Allocation Failure) [PSYoungGen: 134536K->28755K(143360K)] 468917K->363704K(493056K), 0.0138753 secs] [Times: user=0.08 sys=0.00, real=0.02 secs] 
248.095: [GC (Allocation Failure) [PSYoungGen: 142931K->23726K(143360K)] 477880K->359339K(493056K), 0.0125940 secs] [Times: user=0.06 sys=0.00, real=0.01 secs] 
248.151: [GC (Allocation Failure) [PSYoungGen: 135854K->23875K(143360K)] 471467K->360256K(493056K), 0.0297622 secs] [Times: user=0.09 sys=0.01, real=0.03 secs] 
248.225: [GC (Allocation Failure) [PSYoungGen: 135982K->23739K(143360K)] 472363K->360760K(493056K), 0.0120702 secs] [Times: user=0.06 sys=0.00, real=0.01 secs] 
248.372: [GC (Allocation Failure) [PSYoungGen: 135867K->21022K(133632K)] 472888K->359171K(483328K), 0.0139760 secs] [Times: user=0.06 sys=0.00, real=0.01 secs] 
248.435: [GC (Allocation Failure) [PSYoungGen: 133150K->26151K(141312K)] 471299K->365004K(491008K), 0.0160797 secs] [Times: user=0.07 sys=0.00, real=0.02 secs] 
248.501: [GC (Allocation Failure) [PSYoungGen: 137255K->22548K(142336K)] 476108K->362025K(492032K), 0.0111642 secs] [Times: user=0.06 sys=0.00, real=0.01 secs] 
248.556: [GC (Allocation Failure) [PSYoungGen: 133652K->22757K(142336K)] 473129K->362946K(492032K), 0.0113306 secs] [Times: user=0.06 sys=0.00, real=0.01 secs] 
248.612: [GC (Allocation Failure) [PSYoungGen: 135866K->23835K(142848K)] 476055K->364680K(492544K), 0.0122475 secs] [Times: user=0.07 sys=0.00, real=0.01 secs] 
248.671: [GC (Allocation Failure) [PSYoungGen: 136987K->25326K(144896K)] 477832K->367753K(494592K), 0.0130877 secs] [Times: user=0.08 sys=0.00, real=0.01 secs] 
248.839: [GC (Allocation Failure) [PSYoungGen: 140526K->12493K(128000K)] 482953K->355656K(477696K), 0.0238722 secs] [Times: user=0.11 sys=0.01, real=0.02 secs] 
249.076: [GC (Allocation Failure) [PSYoungGen: 127693K->30716K(136704K)] 470856K->376163K(486400K), 0.0349304 secs] [Times: user=0.13 sys=0.01, real=0.04 secs] 
249.131: [GC (Allocation Failure) [PSYoungGen: 136700K->26880K(133120K)] 482147K->373759K(482816K), 0.0110042 secs] [Times: user=0.05 sys=0.00, real=0.01 secs] 
249.165: [GC (Allocation Failure) [PSYoungGen: 132864K->27714K(138752K)] 479743K->375337K(488448K), 0.0109080 secs] [Times: user=0.05 sys=0.00, real=0.01 secs] 
249.198: [GC (Allocation Failure) [PSYoungGen: 131650K->27101K(139264K)] 479273K->375244K(488960K), 0.0104679 secs] [Times: user=0.05 sys=0.00, real=0.01 secs] 
249.209: [Full GC (Ergonomics) [PSYoungGen: 27101K->0K(139264K)] [ParOldGen: 348143K->343921K(349696K)] 375244K->343921K(488960K), [Metaspace: 78529K->78529K(1118208K)], 0.3265329 secs] [Times: user=1.73 sys=0.01, real=0.33 secs] 
249.554: [GC (Allocation Failure) [PSYoungGen: 103936K->4204K(135168K)] 447857K->348125K(484864K), 0.0065631 secs] [Times: user=0.02 sys=0.00, real=0.01 secs] 
249.575: [GC (Allocation Failure) [PSYoungGen: 104044K->6950K(107008K)] 447965K->350871K(456704K), 0.0060865 secs] [Times: user=0.02 sys=0.00, real=0.01 secs] 
249.599: [GC (Allocation Failure) [PSYoungGen: 106790K->7095K(135168K)] 450711K->351017K(484864K), 0.0076875 secs] [Times: user=0.02 sys=0.00, real=0.00 secs] 
249.623: [GC (Allocation Failure) [PSYoungGen: 103863K->8217K(135680K)] 447785K->352138K(485376K), 0.0068510 secs] [Times: user=0.03 sys=0.00, real=0.01 secs] 
249.649: [GC (Allocation Failure) [PSYoungGen: 104985K->6661K(135680K)] 448906K->350582K(485376K), 0.0062804 secs] [Times: user=0.03 sys=0.00, real=0.00 secs] 
249.674: [GC (Allocation Failure) [PSYoungGen: 103429K->6770K(103936K)] 447350K->350692K(453632K), 0.0064764 secs] [Times: user=0.02 sys=0.00, real=0.01 secs] 
249.700: [GC (Allocation Failure) [PSYoungGen: 103538K->15045K(137216K)] 447460K->358967K(486912K), 0.0081001 secs] [Times: user=0.03 sys=0.01, real=0.00 secs] 
249.729: [GC (Allocation Failure) [PSYoungGen: 113861K->12361K(111616K)] 457783K->358729K(461312K), 0.0081713 secs] [Times: user=0.03 sys=0.01, real=0.00 secs] 
249.760: [GC (Allocation Failure) [PSYoungGen: 111177K->11905K(135680K)] 457545K->360194K(485376K), 0.0059350 secs] [Times: user=0.03 sys=0.00, real=0.00 secs] 
249.766: [Full GC (Ergonomics) [PSYoungGen: 11905K->0K(135680K)] [ParOldGen: 348289K->339343K(349696K)] 360194K->339343K(485376K), [Metaspace: 78529K->78529K(1118208K)], 0.8323901 secs] [Times: user=5.23 sys=0.05, real=0.83 secs] 
250.617: [GC (Allocation Failure) [PSYoungGen: 100864K->4318K(134656K)] 440207K->343662K(484352K), 0.0144757 secs] [Times: user=0.08 sys=0.00, real=0.02 secs] 
250.646: [GC (Allocation Failure) [PSYoungGen: 105182K->10449K(138752K)] 444526K->349792K(488448K), 0.0060691 secs] [Times: user=0.03 sys=0.01, real=0.01 secs] 
250.671: [GC (Allocation Failure) [PSYoungGen: 117457K->11355K(139264K)] 456800K->350699K(488960K), 0.0055399 secs] [Times: user=0.03 sys=0.00, real=0.00 secs] 
250.694: [GC (Allocation Failure) [PSYoungGen: 118363K->10795K(141312K)] 457707K->350139K(491008K), 0.0052903 secs] [Times: user=0.03 sys=0.00, real=0.01 secs] 
250.717: [GC (Allocation Failure) [PSYoungGen: 122411K->11067K(141312K)] 461755K->350410K(491008K), 0.0071189 secs] [Times: user=0.04 sys=0.00, real=0.01 secs] 
250.746: [GC (Allocation Failure) [PSYoungGen: 122683K->15657K(143872K)] 462026K->355000K(493568K), 0.0152365 secs] [Times: user=0.06 sys=0.01, real=0.02 secs] 
250.781: [GC (Allocation Failure) [PSYoungGen: 131369K->13457K(143360K)] 470712K->352801K(493056K), 0.0068743 secs] [Times: user=0.03 sys=0.00, real=0.00 secs] 
250.803: [GC (Allocation Failure) [PSYoungGen: 129169K->12591K(145408K)] 468513K->351934K(495104K), 0.0070260 secs] [Times: user=0.03 sys=0.00, real=0.01 secs] 
250.831: [GC (Allocation Failure) [PSYoungGen: 132911K->16245K(145408K)] 472254K->355589K(495104K), 0.0066444 secs] [Times: user=0.03 sys=0.00, real=0.00 secs] 
250.858: [GC (Allocation Failure) [PSYoungGen: 136565K->16542K(149504K)] 475909K->355886K(499200K), 0.0085132 secs] [Times: user=0.04 sys=0.00, real=0.01 secs] 
250.892: [GC (Allocation Failure) [PSYoungGen: 140958K->20049K(144896K)] 480302K->359392K(494592K), 0.0069298 secs] [Times: user=0.03 sys=0.00, real=0.01 secs] 
250.923: [GC (Allocation Failure) [PSYoungGen: 144465K->24134K(143872K)] 483808K->363478K(493568K), 0.0084015 secs] [Times: user=0.04 sys=0.00, real=0.01 secs] 
250.953: [GC (Allocation Failure) [PSYoungGen: 141382K->24830K(142336K)] 480726K->364174K(492032K), 0.0083086 secs] [Times: user=0.04 sys=0.00, real=0.01 secs] 
250.983: [GC (Allocation Failure) [PSYoungGen: 142078K->24047K(141312K)] 481422K->363390K(491008K), 0.0139635 secs] [Times: user=0.07 sys=0.00, real=0.01 secs] 
251.012: [GC (Allocation Failure) [PSYoungGen: 134127K->23299K(133632K)] 473470K->362642K(483328K), 0.0070768 secs] [Times: user=0.05 sys=0.00, real=0.01 secs] 
251.034: [GC (Allocation Failure) [PSYoungGen: 133379K->18440K(142848K)] 472722K->361792K(492544K), 0.0072314 secs] [Times: user=0.04 sys=0.00, real=0.01 secs] 
251.059: [GC (Allocation Failure) [PSYoungGen: 128008K->21239K(141312K)] 471360K->365259K(491008K), 0.0109650 secs] [Times: user=0.06 sys=0.01, real=0.01 secs] 
251.089: [GC (Allocation Failure) [PSYoungGen: 130807K->17548K(141824K)] 474827K->362582K(491520K), 0.0078671 secs] [Times: user=0.03 sys=0.00, real=0.00 secs] 
251.113: [GC (Allocation Failure) [PSYoungGen: 128140K->16910K(141312K)] 473174K->361976K(491008K), 0.0075988 secs] [Times: user=0.03 sys=0.00, real=0.01 secs] 
251.138: [GC (Allocation Failure) [PSYoungGen: 127502K->18513K(142848K)] 472568K->363610K(492544K), 0.0065371 secs] [Times: user=0.03 sys=0.00, real=0.01 secs] 
251.161: [GC (Allocation Failure) [PSYoungGen: 132177K->19504K(142336K)] 477274K->364650K(492032K), 0.0063703 secs] [Times: user=0.03 sys=0.00, real=0.00 secs] 
251.186: [GC (Allocation Failure) [PSYoungGen: 133168K->19688K(145408K)] 478314K->364873K(495104K), 0.0059501 secs] [Times: user=0.03 sys=0.00, real=0.01 secs] 
251.212: [GC (Allocation Failure) [PSYoungGen: 136936K->18652K(144896K)] 482121K->363861K(494592K), 0.0074743 secs] [Times: user=0.03 sys=0.00, real=0.01 secs] 
251.238: [GC (Allocation Failure) [PSYoungGen: 135900K->16084K(146432K)] 481109K->363165K(496128K), 0.0079387 secs] [Times: user=0.04 sys=0.00, real=0.01 secs] 
251.266: [GC (Allocation Failure) [PSYoungGen: 135380K->17205K(145920K)] 482461K->365267K(495616K), 0.0075817 secs] [Times: user=0.04 sys=0.00, real=0.01 secs] 
251.274: [Full GC (Ergonomics) [PSYoungGen: 17205K->0K(145920K)] [ParOldGen: 348061K->340886K(349696K)] 365267K->340886K(495616K), [Metaspace: 78529K->78529K(1118208K)], 0.2887136 secs] [Times: user=1.54 sys=0.00, real=0.29 secs] 
251.587: [GC (Allocation Failure) [PSYoungGen: 119296K->4691K(144896K)] 460182K->345578K(494592K), 0.0049516 secs] [Times: user=0.03 sys=0.00, real=0.01 secs] 
251.617: [GC (Allocation Failure) [PSYoungGen: 123987K->7833K(146432K)] 464874K->348720K(496128K), 0.0059246 secs] [Times: user=0.03 sys=0.00, real=0.01 secs] 
251.643: [GC (Allocation Failure) [PSYoungGen: 127129K->9289K(146944K)] 468016K->350176K(496640K), 0.0068473 secs] [Times: user=0.03 sys=0.00, real=0.01 secs] 
251.671: [GC (Allocation Failure) [PSYoungGen: 128585K->10837K(130560K)] 469472K->351724K(480256K), 0.0065184 secs] [Times: user=0.03 sys=0.00, real=0.00 secs] 
251.700: [GC (Allocation Failure) [PSYoungGen: 130133K->10491K(146944K)] 471020K->351378K(496640K), 0.0111885 secs] [Times: user=0.04 sys=0.00, real=0.01 secs] 
251.730: [GC (Allocation Failure) [PSYoungGen: 130299K->13076K(146432K)] 471186K->353963K(496128K), 0.0081399 secs] [Times: user=0.04 sys=0.00, real=0.00 secs] 
251.754: [GC (Allocation Failure) [PSYoungGen: 132884K->11632K(146944K)] 473771K->352519K(496640K), 0.0050298 secs] [Times: user=0.03 sys=0.01, real=0.01 secs] 
251.780: [GC (Allocation Failure) [PSYoungGen: 132976K->15577K(146432K)] 473863K->356464K(496128K), 0.0066034 secs] [Times: user=0.03 sys=0.00, real=0.00 secs] 
251.807: [GC (Allocation Failure) [PSYoungGen: 136921K->15361K(148992K)] 477808K->356247K(498688K), 0.0081663 secs] [Times: user=0.03 sys=0.00, real=0.01 secs] 
251.833: [GC (Allocation Failure) [PSYoungGen: 139777K->17903K(148480K)] 480663K->358790K(498176K), 0.0077957 secs] [Times: user=0.04 sys=0.00, real=0.01 secs] 
251.861: [GC (Allocation Failure) [PSYoungGen: 142319K->17174K(150016K)] 483206K->358061K(499712K), 0.0068934 secs] [Times: user=0.03 sys=0.00, real=0.00 secs] 
251.892: [GC (Allocation Failure) [PSYoungGen: 142614K->19141K(144896K)] 483501K->360028K(494592K), 0.0079010 secs] [Times: user=0.04 sys=0.00, real=0.01 secs] 
251.924: [GC (Allocation Failure) [PSYoungGen: 144581K->21209K(147456K)] 485468K->362096K(497152K), 0.0130336 secs] [Times: user=0.07 sys=0.00, real=0.01 secs] 
251.958: [GC (Allocation Failure) [PSYoungGen: 143577K->19461K(142336K)] 484464K->360348K(492032K), 0.0088777 secs] [Times: user=0.03 sys=0.00, real=0.01 secs] 
251.986: [GC (Allocation Failure) [PSYoungGen: 141829K->19959K(146944K)] 482716K->360853K(496640K), 0.0142354 secs] [Times: user=0.04 sys=0.00, real=0.02 secs] 
252.030: [GC (Allocation Failure) [PSYoungGen: 140279K->17720K(147456K)] 481173K->360868K(497152K), 0.0092243 secs] [Times: user=0.04 sys=0.00, real=0.01 secs] 
252.059: [GC (Allocation Failure) [PSYoungGen: 138040K->18412K(146432K)] 481188K->361616K(496128K), 0.0068704 secs] [Times: user=0.03 sys=0.00, real=0.00 secs] 
252.091: [GC (Allocation Failure) [PSYoungGen: 139244K->19815K(146944K)] 482448K->363163K(496640K), 0.0063856 secs] [Times: user=0.03 sys=0.00, real=0.00 secs] 
252.120: [GC (Allocation Failure) [PSYoungGen: 140647K->17823K(147456K)] 483995K->362280K(497152K), 0.0067671 secs] [Times: user=0.04 sys=0.00, real=0.00 secs] 
252.152: [GC (Allocation Failure) [PSYoungGen: 140191K->17458K(147968K)] 484648K->361964K(497664K), 0.0070571 secs] [Times: user=0.04 sys=0.00, real=0.01 secs] 
252.182: [GC (Allocation Failure) [PSYoungGen: 139821K->18472K(147968K)] 484327K->363001K(497664K), 0.0084447 secs] [Times: user=0.04 sys=0.00, real=0.01 secs] 
252.224: [GC (Allocation Failure) [PSYoungGen: 142376K->24566K(148480K)] 486905K->369920K(498176K), 0.0108432 secs] [Times: user=0.06 sys=0.00, real=0.01 secs] 
252.276: [GC (Allocation Failure) [PSYoungGen: 148470K->19490K(147456K)] 493824K->365784K(497152K), 0.0093333 secs] [Times: user=0.05 sys=0.00, real=0.01 secs] 
252.335: [GC (Allocation Failure) [PSYoungGen: 140753K->14147K(147968K)] 487047K->360440K(497664K), 0.0057751 secs] [Times: user=0.03 sys=0.00, real=0.01 secs] 
252.389: [GC (Allocation Failure) [PSYoungGen: 135491K->14246K(146944K)] 481784K->360563K(496640K), 0.0060099 secs] [Times: user=0.03 sys=0.00, real=0.00 secs] 
252.435: [GC (Allocation Failure) [PSYoungGen: 135590K->13226K(147456K)] 481907K->360503K(497152K), 0.0057463 secs] [Times: user=0.03 sys=0.00, real=0.01 secs] 
252.489: [GC (Allocation Failure) [PSYoungGen: 134570K->19820K(148480K)] 481847K->367130K(498176K), 0.0080767 secs] [Times: user=0.05 sys=0.00, real=0.00 secs] 
252.549: [GC (Allocation Failure) [PSYoungGen: 142188K->19367K(148480K)] 489498K->368237K(498176K), 0.0110414 secs] [Times: user=0.06 sys=0.00, real=0.02 secs] 
252.560: [Full GC (Ergonomics) [PSYoungGen: 19367K->0K(148480K)] [ParOldGen: 348870K->333430K(349696K)] 368237K->333430K(498176K), [Metaspace: 78531K->78531K(1118208K)], 0.3154135 secs] [Times: user=1.68 sys=0.00, real=0.31 secs] 
252.922: [GC (Allocation Failure) [PSYoungGen: 122368K->14246K(147456K)] 455798K->347677K(497152K), 0.0199647 secs] [Times: user=0.10 sys=0.01, real=0.02 secs] 
253.022: [GC (Allocation Failure) [PSYoungGen: 136614K->16630K(147968K)] 470045K->350068K(497664K), 0.0155552 secs] [Times: user=0.06 sys=0.00, real=0.01 secs] 
253.076: [GC (Allocation Failure) [PSYoungGen: 138998K->16887K(147968K)] 472436K->350326K(497664K), 0.0114489 secs] [Times: user=0.05 sys=0.01, real=0.01 secs] 
253.126: [GC (Allocation Failure) [PSYoungGen: 140791K->21037K(148480K)] 474230K->354475K(498176K), 0.0097718 secs] [Times: user=0.06 sys=0.00, real=0.01 secs] 
253.174: [GC (Allocation Failure) [PSYoungGen: 144941K->12005K(148480K)] 478379K->345443K(498176K), 0.0061445 secs] [Times: user=0.04 sys=0.00, real=0.01 secs] 
253.218: [GC (Allocation Failure) [PSYoungGen: 135397K->16476K(140288K)] 468835K->349914K(489984K), 0.0089529 secs] [Times: user=0.04 sys=0.00, real=0.01 secs] 
253.261: [GC (Allocation Failure) [PSYoungGen: 139866K->16071K(148992K)] 473305K->349509K(498688K), 0.0064742 secs] [Times: user=0.04 sys=0.00, real=0.00 secs] 
253.305: [GC (Allocation Failure) [PSYoungGen: 140487K->16249K(148480K)] 473925K->349687K(498176K), 0.0081348 secs] [Times: user=0.04 sys=0.00, real=0.01 secs] 
253.348: [GC (Allocation Failure) [PSYoungGen: 140665K->14071K(150016K)] 474103K->347509K(499712K), 0.0074159 secs] [Times: user=0.04 sys=0.00, real=0.01 secs] 
253.391: [GC (Allocation Failure) [PSYoungGen: 140184K->14304K(149504K)] 473622K->347742K(499200K), 0.0064714 secs] [Times: user=0.03 sys=0.00, real=0.00 secs] 
253.435: [GC (Allocation Failure) [PSYoungGen: 140768K->14569K(151040K)] 474206K->348007K(500736K), 0.0066221 secs] [Times: user=0.04 sys=0.00, real=0.01 secs] 
253.482: [GC (Allocation Failure) [PSYoungGen: 143081K->15306K(151040K)] 476519K->348744K(500736K), 0.0074687 secs] [Times: user=0.05 sys=0.00, real=0.01 secs] 
253.529: [GC (Allocation Failure) [PSYoungGen: 143130K->18754K(151040K)] 476568K->352192K(500736K), 0.0075023 secs] [Times: user=0.05 sys=0.00, real=0.01 secs] 
253.582: [GC (Allocation Failure) [PSYoungGen: 147778K->12096K(151552K)] 481216K->345534K(501248K), 0.0123552 secs] [Times: user=0.04 sys=0.01, real=0.01 secs] 
253.637: [GC (Allocation Failure) [PSYoungGen: 141120K->16854K(152064K)] 474558K->350292K(501760K), 0.0071235 secs] [Times: user=0.04 sys=0.00, real=0.01 secs] 
253.683: [GC (Allocation Failure) [PSYoungGen: 146390K->11802K(152064K)] 479828K->349835K(501760K), 0.0092195 secs] [Times: user=0.05 sys=0.00, real=0.01 secs] 
253.730: [GC (Allocation Failure) [PSYoungGen: 141144K->10263K(152064K)] 479177K->349480K(501760K), 0.0077977 secs] [Times: user=0.04 sys=0.00, real=0.00 secs] 
253.776: [GC (Allocation Failure) [PSYoungGen: 139799K->8971K(138752K)] 479016K->348252K(488448K), 0.0061519 secs] [Times: user=0.03 sys=0.00, real=0.01 secs] 
253.819: [GC (Allocation Failure) [PSYoungGen: 138507K->11887K(152064K)] 477788K->351216K(501760K), 0.0065952 secs] [Times: user=0.03 sys=0.00, real=0.00 secs] 
253.860: [GC (Allocation Failure) [PSYoungGen: 140911K->6309K(151552K)] 480240K->345686K(501248K), 0.0043800 secs] [Times: user=0.03 sys=0.00, real=0.00 secs] 
253.936: [GC (Allocation Failure) [PSYoungGen: 135333K->10344K(151552K)] 474710K->349785K(501248K), 0.0062393 secs] [Times: user=0.03 sys=0.00, real=0.01 secs] 
253.988: [GC (Allocation Failure) [PSYoungGen: 139368K->7748K(151552K)] 478809K->347473K(501248K), 0.0060312 secs] [Times: user=0.03 sys=0.00, real=0.01 secs] 
254.040: [GC (Allocation Failure) [PSYoungGen: 136772K->9842K(151040K)] 476497K->349630K(500736K), 0.0056548 secs] [Times: user=0.03 sys=0.00, real=0.00 secs] 
254.093: [GC (Allocation Failure) [PSYoungGen: 139378K->11372K(151552K)] 479166K->351200K(501248K), 0.0106332 secs] [Times: user=0.03 sys=0.00, real=0.01 secs] 
254.148: [GC (Allocation Failure) [PSYoungGen: 140908K->13067K(151552K)] 480736K->352967K(501248K), 0.0082732 secs] [Times: user=0.04 sys=0.00, real=0.01 secs] 
254.203: [GC (Allocation Failure) [PSYoungGen: 144139K->9331K(152064K)] 484039K->349287K(501760K), 0.0057587 secs] [Times: user=0.03 sys=0.00, real=0.00 secs] 
254.264: [GC (Allocation Failure) [PSYoungGen: 140403K->10488K(152576K)] 480359K->350508K(502272K), 0.0062699 secs] [Times: user=0.04 sys=0.00, real=0.01 secs] 
254.316: [GC (Allocation Failure) [PSYoungGen: 143608K->8549K(153088K)] 483628K->348625K(502784K), 0.0054888 secs] [Times: user=0.03 sys=0.00, real=0.01 secs] 
254.369: [GC (Allocation Failure) [PSYoungGen: 141669K->9739K(153600K)] 481745K->349880K(503296K), 0.0069838 secs] [Times: user=0.04 sys=0.00, real=0.01 secs] 
254.423: [GC (Allocation Failure) [PSYoungGen: 144907K->9759K(154112K)] 485048K->349955K(503808K), 0.0059630 secs] [Times: user=0.03 sys=0.00, real=0.00 secs] 
254.476: [GC (Allocation Failure) [PSYoungGen: 144927K->7867K(155648K)] 485123K->348135K(505344K), 0.0062454 secs] [Times: user=0.03 sys=0.01, real=0.01 secs] 
254.536: [GC (Allocation Failure) [PSYoungGen: 145083K->6553K(155648K)] 485351K->346886K(505344K), 0.0058675 secs] [Times: user=0.04 sys=0.00, real=0.02 secs] 
254.600: [GC (Allocation Failure) [PSYoungGen: 143769K->8689K(155136K)] 484102K->349094K(504832K), 0.0058709 secs] [Times: user=0.03 sys=0.00, real=0.00 secs] 
255.230: [GC (Allocation Failure) [PSYoungGen: 146417K->12337K(155648K)] 486822K->352805K(505344K), 0.0075176 secs] [Times: user=0.04 sys=0.00, real=0.00 secs] 
255.289: [GC (Allocation Failure) [PSYoungGen: 150065K->14651K(154624K)] 490533K->355183K(504320K), 0.0087379 secs] [Times: user=0.05 sys=0.00, real=0.01 secs] 
255.347: [GC (Allocation Failure) [PSYoungGen: 151355K->13226K(155648K)] 491887K->353862K(505344K), 0.0085810 secs] [Times: user=0.04 sys=0.00, real=0.01 secs] 
255.407: [GC (Allocation Failure) [PSYoungGen: 149930K->15212K(153600K)] 490566K->355896K(503296K), 0.0084461 secs] [Times: user=0.04 sys=0.00, real=0.01 secs] 
255.467: [GC (Allocation Failure) [PSYoungGen: 149868K->14594K(154624K)] 490552K->355310K(504320K), 0.0101328 secs] [Times: user=0.04 sys=0.00, real=0.01 secs] 
255.524: [GC (Allocation Failure) [PSYoungGen: 149250K->15217K(153600K)] 489966K->355965K(503296K), 0.0144981 secs] [Times: user=0.07 sys=0.00, real=0.01 secs] 
255.592: [GC (Allocation Failure) [PSYoungGen: 148849K->15649K(149504K)] 489597K->356438K(499200K), 0.0070089 secs] [Times: user=0.04 sys=0.00, real=0.00 secs] 
255.649: [GC (Allocation Failure) [PSYoungGen: 149281K->11928K(154112K)] 490070K->352757K(503808K), 0.0079919 secs] [Times: user=0.04 sys=0.00, real=0.01 secs] 
255.713: [GC (Allocation Failure) [PSYoungGen: 145048K->12445K(145920K)] 485877K->353313K(495616K), 0.0083443 secs] [Times: user=0.03 sys=0.00, real=0.01 secs] 
255.780: [GC (Allocation Failure) [PSYoungGen: 145565K->11873K(153088K)] 486433K->352781K(502784K), 0.0082930 secs] [Times: user=0.03 sys=0.00, real=0.00 secs] 
255.838: [GC (Allocation Failure) [PSYoungGen: 145505K->15183K(152576K)] 486413K->356132K(502272K), 0.0086340 secs] [Times: user=0.05 sys=0.00, real=0.01 secs] 
255.902: [GC (Allocation Failure) [PSYoungGen: 148815K->16881K(153088K)] 489764K->357878K(502784K), 0.0110518 secs] [Times: user=0.05 sys=0.00, real=0.01 secs] 
255.972: [GC (Allocation Failure) [PSYoungGen: 150513K->16773K(150528K)] 491510K->357809K(500224K), 0.0136055 secs] [Times: user=0.07 sys=0.01, real=0.01 secs] 
256.250: [GC (Allocation Failure) [PSYoungGen: 147142K->8798K(153600K)] 488179K->349874K(503296K), 0.0067678 secs] [Times: user=0.03 sys=0.00, real=0.00 secs] 
256.399: [GC (Allocation Failure) [PSYoungGen: 141406K->12614K(145408K)] 482482K->353730K(495104K), 0.0084645 secs] [Times: user=0.04 sys=0.01, real=0.01 secs] 
256.542: [GC (Allocation Failure) [PSYoungGen: 145222K->11145K(153600K)] 486338K->352869K(503296K), 0.0071932 secs] [Times: user=0.03 sys=0.00, real=0.00 secs] 
256.596: [GC (Allocation Failure) [PSYoungGen: 144265K->14891K(153088K)] 485989K->356671K(502784K), 0.0087574 secs] [Times: user=0.04 sys=0.00, real=0.01 secs] 
256.654: [GC (Allocation Failure) [PSYoungGen: 148011K->16217K(153600K)] 489791K->358038K(503296K), 0.0157881 secs] [Times: user=0.07 sys=0.00, real=0.02 secs] 
256.735: [GC (Allocation Failure) [PSYoungGen: 149849K->18493K(152576K)] 491670K->360346K(502272K), 0.0136581 secs] [Times: user=0.06 sys=0.00, real=0.01 secs] 
256.808: [GC (Allocation Failure) [PSYoungGen: 152125K->20117K(150016K)] 493978K->362009K(499712K), 0.0124516 secs] [Times: user=0.06 sys=0.00, real=0.02 secs] 
256.883: [GC (Allocation Failure) [PSYoungGen: 148629K->21138K(150016K)] 490521K->363070K(499712K), 0.0121510 secs] [Times: user=0.06 sys=0.00, real=0.01 secs] 
256.946: [GC (Allocation Failure) [PSYoungGen: 149650K->19166K(147968K)] 491582K->361138K(497664K), 0.0113607 secs] [Times: user=0.06 sys=0.00, real=0.01 secs] 
257.091: [GC (Allocation Failure) [PSYoungGen: 142558K->23719K(147456K)] 484530K->365739K(497152K), 0.0118965 secs] [Times: user=0.07 sys=0.00, real=0.01 secs] 
257.145: [GC (Allocation Failure) [PSYoungGen: 147094K->19966K(146432K)] 489115K->362042K(496128K), 0.0084276 secs] [Times: user=0.05 sys=0.00, real=0.01 secs] 
257.197: [GC (Allocation Failure) [PSYoungGen: 139262K->23098K(142848K)] 481338K->365215K(492544K), 0.0090949 secs] [Times: user=0.06 sys=0.01, real=0.01 secs] 
257.253: [GC (Allocation Failure) [PSYoungGen: 142394K->25598K(142336K)] 484511K->367755K(492032K), 0.0134583 secs] [Times: user=0.08 sys=0.00, real=0.01 secs] 
257.314: [GC (Allocation Failure) [PSYoungGen: 138750K->28137K(141312K)] 480907K->370349K(491008K), 0.0119951 secs] [Times: user=0.08 sys=0.00, real=0.01 secs] 
257.373: [GC (Allocation Failure) [PSYoungGen: 141289K->26114K(138240K)] 483501K->368374K(487936K), 0.0116445 secs] [Times: user=0.07 sys=0.00, real=0.01 secs] 
257.636: [GC (Allocation Failure) [PSYoungGen: 131074K->22095K(139776K)] 473334K->365470K(489472K), 0.0090146 secs] [Times: user=0.05 sys=0.00, real=0.01 secs] 
257.769: [GC (Allocation Failure) [PSYoungGen: 127055K->27035K(137728K)] 470430K->371314K(487424K), 0.0140529 secs] [Times: user=0.07 sys=0.00, real=0.02 secs] 
257.824: [GC (Allocation Failure) [PSYoungGen: 130971K->22655K(139264K)] 475250K->368989K(488960K), 0.0107661 secs] [Times: user=0.07 sys=0.00, real=0.01 secs] 
257.966: [GC (Allocation Failure) [PSYoungGen: 126591K->25043K(139264K)] 472925K->372009K(488960K), 0.0295145 secs] [Times: user=0.15 sys=0.00, real=0.03 secs] 
258.049: [GC (Allocation Failure) [PSYoungGen: 130003K->26490K(131584K)] 476969K->374248K(481280K), 0.0159304 secs] [Times: user=0.08 sys=0.00, real=0.02 secs] 
258.112: [GC (Allocation Failure) [PSYoungGen: 131450K->22701K(140288K)] 479208K->371155K(489984K), 0.0117940 secs] [Times: user=0.06 sys=0.00, real=0.01 secs] 
258.124: [Full GC (Ergonomics) [PSYoungGen: 22701K->0K(140288K)] [ParOldGen: 348453K->345328K(349696K)] 371155K->345328K(489984K), [Metaspace: 78537K->78537K(1118208K)], 0.3199768 secs] [Times: user=1.89 sys=0.00, real=0.32 secs] 
258.481: [GC (Allocation Failure) [PSYoungGen: 104960K->13950K(139264K)] 450288K->359279K(488960K), 0.0070669 secs] [Times: user=0.04 sys=0.00, real=0.00 secs] 
258.530: [GC (Allocation Failure) [PSYoungGen: 118910K->15365K(139264K)] 464239K->360694K(488960K), 0.0081863 secs] [Times: user=0.04 sys=0.00, real=0.00 secs] 
258.578: [GC (Allocation Failure) [PSYoungGen: 120325K->16142K(139264K)] 465654K->361471K(488960K), 0.0080342 secs] [Times: user=0.04 sys=0.00, real=0.01 secs] 
258.625: [GC (Allocation Failure) [PSYoungGen: 121102K->14564K(139264K)] 466431K->359893K(488960K), 0.0081634 secs] [Times: user=0.04 sys=0.00, real=0.01 secs] 
258.674: [GC (Allocation Failure) [PSYoungGen: 120548K->20546K(139264K)] 465877K->365875K(488960K), 0.0096789 secs] [Times: user=0.06 sys=0.00, real=0.01 secs] 
258.815: [GC (Allocation Failure) [PSYoungGen: 126530K->19423K(140288K)] 471859K->364751K(489984K), 0.0091783 secs] [Times: user=0.05 sys=0.00, real=0.01 secs] 
258.863: [GC (Allocation Failure) [PSYoungGen: 128479K->19050K(140288K)] 473807K->364379K(489984K), 0.0094696 secs] [Times: user=0.05 sys=0.00, real=0.01 secs] 
258.913: [GC (Allocation Failure) [PSYoungGen: 128106K->26654K(140800K)] 473435K->371983K(490496K), 0.0122949 secs] [Times: user=0.07 sys=0.00, real=0.01 secs] 
258.968: [GC (Allocation Failure) [PSYoungGen: 137246K->26313K(137216K)] 482575K->371642K(486912K), 0.0101290 secs] [Times: user=0.06 sys=0.00, real=0.01 secs] 
259.019: [GC (Allocation Failure) [PSYoungGen: 136905K->24110K(141824K)] 482234K->369438K(491520K), 0.0094274 secs] [Times: user=0.05 sys=0.00, real=0.01 secs] 
259.067: [GC (Allocation Failure) [PSYoungGen: 133166K->25973K(135168K)] 478494K->371302K(484864K), 0.0104391 secs] [Times: user=0.07 sys=0.00, real=0.01 secs] 
259.172: [GC (Allocation Failure) [PSYoungGen: 135020K->14579K(141312K)] 480349K->359908K(491008K), 0.0062456 secs] [Times: user=0.04 sys=0.00, real=0.00 secs] 
259.432: [GC (Allocation Failure) [PSYoungGen: 122611K->23761K(141312K)] 467940K->369090K(491008K), 0.0103077 secs] [Times: user=0.05 sys=0.00, real=0.01 secs] 
259.465: [GC (Allocation Failure) [PSYoungGen: 131793K->30988K(136192K)] 477122K->376317K(485888K), 0.0094639 secs] [Times: user=0.06 sys=0.01, real=0.01 secs] 
259.490: [GC (Allocation Failure) [PSYoungGen: 133900K->33148K(136192K)] 479229K->378477K(485888K), 0.0122045 secs] [Times: user=0.05 sys=0.00, real=0.01 secs] 
259.520: [GC (Allocation Failure) --[PSYoungGen: 136060K->136060K(136192K)] 481389K->485755K(485888K), 0.0540185 secs] [Times: user=0.12 sys=0.04, real=0.05 secs] 
259.574: [Full GC (Ergonomics) [PSYoungGen: 136060K->0K(136192K)] [ParOldGen: 349695K->348782K(349696K)] 485755K->348782K(485888K), [Metaspace: 78566K->78566K(1118208K)], 1.2535943 secs] [Times: user=8.32 sys=0.05, real=1.25 secs] 
260.850: [Full GC (Ergonomics) [PSYoungGen: 102912K->14346K(136192K)] [ParOldGen: 348782K->349530K(349696K)] 451694K->363877K(485888K), [Metaspace: 78566K->78566K(1118208K)], 1.8400204 secs] [Times: user=11.78 sys=0.08, real=1.84 secs] 
262.715: [Full GC (Ergonomics) [PSYoungGen: 102912K->12199K(136192K)] [ParOldGen: 349530K->349142K(349696K)] 452442K->361342K(485888K), [Metaspace: 78566K->78566K(1118208K)], 0.7295190 secs] [Times: user=3.88 sys=0.02, real=0.73 secs] 
263.462: [Full GC (Ergonomics) [PSYoungGen: 102912K->9809K(136192K)] [ParOldGen: 349142K->349527K(349696K)] 452054K->359336K(485888K), [Metaspace: 78566K->78566K(1118208K)], 0.3591810 secs] [Times: user=1.71 sys=0.01, real=0.36 secs] 
263.840: [Full GC (Ergonomics) [PSYoungGen: 102912K->12324K(136192K)] [ParOldGen: 349527K->349527K(349696K)] 452439K->361852K(485888K), [Metaspace: 78566K->78566K(1118208K)], 0.3271071 secs] [Times: user=1.62 sys=0.00, real=0.33 secs] 
264.185: [Full GC (Ergonomics) [PSYoungGen: 102912K->12216K(136192K)] [ParOldGen: 349527K->349304K(349696K)] 452439K->361520K(485888K), [Metaspace: 78566K->78566K(1118208K)], 0.2882518 secs] [Times: user=1.63 sys=0.01, real=0.29 secs] 
264.488: [Full GC (Ergonomics) [PSYoungGen: 102912K->10433K(136192K)] [ParOldGen: 349304K->349647K(349696K)] 452216K->360081K(485888K), [Metaspace: 78566K->78566K(1118208K)], 0.3086268 secs] [Times: user=1.68 sys=0.00, real=0.31 secs] 
264.814: [Full GC (Ergonomics) [PSYoungGen: 102912K->10732K(136192K)] [ParOldGen: 349647K->349646K(349696K)] 452559K->360378K(485888K), [Metaspace: 78566K->78566K(1118208K)], 0.7593040 secs] [Times: user=4.74 sys=0.03, real=0.76 secs] 
265.587: [Full GC (Ergonomics) [PSYoungGen: 102912K->11885K(136192K)] [ParOldGen: 349646K->349645K(349696K)] 452558K->361531K(485888K), [Metaspace: 78566K->78566K(1118208K)], 0.3096947 secs] [Times: user=1.82 sys=0.00, real=0.31 secs] 
265.914: [Full GC (Ergonomics) [PSYoungGen: 102912K->10660K(136192K)] [ParOldGen: 349645K->349644K(349696K)] 452557K->360305K(485888K), [Metaspace: 78566K->78566K(1118208K)], 0.7373684 secs] [Times: user=4.55 sys=0.03, real=0.74 secs] 
266.667: [Full GC (Ergonomics) [PSYoungGen: 102912K->11695K(136192K)] [ParOldGen: 349644K->349643K(349696K)] 452556K->361339K(485888K), [Metaspace: 78567K->78567K(1118208K)], 0.2777052 secs] [Times: user=1.61 sys=0.00, real=0.28 secs] 
266.958: [Full GC (Ergonomics) [PSYoungGen: 102912K->8112K(136192K)] [ParOldGen: 349643K->349442K(349696K)] 452555K->357555K(485888K), [Metaspace: 78567K->78567K(1118208K)], 0.4980156 secs] [Times: user=3.20 sys=0.01, real=0.50 secs] 
267.470: [Full GC (Ergonomics) [PSYoungGen: 102912K->11737K(136192K)] [ParOldGen: 349442K->349442K(349696K)] 452354K->361179K(485888K), [Metaspace: 78567K->78567K(1118208K)], 0.3101123 secs] [Times: user=1.69 sys=0.01, real=0.31 secs] 
267.795: [Full GC (Ergonomics) [PSYoungGen: 102912K->11324K(136192K)] [ParOldGen: 349442K->349441K(349696K)] 452354K->360766K(485888K), [Metaspace: 78567K->78567K(1118208K)], 0.2771122 secs] [Times: user=1.59 sys=0.01, real=0.28 secs] 
268.087: [Full GC (Ergonomics) [PSYoungGen: 102912K->11149K(136192K)] [ParOldGen: 349441K->349441K(349696K)] 452353K->360590K(485888K), [Metaspace: 78567K->78567K(1118208K)], 0.4069318 secs] [Times: user=2.61 sys=0.01, real=0.41 secs] 
268.510: [Full GC (Ergonomics) [PSYoungGen: 102912K->12881K(136192K)] [ParOldGen: 349441K->349441K(349696K)] 452353K->362322K(485888K), [Metaspace: 78567K->78567K(1118208K)], 0.2900713 secs] [Times: user=1.63 sys=0.00, real=0.29 secs] 
268.818: [Full GC (Ergonomics) [PSYoungGen: 102912K->11580K(136192K)] [ParOldGen: 349441K->349441K(349696K)] 452353K->361021K(485888K), [Metaspace: 78567K->78567K(1118208K)], 0.2661996 secs] [Times: user=1.55 sys=0.00, real=0.27 secs] 
269.102: [Full GC (Ergonomics) [PSYoungGen: 102912K->12409K(136192K)] [ParOldGen: 349441K->349228K(349696K)] 452353K->361638K(485888K), [Metaspace: 78567K->78567K(1118208K)], 0.3126781 secs] [Times: user=1.75 sys=0.00, real=0.31 secs] 
269.441: [Full GC (Ergonomics) [PSYoungGen: 102912K->10090K(136192K)] [ParOldGen: 349228K->349487K(349696K)] 452140K->359578K(485888K), [Metaspace: 78569K->78569K(1118208K)], 0.6520318 secs] [Times: user=3.81 sys=0.02, real=0.66 secs] 
270.113: [Full GC (Ergonomics) [PSYoungGen: 102912K->12168K(136192K)] [ParOldGen: 349487K->349485K(349696K)] 452399K->361653K(485888K), [Metaspace: 78570K->78570K(1118208K)], 0.5959498 secs] [Times: user=3.72 sys=0.02, real=0.59 secs] 
270.725: [Full GC (Ergonomics) [PSYoungGen: 102912K->12254K(136192K)] [ParOldGen: 349485K->349295K(349696K)] 452397K->361550K(485888K), [Metaspace: 78570K->78570K(1118208K)], 0.2691207 secs] [Times: user=1.56 sys=0.00, real=0.27 secs] 
271.009: [Full GC (Ergonomics) [PSYoungGen: 102912K->10453K(136192K)] [ParOldGen: 349295K->349295K(349696K)] 452207K->359748K(485888K), [Metaspace: 78570K->78570K(1118208K)], 0.4100092 secs] [Times: user=2.57 sys=0.02, real=0.41 secs] 
271.436: [Full GC (Ergonomics) [PSYoungGen: 102912K->12096K(136192K)] [ParOldGen: 349295K->349295K(349696K)] 452207K->361391K(485888K), [Metaspace: 78570K->78570K(1118208K)], 0.3012503 secs] [Times: user=1.63 sys=0.00, real=0.30 secs] 
271.751: [Full GC (Ergonomics) [PSYoungGen: 102912K->9820K(136192K)] [ParOldGen: 349295K->349558K(349696K)] 452207K->359378K(485888K), [Metaspace: 78570K->78570K(1118208K)], 0.4355185 secs] [Times: user=2.54 sys=0.01, real=0.44 secs] 
272.202: [Full GC (Ergonomics) [PSYoungGen: 102912K->11795K(136192K)] [ParOldGen: 349558K->349558K(349696K)] 452470K->361353K(485888K), [Metaspace: 78570K->78570K(1118208K)], 0.2735667 secs] [Times: user=1.59 sys=0.00, real=0.27 secs] 
272.493: [Full GC (Ergonomics) [PSYoungGen: 102912K->11233K(136192K)] [ParOldGen: 349558K->349558K(349696K)] 452470K->360791K(485888K), [Metaspace: 78570K->78570K(1118208K)], 0.5336525 secs] [Times: user=3.34 sys=0.01, real=0.53 secs] 
273.040: [Full GC (Ergonomics) [PSYoungGen: 102912K->10413K(136192K)] [ParOldGen: 349558K->349556K(349696K)] 452470K->359970K(485888K), [Metaspace: 78570K->78570K(1118208K)], 0.3035956 secs] [Times: user=1.73 sys=0.00, real=0.31 secs] 
273.360: [Full GC (Ergonomics) [PSYoungGen: 102912K->9119K(136192K)] [ParOldGen: 349556K->349294K(349696K)] 452468K->358413K(485888K), [Metaspace: 78571K->78571K(1118208K)], 0.5212640 secs] [Times: user=3.38 sys=0.02, real=0.52 secs] 
273.897: [Full GC (Ergonomics) [PSYoungGen: 102912K->9203K(136192K)] [ParOldGen: 349294K->349294K(349696K)] 452206K->358497K(485888K), [Metaspace: 78571K->78571K(1118208K)], 0.5548471 secs] [Times: user=3.59 sys=0.03, real=0.55 secs] 
274.469: [Full GC (Ergonomics) [PSYoungGen: 102912K->13755K(136192K)] [ParOldGen: 349294K->349293K(349696K)] 452206K->363049K(485888K), [Metaspace: 78571K->78571K(1118208K)], 0.4647866 secs] [Times: user=2.83 sys=0.01, real=0.47 secs] 
274.952: [Full GC (Ergonomics) [PSYoungGen: 102911K->12550K(136192K)] [ParOldGen: 349293K->349293K(349696K)] 452205K->361844K(485888K), [Metaspace: 78571K->78571K(1118208K)], 0.4519461 secs] [Times: user=2.66 sys=0.02, real=0.46 secs] 
275.429: [Full GC (Ergonomics) [PSYoungGen: 102912K->10112K(136192K)] [ParOldGen: 349293K->349540K(349696K)] 452205K->359653K(485888K), [Metaspace: 78573K->78573K(1118208K)], 0.3119397 secs] [Times: user=1.85 sys=0.01, real=0.31 secs] 
275.760: [Full GC (Ergonomics) [PSYoungGen: 102912K->12453K(136192K)] [ParOldGen: 349540K->349539K(349696K)] 452452K->361992K(485888K), [Metaspace: 78573K->78573K(1118208K)], 0.5250426 secs] [Times: user=3.26 sys=0.02, real=0.53 secs] 
276.300: [Full GC (Ergonomics) [PSYoungGen: 102912K->10090K(136192K)] [ParOldGen: 349539K->349278K(349696K)] 452451K->359368K(485888K), [Metaspace: 78573K->78573K(1118208K)], 0.2838610 secs] [Times: user=1.61 sys=0.00, real=0.29 secs] 
276.601: [Full GC (Ergonomics) [PSYoungGen: 102912K->12927K(136192K)] [ParOldGen: 349278K->349277K(349696K)] 452190K->362205K(485888K), [Metaspace: 78573K->78573K(1118208K)], 0.6016321 secs] [Times: user=3.86 sys=0.02, real=0.60 secs] 
277.220: [Full GC (Ergonomics) [PSYoungGen: 102912K->11728K(136192K)] [ParOldGen: 349277K->349277K(349696K)] 452189K->361006K(485888K), [Metaspace: 78573K->78573K(1118208K)], 0.4786392 secs] [Times: user=2.80 sys=0.01, real=0.48 secs] 
277.714: [Full GC (Ergonomics) [PSYoungGen: 102912K->10266K(136192K)] [ParOldGen: 349277K->349277K(349696K)] 452189K->359544K(485888K), [Metaspace: 78573K->78573K(1118208K)], 0.4407088 secs] [Times: user=2.75 sys=0.01, real=0.44 secs] 
278.174: [Full GC (Ergonomics) [PSYoungGen: 102912K->13392K(136192K)] [ParOldGen: 349277K->349276K(349696K)] 452189K->362668K(485888K), [Metaspace: 78573K->78573K(1118208K)], 0.6520523 secs] [Times: user=4.23 sys=0.02, real=0.65 secs] 
278.840: [Full GC (Ergonomics) [PSYoungGen: 102912K->10487K(136192K)] [ParOldGen: 349276K->349524K(349696K)] 452188K->360011K(485888K), [Metaspace: 78573K->78573K(1118208K)], 0.2730134 secs] [Times: user=1.62 sys=0.01, real=0.28 secs] 
279.129: [Full GC (Ergonomics) [PSYoungGen: 102912K->12851K(136192K)] [ParOldGen: 349524K->349523K(349696K)] 452436K->362375K(485888K), [Metaspace: 78573K->78573K(1118208K)], 0.4778595 secs] [Times: user=2.93 sys=0.01, real=0.48 secs] 
279.620: [Full GC (Ergonomics) [PSYoungGen: 102912K->10397K(136192K)] [ParOldGen: 349523K->349233K(349696K)] 452435K->359631K(485888K), [Metaspace: 78573K->78573K(1118208K)], 0.3216267 secs] [Times: user=1.85 sys=0.01, real=0.32 secs] 
279.956: [Full GC (Ergonomics) [PSYoungGen: 102912K->12928K(136192K)] [ParOldGen: 349233K->349232K(349696K)] 452145K->362161K(485888K), [Metaspace: 78573K->78573K(1118208K)], 0.2877092 secs] [Times: user=1.62 sys=0.00, real=0.29 secs] 
280.263: [Full GC (Ergonomics) [PSYoungGen: 102912K->11167K(136192K)] [ParOldGen: 349232K->349232K(349696K)] 452144K->360400K(485888K), [Metaspace: 78573K->78573K(1118208K)], 0.6536163 secs] [Times: user=4.21 sys=0.02, real=0.65 secs] 
280.931: [Full GC (Ergonomics) [PSYoungGen: 102912K->13808K(136192K)] [ParOldGen: 349232K->349232K(349696K)] 452144K->363041K(485888K), [Metaspace: 78573K->78573K(1118208K)], 0.2833982 secs] [Times: user=1.60 sys=0.00, real=0.29 secs] 
281.230: [Full GC (Ergonomics) [PSYoungGen: 102912K->12878K(136192K)] [ParOldGen: 349232K->349231K(349696K)] 452144K->362109K(485888K), [Metaspace: 78573K->78573K(1118208K)], 0.3222846 secs] [Times: user=1.89 sys=0.01, real=0.32 secs] 
281.567: [Full GC (Ergonomics) [PSYoungGen: 102912K->12092K(136192K)] [ParOldGen: 349231K->349494K(349696K)] 452143K->361586K(485888K), [Metaspace: 78573K->78573K(1118208K)], 0.2802200 secs] [Times: user=1.56 sys=0.00, real=0.28 secs] 
281.866: [Full GC (Ergonomics) [PSYoungGen: 102912K->12129K(136192K)] [ParOldGen: 349494K->349494K(349696K)] 452406K->361623K(485888K), [Metaspace: 78573K->78573K(1118208K)], 0.4216953 secs] [Times: user=2.46 sys=0.01, real=0.42 secs] 
282.308: [Full GC (Ergonomics) [PSYoungGen: 102912K->14127K(136192K)] [ParOldGen: 349494K->349492K(349696K)] 452406K->363620K(485888K), [Metaspace: 78573K->78573K(1118208K)], 0.3238819 secs] [Times: user=1.72 sys=0.00, real=0.32 secs] 
282.649: [Full GC (Ergonomics) [PSYoungGen: 102912K->10204K(136192K)] [ParOldGen: 349492K->349244K(349696K)] 452404K->359448K(485888K), [Metaspace: 78573K->78573K(1118208K)], 0.9708559 secs] [Times: user=5.62 sys=0.02, real=0.97 secs] 
283.636: [Full GC (Ergonomics) [PSYoungGen: 102912K->11112K(136192K)] [ParOldGen: 349244K->349482K(349696K)] 452156K->360594K(485888K), [Metaspace: 78573K->78573K(1118208K)], 0.4235179 secs] [Times: user=2.36 sys=0.00, real=0.42 secs] 
284.074: [Full GC (Ergonomics) [PSYoungGen: 102912K->12237K(136192K)] [ParOldGen: 349482K->349482K(349696K)] 452394K->361720K(485888K), [Metaspace: 78573K->78573K(1118208K)], 0.2891567 secs] [Times: user=1.65 sys=0.00, real=0.28 secs] 
284.378: [Full GC (Ergonomics) [PSYoungGen: 102912K->10956K(136192K)] [ParOldGen: 349482K->349481K(349696K)] 452394K->360438K(485888K), [Metaspace: 78573K->78573K(1118208K)], 0.6894574 secs] [Times: user=4.24 sys=0.02, real=0.69 secs] 
285.088: [Full GC (Ergonomics) [PSYoungGen: 102912K->11631K(136192K)] [ParOldGen: 349481K->349481K(349696K)] 452393K->361112K(485888K), [Metaspace: 78573K->78573K(1118208K)], 0.2891774 secs] [Times: user=1.58 sys=0.00, real=0.29 secs] 
285.395: [Full GC (Ergonomics) [PSYoungGen: 102912K->11895K(136192K)] [ParOldGen: 349481K->349219K(349696K)] 452393K->361115K(485888K), [Metaspace: 78573K->78573K(1118208K)], 0.4845476 secs] [Times: user=3.08 sys=0.01, real=0.48 secs] 
285.895: [Full GC (Ergonomics) [PSYoungGen: 102912K->12641K(136192K)] [ParOldGen: 349219K->349218K(349696K)] 452131K->361860K(485888K), [Metaspace: 78573K->78573K(1118208K)], 0.5458502 secs] [Times: user=3.24 sys=0.02, real=0.54 secs] 
286.457: [Full GC (Ergonomics) [PSYoungGen: 102912K->11635K(136192K)] [ParOldGen: 349218K->349217K(349696K)] 452130K->360852K(485888K), [Metaspace: 78573K->78573K(1118208K)], 0.2796609 secs] [Times: user=1.58 sys=0.00, real=0.28 secs] 
286.751: [Full GC (Ergonomics) [PSYoungGen: 102912K->11807K(136192K)] [ParOldGen: 349217K->349482K(349696K)] 452129K->361290K(485888K), [Metaspace: 78574K->78574K(1118208K)], 0.2843674 secs] [Times: user=1.57 sys=0.00, real=0.29 secs] 
287.051: [Full GC (Ergonomics) [PSYoungGen: 102912K->12105K(136192K)] [ParOldGen: 349482K->349482K(349696K)] 452394K->361588K(485888K), [Metaspace: 78574K->78574K(1118208K)], 0.2747463 secs] [Times: user=1.56 sys=0.01, real=0.28 secs] 
287.346: [Full GC (Ergonomics) [PSYoungGen: 102912K->9694K(136192K)] [ParOldGen: 349482K->349482K(349696K)] 452394K->359176K(485888K), [Metaspace: 78574K->78574K(1118208K)], 0.3533072 secs] [Times: user=2.10 sys=0.00, real=0.35 secs] 
287.715: [Full GC (Ergonomics) [PSYoungGen: 102912K->12138K(136192K)] [ParOldGen: 349482K->349235K(349696K)] 452394K->361373K(485888K), [Metaspace: 78574K->78574K(1118208K)], 0.6819619 secs] [Times: user=4.27 sys=0.03, real=0.69 secs] 
288.411: [Full GC (Ergonomics) [PSYoungGen: 102912K->9234K(136192K)] [ParOldGen: 349235K->349235K(349696K)] 452147K->358469K(485888K), [Metaspace: 78574K->78574K(1118208K)], 0.6602198 secs] [Times: user=4.42 sys=0.02, real=0.66 secs] 
289.088: [Full GC (Ergonomics) [PSYoungGen: 102912K->13184K(136192K)] [ParOldGen: 349235K->349235K(349696K)] 452147K->362419K(485888K), [Metaspace: 78574K->78574K(1118208K)], 0.6733736 secs] [Times: user=4.33 sys=0.02, real=0.67 secs] 
289.781: [Full GC (Ergonomics) [PSYoungGen: 102912K->13661K(136192K)] [ParOldGen: 349235K->349233K(349696K)] 452147K->362894K(485888K), [Metaspace: 78574K->78574K(1118208K)], 0.8211655 secs] [Times: user=5.33 sys=0.02, real=0.82 secs] 
290.618: [Full GC (Ergonomics) [PSYoungGen: 102912K->9936K(136192K)] [ParOldGen: 349233K->349500K(349696K)] 452145K->359436K(485888K), [Metaspace: 78574K->78574K(1118208K)], 0.2675617 secs] [Times: user=1.56 sys=0.00, real=0.27 secs] 
290.898: [Full GC (Ergonomics) [PSYoungGen: 102912K->12750K(136192K)] [ParOldGen: 349500K->349253K(349696K)] 452412K->362003K(485888K), [Metaspace: 78574K->78574K(1118208K)], 0.2967965 secs] [Times: user=1.66 sys=0.01, real=0.30 secs] 
291.212: [Full GC (Ergonomics) [PSYoungGen: 102912K->9209K(136192K)] [ParOldGen: 349253K->349252K(349696K)] 452165K->358462K(485888K), [Metaspace: 78574K->78574K(1118208K)], 0.3359419 secs] [Times: user=1.65 sys=0.00, real=0.34 secs] 
291.564: [Full GC (Ergonomics) [PSYoungGen: 102912K->12207K(136192K)] [ParOldGen: 349252K->349252K(349696K)] 452164K->361460K(485888K), [Metaspace: 78574K->78574K(1118208K)], 0.7690227 secs] [Times: user=4.21 sys=0.02, real=0.77 secs] 
292.370: [Full GC (Ergonomics) [PSYoungGen: 102912K->5491K(136192K)] [ParOldGen: 349252K->349695K(349696K)] 452164K->355187K(485888K), [Metaspace: 78579K->78579K(1118208K)], 0.3894054 secs] [Times: user=1.99 sys=0.01, real=0.39 secs] 
292.793: [Full GC (Ergonomics) [PSYoungGen: 102912K->1871K(136192K)] [ParOldGen: 349695K->349692K(349696K)] 452607K->351564K(485888K), [Metaspace: 78580K->78580K(1118208K)], 0.7758693 secs] [Times: user=4.84 sys=0.02, real=0.78 secs] 
293.601: [Full GC (Ergonomics) [PSYoungGen: 102912K->0K(136192K)] [ParOldGen: 349692K->348055K(349696K)] 452604K->348055K(485888K), [Metaspace: 78580K->78580K(1118208K)], 0.2882352 secs] [Times: user=1.58 sys=0.00, real=0.29 secs] 
293.928: [GC (Allocation Failure) [PSYoungGen: 102912K->1651K(132096K)] 450967K->349706K(481792K), 0.0044512 secs] [Times: user=0.02 sys=0.00, real=0.00 secs] 
293.978: [GC (Allocation Failure) [PSYoungGen: 95347K->1341K(95232K)] 443402K->349397K(444928K), 0.0041059 secs] [Times: user=0.03 sys=0.00, real=0.00 secs] 
294.015: [GC (Allocation Failure) [PSYoungGen: 95037K->5387K(132608K)] 443093K->353442K(482304K), 0.0053690 secs] [Times: user=0.03 sys=0.00, real=0.01 secs] 
294.055: [GC (Allocation Failure) [PSYoungGen: 96011K->10192K(100864K)] 444066K->358248K(450560K), 0.0058470 secs] [Times: user=0.03 sys=0.00, real=0.01 secs] 
294.096: [GC (Allocation Failure) [PSYoungGen: 100816K->8234K(132608K)] 448872K->356290K(482304K), 0.0088842 secs] [Times: user=0.03 sys=0.00, real=0.00 secs] 
294.137: [GC (Allocation Failure) [PSYoungGen: 99882K->9575K(131584K)] 447938K->357631K(481280K), 0.0060929 secs] [Times: user=0.04 sys=0.00, real=0.00 secs] 
294.175: [GC (Allocation Failure) [PSYoungGen: 101223K->10293K(132608K)] 449279K->358349K(482304K), 0.0073188 secs] [Times: user=0.04 sys=0.00, real=0.01 secs] 
294.219: [GC (Allocation Failure) [PSYoungGen: 105525K->8652K(132608K)] 453581K->356707K(482304K), 0.0069189 secs] [Times: user=0.03 sys=0.00, real=0.01 secs] 
294.265: [GC (Allocation Failure) [PSYoungGen: 103884K->10208K(132096K)] 451939K->358264K(481792K), 0.0086334 secs] [Times: user=0.04 sys=0.00, real=0.01 secs] 
294.343: [GC (Allocation Failure) [PSYoungGen: 109024K->18049K(133632K)] 457080K->366105K(483328K), 0.0102069 secs] [Times: user=0.06 sys=0.00, real=0.01 secs] 
294.381: [GC (Allocation Failure) [PSYoungGen: 116865K->18869K(136704K)] 464921K->366925K(486400K), 0.0131740 secs] [Times: user=0.08 sys=0.00, real=0.01 secs] 
294.427: [GC (Allocation Failure) [PSYoungGen: 121781K->11914K(136704K)] 469837K->359969K(486400K), 0.0088033 secs] [Times: user=0.04 sys=0.00, real=0.01 secs] 
294.466: [GC (Allocation Failure) [PSYoungGen: 114542K->15685K(137728K)] 462598K->363741K(487424K), 0.0089674 secs] [Times: user=0.05 sys=0.00, real=0.00 secs] 
294.508: [GC (Allocation Failure) [PSYoungGen: 123205K->14348K(138752K)] 471261K->362403K(488448K), 0.0096436 secs] [Times: user=0.06 sys=0.00, real=0.01 secs] 
294.554: [GC (Allocation Failure) [PSYoungGen: 121868K->10325K(139776K)] 469923K->358380K(489472K), 0.0075183 secs] [Times: user=0.04 sys=0.00, real=0.01 secs] 
294.596: [GC (Allocation Failure) [PSYoungGen: 122453K->11858K(140800K)] 470508K->360457K(490496K), 0.0074161 secs] [Times: user=0.04 sys=0.00, real=0.00 secs] 
294.634: [GC (Allocation Failure) [PSYoungGen: 123986K->12923K(142336K)] 472585K->361705K(492032K), 0.0085357 secs] [Times: user=0.05 sys=0.00, real=0.01 secs] 
294.680: [GC (Allocation Failure) [PSYoungGen: 129659K->11832K(143360K)] 478441K->360799K(493056K), 0.0102380 secs] [Times: user=0.04 sys=0.00, real=0.01 secs] 
294.729: [GC (Allocation Failure) [PSYoungGen: 128568K->15050K(146432K)] 477535K->364065K(496128K), 0.0091332 secs] [Times: user=0.04 sys=0.00, real=0.01 secs] 
294.776: [GC (Allocation Failure) [PSYoungGen: 136906K->12123K(146944K)] 485921K->361202K(496640K), 0.0084186 secs] [Times: user=0.05 sys=0.00, real=0.00 secs] 
294.830: [GC (Allocation Failure) [PSYoungGen: 133979K->14261K(148992K)] 483058K->363404K(498688K), 0.0112806 secs] [Times: user=0.07 sys=0.00, real=0.01 secs] 
294.888: [GC (Allocation Failure) [PSYoungGen: 139701K->13984K(148992K)] 488844K->363199K(498688K), 0.0085399 secs] [Times: user=0.05 sys=0.00, real=0.01 secs] 
294.935: [GC (Allocation Failure) [PSYoungGen: 139424K->12686K(150528K)] 488639K->361941K(500224K), 0.0088041 secs] [Times: user=0.04 sys=0.00, real=0.01 secs] 
294.996: [GC (Allocation Failure) [PSYoungGen: 140686K->15572K(150016K)] 489941K->364883K(499712K), 0.0081222 secs] [Times: user=0.05 sys=0.00, real=0.00 secs] 
295.042: [GC (Allocation Failure) --[PSYoungGen: 143572K->143572K(150016K)] 492883K->492971K(499712K), 0.0443023 secs] [Times: user=0.07 sys=0.00, real=0.05 secs] 
295.087: [Full GC (Ergonomics) [PSYoungGen: 143572K->0K(150016K)] [ParOldGen: 349398K->349455K(349696K)] 492971K->349455K(499712K), [Metaspace: 78580K->78580K(1118208K)], 1.1436770 secs] [Times: user=7.56 sys=0.26, real=1.14 secs] 
296.272: [Full GC (Ergonomics) [PSYoungGen: 127940K->4828K(150016K)] [ParOldGen: 349455K->349603K(349696K)] 477395K->354432K(499712K), [Metaspace: 78580K->78580K(1118208K)], 0.4060880 secs] [Times: user=2.33 sys=0.08, real=0.41 secs] 
296.717: [Full GC (Ergonomics) [PSYoungGen: 128000K->2741K(150016K)] [ParOldGen: 349603K->349630K(349696K)] 477603K->352371K(499712K), [Metaspace: 78580K->78580K(1118208K)], 0.6813519 secs] [Times: user=4.12 sys=0.13, real=0.68 secs] 
297.441: [Full GC (Ergonomics) [PSYoungGen: 128000K->3117K(150016K)] [ParOldGen: 349630K->349654K(349696K)] 477630K->352771K(499712K), [Metaspace: 78580K->78580K(1118208K)], 0.7351139 secs] [Times: user=4.59 sys=0.19, real=0.74 secs] 
298.220: [Full GC (Ergonomics) [PSYoungGen: 127998K->8210K(150016K)] [ParOldGen: 349654K->349665K(349696K)] 477652K->357875K(499712K), [Metaspace: 78580K->78580K(1118208K)], 0.6975863 secs] [Times: user=4.51 sys=0.16, real=0.70 secs] 
298.952: [Full GC (Ergonomics) [PSYoungGen: 128000K->8741K(150016K)] [ParOldGen: 349665K->349650K(349696K)] 477665K->358391K(499712K), [Metaspace: 78580K->78580K(1118208K)], 0.8317131 secs] [Times: user=5.33 sys=0.19, real=0.83 secs] 
299.822: [Full GC (Ergonomics) [PSYoungGen: 128000K->1527K(150016K)] [ParOldGen: 349650K->349682K(349696K)] 477650K->351209K(499712K), [Metaspace: 78580K->78580K(1118208K)], 0.5886358 secs] [Times: user=3.57 sys=0.12, real=0.59 secs] 
300.487: [Full GC (Ergonomics) [PSYoungGen: 128000K->6698K(150016K)] [ParOldGen: 349682K->349673K(349696K)] 477682K->356372K(499712K), [Metaspace: 78580K->78580K(1118208K)], 0.7419495 secs] [Times: user=4.59 sys=0.18, real=0.74 secs] 
301.276: [Full GC (Ergonomics) [PSYoungGen: 128000K->2252K(150016K)] [ParOldGen: 349673K->349521K(349696K)] 477673K->351774K(499712K), [Metaspace: 78580K->78580K(1118208K)], 0.7901046 secs] [Times: user=4.83 sys=0.16, real=0.79 secs] 
302.116: [Full GC (Ergonomics) [PSYoungGen: 128000K->8281K(150016K)] [ParOldGen: 349521K->349622K(349696K)] 477521K->357903K(499712K), [Metaspace: 78580K->78580K(1118208K)], 0.8401509 secs] [Times: user=5.06 sys=0.19, real=0.84 secs] 
303.003: [Full GC (Ergonomics) [PSYoungGen: 128000K->3594K(150016K)] [ParOldGen: 349622K->349691K(349696K)] 477622K->353285K(499712K), [Metaspace: 78580K->78580K(1118208K)], 0.7512677 secs] [Times: user=4.61 sys=0.19, real=0.75 secs] 
303.804: [Full GC (Ergonomics) [PSYoungGen: 128000K->2490K(150016K)] [ParOldGen: 349691K->349680K(349696K)] 477691K->352170K(499712K), [Metaspace: 78580K->78580K(1118208K)], 0.9099859 secs] [Times: user=5.78 sys=0.21, real=0.91 secs] 
304.776: [Full GC (Ergonomics) [PSYoungGen: 128000K->3945K(150016K)] [ParOldGen: 349680K->349681K(349696K)] 477680K->353627K(499712K), [Metaspace: 78580K->78580K(1118208K)], 0.7704049 secs] [Times: user=4.64 sys=0.13, real=0.77 secs] 
305.608: [Full GC (Ergonomics) [PSYoungGen: 128000K->4070K(150016K)] [ParOldGen: 349681K->349559K(349696K)] 477681K->353630K(499712K), [Metaspace: 78580K->78580K(1118208K)], 0.8580013 secs] [Times: user=5.43 sys=0.19, real=0.85 secs] 
306.516: [Full GC (Ergonomics) [PSYoungGen: 128000K->1962K(150016K)] [ParOldGen: 349559K->349612K(349696K)] 477559K->351575K(499712K), [Metaspace: 78580K->78580K(1118208K)], 0.7096261 secs] [Times: user=4.53 sys=0.12, real=0.71 secs] 
307.272: [Full GC (Ergonomics) [PSYoungGen: 128000K->3117K(150016K)] [ParOldGen: 349612K->349664K(349696K)] 477612K->352782K(499712K), [Metaspace: 78580K->78580K(1118208K)], 0.8224249 secs] [Times: user=5.18 sys=0.03, real=0.82 secs] 
308.140: [Full GC (Ergonomics) [PSYoungGen: 128000K->3481K(150016K)] [ParOldGen: 349664K->349555K(349696K)] 477664K->353037K(499712K), [Metaspace: 78580K->78580K(1118208K)], 0.6935835 secs] [Times: user=4.55 sys=0.04, real=0.69 secs] 
308.880: [Full GC (Ergonomics) [PSYoungGen: 128000K->2001K(150016K)] [ParOldGen: 349555K->349632K(349696K)] 477555K->351633K(499712K), [Metaspace: 78580K->78580K(1118208K)], 0.7068131 secs] [Times: user=4.67 sys=0.05, real=0.70 secs] 
309.633: [Full GC (Ergonomics) [PSYoungGen: 128000K->4140K(150016K)] [ParOldGen: 349632K->349671K(349696K)] 477632K->353812K(499712K), [Metaspace: 78580K->78580K(1118208K)], 0.7453632 secs] [Times: user=4.60 sys=0.03, real=0.75 secs] 
310.434: [Full GC (Ergonomics) [PSYoungGen: 128000K->1813K(150016K)] [ParOldGen: 349671K->349654K(349696K)] 477671K->351467K(499712K), [Metaspace: 78580K->78580K(1118208K)], 0.8473878 secs] [Times: user=4.04 sys=0.02, real=0.85 secs] 
311.341: [Full GC (Ergonomics) [PSYoungGen: 128000K->1279K(150016K)] [ParOldGen: 349654K->349620K(349696K)] 477654K->350899K(499712K), [Metaspace: 78580K->78580K(1118208K)], 0.8776680 secs] [Times: user=4.50 sys=0.02, real=0.88 secs] 
312.401: [Full GC (Ergonomics) [PSYoungGen: 128000K->0K(150016K)] [ParOldGen: 349620K->342409K(349696K)] 477620K->342409K(499712K), [Metaspace: 78596K->78596K(1118208K)], 0.3736822 secs] [Times: user=1.68 sys=0.01, real=0.37 secs] 
312.923: [GC (Allocation Failure) [PSYoungGen: 128000K->10538K(152064K)] 470409K->352948K(501760K), 0.0087060 secs] [Times: user=0.04 sys=0.00, real=0.01 secs] 
312.980: [GC (Allocation Failure) [PSYoungGen: 141098K->17823K(152064K)] 483508K->360233K(501760K), 0.0169734 secs] [Times: user=0.10 sys=0.01, real=0.01 secs] 
313.076: [GC (Allocation Failure) [PSYoungGen: 148383K->16441K(152064K)] 490793K->358851K(501760K), 0.0317197 secs] [Times: user=0.16 sys=0.00, real=0.04 secs] 
313.181: [GC (Allocation Failure) [PSYoungGen: 145977K->14005K(143872K)] 488387K->356415K(493568K), 0.0088081 secs] [Times: user=0.05 sys=0.00, real=0.01 secs] 
313.235: [GC (Allocation Failure) [PSYoungGen: 143541K->14059K(152576K)] 485951K->356469K(502272K), 0.0066008 secs] [Times: user=0.04 sys=0.00, real=0.01 secs] 
313.285: [GC (Allocation Failure) [PSYoungGen: 144619K->12634K(151552K)] 487029K->355044K(501248K), 0.0079356 secs] [Times: user=0.03 sys=0.00, real=0.01 secs] 
313.348: [GC (Allocation Failure) [PSYoungGen: 143194K->15150K(152064K)] 485604K->357560K(501760K), 0.0137811 secs] [Times: user=0.06 sys=0.00, real=0.02 secs] 
313.414: [GC (Allocation Failure) [PSYoungGen: 146734K->16307K(152064K)] 489144K->358717K(501760K), 0.0091817 secs] [Times: user=0.05 sys=0.00, real=0.01 secs] 
313.470: [GC (Allocation Failure) [PSYoungGen: 147891K->17362K(153088K)] 490301K->359771K(502784K), 0.0090060 secs] [Times: user=0.04 sys=0.00, real=0.01 secs] 
313.529: [GC (Allocation Failure) [PSYoungGen: 149970K->14485K(153600K)] 492379K->356895K(503296K), 0.0101537 secs] [Times: user=0.04 sys=0.00, real=0.01 secs] 
313.612: [GC (Allocation Failure) [PSYoungGen: 147093K->15951K(153600K)] 489503K->358361K(503296K), 0.0095125 secs] [Times: user=0.05 sys=0.00, real=0.01 secs] 
313.672: [GC (Allocation Failure) [PSYoungGen: 149071K->17008K(153600K)] 491481K->359417K(503296K), 0.0099176 secs] [Times: user=0.04 sys=0.00, real=0.01 secs] 
313.731: [GC (Allocation Failure) [PSYoungGen: 150128K->12484K(153600K)] 492537K->354894K(503296K), 0.0074485 secs] [Times: user=0.03 sys=0.00, real=0.00 secs] 
313.792: [GC (Allocation Failure) [PSYoungGen: 145604K->14364K(153600K)] 488014K->356774K(503296K), 0.0083274 secs] [Times: user=0.04 sys=0.01, real=0.01 secs] 
314.139: [GC (Allocation Failure) [PSYoungGen: 147484K->14450K(153600K)] 489894K->356860K(503296K), 0.0076668 secs] [Times: user=0.03 sys=0.00, real=0.00 secs] 
314.217: [GC (Allocation Failure) [PSYoungGen: 148594K->15668K(153600K)] 491004K->363684K(503296K), 0.0099000 secs] [Times: user=0.05 sys=0.00, real=0.01 secs] 
314.227: [Full GC (Ergonomics) [PSYoungGen: 15668K->4252K(153600K)] [ParOldGen: 348016K->349319K(349696K)] 363684K->353571K(503296K), [Metaspace: 78598K->78598K(1118208K)], 1.0514698 secs] [Times: user=6.10 sys=0.03, real=1.05 secs] 
315.425: [Full GC (Ergonomics) [PSYoungGen: 138396K->9343K(153600K)] [ParOldGen: 349319K->349685K(349696K)] 487715K->359028K(503296K), [Metaspace: 78601K->78601K(1118208K)], 0.9712051 secs] [Times: user=5.68 sys=0.03, real=0.97 secs] 
316.438: [Full GC (Ergonomics) [PSYoungGen: 134144K->4816K(153600K)] [ParOldGen: 349685K->349625K(349696K)] 483829K->354442K(503296K), [Metaspace: 78601K->78601K(1118208K)], 0.8322843 secs] [Times: user=5.27 sys=0.03, real=0.84 secs] 
317.316: [Full GC (Ergonomics) [PSYoungGen: 134144K->4696K(153600K)] [ParOldGen: 349625K->349646K(349696K)] 483769K->354342K(503296K), [Metaspace: 78601K->78601K(1118208K)], 0.7125988 secs] [Times: user=4.35 sys=0.02, real=0.72 secs] 
318.078: [Full GC (Ergonomics) [PSYoungGen: 134144K->5834K(153600K)] [ParOldGen: 349646K->349695K(349696K)] 483790K->355530K(503296K), [Metaspace: 78601K->78601K(1118208K)], 0.8058023 secs] [Times: user=4.97 sys=0.02, real=0.81 secs] 
318.934: [Full GC (Ergonomics) [PSYoungGen: 134144K->7419K(153600K)] [ParOldGen: 349695K->349624K(349696K)] 483839K->357044K(503296K), [Metaspace: 78601K->78601K(1118208K)], 0.5775070 secs] [Times: user=3.52 sys=0.00, real=0.58 secs] 
319.554: [Full GC (Ergonomics) [PSYoungGen: 134144K->5475K(153600K)] [ParOldGen: 349624K->349687K(349696K)] 483768K->355163K(503296K), [Metaspace: 78601K->78601K(1118208K)], 0.7493573 secs] [Times: user=4.82 sys=0.02, real=0.75 secs] 
320.357: [Full GC (Ergonomics) [PSYoungGen: 134144K->11719K(153600K)] [ParOldGen: 349687K->349682K(349696K)] 483831K->361402K(503296K), [Metaspace: 78601K->78601K(1118208K)], 0.8141169 secs] [Times: user=5.26 sys=0.03, real=0.82 secs] 
321.218: [Full GC (Ergonomics) [PSYoungGen: 133347K->3833K(153600K)] [ParOldGen: 349682K->349679K(349696K)] 483030K->353512K(503296K), [Metaspace: 78601K->78601K(1118208K)], 0.7395607 secs] [Times: user=4.81 sys=0.02, real=0.74 secs] 
322.090: [Full GC (Ergonomics) [PSYoungGen: 134144K->12528K(153600K)] [ParOldGen: 349679K->349504K(349696K)] 483823K->362032K(503296K), [Metaspace: 78601K->78601K(1118208K)], 0.7615287 secs] [Times: user=4.78 sys=0.02, real=0.77 secs] 
322.899: [Full GC (Ergonomics) [PSYoungGen: 134144K->15208K(153600K)] [ParOldGen: 349504K->349445K(349696K)] 483648K->364654K(503296K), [Metaspace: 78601K->78601K(1118208K)], 0.8368677 secs] [Times: user=5.57 sys=0.02, real=0.84 secs] 
323.783: [Full GC (Ergonomics) [PSYoungGen: 134144K->12432K(153600K)] [ParOldGen: 349445K->349444K(349696K)] 483589K->361877K(503296K), [Metaspace: 78601K->78601K(1118208K)], 0.8437371 secs] [Times: user=5.26 sys=0.02, real=0.84 secs] 
324.684: [Full GC (Ergonomics) [PSYoungGen: 134144K->9259K(153600K)] [ParOldGen: 349444K->349443K(349696K)] 483588K->358702K(503296K), [Metaspace: 78601K->78601K(1118208K)], 0.8240515 secs] [Times: user=4.33 sys=0.03, real=0.82 secs] 
325.571: [Full GC (Ergonomics) [PSYoungGen: 134144K->10950K(153600K)] [ParOldGen: 349443K->349440K(349696K)] 483587K->360391K(503296K), [Metaspace: 78601K->78601K(1118208K)], 0.7585470 secs] [Times: user=4.08 sys=0.02, real=0.76 secs] 
326.419: [Full GC (Ergonomics) [PSYoungGen: 134144K->2199K(153600K)] [ParOldGen: 349440K->349675K(349696K)] 483584K->351875K(503296K), [Metaspace: 78601K->78601K(1118208K)], 0.7682652 secs] [Times: user=4.43 sys=0.03, real=0.77 secs] 
327.521: [Full GC (Ergonomics) [PSYoungGen: 134128K->13937K(153600K)] [ParOldGen: 349675K->348907K(349696K)] 483804K->362844K(503296K), [Metaspace: 78601K->78601K(1118208K)], 0.9013862 secs] [Times: user=5.11 sys=0.03, real=0.90 secs] 
328.478: [Full GC (Ergonomics) [PSYoungGen: 134144K->15134K(153600K)] [ParOldGen: 348907K->349611K(349696K)] 483051K->364746K(503296K), [Metaspace: 78601K->78599K(1118208K)], 0.9842039 secs] [Times: user=6.31 sys=0.19, real=0.99 secs] 
329.615: [Full GC (Ergonomics) [PSYoungGen: 134144K->21550K(153600K)] [ParOldGen: 349611K->349309K(349696K)] 483755K->370859K(503296K), [Metaspace: 78599K->78599K(1118208K)], 0.9830021 secs] [Times: user=5.85 sys=0.21, real=0.98 secs] 
330.644: [Full GC (Ergonomics) [PSYoungGen: 134144K->11774K(153600K)] [ParOldGen: 349309K->349631K(349696K)] 483453K->361406K(503296K), [Metaspace: 78599K->78599K(1118208K)], 0.8861458 secs] [Times: user=5.74 sys=0.23, real=0.88 secs] 
331.577: [Full GC (Ergonomics) [PSYoungGen: 134144K->16939K(153600K)] [ParOldGen: 349631K->349629K(349696K)] 483775K->366568K(503296K), [Metaspace: 78599K->78599K(1118208K)], 0.7683179 secs] [Times: user=4.66 sys=0.20, real=0.77 secs] 
332.396: [Full GC (Ergonomics) [PSYoungGen: 134144K->19023K(153600K)] [ParOldGen: 349629K->349628K(349696K)] 483773K->368651K(503296K), [Metaspace: 78599K->78599K(1118208K)], 0.7934936 secs] [Times: user=4.83 sys=0.15, real=0.79 secs] 
333.242: [Full GC (Ergonomics) [PSYoungGen: 134144K->15389K(153600K)] [ParOldGen: 349628K->349626K(349696K)] 483772K->365016K(503296K), [Metaspace: 78599K->78599K(1118208K)], 0.7567252 secs] [Times: user=4.91 sys=0.21, real=0.75 secs] 
334.045: [Full GC (Ergonomics) [PSYoungGen: 134144K->20346K(153600K)] [ParOldGen: 349626K->349625K(349696K)] 483770K->369972K(503296K), [Metaspace: 78599K->78599K(1118208K)], 0.7634666 secs] [Times: user=4.97 sys=0.13, real=0.76 secs] 
334.849: [Full GC (Ergonomics) [PSYoungGen: 134144K->18673K(153600K)] [ParOldGen: 349625K->349624K(349696K)] 483769K->368297K(503296K), [Metaspace: 78599K->78599K(1118208K)], 0.8154200 secs] [Times: user=5.23 sys=0.23, real=0.82 secs] 
335.706: [Full GC (Ergonomics) [PSYoungGen: 134144K->20257K(153600K)] [ParOldGen: 349624K->349621K(349696K)] 483768K->369878K(503296K), [Metaspace: 78599K->78599K(1118208K)], 0.5887016 secs] [Times: user=3.19 sys=0.14, real=0.59 secs] 
336.428: [Full GC (Ergonomics) [PSYoungGen: 134144K->16836K(153600K)] [ParOldGen: 349621K->349679K(349696K)] 483765K->366516K(503296K), [Metaspace: 78599K->78599K(1118208K)], 0.8471043 secs] [Times: user=5.38 sys=0.16, real=0.85 secs] 
337.322: [Full GC (Ergonomics) [PSYoungGen: 134144K->21139K(153600K)] [ParOldGen: 349679K->349678K(349696K)] 483823K->370818K(503296K), [Metaspace: 78599K->78599K(1118208K)], 1.0258576 secs] [Times: user=5.64 sys=0.16, real=1.02 secs] 
338.407: [Full GC (Ergonomics) [PSYoungGen: 134144K->20401K(153600K)] [ParOldGen: 349678K->349671K(349696K)] 483822K->370072K(503296K), [Metaspace: 78599K->78599K(1118208K)], 1.0715619 secs] [Times: user=5.48 sys=0.14, real=1.07 secs] 
339.545: [Full GC (Ergonomics) [PSYoungGen: 134144K->21063K(153600K)] [ParOldGen: 349671K->349670K(349696K)] 483815K->370733K(503296K), [Metaspace: 78599K->78599K(1118208K)], 0.9457197 secs] [Times: user=5.16 sys=0.22, real=0.94 secs] 
340.540: [Full GC (Ergonomics) [PSYoungGen: 134144K->24081K(153600K)] [ParOldGen: 349670K->349668K(349696K)] 483814K->373749K(503296K), [Metaspace: 78600K->78600K(1118208K)], 0.9004582 secs] [Times: user=5.46 sys=0.22, real=0.90 secs] 
341.487: [Full GC (Ergonomics) [PSYoungGen: 134128K->24394K(153600K)] [ParOldGen: 349668K->349667K(349696K)] 483797K->374062K(503296K), [Metaspace: 78600K->78600K(1118208K)], 0.7984734 secs] [Times: user=4.56 sys=0.21, real=0.80 secs] 
342.331: [Full GC (Ergonomics) [PSYoungGen: 134144K->18850K(153600K)] [ParOldGen: 349667K->349666K(349696K)] 483811K->368517K(503296K), [Metaspace: 78600K->78600K(1118208K)], 0.7129751 secs] [Times: user=4.26 sys=0.16, real=0.72 secs] 
343.288: [Full GC (Ergonomics) [PSYoungGen: 134144K->17456K(153600K)] [ParOldGen: 349666K->349357K(349696K)] 483810K->366813K(503296K), [Metaspace: 78613K->78613K(1118208K)], 0.7178470 secs] [Times: user=4.39 sys=0.17, real=0.72 secs] 
344.132: [Full GC (Ergonomics) [PSYoungGen: 133897K->27575K(153600K)] [ParOldGen: 349357K->349666K(349696K)] 483254K->377242K(503296K), [Metaspace: 78613K->78613K(1118208K)], 0.7588428 secs] [Times: user=4.88 sys=0.19, real=0.76 secs] 
344.911: [Full GC (Ergonomics) [PSYoungGen: 134144K->28308K(153600K)] [ParOldGen: 349666K->349663K(349696K)] 483810K->377972K(503296K), [Metaspace: 78625K->78625K(1118208K)], 0.8440071 secs] [Times: user=5.12 sys=0.21, real=0.85 secs] 
345.776: [Full GC (Ergonomics) [PSYoungGen: 134144K->29353K(153600K)] [ParOldGen: 349663K->349660K(349696K)] 483807K->379013K(503296K), [Metaspace: 78626K->78626K(1118208K)], 0.6435304 secs] [Times: user=3.94 sys=0.12, real=0.64 secs] 
346.439: [Full GC (Ergonomics) [PSYoungGen: 134144K->32262K(153600K)] [ParOldGen: 349660K->349659K(349696K)] 483804K->381922K(503296K), [Metaspace: 78626K->78626K(1118208K)], 0.7743096 secs] [Times: user=4.72 sys=0.19, real=0.77 secs] 
347.234: [Full GC (Ergonomics) [PSYoungGen: 134144K->31258K(153600K)] [ParOldGen: 349659K->349659K(349696K)] 483803K->380917K(503296K), [Metaspace: 78626K->78626K(1118208K)], 0.7601413 secs] [Times: user=4.45 sys=0.12, real=0.76 secs] 
348.013: [Full GC (Ergonomics) [PSYoungGen: 134144K->32855K(153600K)] [ParOldGen: 349659K->349659K(349696K)] 483803K->382514K(503296K), [Metaspace: 78626K->78626K(1118208K)], 0.3051878 secs] [Times: user=1.69 sys=0.03, real=0.31 secs] 
348.340: [Full GC (Ergonomics) [PSYoungGen: 134144K->31885K(153600K)] [ParOldGen: 349659K->349655K(349696K)] 483803K->381540K(503296K), [Metaspace: 78627K->78627K(1118208K)], 0.6791449 secs] [Times: user=4.40 sys=0.17, real=0.68 secs] 
349.048: [Full GC (Ergonomics) [PSYoungGen: 134144K->34013K(153600K)] [ParOldGen: 349655K->349393K(349696K)] 483799K->383406K(503296K), [Metaspace: 78627K->78627K(1118208K)], 0.6194229 secs] [Times: user=3.60 sys=0.15, real=0.62 secs] 
349.706: [Full GC (Ergonomics) [PSYoungGen: 134144K->34320K(153600K)] [ParOldGen: 349393K->349386K(349696K)] 483537K->383706K(503296K), [Metaspace: 78636K->78636K(1118208K)], 0.8427774 secs] [Times: user=5.27 sys=0.21, real=0.84 secs] 
350.575: [Full GC (Ergonomics) [PSYoungGen: 134144K->34374K(153600K)] [ParOldGen: 349386K->349493K(349696K)] 483530K->383868K(503296K), [Metaspace: 78639K->78639K(1118208K)], 0.5522973 secs] [Times: user=3.53 sys=0.07, real=0.55 secs] 
351.148: [Full GC (Ergonomics) [PSYoungGen: 134144K->33030K(153600K)] [ParOldGen: 349493K->349492K(349696K)] 483637K->382523K(503296K), [Metaspace: 78639K->78639K(1118208K)], 0.5907301 secs] [Times: user=3.83 sys=0.11, real=0.59 secs] 
351.758: [Full GC (Ergonomics) [PSYoungGen: 134144K->31823K(153600K)] [ParOldGen: 349492K->349492K(349696K)] 483636K->381315K(503296K), [Metaspace: 78639K->78639K(1118208K)], 0.5001019 secs] [Times: user=3.06 sys=0.08, real=0.50 secs] 
352.276: [Full GC (Ergonomics) [PSYoungGen: 134144K->33658K(153600K)] [ParOldGen: 349492K->349247K(349696K)] 483636K->382905K(503296K), [Metaspace: 78639K->78639K(1118208K)], 0.5483033 secs] [Times: user=3.26 sys=0.06, real=0.55 secs] 
352.840: [Full GC (Ergonomics) [PSYoungGen: 134144K->30339K(153600K)] [ParOldGen: 349247K->349246K(349696K)] 483391K->379586K(503296K), [Metaspace: 78639K->78639K(1118208K)], 0.3482948 secs] [Times: user=2.09 sys=0.05, real=0.35 secs] 
353.206: [Full GC (Ergonomics) [PSYoungGen: 134144K->33721K(153600K)] [ParOldGen: 349246K->349246K(349696K)] 483390K->382968K(503296K), [Metaspace: 78639K->78639K(1118208K)], 0.6006720 secs] [Times: user=3.74 sys=0.09, real=0.60 secs] 
353.822: [Full GC (Ergonomics) [PSYoungGen: 134144K->28665K(153600K)] [ParOldGen: 349246K->349503K(349696K)] 483390K->378168K(503296K), [Metaspace: 78639K->78639K(1118208K)], 0.3018384 secs] [Times: user=1.69 sys=0.04, real=0.30 secs] 
354.139: [Full GC (Ergonomics) [PSYoungGen: 134144K->31670K(153600K)] [ParOldGen: 349503K->349503K(349696K)] 483647K->381173K(503296K), [Metaspace: 78639K->78639K(1118208K)], 0.5098263 secs] [Times: user=2.74 sys=0.01, real=0.51 secs] 
354.665: [Full GC (Ergonomics) [PSYoungGen: 134144K->33106K(153600K)] [ParOldGen: 349503K->349503K(349696K)] 483647K->382609K(503296K), [Metaspace: 78639K->78639K(1118208K)], 0.4690826 secs] [Times: user=2.95 sys=0.02, real=0.46 secs] 
355.151: [Full GC (Ergonomics) [PSYoungGen: 134144K->32844K(153600K)] [ParOldGen: 349503K->349502K(349696K)] 483647K->382347K(503296K), [Metaspace: 78640K->78640K(1118208K)], 0.3015513 secs] [Times: user=1.72 sys=0.00, real=0.30 secs] 
355.469: [Full GC (Ergonomics) [PSYoungGen: 134144K->33512K(153600K)] [ParOldGen: 349502K->349502K(349696K)] 483646K->383015K(503296K), [Metaspace: 78640K->78640K(1118208K)], 0.4485773 secs] [Times: user=2.69 sys=0.02, real=0.45 secs] 
355.939: [Full GC (Ergonomics) [PSYoungGen: 134144K->33228K(153600K)] [ParOldGen: 349502K->349502K(349696K)] 483646K->382730K(503296K), [Metaspace: 78640K->78640K(1118208K)], 0.6434901 secs] [Times: user=3.75 sys=0.04, real=0.64 secs] 
356.605: [Full GC (Ergonomics) [PSYoungGen: 134144K->33639K(153600K)] [ParOldGen: 349502K->349501K(349696K)] 483646K->383141K(503296K), [Metaspace: 78640K->78640K(1118208K)], 0.3264563 secs] [Times: user=1.87 sys=0.01, real=0.32 secs] 
356.951: [Full GC (Ergonomics) [PSYoungGen: 134144K->32731K(153600K)] [ParOldGen: 349501K->349501K(349696K)] 483645K->382233K(503296K), [Metaspace: 78640K->78640K(1118208K)], 0.3347873 secs] [Times: user=1.72 sys=0.00, real=0.34 secs] 
357.302: [Full GC (Ergonomics) [PSYoungGen: 134144K->32314K(153600K)] [ParOldGen: 349501K->349501K(349696K)] 483645K->381816K(503296K), [Metaspace: 78640K->78640K(1118208K)], 0.6871527 secs] [Times: user=4.31 sys=0.03, real=0.69 secs] 
358.009: [Full GC (Ergonomics) [PSYoungGen: 134144K->32056K(153600K)] [ParOldGen: 349501K->349501K(349696K)] 483645K->381558K(503296K), [Metaspace: 78640K->78640K(1118208K)], 0.4077150 secs] [Times: user=2.58 sys=0.01, real=0.41 secs] 
358.434: [Full GC (Ergonomics) [PSYoungGen: 134144K->33748K(153600K)] [ParOldGen: 349501K->349501K(349696K)] 483645K->383249K(503296K), [Metaspace: 78640K->78640K(1118208K)], 0.4589524 secs] [Times: user=2.88 sys=0.02, real=0.46 secs] 
358.909: [Full GC (Ergonomics) [PSYoungGen: 134144K->30857K(153600K)] [ParOldGen: 349501K->349501K(349696K)] 483645K->380358K(503296K), [Metaspace: 78640K->78640K(1118208K)], 0.7693053 secs] [Times: user=5.23 sys=0.03, real=0.77 secs] 
359.694: [Full GC (Ergonomics) [PSYoungGen: 134144K->31562K(153600K)] [ParOldGen: 349501K->349501K(349696K)] 483645K->381063K(503296K), [Metaspace: 78640K->78640K(1118208K)], 0.2959978 secs] [Times: user=1.65 sys=0.01, real=0.30 secs] 
360.007: [Full GC (Ergonomics) [PSYoungGen: 134144K->30909K(153600K)] [ParOldGen: 349501K->349500K(349696K)] 483645K->380410K(503296K), [Metaspace: 78640K->78640K(1118208K)], 0.5118900 secs] [Times: user=3.15 sys=0.01, real=0.51 secs] 
360.535: [Full GC (Ergonomics) [PSYoungGen: 134144K->32159K(153600K)] [ParOldGen: 349500K->349500K(349696K)] 483644K->381660K(503296K), [Metaspace: 78640K->78640K(1118208K)], 0.2951207 secs] [Times: user=1.69 sys=0.00, real=0.30 secs] 
360.845: [Full GC (Ergonomics) [PSYoungGen: 134144K->29965K(153600K)] [ParOldGen: 349500K->349500K(349696K)] 483644K->379465K(503296K), [Metaspace: 78640K->78640K(1118208K)], 0.8608253 secs] [Times: user=5.30 sys=0.03, real=0.86 secs] 
361.720: [Full GC (Ergonomics) [PSYoungGen: 134144K->33190K(153600K)] [ParOldGen: 349500K->349500K(349696K)] 483644K->382690K(503296K), [Metaspace: 78640K->78640K(1118208K)], 0.3039159 secs] [Times: user=1.67 sys=0.00, real=0.30 secs] 
362.041: [Full GC (Ergonomics) [PSYoungGen: 134144K->32629K(153600K)] [ParOldGen: 349500K->349499K(349696K)] 483644K->382129K(503296K), [Metaspace: 78640K->78640K(1118208K)], 0.7436970 secs] [Times: user=4.88 sys=0.02, real=0.74 secs] 
362.799: [Full GC (Ergonomics) [PSYoungGen: 134144K->30190K(153600K)] [ParOldGen: 349499K->349499K(349696K)] 483643K->379690K(503296K), [Metaspace: 78640K->78640K(1118208K)], 0.6974446 secs] [Times: user=4.68 sys=0.03, real=0.70 secs] 
363.515: [Full GC (Ergonomics) [PSYoungGen: 134144K->35555K(153600K)] [ParOldGen: 349499K->349499K(349696K)] 483643K->385055K(503296K), [Metaspace: 78640K->78640K(1118208K)], 0.6156715 secs] [Times: user=3.94 sys=0.02, real=0.62 secs] 
364.152: [Full GC (Ergonomics) [PSYoungGen: 134144K->34327K(153600K)] [ParOldGen: 349499K->349499K(349696K)] 483643K->383826K(503296K), [Metaspace: 78640K->78640K(1118208K)], 0.5522411 secs] [Times: user=3.53 sys=0.02, real=0.55 secs] 
364.723: [Full GC (Ergonomics) [PSYoungGen: 134144K->34324K(153600K)] [ParOldGen: 349499K->349499K(349696K)] 483643K->383823K(503296K), [Metaspace: 78640K->78640K(1118208K)], 0.4166118 secs] [Times: user=2.46 sys=0.01, real=0.42 secs] 
365.157: [Full GC (Ergonomics) [PSYoungGen: 134144K->30804K(153600K)] [ParOldGen: 349499K->349499K(349696K)] 483643K->380303K(503296K), [Metaspace: 78640K->78640K(1118208K)], 0.3099185 secs] [Times: user=1.73 sys=0.00, real=0.31 secs] 
365.486: [Full GC (Ergonomics) [PSYoungGen: 134144K->33113K(153600K)] [ParOldGen: 349499K->349498K(349696K)] 483643K->382612K(503296K), [Metaspace: 78640K->78640K(1118208K)], 0.8169937 secs] [Times: user=5.32 sys=0.03, real=0.82 secs] 
366.319: [Full GC (Ergonomics) [PSYoungGen: 134144K->30889K(153600K)] [ParOldGen: 349498K->349488K(349696K)] 483642K->380377K(503296K), [Metaspace: 78640K->78640K(1118208K)], 0.8324160 secs] [Times: user=5.32 sys=0.03, real=0.83 secs] 
367.177: [Full GC (Ergonomics) [PSYoungGen: 134144K->31579K(153600K)] [ParOldGen: 349488K->349487K(349696K)] 483632K->381067K(503296K), [Metaspace: 78640K->78640K(1118208K)], 0.9544086 secs] [Times: user=5.83 sys=0.04, real=0.95 secs] 
368.147: [Full GC (Ergonomics) [PSYoungGen: 134144K->33839K(153600K)] [ParOldGen: 349487K->349487K(349696K)] 483631K->383326K(503296K), [Metaspace: 78640K->78640K(1118208K)], 0.5333914 secs] [Times: user=3.22 sys=0.02, real=0.53 secs] 
368.696: [Full GC (Ergonomics) [PSYoungGen: 134144K->30122K(153600K)] [ParOldGen: 349487K->349487K(349696K)] 483631K->379610K(503296K), [Metaspace: 78640K->78640K(1118208K)], 0.3596824 secs] [Times: user=1.86 sys=0.01, real=0.36 secs] 
369.069: [Full GC (Ergonomics) [PSYoungGen: 134144K->32678K(153600K)] [ParOldGen: 349487K->349487K(349696K)] 483631K->382165K(503296K), [Metaspace: 78640K->78640K(1118208K)], 0.3054309 secs] [Times: user=1.70 sys=0.01, real=0.30 secs] 
369.390: [Full GC (Ergonomics) [PSYoungGen: 134144K->30379K(153600K)] [ParOldGen: 349487K->349486K(349696K)] 483631K->379866K(503296K), [Metaspace: 78640K->78640K(1118208K)], 0.7262352 secs] [Times: user=4.31 sys=0.02, real=0.72 secs] 
370.132: [Full GC (Ergonomics) [PSYoungGen: 134144K->33363K(153600K)] [ParOldGen: 349486K->349486K(349696K)] 483630K->382850K(503296K), [Metaspace: 78640K->78640K(1118208K)], 0.3409500 secs] [Times: user=1.88 sys=0.01, real=0.34 secs] 
370.493: [Full GC (Ergonomics) [PSYoungGen: 134144K->33029K(153600K)] [ParOldGen: 349486K->349486K(349696K)] 483630K->382515K(503296K), [Metaspace: 78640K->78640K(1118208K)], 0.6063153 secs] [Times: user=3.49 sys=0.02, real=0.61 secs] 
371.122: [Full GC (Ergonomics) [PSYoungGen: 134144K->32786K(153600K)] [ParOldGen: 349486K->349486K(349696K)] 483630K->382272K(503296K), [Metaspace: 78640K->78640K(1118208K)], 0.6191992 secs] [Times: user=3.81 sys=0.01, real=0.62 secs] 
371.758: [Full GC (Ergonomics) [PSYoungGen: 134144K->32235K(153600K)] [ParOldGen: 349486K->349485K(349696K)] 483630K->381721K(503296K), [Metaspace: 78640K->78640K(1118208K)], 0.4984431 secs] [Times: user=2.79 sys=0.02, real=0.49 secs] 
372.276: [Full GC (Ergonomics) [PSYoungGen: 134144K->32492K(153600K)] [ParOldGen: 349485K->349485K(349696K)] 483629K->381977K(503296K), [Metaspace: 78640K->78640K(1118208K)], 0.7311639 secs] [Times: user=4.51 sys=0.02, real=0.73 secs] 
373.028: [Full GC (Ergonomics) [PSYoungGen: 134144K->34829K(153600K)] [ParOldGen: 349485K->349485K(349696K)] 483629K->384314K(503296K), [Metaspace: 78640K->78640K(1118208K)], 0.3472989 secs] [Times: user=1.90 sys=0.00, real=0.34 secs] 
373.392: [Full GC (Ergonomics) [PSYoungGen: 134144K->31525K(153600K)] [ParOldGen: 349485K->349484K(349696K)] 483629K->381009K(503296K), [Metaspace: 78640K->78640K(1118208K)], 0.7137524 secs] [Times: user=4.74 sys=0.02, real=0.71 secs] 
374.122: [Full GC (Ergonomics) [PSYoungGen: 134144K->34207K(153600K)] [ParOldGen: 349484K->349484K(349696K)] 483628K->383691K(503296K), [Metaspace: 78640K->78640K(1118208K)], 0.4365801 secs] [Times: user=2.68 sys=0.00, real=0.44 secs] 
374.577: [Full GC (Ergonomics) [PSYoungGen: 134144K->31005K(153600K)] [ParOldGen: 349484K->349484K(349696K)] 483628K->380489K(503296K), [Metaspace: 78640K->78640K(1118208K)], 0.6757784 secs] [Times: user=4.30 sys=0.02, real=0.68 secs] 
375.274: [Full GC (Ergonomics) [PSYoungGen: 134144K->32795K(153600K)] [ParOldGen: 349484K->349483K(349696K)] 483628K->382279K(503296K), [Metaspace: 78640K->78640K(1118208K)], 0.8686764 secs] [Times: user=5.53 sys=0.02, real=0.87 secs] 
376.165: [Full GC (Ergonomics) [PSYoungGen: 134144K->36691K(153600K)] [ParOldGen: 349483K->349483K(349696K)] 483627K->386174K(503296K), [Metaspace: 78640K->78640K(1118208K)], 0.8824782 secs] [Times: user=5.41 sys=0.04, real=0.88 secs] 
377.062: [Full GC (Ergonomics) [PSYoungGen: 134144K->31044K(153600K)] [ParOldGen: 349483K->349483K(349696K)] 483627K->380527K(503296K), [Metaspace: 78640K->78640K(1118208K)], 0.3386032 secs] [Times: user=1.73 sys=0.01, real=0.34 secs] 
377.420: [Full GC (Ergonomics) [PSYoungGen: 134144K->35026K(153600K)] [ParOldGen: 349483K->349482K(349696K)] 483627K->384509K(503296K), [Metaspace: 78640K->78640K(1118208K)], 0.7054723 secs] [Times: user=4.23 sys=0.02, real=0.70 secs] 
378.141: [Full GC (Ergonomics) [PSYoungGen: 134144K->31751K(153600K)] [ParOldGen: 349482K->349482K(349696K)] 483626K->381234K(503296K), [Metaspace: 78640K->78640K(1118208K)], 0.5661761 secs] [Times: user=3.36 sys=0.02, real=0.56 secs] 
378.724: [Full GC (Ergonomics) [PSYoungGen: 134144K->32686K(153600K)] [ParOldGen: 349482K->349482K(349696K)] 483626K->382168K(503296K), [Metaspace: 78640K->78640K(1118208K)], 0.5207341 secs] [Times: user=3.34 sys=0.02, real=0.52 secs] 
379.268: [Full GC (Ergonomics) [PSYoungGen: 134144K->31245K(153600K)] [ParOldGen: 349482K->349481K(349696K)] 483626K->380727K(503296K), [Metaspace: 78640K->78640K(1118208K)], 0.7334763 secs] [Times: user=4.68 sys=0.03, real=0.74 secs] 
380.022: [Full GC (Ergonomics) [PSYoungGen: 134144K->34692K(153600K)] [ParOldGen: 349481K->349481K(349696K)] 483625K->384173K(503296K), [Metaspace: 78640K->78640K(1118208K)], 0.5260273 secs] [Times: user=3.35 sys=0.01, real=0.52 secs] 
380.566: [Full GC (Ergonomics) [PSYoungGen: 134142K->32958K(153600K)] [ParOldGen: 349481K->349480K(349696K)] 483623K->382439K(503296K), [Metaspace: 78640K->78640K(1118208K)], 0.5039644 secs] [Times: user=3.25 sys=0.02, real=0.51 secs] 
381.087: [Full GC (Ergonomics) [PSYoungGen: 134144K->31773K(153600K)] [ParOldGen: 349480K->349480K(349696K)] 483624K->381254K(503296K), [Metaspace: 78640K->78640K(1118208K)], 0.7892414 secs] [Times: user=5.22 sys=0.03, real=0.79 secs] 
381.893: [Full GC (Ergonomics) [PSYoungGen: 134144K->33984K(153600K)] [ParOldGen: 349480K->349480K(349696K)] 483624K->383464K(503296K), [Metaspace: 78640K->78640K(1118208K)], 0.5591328 secs] [Times: user=3.67 sys=0.01, real=0.56 secs] 
382.470: [Full GC (Ergonomics) [PSYoungGen: 134144K->33394K(153600K)] [ParOldGen: 349480K->349479K(349696K)] 483624K->382874K(503296K), [Metaspace: 78640K->78640K(1118208K)], 0.4243983 secs] [Times: user=2.54 sys=0.02, real=0.42 secs] 
382.910: [Full GC (Ergonomics) [PSYoungGen: 134144K->33746K(153600K)] [ParOldGen: 349479K->349479K(349696K)] 483623K->383225K(503296K), [Metaspace: 78640K->78640K(1118208K)], 0.4390268 secs] [Times: user=2.78 sys=0.01, real=0.44 secs] 
383.363: [Full GC (Ergonomics) [PSYoungGen: 134144K->31028K(153600K)] [ParOldGen: 349479K->349479K(349696K)] 483623K->380507K(503296K), [Metaspace: 78640K->78640K(1118208K)], 0.6311320 secs] [Times: user=4.09 sys=0.03, real=0.63 secs] 
384.010: [Full GC (Ergonomics) [PSYoungGen: 134144K->31795K(153600K)] [ParOldGen: 349479K->349479K(349696K)] 483623K->381275K(503296K), [Metaspace: 78640K->78640K(1118208K)], 0.4470190 secs] [Times: user=2.46 sys=0.01, real=0.44 secs] 
384.477: [Full GC (Ergonomics) [PSYoungGen: 134144K->33162K(153600K)] [ParOldGen: 349479K->349478K(349696K)] 483623K->382641K(503296K), [Metaspace: 78640K->78640K(1118208K)], 0.5687456 secs] [Times: user=3.30 sys=0.02, real=0.57 secs] 
385.063: [Full GC (Ergonomics) [PSYoungGen: 134143K->33151K(153600K)] [ParOldGen: 349478K->349478K(349696K)] 483621K->382629K(503296K), [Metaspace: 78640K->78640K(1118208K)], 0.4742088 secs] [Times: user=2.56 sys=0.01, real=0.47 secs] 
385.554: [Full GC (Ergonomics) [PSYoungGen: 134144K->30869K(153600K)] [ParOldGen: 349478K->349478K(349696K)] 483622K->380347K(503296K), [Metaspace: 78640K->78640K(1118208K)], 0.5205305 secs] [Times: user=2.97 sys=0.01, real=0.52 secs] 
386.093: [Full GC (Ergonomics) [PSYoungGen: 134144K->29811K(153600K)] [ParOldGen: 349478K->349478K(349696K)] 483622K->379289K(503296K), [Metaspace: 78640K->78640K(1118208K)], 0.3102748 secs] [Times: user=1.68 sys=0.01, real=0.31 secs] 
386.425: [Full GC (Ergonomics) [PSYoungGen: 134144K->29947K(153600K)] [ParOldGen: 349478K->349478K(349696K)] 483622K->379425K(503296K), [Metaspace: 78640K->78640K(1118208K)], 0.2876679 secs] [Times: user=1.67 sys=0.01, real=0.29 secs] 
386.737: [Full GC (Ergonomics) [PSYoungGen: 134144K->27039K(153600K)] [ParOldGen: 349478K->349477K(349696K)] 483622K->376516K(503296K), [Metaspace: 78640K->78640K(1118208K)], 0.7422183 secs] [Times: user=4.31 sys=0.02, real=0.74 secs] 
387.529: [Full GC (Ergonomics) [PSYoungGen: 134144K->23233K(153600K)] [ParOldGen: 349477K->349473K(349696K)] 483621K->372707K(503296K), [Metaspace: 78640K->78640K(1118208K)], 0.8493293 secs] [Times: user=5.01 sys=0.03, real=0.85 secs] 
388.421: [Full GC (Ergonomics) [PSYoungGen: 134144K->17184K(153600K)] [ParOldGen: 349473K->349462K(349696K)] 483617K->366647K(503296K), [Metaspace: 78640K->78640K(1118208K)], 1.0037303 secs] [Times: user=6.37 sys=0.04, real=1.00 secs] 
389.467: [Full GC (Ergonomics) [PSYoungGen: 134144K->17491K(153600K)] [ParOldGen: 349462K->349447K(349696K)] 483606K->366939K(503296K), [Metaspace: 78640K->78640K(1118208K)], 1.0877783 secs] [Times: user=6.68 sys=0.05, real=1.09 secs] 
390.608: [Full GC (Ergonomics) [PSYoungGen: 134144K->28945K(153600K)] [ParOldGen: 349447K->349439K(349696K)] 483591K->378385K(503296K), [Metaspace: 78641K->78641K(1118208K)], 1.0181280 secs] [Times: user=6.46 sys=0.05, real=1.02 secs] 
391.667: [Full GC (Ergonomics) [PSYoungGen: 134144K->26519K(153600K)] [ParOldGen: 349439K->349438K(349696K)] 483583K->375957K(503296K), [Metaspace: 78641K->78641K(1118208K)], 0.7175209 secs] [Times: user=4.64 sys=0.02, real=0.72 secs] 
392.430: [Full GC (Ergonomics) [PSYoungGen: 134144K->27190K(153600K)] [ParOldGen: 349438K->349435K(349696K)] 483582K->376626K(503296K), [Metaspace: 78641K->78641K(1118208K)], 0.9139114 secs] [Times: user=5.90 sys=0.03, real=0.92 secs] 
393.383: [Full GC (Ergonomics) [PSYoungGen: 134144K->21569K(153600K)] [ParOldGen: 349435K->349434K(349696K)] 483579K->371004K(503296K), [Metaspace: 78641K->78641K(1118208K)], 0.8651334 secs] [Times: user=5.72 sys=0.03, real=0.86 secs] 
394.293: [Full GC (Ergonomics) [PSYoungGen: 134139K->25012K(153600K)] [ParOldGen: 349434K->349431K(349696K)] 483574K->374444K(503296K), [Metaspace: 78641K->78641K(1118208K)], 0.8443203 secs] [Times: user=5.56 sys=0.03, real=0.84 secs] 
395.213: [Full GC (Ergonomics) [PSYoungGen: 134144K->29606K(153600K)] [ParOldGen: 349431K->349429K(349696K)] 483575K->379036K(503296K), [Metaspace: 78647K->78647K(1118208K)], 0.9633273 secs] [Times: user=5.89 sys=0.03, real=0.96 secs] 
396.210: [Full GC (Ergonomics) [PSYoungGen: 134144K->27095K(153600K)] [ParOldGen: 349429K->349427K(349696K)] 483573K->376523K(503296K), [Metaspace: 78647K->78647K(1118208K)], 0.8137977 secs] [Times: user=5.31 sys=0.04, real=0.82 secs] 
397.058: [Full GC (Ergonomics) [PSYoungGen: 134144K->27516K(153600K)] [ParOldGen: 349427K->349425K(349696K)] 483571K->376942K(503296K), [Metaspace: 78647K->78647K(1118208K)], 0.9315596 secs] [Times: user=5.84 sys=0.03, real=0.93 secs] 
398.026: [Full GC (Ergonomics) [PSYoungGen: 134144K->27768K(153600K)] [ParOldGen: 349425K->349423K(349696K)] 483569K->377192K(503296K), [Metaspace: 78647K->78647K(1118208K)], 0.6424443 secs] [Times: user=4.17 sys=0.01, real=0.64 secs] 
398.700: [Full GC (Ergonomics) [PSYoungGen: 134144K->28037K(153600K)] [ParOldGen: 349423K->349422K(349696K)] 483567K->377460K(503296K), [Metaspace: 78647K->78647K(1118208K)], 0.5816476 secs] [Times: user=3.72 sys=0.01, real=0.59 secs] 
399.315: [Full GC (Ergonomics) [PSYoungGen: 134144K->28420K(153600K)] [ParOldGen: 349422K->349420K(349696K)] 483566K->377840K(503296K), [Metaspace: 78647K->78647K(1118208K)], 0.7960999 secs] [Times: user=5.16 sys=0.02, real=0.79 secs] 
400.145: [Full GC (Ergonomics) [PSYoungGen: 134139K->28670K(153600K)] [ParOldGen: 349420K->349418K(349696K)] 483559K->378088K(503296K), [Metaspace: 78647K->78647K(1118208K)], 0.8239440 secs] [Times: user=4.93 sys=0.02, real=0.82 secs] 
401.000: [Full GC (Ergonomics) [PSYoungGen: 134144K->27998K(153600K)] [ParOldGen: 349418K->349416K(349696K)] 483562K->377415K(503296K), [Metaspace: 78647K->78647K(1118208K)], 0.6689904 secs] [Times: user=4.29 sys=0.01, real=0.67 secs] 
401.698: [Full GC (Ergonomics) [PSYoungGen: 134144K->31223K(153600K)] [ParOldGen: 349416K->349415K(349696K)] 483560K->380638K(503296K), [Metaspace: 78647K->78647K(1118208K)], 0.7862601 secs] [Times: user=5.05 sys=0.03, real=0.79 secs] 
402.515: [Full GC (Ergonomics) [PSYoungGen: 134144K->27982K(153600K)] [ParOldGen: 349415K->349413K(349696K)] 483559K->377396K(503296K), [Metaspace: 78647K->78647K(1118208K)], 0.7285689 secs] [Times: user=4.81 sys=0.02, real=0.73 secs] 
403.276: [Full GC (Ergonomics) [PSYoungGen: 134144K->31254K(153600K)] [ParOldGen: 349413K->349411K(349696K)] 483557K->380666K(503296K), [Metaspace: 78647K->78647K(1118208K)], 0.7106693 secs] [Times: user=4.73 sys=0.02, real=0.71 secs] 
404.019: [Full GC (Ergonomics) [PSYoungGen: 134144K->30953K(153600K)] [ParOldGen: 349411K->349409K(349696K)] 483555K->380363K(503296K), [Metaspace: 78647K->78647K(1118208K)], 0.8516220 secs] [Times: user=5.69 sys=0.03, real=0.85 secs] 
404.901: [Full GC (Ergonomics) [PSYoungGen: 134144K->28695K(153600K)] [ParOldGen: 349409K->349407K(349696K)] 483553K->378103K(503296K), [Metaspace: 78647K->78647K(1118208K)], 0.7391413 secs] [Times: user=4.91 sys=0.03, real=0.74 secs] 
405.671: [Full GC (Ergonomics) [PSYoungGen: 134144K->28566K(153600K)] [ParOldGen: 349407K->349405K(349696K)] 483551K->377972K(503296K), [Metaspace: 78650K->78650K(1118208K)], 0.8496555 secs] [Times: user=5.32 sys=0.04, real=0.85 secs] 
406.572: [Full GC (Ergonomics) [PSYoungGen: 134144K->29406K(153600K)] [ParOldGen: 349405K->349403K(349696K)] 483549K->378810K(503296K), [Metaspace: 78650K->78650K(1118208K)], 0.9164066 secs] [Times: user=4.62 sys=0.06, real=0.92 secs] 
407.524: [Full GC (Ergonomics) [PSYoungGen: 134144K->29175K(153600K)] [ParOldGen: 349403K->349401K(349696K)] 483547K->378576K(503296K), [Metaspace: 78650K->78650K(1118208K)], 0.9057830 secs] [Times: user=5.64 sys=0.17, real=0.90 secs] 
408.463: [Full GC (Ergonomics) [PSYoungGen: 134102K->32915K(153600K)] [ParOldGen: 349401K->349400K(349696K)] 483504K->382315K(503296K), [Metaspace: 78650K->78650K(1118208K)], 0.8902796 secs] [Times: user=5.26 sys=0.11, real=0.89 secs] 
409.387: [Full GC (Ergonomics) [PSYoungGen: 134144K->28602K(153600K)] [ParOldGen: 349400K->349398K(349696K)] 483544K->378000K(503296K), [Metaspace: 78650K->78650K(1118208K)], 0.9266239 secs] [Times: user=5.61 sys=0.16, real=0.93 secs] 
410.348: [Full GC (Ergonomics) [PSYoungGen: 134144K->28987K(153600K)] [ParOldGen: 349398K->349397K(349696K)] 483542K->378384K(503296K), [Metaspace: 78650K->78650K(1118208K)], 0.5515493 secs] [Times: user=3.38 sys=0.11, real=0.55 secs] 
410.936: [Full GC (Ergonomics) [PSYoungGen: 134144K->25537K(153600K)] [ParOldGen: 349397K->349395K(349696K)] 483541K->374933K(503296K), [Metaspace: 78650K->78650K(1118208K)], 0.7010084 secs] [Times: user=3.98 sys=0.07, real=0.70 secs] 
411.671: [Full GC (Ergonomics) [PSYoungGen: 134144K->27140K(153600K)] [ParOldGen: 349395K->349394K(349696K)] 483539K->376534K(503296K), [Metaspace: 78650K->78650K(1118208K)], 0.6805124 secs] [Times: user=4.24 sys=0.11, real=0.68 secs] 
412.387: [Full GC (Ergonomics) [PSYoungGen: 134144K->32117K(153600K)] [ParOldGen: 349394K->349392K(349696K)] 483538K->381509K(503296K), [Metaspace: 78650K->78650K(1118208K)], 0.8713242 secs] [Times: user=5.52 sys=0.11, real=0.87 secs] 
413.295: [Full GC (Ergonomics) [PSYoungGen: 134144K->28410K(153600K)] [ParOldGen: 349392K->349390K(349696K)] 483536K->377801K(503296K), [Metaspace: 78650K->78650K(1118208K)], 0.8746954 secs] [Times: user=5.79 sys=0.06, real=0.87 secs] 
414.200: [Full GC (Ergonomics) [PSYoungGen: 134144K->28388K(153600K)] [ParOldGen: 349390K->349388K(349696K)] 483534K->377776K(503296K), [Metaspace: 78650K->78650K(1118208K)], 0.8047791 secs] [Times: user=5.32 sys=0.03, real=0.81 secs] 
415.041: [Full GC (Ergonomics) [PSYoungGen: 134144K->30468K(153600K)] [ParOldGen: 349388K->349386K(349696K)] 483532K->379855K(503296K), [Metaspace: 78650K->78650K(1118208K)], 0.9949992 secs] [Times: user=4.85 sys=0.02, real=1.00 secs] 
416.111: [Full GC (Ergonomics) [PSYoungGen: 134100K->24497K(153600K)] [ParOldGen: 349386K->349385K(349696K)] 483486K->373883K(503296K), [Metaspace: 78650K->78650K(1118208K)], 0.8121950 secs] [Times: user=4.14 sys=0.02, real=0.81 secs] 
416.983: [Full GC (Ergonomics) [PSYoungGen: 134144K->23570K(153600K)] [ParOldGen: 349385K->349383K(349696K)] 483529K->372953K(503296K), [Metaspace: 78650K->78650K(1118208K)], 1.0397700 secs] [Times: user=4.84 sys=0.04, real=1.04 secs] 
418.071: [Full GC (Ergonomics) [PSYoungGen: 134144K->23236K(153600K)] [ParOldGen: 349383K->349381K(349696K)] 483527K->372618K(503296K), [Metaspace: 78650K->78650K(1118208K)], 0.8503083 secs] [Times: user=4.80 sys=0.03, real=0.85 secs] 
418.973: [Full GC (Ergonomics) [PSYoungGen: 134144K->27302K(153600K)] [ParOldGen: 349381K->349379K(349696K)] 483525K->376682K(503296K), [Metaspace: 78650K->78650K(1118208K)], 0.7379799 secs] [Times: user=4.86 sys=0.03, real=0.74 secs] 
419.749: [Full GC (Ergonomics) [PSYoungGen: 134144K->23669K(153600K)] [ParOldGen: 349379K->349377K(349696K)] 483523K->373047K(503296K), [Metaspace: 78650K->78650K(1118208K)], 0.8765680 secs] [Times: user=5.53 sys=0.11, real=0.88 secs] 
420.671: [Full GC (Ergonomics) [PSYoungGen: 134144K->25463K(153600K)] [ParOldGen: 349377K->349375K(349696K)] 483521K->374838K(503296K), [Metaspace: 78650K->78650K(1118208K)], 0.8391923 secs] [Times: user=5.26 sys=0.12, real=0.84 secs] 
421.550: [Full GC (Ergonomics) [PSYoungGen: 134144K->26785K(153600K)] [ParOldGen: 349375K->349374K(349696K)] 483519K->376159K(503296K), [Metaspace: 78650K->78650K(1118208K)], 0.7844938 secs] [Times: user=4.37 sys=0.14, real=0.79 secs] 
422.384: [Full GC (Ergonomics) [PSYoungGen: 134144K->22877K(153600K)] [ParOldGen: 349374K->349371K(349696K)] 483518K->372249K(503296K), [Metaspace: 78650K->78650K(1118208K)], 0.9061839 secs] [Times: user=4.90 sys=0.08, real=0.91 secs] 
423.332: [Full GC (Ergonomics) [PSYoungGen: 134144K->23833K(153600K)] [ParOldGen: 349371K->349369K(349696K)] 483515K->373202K(503296K), [Metaspace: 78650K->78650K(1118208K)], 0.8474522 secs] [Times: user=4.75 sys=0.14, real=0.85 secs] 
424.231: [Full GC (Ergonomics) [PSYoungGen: 134144K->29130K(153600K)] [ParOldGen: 349369K->349367K(349696K)] 483513K->378498K(503296K), [Metaspace: 78650K->78650K(1118208K)], 0.7535493 secs] [Times: user=4.74 sys=0.07, real=0.75 secs] 
425.025: [Full GC (Ergonomics) [PSYoungGen: 134144K->24251K(153600K)] [ParOldGen: 349367K->349365K(349696K)] 483511K->373616K(503296K), [Metaspace: 78650K->78650K(1118208K)], 0.8052798 secs] [Times: user=5.22 sys=0.02, real=0.80 secs] 
425.878: [Full GC (Ergonomics) [PSYoungGen: 134144K->26368K(153600K)] [ParOldGen: 349365K->349362K(349696K)] 483509K->375730K(503296K), [Metaspace: 78650K->78650K(1118208K)], 0.8399913 secs] [Times: user=5.40 sys=0.03, real=0.84 secs] 
426.764: [Full GC (Ergonomics) [PSYoungGen: 134144K->25257K(153600K)] [ParOldGen: 349362K->349360K(349696K)] 483506K->374618K(503296K), [Metaspace: 78650K->78650K(1118208K)], 1.1115126 secs] [Times: user=6.92 sys=0.04, real=1.12 secs] 
427.914: [Full GC (Ergonomics) [PSYoungGen: 134134K->24241K(153600K)] [ParOldGen: 349360K->349358K(349696K)] 483495K->373600K(503296K), [Metaspace: 78650K->78650K(1118208K)], 0.8192896 secs] [Times: user=5.41 sys=0.03, real=0.82 secs] 
428.773: [Full GC (Ergonomics) [PSYoungGen: 134144K->23325K(153600K)] [ParOldGen: 349358K->349356K(349696K)] 483502K->372682K(503296K), [Metaspace: 78650K->78650K(1118208K)], 0.8981039 secs] [Times: user=5.97 sys=0.03, real=0.90 secs] 
429.713: [Full GC (Ergonomics) [PSYoungGen: 134144K->27915K(153600K)] [ParOldGen: 349356K->349355K(349696K)] 483500K->377271K(503296K), [Metaspace: 78650K->78650K(1118208K)], 0.8527350 secs] [Times: user=5.39 sys=0.03, real=0.86 secs] 
430.605: [Full GC (Ergonomics) [PSYoungGen: 134144K->23502K(153600K)] [ParOldGen: 349355K->349353K(349696K)] 483499K->372856K(503296K), [Metaspace: 78650K->78650K(1118208K)], 0.9082341 secs] [Times: user=5.74 sys=0.04, real=0.91 secs] 
431.749: [Full GC (Ergonomics) [PSYoungGen: 134144K->16458K(153600K)] [ParOldGen: 349353K->349473K(349696K)] 483497K->365932K(503296K), [Metaspace: 78659K->78659K(1118208K)], 0.9558796 secs] [Times: user=6.06 sys=0.04, real=0.95 secs] 
432.792: [Full GC (Ergonomics) [PSYoungGen: 134144K->24582K(153600K)] [ParOldGen: 349473K->349270K(349696K)] 483617K->373853K(503296K), [Metaspace: 78659K->78659K(1118208K)], 0.8869841 secs] [Times: user=5.81 sys=0.03, real=0.89 secs] 
433.724: [Full GC (Ergonomics) [PSYoungGen: 134144K->25837K(153600K)] [ParOldGen: 349270K->349268K(349696K)] 483414K->375105K(503296K), [Metaspace: 78659K->78659K(1118208K)], 0.7954392 secs] [Times: user=5.24 sys=0.03, real=0.80 secs] 
434.558: [Full GC (Ergonomics) [PSYoungGen: 134144K->26758K(153600K)] [ParOldGen: 349268K->349266K(349696K)] 483412K->376025K(503296K), [Metaspace: 78659K->78659K(1118208K)], 0.7847437 secs] [Times: user=5.18 sys=0.03, real=0.78 secs] 
435.389: [Full GC (Ergonomics) [PSYoungGen: 134144K->28015K(153600K)] [ParOldGen: 349266K->349264K(349696K)] 483410K->377279K(503296K), [Metaspace: 78660K->78660K(1118208K)], 0.8777681 secs] [Times: user=5.83 sys=0.04, real=0.88 secs] 
436.306: [Full GC (Ergonomics) [PSYoungGen: 134144K->25306K(153600K)] [ParOldGen: 349264K->349262K(349696K)] 483408K->374569K(503296K), [Metaspace: 78660K->78660K(1118208K)], 0.8612679 secs] [Times: user=5.62 sys=0.03, real=0.87 secs] 
437.211: [Full GC (Ergonomics) [PSYoungGen: 134144K->24608K(153600K)] [ParOldGen: 349262K->349260K(349696K)] 483406K->373869K(503296K), [Metaspace: 78660K->78660K(1118208K)], 0.8666693 secs] [Times: user=5.42 sys=0.04, real=0.87 secs] 
438.116: [Full GC (Ergonomics) [PSYoungGen: 134144K->29543K(153600K)] [ParOldGen: 349260K->349259K(349696K)] 483404K->378802K(503296K), [Metaspace: 78660K->78660K(1118208K)], 0.7807052 secs] [Times: user=5.04 sys=0.03, real=0.78 secs] 
438.933: [Full GC (Ergonomics) [PSYoungGen: 134144K->22740K(153600K)] [ParOldGen: 349259K->349256K(349696K)] 483403K->371997K(503296K), [Metaspace: 78660K->78660K(1118208K)], 0.8567537 secs] [Times: user=5.61 sys=0.05, real=0.86 secs] 
439.832: [Full GC (Ergonomics) [PSYoungGen: 134144K->29572K(153600K)] [ParOldGen: 349256K->349255K(349696K)] 483400K->378827K(503296K), [Metaspace: 78660K->78660K(1118208K)], 0.8137136 secs] [Times: user=5.38 sys=0.03, real=0.81 secs] 
440.682: [Full GC (Ergonomics) [PSYoungGen: 134144K->27364K(153600K)] [ParOldGen: 349255K->349253K(349696K)] 483399K->376617K(503296K), [Metaspace: 78660K->78660K(1118208K)], 0.8164467 secs] [Times: user=5.45 sys=0.02, real=0.82 secs] 
441.538: [Full GC (Ergonomics) [PSYoungGen: 134144K->25301K(153600K)] [ParOldGen: 349253K->349251K(349696K)] 483397K->374552K(503296K), [Metaspace: 78660K->78660K(1118208K)], 0.8232584 secs] [Times: user=5.37 sys=0.03, real=0.82 secs] 
442.399: [Full GC (Ergonomics) [PSYoungGen: 134144K->22836K(153600K)] [ParOldGen: 349251K->349249K(349696K)] 483395K->372086K(503296K), [Metaspace: 78660K->78660K(1118208K)], 0.8296206 secs] [Times: user=5.37 sys=0.03, real=0.83 secs] 
443.273: [Full GC (Ergonomics) [PSYoungGen: 134144K->28774K(153600K)] [ParOldGen: 349249K->349246K(349696K)] 483393K->378020K(503296K), [Metaspace: 78660K->78660K(1118208K)], 1.0106565 secs] [Times: user=5.87 sys=0.04, real=1.01 secs] 
444.324: [Full GC (Ergonomics) [PSYoungGen: 134144K->22270K(153600K)] [ParOldGen: 349246K->349244K(349696K)] 483390K->371515K(503296K), [Metaspace: 78660K->78660K(1118208K)], 0.8377739 secs] [Times: user=5.71 sys=0.02, real=0.84 secs] 
445.210: [Full GC (Ergonomics) [PSYoungGen: 134144K->29619K(153600K)] [ParOldGen: 349244K->349242K(349696K)] 483388K->378861K(503296K), [Metaspace: 78660K->78660K(1118208K)], 0.8707925 secs] [Times: user=5.81 sys=0.02, real=0.87 secs] 
446.126: [Full GC (Ergonomics) [PSYoungGen: 134144K->24969K(153600K)] [ParOldGen: 349242K->349240K(349696K)] 483386K->374209K(503296K), [Metaspace: 78660K->78660K(1118208K)], 0.8262118 secs] [Times: user=5.50 sys=0.03, real=0.83 secs] 
446.992: [Full GC (Ergonomics) [PSYoungGen: 134144K->26513K(153600K)] [ParOldGen: 349240K->349238K(349696K)] 483384K->375752K(503296K), [Metaspace: 78660K->78660K(1118208K)], 0.8045850 secs] [Times: user=5.18 sys=0.02, real=0.80 secs] 
448.048: [Full GC (Ergonomics) [PSYoungGen: 134144K->18240K(153600K)] [ParOldGen: 349238K->349559K(349696K)] 483382K->367799K(503296K), [Metaspace: 78663K->78663K(1118208K)], 0.8115165 secs] [Times: user=5.29 sys=0.03, real=0.82 secs] 
449.012: [Full GC (Ergonomics) [PSYoungGen: 134144K->31572K(153600K)] [ParOldGen: 349559K->349416K(349696K)] 483703K->380988K(503296K), [Metaspace: 78663K->78663K(1118208K)], 0.8857832 secs] [Times: user=4.94 sys=0.04, real=0.88 secs] 
449.949: [Full GC (Ergonomics) [PSYoungGen: 134144K->29846K(153600K)] [ParOldGen: 349416K->349414K(349696K)] 483560K->379261K(503296K), [Metaspace: 78663K->78663K(1118208K)], 0.9006054 secs] [Times: user=5.49 sys=0.03, real=0.90 secs] 
450.991: [Full GC (Ergonomics) [PSYoungGen: 134144K->29349K(153600K)] [ParOldGen: 349414K->349470K(349696K)] 483558K->378819K(503296K), [Metaspace: 78663K->78663K(1118208K)], 0.9995995 secs] [Times: user=6.19 sys=0.04, real=1.00 secs] 
452.031: [Full GC (Ergonomics) [PSYoungGen: 134144K->28272K(153600K)] [ParOldGen: 349470K->349468K(349696K)] 483614K->377741K(503296K), [Metaspace: 78663K->78663K(1118208K)], 0.8397415 secs] [Times: user=5.30 sys=0.04, real=0.84 secs] 
452.919: [Full GC (Ergonomics) [PSYoungGen: 134144K->31843K(153600K)] [ParOldGen: 349468K->349466K(349696K)] 483612K->381310K(503296K), [Metaspace: 78663K->78663K(1118208K)], 0.7944102 secs] [Times: user=5.07 sys=0.02, real=0.80 secs] 
453.748: [Full GC (Ergonomics) [PSYoungGen: 134144K->32334K(153600K)] [ParOldGen: 349466K->349465K(349696K)] 483610K->381799K(503296K), [Metaspace: 78663K->78663K(1118208K)], 0.7890404 secs] [Times: user=5.32 sys=0.03, real=0.79 secs] 
454.574: [Full GC (Ergonomics) [PSYoungGen: 134144K->28907K(153600K)] [ParOldGen: 349465K->349463K(349696K)] 483609K->378371K(503296K), [Metaspace: 78663K->78663K(1118208K)], 0.7913397 secs] [Times: user=5.30 sys=0.03, real=0.79 secs] 
455.404: [Full GC (Ergonomics) [PSYoungGen: 134144K->29935K(153600K)] [ParOldGen: 349463K->349461K(349696K)] 483607K->379396K(503296K), [Metaspace: 78663K->78663K(1118208K)], 0.7592324 secs] [Times: user=4.93 sys=0.03, real=0.76 secs] 
456.203: [Full GC (Ergonomics) [PSYoungGen: 134144K->31747K(153600K)] [ParOldGen: 349461K->349459K(349696K)] 483605K->381206K(503296K), [Metaspace: 78663K->78663K(1118208K)], 0.8466713 secs] [Times: user=5.54 sys=0.03, real=0.85 secs] 
457.086: [Full GC (Ergonomics) [PSYoungGen: 134144K->28715K(153600K)] [ParOldGen: 349459K->349457K(349696K)] 483603K->378173K(503296K), [Metaspace: 78663K->78663K(1118208K)], 0.7966178 secs] [Times: user=5.22 sys=0.02, real=0.80 secs] 
457.929: [Full GC (Ergonomics) [PSYoungGen: 134144K->30303K(153600K)] [ParOldGen: 349457K->349454K(349696K)] 483601K->379757K(503296K), [Metaspace: 78663K->78663K(1118208K)], 0.8957627 secs] [Times: user=5.94 sys=0.03, real=0.90 secs] 
458.907: [Full GC (Ergonomics) [PSYoungGen: 134144K->21660K(153600K)] [ParOldGen: 349454K->349202K(349696K)] 483598K->370862K(503296K), [Metaspace: 78663K->78663K(1118208K)], 0.8320883 secs] [Times: user=5.56 sys=0.04, real=0.83 secs] 
459.831: [Full GC (Ergonomics) [PSYoungGen: 134144K->30213K(153600K)] [ParOldGen: 349202K->349510K(349696K)] 483346K->379723K(503296K), [Metaspace: 78663K->78663K(1118208K)], 0.8022315 secs] [Times: user=5.35 sys=0.03, real=0.80 secs] 
460.672: [Full GC (Ergonomics) [PSYoungGen: 134144K->35732K(153600K)] [ParOldGen: 349510K->349509K(349696K)] 483654K->385242K(503296K), [Metaspace: 78663K->78663K(1118208K)], 0.6708221 secs] [Times: user=4.10 sys=0.03, real=0.67 secs] 
461.382: [Full GC (Ergonomics) [PSYoungGen: 134144K->31343K(153600K)] [ParOldGen: 349509K->349507K(349696K)] 483653K->380850K(503296K), [Metaspace: 78663K->78663K(1118208K)], 0.8534298 secs] [Times: user=5.70 sys=0.03, real=0.85 secs] 
462.273: [Full GC (Ergonomics) [PSYoungGen: 134144K->36397K(153600K)] [ParOldGen: 349507K->349506K(349696K)] 483651K->385903K(503296K), [Metaspace: 78663K->78663K(1118208K)], 0.8321578 secs] [Times: user=5.32 sys=0.02, real=0.83 secs] 
463.140: [Full GC (Ergonomics) [PSYoungGen: 134144K->31444K(153600K)] [ParOldGen: 349506K->349504K(349696K)] 483650K->380949K(503296K), [Metaspace: 78663K->78663K(1118208K)], 0.8280688 secs] [Times: user=5.30 sys=0.03, real=0.83 secs] 
464.007: [Full GC (Ergonomics) [PSYoungGen: 134144K->32687K(153600K)] [ParOldGen: 349504K->349503K(349696K)] 483648K->382190K(503296K), [Metaspace: 78663K->78663K(1118208K)], 1.0016567 secs] [Times: user=4.56 sys=0.04, real=1.00 secs] 
465.054: [Full GC (Ergonomics) [PSYoungGen: 134144K->33605K(153600K)] [ParOldGen: 349503K->349501K(349696K)] 483647K->383107K(503296K), [Metaspace: 78663K->78663K(1118208K)], 0.9190100 secs] [Times: user=5.70 sys=0.11, real=0.92 secs] 
466.249: [Full GC (Ergonomics) [PSYoungGen: 134144K->34763K(153600K)] [ParOldGen: 349501K->349622K(349696K)] 483645K->384385K(503296K), [Metaspace: 78667K->78667K(1118208K)], 0.8917440 secs] [Times: user=5.46 sys=0.18, real=0.89 secs] 
467.282: [Full GC (Ergonomics) [PSYoungGen: 134144K->40003K(153600K)] [ParOldGen: 349622K->349673K(349696K)] 483766K->389677K(503296K), [Metaspace: 78667K->78667K(1118208K)], 0.8733053 secs] [Times: user=5.39 sys=0.09, real=0.87 secs] 
468.193: [Full GC (Ergonomics) [PSYoungGen: 134144K->38573K(153600K)] [ParOldGen: 349673K->349672K(349696K)] 483817K->388245K(503296K), [Metaspace: 78667K->78667K(1118208K)], 0.8288999 secs] [Times: user=5.34 sys=0.09, real=0.83 secs] 
469.155: [Full GC (Ergonomics) [PSYoungGen: 134144K->37979K(153600K)] [ParOldGen: 349672K->349421K(349696K)] 483816K->387400K(503296K), [Metaspace: 78667K->78667K(1118208K)], 0.9280082 secs] [Times: user=5.75 sys=0.10, real=0.93 secs] 
470.118: [Full GC (Ergonomics) [PSYoungGen: 134144K->40763K(153600K)] [ParOldGen: 349421K->349420K(349696K)] 483565K->390184K(503296K), [Metaspace: 78667K->78667K(1118208K)], 0.8197900 secs] [Times: user=5.43 sys=0.10, real=0.82 secs] 
470.970: [Full GC (Ergonomics) [PSYoungGen: 134144K->33550K(153600K)] [ParOldGen: 349420K->349418K(349696K)] 483564K->382969K(503296K), [Metaspace: 78667K->78667K(1118208K)], 0.8206800 secs] [Times: user=5.48 sys=0.09, real=0.82 secs] 
471.831: [Full GC (Ergonomics) [PSYoungGen: 134144K->39501K(153600K)] [ParOldGen: 349418K->349416K(349696K)] 483562K->388918K(503296K), [Metaspace: 78667K->78667K(1118208K)], 0.8957974 secs] [Times: user=5.64 sys=0.08, real=0.90 secs] 
472.769: [Full GC (Ergonomics) [PSYoungGen: 134144K->37967K(153600K)] [ParOldGen: 349416K->349415K(349696K)] 483560K->387382K(503296K), [Metaspace: 78667K->78667K(1118208K)], 0.8894615 secs] [Times: user=5.50 sys=0.14, real=0.89 secs] 
473.691: [Full GC (Ergonomics) [PSYoungGen: 134144K->38477K(153600K)] [ParOldGen: 349415K->349414K(349696K)] 483559K->387891K(503296K), [Metaspace: 78667K->78667K(1118208K)], 0.8414257 secs] [Times: user=5.54 sys=0.05, real=0.85 secs] 
474.568: [Full GC (Ergonomics) [PSYoungGen: 134144K->38680K(153600K)] [ParOldGen: 349414K->349412K(349696K)] 483558K->388093K(503296K), [Metaspace: 78667K->78667K(1118208K)], 0.8574628 secs] [Times: user=5.76 sys=0.03, real=0.86 secs] 
475.464: [Full GC (Ergonomics) [PSYoungGen: 134144K->39699K(153600K)] [ParOldGen: 349412K->349411K(349696K)] 483556K->389111K(503296K), [Metaspace: 78670K->78670K(1118208K)], 0.8309366 secs] [Times: user=5.59 sys=0.03, real=0.83 secs] 
476.333: [Full GC (Ergonomics) [PSYoungGen: 134144K->42228K(153600K)] [ParOldGen: 349411K->349276K(349696K)] 483555K->391505K(503296K), [Metaspace: 78670K->78628K(1118208K)], 1.0057645 secs] [Times: user=6.54 sys=0.04, real=1.00 secs] 
477.379: [Full GC (Ergonomics) [PSYoungGen: 134144K->43544K(153600K)] [ParOldGen: 349276K->349275K(349696K)] 483420K->392819K(503296K), [Metaspace: 78628K->78628K(1118208K)], 0.7410027 secs] [Times: user=4.60 sys=0.03, real=0.74 secs] 
478.238: [Full GC (Ergonomics) [PSYoungGen: 134144K->34438K(153600K)] [ParOldGen: 349275K->349236K(349696K)] 483419K->383675K(503296K), [Metaspace: 78628K->78628K(1118208K)], 0.7962807 secs] [Times: user=5.17 sys=0.03, real=0.80 secs] 
479.087: [Full GC (Ergonomics) [PSYoungGen: 134144K->41234K(153600K)] [ParOldGen: 349236K->349235K(349696K)] 483380K->390470K(503296K), [Metaspace: 78628K->78628K(1118208K)], 0.6820056 secs] [Times: user=4.45 sys=0.03, real=0.68 secs] 
479.804: [Full GC (Ergonomics) [PSYoungGen: 134144K->47770K(153600K)] [ParOldGen: 349235K->349234K(349696K)] 483379K->397005K(503296K), [Metaspace: 78628K->78628K(1118208K)], 0.7826337 secs] [Times: user=4.96 sys=0.03, real=0.78 secs] 
480.622: [Full GC (Ergonomics) [PSYoungGen: 134144K->42876K(153600K)] [ParOldGen: 349234K->349233K(349696K)] 483378K->392109K(503296K), [Metaspace: 78628K->78628K(1118208K)], 0.7778047 secs] [Times: user=4.42 sys=0.02, real=0.78 secs] 
481.447: [Full GC (Ergonomics) [PSYoungGen: 134144K->44189K(153600K)] [ParOldGen: 349233K->349231K(349696K)] 483377K->393420K(503296K), [Metaspace: 78628K->78628K(1118208K)], 0.8757139 secs] [Times: user=5.11 sys=0.04, real=0.87 secs] 
482.358: [Full GC (Ergonomics) [PSYoungGen: 134144K->42022K(153600K)] [ParOldGen: 349231K->349230K(349696K)] 483375K->391252K(503296K), [Metaspace: 78628K->78628K(1118208K)], 0.8201188 secs] [Times: user=4.57 sys=0.03, real=0.82 secs] 
483.216: [Full GC (Ergonomics) [PSYoungGen: 134144K->42945K(153600K)] [ParOldGen: 349230K->349229K(349696K)] 483374K->392174K(503296K), [Metaspace: 78628K->78628K(1118208K)], 0.8534850 secs] [Times: user=4.58 sys=0.03, real=0.85 secs] 
484.112: [Full GC (Ergonomics) [PSYoungGen: 134144K->44735K(153600K)] [ParOldGen: 349229K->349227K(349696K)] 483373K->393962K(503296K), [Metaspace: 78628K->78628K(1118208K)], 0.8892186 secs] [Times: user=4.64 sys=0.02, real=0.89 secs] 
485.088: [Full GC (Ergonomics) [PSYoungGen: 134144K->32827K(153600K)] [ParOldGen: 349227K->349218K(349696K)] 483371K->382045K(503296K), [Metaspace: 78632K->78632K(1118208K)], 0.9476248 secs] [Times: user=5.27 sys=0.02, real=0.95 secs] 
486.248: [Full GC (Ergonomics) [PSYoungGen: 134144K->38241K(153600K)] [ParOldGen: 349218K->349217K(349696K)] 483362K->387459K(503296K), [Metaspace: 78669K->78669K(1118208K)], 0.8812418 secs] [Times: user=5.88 sys=0.04, real=0.88 secs] 
487.262: [Full GC (Ergonomics) [PSYoungGen: 134144K->49731K(153600K)] [ParOldGen: 349217K->349211K(349696K)] 483361K->398943K(503296K), [Metaspace: 78674K->78674K(1118208K)], 0.8483414 secs] [Times: user=5.36 sys=0.03, real=0.85 secs] 
488.125: [Full GC (Ergonomics) [PSYoungGen: 134144K->50377K(153600K)] [ParOldGen: 349211K->349209K(349696K)] 483355K->399587K(503296K), [Metaspace: 78674K->78674K(1118208K)], 0.3181195 secs] [Times: user=1.93 sys=0.00, real=0.31 secs] 
488.461: [Full GC (Ergonomics) [PSYoungGen: 134144K->51753K(153600K)] [ParOldGen: 349209K->349205K(349696K)] 483353K->400959K(503296K), [Metaspace: 78674K->78674K(1118208K)], 0.7419212 secs] [Times: user=4.99 sys=0.03, real=0.74 secs] 
489.219: [Full GC (Ergonomics) [PSYoungGen: 134144K->55374K(153600K)] [ParOldGen: 349205K->349205K(349696K)] 483349K->404580K(503296K), [Metaspace: 78674K->78674K(1118208K)], 0.3923621 secs] [Times: user=2.32 sys=0.01, real=0.39 secs] 
489.631: [Full GC (Ergonomics) [PSYoungGen: 134144K->54681K(153600K)] [ParOldGen: 349205K->349205K(349696K)] 483349K->403887K(503296K), [Metaspace: 78674K->78674K(1118208K)], 0.5528915 secs] [Times: user=3.46 sys=0.01, real=0.55 secs] 
490.199: [Full GC (Ergonomics) [PSYoungGen: 134144K->51944K(153600K)] [ParOldGen: 349205K->349205K(349696K)] 483349K->401149K(503296K), [Metaspace: 78676K->78676K(1118208K)], 0.4950632 secs] [Times: user=3.20 sys=0.01, real=0.49 secs] 
490.712: [Full GC (Ergonomics) [PSYoungGen: 134144K->57779K(153600K)] [ParOldGen: 349205K->349203K(349696K)] 483349K->406982K(503296K), [Metaspace: 78676K->78676K(1118208K)], 0.5482719 secs] [Times: user=3.60 sys=0.02, real=0.55 secs] 
491.280: [Full GC (Ergonomics) [PSYoungGen: 134143K->54544K(153600K)] [ParOldGen: 349203K->349423K(349696K)] 483347K->403968K(503296K), [Metaspace: 78676K->78676K(1118208K)], 0.7511152 secs] [Times: user=4.90 sys=0.02, real=0.75 secs] 
492.052: [Full GC (Ergonomics) [PSYoungGen: 134139K->52469K(153600K)] [ParOldGen: 349423K->349423K(349696K)] 483563K->401892K(503296K), [Metaspace: 78676K->78676K(1118208K)], 0.7095195 secs] [Times: user=4.08 sys=0.02, real=0.71 secs] 
492.791: [Full GC (Ergonomics) [PSYoungGen: 134144K->52715K(153600K)] [ParOldGen: 349423K->349418K(349696K)] 483567K->402134K(503296K), [Metaspace: 78676K->78676K(1118208K)], 0.8725687 secs] [Times: user=5.72 sys=0.03, real=0.87 secs] 
493.688: [Full GC (Ergonomics) [PSYoungGen: 134144K->50652K(153600K)] [ParOldGen: 349418K->349645K(349696K)] 483562K->400297K(503296K), [Metaspace: 78676K->78676K(1118208K)], 0.6412712 secs] [Times: user=3.96 sys=0.03, real=0.64 secs] 
494.351: [Full GC (Ergonomics) [PSYoungGen: 134144K->50603K(153600K)] [ParOldGen: 349645K->349645K(349696K)] 483789K->400248K(503296K), [Metaspace: 78676K->78676K(1118208K)], 0.3007583 secs] [Times: user=1.76 sys=0.00, real=0.30 secs] 
494.672: [Full GC (Ergonomics) [PSYoungGen: 134144K->55647K(153600K)] [ParOldGen: 349645K->349644K(349696K)] 483789K->405291K(503296K), [Metaspace: 78676K->78676K(1118208K)], 0.7310825 secs] [Times: user=4.81 sys=0.03, real=0.73 secs] 
495.425: [Full GC (Ergonomics) [PSYoungGen: 134144K->54489K(153600K)] [ParOldGen: 349644K->349644K(349696K)] 483788K->404133K(503296K), [Metaspace: 78678K->78678K(1118208K)], 0.5030048 secs] [Times: user=3.03 sys=0.01, real=0.51 secs] 
495.948: [Full GC (Ergonomics) [PSYoungGen: 134144K->53156K(153600K)] [ParOldGen: 349644K->349643K(349696K)] 483788K->402800K(503296K), [Metaspace: 78678K->78678K(1118208K)], 0.7825948 secs] [Times: user=5.16 sys=0.02, real=0.78 secs] 
496.762: [Full GC (Ergonomics) [PSYoungGen: 134144K->55524K(153600K)] [ParOldGen: 349643K->349643K(349696K)] 483787K->405168K(503296K), [Metaspace: 78678K->78678K(1118208K)], 0.6162607 secs] [Times: user=4.05 sys=0.01, real=0.62 secs] 
497.405: [Full GC (Ergonomics) [PSYoungGen: 134144K->55090K(153600K)] [ParOldGen: 349643K->349642K(349696K)] 483787K->404733K(503296K), [Metaspace: 78678K->78678K(1118208K)], 0.8037883 secs] [Times: user=5.30 sys=0.03, real=0.81 secs] 
498.231: [Full GC (Ergonomics) [PSYoungGen: 134144K->53777K(153600K)] [ParOldGen: 349642K->349642K(349696K)] 483786K->403420K(503296K), [Metaspace: 78678K->78678K(1118208K)], 0.5473308 secs] [Times: user=3.35 sys=0.01, real=0.55 secs] 
498.802: [Full GC (Ergonomics) [PSYoungGen: 134144K->54504K(153600K)] [ParOldGen: 349642K->349642K(349696K)] 483786K->404147K(503296K), [Metaspace: 78678K->78678K(1118208K)], 0.7047653 secs] [Times: user=4.63 sys=0.04, real=0.71 secs] 
499.537: [Full GC (Ergonomics) [PSYoungGen: 134144K->56758K(153600K)] [ParOldGen: 349642K->349641K(349696K)] 483786K->406399K(503296K), [Metaspace: 78678K->78678K(1118208K)], 0.7248628 secs] [Times: user=3.93 sys=0.03, real=0.72 secs] 
500.309: [Full GC (Ergonomics) [PSYoungGen: 134144K->52616K(153600K)] [ParOldGen: 349641K->349641K(349696K)] 483785K->402258K(503296K), [Metaspace: 78681K->78681K(1118208K)], 0.6766732 secs] [Times: user=3.35 sys=0.05, real=0.67 secs] 
501.014: [Full GC (Ergonomics) [PSYoungGen: 134144K->52302K(153600K)] [ParOldGen: 349641K->349640K(349696K)] 483785K->401943K(503296K), [Metaspace: 78681K->78681K(1118208K)], 0.4819190 secs] [Times: user=3.03 sys=0.07, real=0.48 secs] 
501.516: [Full GC (Ergonomics) [PSYoungGen: 134144K->56203K(153600K)] [ParOldGen: 349640K->349640K(349696K)] 483784K->405843K(503296K), [Metaspace: 78681K->78681K(1118208K)], 0.6439010 secs] [Times: user=3.93 sys=0.15, real=0.65 secs] 
502.184: [Full GC (Ergonomics) [PSYoungGen: 134144K->55381K(153600K)] [ParOldGen: 349640K->349640K(349696K)] 483784K->405021K(503296K), [Metaspace: 78681K->78681K(1118208K)], 0.5952687 secs] [Times: user=3.28 sys=0.10, real=0.60 secs] 
502.806: [Full GC (Ergonomics) [PSYoungGen: 134144K->55590K(153600K)] [ParOldGen: 349640K->349639K(349696K)] 483784K->405230K(503296K), [Metaspace: 78681K->78681K(1118208K)], 0.6907164 secs] [Times: user=4.47 sys=0.12, real=0.70 secs] 
503.526: [Full GC (Ergonomics) [PSYoungGen: 134144K->56534K(153600K)] [ParOldGen: 349639K->349633K(349696K)] 483783K->406168K(503296K), [Metaspace: 78681K->78681K(1118208K)], 0.8414145 secs] [Times: user=5.43 sys=0.18, real=0.85 secs] 
504.390: [Full GC (Ergonomics) [PSYoungGen: 134144K->55906K(153600K)] [ParOldGen: 349633K->349633K(349696K)] 483777K->405539K(503296K), [Metaspace: 78681K->78681K(1118208K)], 0.6577019 secs] [Times: user=4.04 sys=0.12, real=0.66 secs] 
505.071: [Full GC (Ergonomics) [PSYoungGen: 134144K->54487K(153600K)] [ParOldGen: 349633K->349632K(349696K)] 483777K->404120K(503296K), [Metaspace: 78686K->78686K(1118208K)], 0.8121564 secs] [Times: user=4.99 sys=0.15, real=0.81 secs] 
505.903: [Full GC (Ergonomics) [PSYoungGen: 134144K->52924K(153600K)] [ParOldGen: 349632K->349631K(349696K)] 483776K->402556K(503296K), [Metaspace: 78686K->78686K(1118208K)], 0.9096852 secs] [Times: user=4.76 sys=0.16, real=0.91 secs] 
506.844: [Full GC (Ergonomics) [PSYoungGen: 134144K->53880K(153600K)] [ParOldGen: 349631K->349630K(349696K)] 483775K->403511K(503296K), [Metaspace: 78686K->78686K(1118208K)], 1.1581542 secs] [Times: user=5.19 sys=0.19, real=1.16 secs] 
508.048: [Full GC (Ergonomics) [PSYoungGen: 134144K->53433K(153600K)] [ParOldGen: 349630K->349630K(349696K)] 483774K->403064K(503296K), [Metaspace: 78686K->78686K(1118208K)], 1.0469425 secs] [Times: user=4.31 sys=0.15, real=1.04 secs] 
509.127: [Full GC (Ergonomics) [PSYoungGen: 134144K->51166K(153600K)] [ParOldGen: 349630K->349629K(349696K)] 483774K->400796K(503296K), [Metaspace: 78686K->78686K(1118208K)], 0.5981401 secs] [Times: user=3.23 sys=0.04, real=0.60 secs] 
509.751: [Full GC (Ergonomics) [PSYoungGen: 134144K->50817K(153600K)] [ParOldGen: 349629K->349629K(349696K)] 483773K->400446K(503296K), [Metaspace: 78686K->78686K(1118208K)], 0.6451869 secs] [Times: user=3.45 sys=0.02, real=0.64 secs] 
510.431: [Full GC (Ergonomics) [PSYoungGen: 134144K->55366K(153600K)] [ParOldGen: 349629K->349629K(349696K)] 483773K->404995K(503296K), [Metaspace: 78686K->78686K(1118208K)], 0.9632438 secs] [Times: user=4.92 sys=0.06, real=0.96 secs] 
511.425: [Full GC (Ergonomics) [PSYoungGen: 134144K->53471K(153600K)] [ParOldGen: 349629K->349628K(349696K)] 483773K->403099K(503296K), [Metaspace: 78686K->78686K(1118208K)], 0.9694441 secs] [Times: user=4.51 sys=0.11, real=0.97 secs] 
512.423: [Full GC (Ergonomics) [PSYoungGen: 134144K->51431K(153600K)] [ParOldGen: 349628K->349627K(349696K)] 483772K->401059K(503296K), [Metaspace: 78686K->78686K(1118208K)], 0.7871256 secs] [Times: user=4.14 sys=0.15, real=0.79 secs] 
513.232: [Full GC (Ergonomics) [PSYoungGen: 134144K->54213K(153600K)] [ParOldGen: 349627K->349627K(349696K)] 483771K->403840K(503296K), [Metaspace: 78686K->78686K(1118208K)], 0.7565194 secs] [Times: user=4.34 sys=0.16, real=0.76 secs] 
514.015: [Full GC (Ergonomics) [PSYoungGen: 134144K->54109K(153600K)] [ParOldGen: 349627K->349626K(349696K)] 483771K->403736K(503296K), [Metaspace: 78686K->78686K(1118208K)], 0.7903773 secs] [Times: user=4.13 sys=0.10, real=0.79 secs] 
514.836: [Full GC (Ergonomics) [PSYoungGen: 134144K->53137K(153600K)] [ParOldGen: 349626K->349626K(349696K)] 483770K->402764K(503296K), [Metaspace: 78686K->78686K(1118208K)], 0.6303589 secs] [Times: user=3.76 sys=0.15, real=0.63 secs] 
515.495: [Full GC (Ergonomics) [PSYoungGen: 134144K->52328K(153600K)] [ParOldGen: 349626K->349625K(349696K)] 483770K->401954K(503296K), [Metaspace: 78688K->78688K(1118208K)], 0.8423389 secs] [Times: user=5.17 sys=0.18, real=0.84 secs] 
516.358: [Full GC (Ergonomics) [PSYoungGen: 134144K->51600K(153600K)] [ParOldGen: 349625K->349625K(349696K)] 483769K->401225K(503296K), [Metaspace: 78688K->78688K(1118208K)], 0.5813506 secs] [Times: user=3.43 sys=0.08, real=0.59 secs] 
516.962: [Full GC (Ergonomics) [PSYoungGen: 134144K->54515K(153600K)] [ParOldGen: 349625K->349624K(349696K)] 483769K->404140K(503296K), [Metaspace: 78688K->78688K(1118208K)], 0.7408461 secs] [Times: user=4.52 sys=0.16, real=0.74 secs] 
517.729: [Full GC (Ergonomics) [PSYoungGen: 134144K->53086K(153600K)] [ParOldGen: 349624K->349624K(349696K)] 483768K->402710K(503296K), [Metaspace: 78688K->78688K(1118208K)], 0.4135842 secs] [Times: user=2.31 sys=0.05, real=0.42 secs] 
518.169: [Full GC (Ergonomics) [PSYoungGen: 134144K->56432K(153600K)] [ParOldGen: 349624K->349623K(349696K)] 483768K->406056K(503296K), [Metaspace: 78688K->78688K(1118208K)], 0.7950430 secs] [Times: user=5.19 sys=0.18, real=0.80 secs] 
518.997: [Full GC (Ergonomics) [PSYoungGen: 134144K->53547K(153600K)] [ParOldGen: 349623K->349622K(349696K)] 483767K->403170K(503296K), [Metaspace: 78688K->78688K(1118208K)], 0.8551210 secs] [Times: user=5.28 sys=0.16, real=0.86 secs] 
519.877: [Full GC (Ergonomics) [PSYoungGen: 134116K->53701K(153600K)] [ParOldGen: 349622K->349622K(349696K)] 483738K->403323K(503296K), [Metaspace: 78688K->78688K(1118208K)], 0.5160688 secs] [Times: user=3.09 sys=0.09, real=0.52 secs] 
520.415: [Full GC (Ergonomics) [PSYoungGen: 134144K->54823K(153600K)] [ParOldGen: 349622K->349621K(349696K)] 483766K->404445K(503296K), [Metaspace: 78688K->78688K(1118208K)], 0.3923834 secs] [Times: user=2.40 sys=0.05, real=0.39 secs] 
520.845: [Full GC (Ergonomics) [PSYoungGen: 134144K->50852K(153600K)] [ParOldGen: 349621K->349621K(349696K)] 483765K->400473K(503296K), [Metaspace: 78688K->78688K(1118208K)], 0.6106155 secs] [Times: user=3.64 sys=0.10, real=0.61 secs] 
521.494: [Full GC (Ergonomics) [PSYoungGen: 134144K->49590K(153600K)] [ParOldGen: 349621K->349620K(349696K)] 483765K->399210K(503296K), [Metaspace: 78688K->78688K(1118208K)], 0.8463483 secs] [Times: user=5.13 sys=0.10, real=0.85 secs] 
522.385: [Full GC (Ergonomics) [PSYoungGen: 134144K->53463K(153600K)] [ParOldGen: 349620K->349619K(349696K)] 483764K->403082K(503296K), [Metaspace: 78688K->78688K(1118208K)], 0.8720179 secs] [Times: user=5.58 sys=0.14, real=0.87 secs] 
523.297: [Full GC (Ergonomics) [PSYoungGen: 134144K->51866K(153600K)] [ParOldGen: 349619K->349618K(349696K)] 483763K->401484K(503296K), [Metaspace: 78688K->78688K(1118208K)], 0.7681776 secs] [Times: user=4.57 sys=0.04, real=0.77 secs] 
524.109: [Full GC (Ergonomics) [PSYoungGen: 134144K->49791K(153600K)] [ParOldGen: 349618K->349616K(349696K)] 483762K->399407K(503296K), [Metaspace: 78688K->78688K(1118208K)], 0.6740572 secs] [Times: user=3.81 sys=0.03, real=0.68 secs] 
524.828: [Full GC (Ergonomics) [PSYoungGen: 134144K->49608K(153600K)] [ParOldGen: 349616K->349614K(349696K)] 483760K->399223K(503296K), [Metaspace: 78688K->78688K(1118208K)], 0.8739674 secs] [Times: user=5.65 sys=0.02, real=0.88 secs] 
525.745: [Full GC (Ergonomics) [PSYoungGen: 134144K->48686K(153600K)] [ParOldGen: 349614K->349613K(349696K)] 483758K->398299K(503296K), [Metaspace: 78688K->78688K(1118208K)], 0.6886493 secs] [Times: user=4.59 sys=0.03, real=0.69 secs] 
526.483: [Full GC (Ergonomics) [PSYoungGen: 134144K->52954K(153600K)] [ParOldGen: 349613K->349612K(349696K)] 483757K->402566K(503296K), [Metaspace: 78688K->78688K(1118208K)], 0.8042979 secs] [Times: user=5.35 sys=0.03, real=0.80 secs] 
527.326: [Full GC (Ergonomics) [PSYoungGen: 134144K->52250K(153600K)] [ParOldGen: 349612K->349610K(349696K)] 483756K->401860K(503296K), [Metaspace: 78688K->78688K(1118208K)], 0.8290316 secs] [Times: user=5.41 sys=0.02, real=0.83 secs] 
528.202: [Full GC (Ergonomics) [PSYoungGen: 134144K->45846K(153600K)] [ParOldGen: 349610K->349291K(349696K)] 483754K->395137K(503296K), [Metaspace: 78688K->78688K(1118208K)], 0.5933153 secs] [Times: user=4.00 sys=0.01, real=0.59 secs] 
528.851: [Full GC (Ergonomics) [PSYoungGen: 134144K->45132K(153600K)] [ParOldGen: 349291K->349291K(349696K)] 483435K->394423K(503296K), [Metaspace: 78688K->78688K(1118208K)], 0.7513634 secs] [Times: user=4.92 sys=0.03, real=0.75 secs] 
529.663: [Full GC (Ergonomics) [PSYoungGen: 134144K->44041K(153600K)] [ParOldGen: 349291K->349290K(349696K)] 483435K->393332K(503296K), [Metaspace: 78688K->78688K(1118208K)], 0.4359412 secs] [Times: user=2.70 sys=0.01, real=0.43 secs] 
530.197: [Full GC (Ergonomics) [PSYoungGen: 134144K->44131K(153600K)] [ParOldGen: 349290K->349290K(349696K)] 483434K->393421K(503296K), [Metaspace: 78689K->78689K(1118208K)], 0.4319839 secs] [Times: user=2.69 sys=0.00, real=0.43 secs] 
530.686: [Full GC (Ergonomics) [PSYoungGen: 134144K->44130K(153600K)] [ParOldGen: 349290K->349290K(349696K)] 483434K->393421K(503296K), [Metaspace: 78689K->78689K(1118208K)], 0.3022830 secs] [Times: user=1.79 sys=0.00, real=0.30 secs] 
531.043: [Full GC (Ergonomics) [PSYoungGen: 134144K->44131K(153600K)] [ParOldGen: 349290K->349290K(349696K)] 483434K->393422K(503296K), [Metaspace: 78689K->78689K(1118208K)], 0.3111397 secs] [Times: user=1.72 sys=0.01, real=0.31 secs] 
531.460: [Full GC (Ergonomics) [PSYoungGen: 134144K->44990K(153600K)] [ParOldGen: 349290K->349290K(349696K)] 483434K->394280K(503296K), [Metaspace: 78690K->78690K(1118208K)], 0.3015385 secs] [Times: user=1.81 sys=0.01, real=0.31 secs] 
531.798: [Full GC (Ergonomics) [PSYoungGen: 134144K->43876K(153600K)] [ParOldGen: 349290K->349510K(349696K)] 483434K->393387K(503296K), [Metaspace: 78690K->78690K(1118208K)], 0.3123388 secs] [Times: user=1.91 sys=0.00, real=0.31 secs] 
532.139: [Full GC (Ergonomics) [PSYoungGen: 134144K->43877K(153600K)] [ParOldGen: 349510K->349510K(349696K)] 483654K->393388K(503296K), [Metaspace: 78690K->78690K(1118208K)], 0.3041570 secs] [Times: user=1.78 sys=0.00, real=0.31 secs] 
532.477: [Full GC (Ergonomics) [PSYoungGen: 134144K->43876K(153600K)] [ParOldGen: 349510K->349510K(349696K)] 483654K->393387K(503296K), [Metaspace: 78690K->78690K(1118208K)], 0.3301972 secs] [Times: user=1.86 sys=0.01, real=0.33 secs] 
532.836: [Full GC (Ergonomics) [PSYoungGen: 134144K->44876K(153600K)] [ParOldGen: 349510K->349510K(349696K)] 483654K->394387K(503296K), [Metaspace: 78690K->78690K(1118208K)], 0.3194176 secs] [Times: user=1.96 sys=0.00, real=0.32 secs] 
533.198: [Full GC (Ergonomics) [PSYoungGen: 134144K->45809K(153600K)] [ParOldGen: 349510K->349510K(349696K)] 483654K->395320K(503296K), [Metaspace: 78690K->78690K(1118208K)], 0.3431710 secs] [Times: user=1.96 sys=0.01, real=0.34 secs] 
533.572: [Full GC (Ergonomics) [PSYoungGen: 134144K->45200K(153600K)] [ParOldGen: 349510K->349209K(349696K)] 483654K->394409K(503296K), [Metaspace: 78691K->78691K(1118208K)], 0.3154490 secs] [Times: user=1.89 sys=0.00, real=0.31 secs] 
533.915: [Full GC (Ergonomics) [PSYoungGen: 134144K->46643K(153600K)] [ParOldGen: 349209K->349209K(349696K)] 483353K->395852K(503296K), [Metaspace: 78695K->78695K(1118208K)], 0.3742536 secs] [Times: user=1.87 sys=0.00, real=0.37 secs] 
534.315: [Full GC (Ergonomics) [PSYoungGen: 134144K->44147K(153600K)] [ParOldGen: 349209K->349209K(349696K)] 483353K->393357K(503296K), [Metaspace: 78696K->78696K(1118208K)], 0.3677577 secs] [Times: user=1.94 sys=0.01, real=0.37 secs] 
534.701: [Full GC (Ergonomics) [PSYoungGen: 134144K->44145K(153600K)] [ParOldGen: 349209K->349209K(349696K)] 483353K->393355K(503296K), [Metaspace: 78696K->78696K(1118208K)], 0.2923619 secs] [Times: user=1.76 sys=0.00, real=0.30 secs] 
535.014: [Full GC (Ergonomics) [PSYoungGen: 134144K->44147K(153600K)] [ParOldGen: 349209K->349209K(349696K)] 483353K->393357K(503296K), [Metaspace: 78696K->78696K(1118208K)], 0.3472478 secs] [Times: user=1.79 sys=0.01, real=0.34 secs] 
535.383: [Full GC (Ergonomics) [PSYoungGen: 134144K->44157K(153600K)] [ParOldGen: 349209K->349209K(349696K)] 483353K->393366K(503296K), [Metaspace: 78696K->78696K(1118208K)], 0.3081408 secs] [Times: user=1.77 sys=0.00, real=0.30 secs] 
535.711: [Full GC (Ergonomics) [PSYoungGen: 134144K->44147K(153600K)] [ParOldGen: 349209K->349209K(349696K)] 483353K->393356K(503296K), [Metaspace: 78696K->78696K(1118208K)], 0.3026454 secs] [Times: user=1.73 sys=0.01, real=0.31 secs] 
536.038: [Full GC (Ergonomics) [PSYoungGen: 134144K->46048K(153600K)] [ParOldGen: 349209K->349209K(349696K)] 483353K->395257K(503296K), [Metaspace: 78696K->78696K(1118208K)], 0.3021574 secs] [Times: user=1.75 sys=0.00, real=0.30 secs] 
536.381: [Full GC (Ergonomics) [PSYoungGen: 134144K->44074K(153600K)] [ParOldGen: 349209K->349209K(349696K)] 483353K->393283K(503296K), [Metaspace: 78696K->78696K(1118208K)], 0.3178674 secs] [Times: user=1.83 sys=0.00, real=0.32 secs] 
536.727: [Full GC (Ergonomics) [PSYoungGen: 134144K->45014K(153600K)] [ParOldGen: 349209K->349209K(349696K)] 483353K->394223K(503296K), [Metaspace: 78696K->78696K(1118208K)], 0.2908977 secs] [Times: user=1.74 sys=0.00, real=0.29 secs] 
537.041: [Full GC (Ergonomics) [PSYoungGen: 134144K->44035K(153600K)] [ParOldGen: 349209K->349209K(349696K)] 483353K->393245K(503296K), [Metaspace: 78696K->78696K(1118208K)], 0.3157058 secs] [Times: user=1.82 sys=0.00, real=0.32 secs] 
537.376: [Full GC (Ergonomics) [PSYoungGen: 134144K->44036K(153600K)] [ParOldGen: 349209K->349209K(349696K)] 483353K->393245K(503296K), [Metaspace: 78696K->78696K(1118208K)], 0.3095441 secs] [Times: user=1.82 sys=0.01, real=0.31 secs] 
537.711: [Full GC (Ergonomics) [PSYoungGen: 134144K->41612K(153600K)] [ParOldGen: 349209K->349209K(349696K)] 483353K->390822K(503296K), [Metaspace: 78696K->78696K(1118208K)], 0.6540854 secs] [Times: user=4.21 sys=0.02, real=0.66 secs] 
538.395: [Full GC (Ergonomics) [PSYoungGen: 134144K->41609K(153600K)] [ParOldGen: 349209K->349209K(349696K)] 483353K->390818K(503296K), [Metaspace: 78696K->78696K(1118208K)], 0.2899635 secs] [Times: user=1.73 sys=0.00, real=0.29 secs] 
538.715: [Full GC (Ergonomics) [PSYoungGen: 134144K->42538K(153600K)] [ParOldGen: 349209K->349209K(349696K)] 483353K->391748K(503296K), [Metaspace: 78696K->78696K(1118208K)], 0.3043222 secs] [Times: user=1.76 sys=0.00, real=0.30 secs] 
539.073: [Full GC (Ergonomics) [PSYoungGen: 134144K->42541K(153600K)] [ParOldGen: 349209K->349209K(349696K)] 483353K->391751K(503296K), [Metaspace: 78696K->78696K(1118208K)], 0.3057784 secs] [Times: user=1.78 sys=0.00, real=0.30 secs] 
539.422: [Full GC (Ergonomics) [PSYoungGen: 134144K->41634K(153600K)] [ParOldGen: 349209K->349209K(349696K)] 483353K->390843K(503296K), [Metaspace: 78704K->78704K(1118208K)], 0.3178328 secs] [Times: user=1.78 sys=0.01, real=0.32 secs] 
539.769: [Full GC (Ergonomics) [PSYoungGen: 134144K->41635K(153600K)] [ParOldGen: 349209K->349209K(349696K)] 483353K->390845K(503296K), [Metaspace: 78704K->78704K(1118208K)], 0.3182891 secs] [Times: user=1.77 sys=0.00, real=0.32 secs] 
540.118: [Full GC (Ergonomics) [PSYoungGen: 134144K->41633K(153600K)] [ParOldGen: 349209K->349208K(349696K)] 483353K->390842K(503296K), [Metaspace: 78705K->78705K(1118208K)], 0.3431314 secs] [Times: user=1.83 sys=0.00, real=0.34 secs] 
540.494: [Full GC (Ergonomics) [PSYoungGen: 134144K->41635K(153600K)] [ParOldGen: 349208K->349208K(349696K)] 483352K->390844K(503296K), [Metaspace: 78705K->78705K(1118208K)], 0.3451217 secs] [Times: user=1.73 sys=0.00, real=0.34 secs] 
540.915: [Full GC (Ergonomics) [PSYoungGen: 134144K->39277K(153600K)] [ParOldGen: 349208K->349203K(349696K)] 483352K->388480K(503296K), [Metaspace: 78705K->78705K(1118208K)], 0.8430860 secs] [Times: user=5.19 sys=0.03, real=0.84 secs] 
541.820: [Full GC (Ergonomics) [PSYoungGen: 134144K->39276K(153600K)] [ParOldGen: 349203K->349202K(349696K)] 483347K->388479K(503296K), [Metaspace: 78705K->78705K(1118208K)], 0.6371232 secs] [Times: user=3.91 sys=0.02, real=0.64 secs] 
542.517: [Full GC (Ergonomics) [PSYoungGen: 133997K->37612K(153600K)] [ParOldGen: 349202K->349195K(349696K)] 483200K->386808K(503296K), [Metaspace: 78705K->78705K(1118208K)], 1.1704607 secs] [Times: user=5.70 sys=0.04, real=1.17 secs] 
543.726: [Full GC (Ergonomics) [PSYoungGen: 134144K->37367K(153600K)] [ParOldGen: 349195K->349688K(349696K)] 483339K->387056K(503296K), [Metaspace: 78705K->78705K(1118208K)], 1.4564672 secs] [Times: user=7.11 sys=0.13, real=1.45 secs] 
545.231: [Full GC (Ergonomics) [PSYoungGen: 134144K->37355K(153600K)] [ParOldGen: 349688K->349666K(349696K)] 483832K->387022K(503296K), [Metaspace: 78705K->78705K(1118208K)], 1.2697222 secs] [Times: user=6.71 sys=0.27, real=1.27 secs] 
546.577: [Full GC (Ergonomics) [PSYoungGen: 134144K->41361K(153600K)] [ParOldGen: 349666K->349655K(349696K)] 483810K->391017K(503296K), [Metaspace: 78705K->78705K(1118208K)], 1.0736429 secs] [Times: user=6.66 sys=0.30, real=1.07 secs] 
547.678: [Full GC (Ergonomics) [PSYoungGen: 134144K->41167K(153600K)] [ParOldGen: 349655K->349654K(349696K)] 483799K->390822K(503296K), [Metaspace: 78705K->78705K(1118208K)], 0.6582759 secs] [Times: user=4.04 sys=0.19, real=0.66 secs] 
548.364: [Full GC (Ergonomics) [PSYoungGen: 134144K->44262K(153600K)] [ParOldGen: 349654K->349653K(349696K)] 483798K->393915K(503296K), [Metaspace: 78705K->78705K(1118208K)], 0.7453640 secs] [Times: user=4.74 sys=0.21, real=0.74 secs] 
549.136: [Full GC (Ergonomics) [PSYoungGen: 134144K->54314K(153600K)] [ParOldGen: 349653K->349652K(349696K)] 483797K->403966K(503296K), [Metaspace: 78705K->78705K(1118208K)], 0.8376393 secs] [Times: user=4.94 sys=0.24, real=0.84 secs] 
550.010: [Full GC (Ergonomics) [PSYoungGen: 134144K->47116K(153600K)] [ParOldGen: 349652K->349649K(349696K)] 483796K->396765K(503296K), [Metaspace: 78705K->78705K(1118208K)], 0.8753541 secs] [Times: user=5.44 sys=0.29, real=0.88 secs] 
550.918: [Full GC (Ergonomics) [PSYoungGen: 134144K->50262K(153600K)] [ParOldGen: 349649K->349646K(349696K)] 483793K->399909K(503296K), [Metaspace: 78705K->78705K(1118208K)], 0.8911170 secs] [Times: user=5.50 sys=0.30, real=0.89 secs] 
551.844: [Full GC (Ergonomics) [PSYoungGen: 134144K->47513K(153600K)] [ParOldGen: 349646K->349645K(349696K)] 483790K->397158K(503296K), [Metaspace: 78705K->78705K(1118208K)], 0.8386672 secs] [Times: user=5.17 sys=0.26, real=0.84 secs] 
552.711: [Full GC (Ergonomics) [PSYoungGen: 134144K->46903K(153600K)] [ParOldGen: 349645K->349643K(349696K)] 483789K->396547K(503296K), [Metaspace: 78705K->78705K(1118208K)], 0.9973937 secs] [Times: user=5.55 sys=0.26, real=1.00 secs] 
553.740: [Full GC (Ergonomics) [PSYoungGen: 134144K->52099K(153600K)] [ParOldGen: 349643K->349642K(349696K)] 483787K->401742K(503296K), [Metaspace: 78705K->78705K(1118208K)], 0.7686256 secs] [Times: user=3.95 sys=0.20, real=0.77 secs] 
554.540: [Full GC (Ergonomics) [PSYoungGen: 134144K->48679K(153600K)] [ParOldGen: 349642K->349641K(349696K)] 483786K->398321K(503296K), [Metaspace: 78705K->78705K(1118208K)], 0.8303725 secs] [Times: user=5.04 sys=0.23, real=0.83 secs] 
555.401: [Full GC (Ergonomics) [PSYoungGen: 134144K->46415K(153600K)] [ParOldGen: 349641K->349640K(349696K)] 483785K->396055K(503296K), [Metaspace: 78705K->78705K(1118208K)], 0.7565316 secs] [Times: user=4.29 sys=0.23, real=0.76 secs] 
556.194: [Full GC (Ergonomics) [PSYoungGen: 134144K->45265K(153600K)] [ParOldGen: 349640K->349638K(349696K)] 483784K->394903K(503296K), [Metaspace: 78705K->78705K(1118208K)], 0.7636230 secs] [Times: user=4.77 sys=0.22, real=0.77 secs] 
556.990: [Full GC (Ergonomics) [PSYoungGen: 134144K->46518K(153600K)] [ParOldGen: 349638K->349637K(349696K)] 483782K->396155K(503296K), [Metaspace: 78705K->78705K(1118208K)], 1.0153153 secs] [Times: user=5.92 sys=0.22, real=1.01 secs] 
558.038: [Full GC (Ergonomics) [PSYoungGen: 134144K->51133K(153600K)] [ParOldGen: 349637K->349636K(349696K)] 483781K->400769K(503296K), [Metaspace: 78705K->78705K(1118208K)], 0.9152711 secs] [Times: user=5.58 sys=0.24, real=0.91 secs] 
558.981: [Full GC (Ergonomics) [PSYoungGen: 134144K->47694K(153600K)] [ParOldGen: 349636K->349634K(349696K)] 483780K->397329K(503296K), [Metaspace: 78705K->78705K(1118208K)], 0.5979214 secs] [Times: user=3.41 sys=0.18, real=0.60 secs] 
559.615: [Full GC (Ergonomics) [PSYoungGen: 134144K->43679K(153600K)] [ParOldGen: 349634K->349633K(349696K)] 483778K->393312K(503296K), [Metaspace: 78705K->78705K(1118208K)], 0.7904925 secs] [Times: user=4.67 sys=0.20, real=0.79 secs] 
560.443: [Full GC (Ergonomics) [PSYoungGen: 134144K->49471K(153600K)] [ParOldGen: 349633K->349631K(349696K)] 483777K->399103K(503296K), [Metaspace: 78705K->78705K(1118208K)], 0.6816692 secs] [Times: user=3.60 sys=0.16, real=0.68 secs] 
561.157: [Full GC (Ergonomics) [PSYoungGen: 134144K->46306K(153600K)] [ParOldGen: 349631K->349630K(349696K)] 483775K->395937K(503296K), [Metaspace: 78705K->78705K(1118208K)], 0.6831206 secs] [Times: user=4.22 sys=0.18, real=0.68 secs] 
561.871: [Full GC (Ergonomics) [PSYoungGen: 134144K->53355K(153600K)] [ParOldGen: 349630K->349629K(349696K)] 483774K->402985K(503296K), [Metaspace: 78705K->78705K(1118208K)], 0.3759206 secs] [Times: user=2.18 sys=0.09, real=0.38 secs] 
562.274: [Full GC (Ergonomics) [PSYoungGen: 134144K->45726K(153600K)] [ParOldGen: 349629K->349628K(349696K)] 483773K->395355K(503296K), [Metaspace: 78705K->78705K(1118208K)], 0.8321401 secs] [Times: user=5.02 sys=0.19, real=0.84 secs] 
563.136: [Full GC (Ergonomics) [PSYoungGen: 134144K->51958K(153600K)] [ParOldGen: 349628K->349627K(349696K)] 483772K->401586K(503296K), [Metaspace: 78705K->78705K(1118208K)], 0.6514160 secs] [Times: user=3.76 sys=0.19, real=0.65 secs] 
563.814: [Full GC (Ergonomics) [PSYoungGen: 134144K->46029K(153600K)] [ParOldGen: 349627K->349625K(349696K)] 483771K->395654K(503296K), [Metaspace: 78705K->78705K(1118208K)], 0.8641963 secs] [Times: user=5.33 sys=0.23, real=0.87 secs] 
564.711: [Full GC (Ergonomics) [PSYoungGen: 134144K->52446K(153600K)] [ParOldGen: 349625K->349624K(349696K)] 483769K->402070K(503296K), [Metaspace: 78705K->78705K(1118208K)], 0.7761811 secs] [Times: user=4.65 sys=0.17, real=0.78 secs] 
565.518: [Full GC (Ergonomics) [PSYoungGen: 134144K->50540K(153600K)] [ParOldGen: 349624K->349623K(349696K)] 483768K->400163K(503296K), [Metaspace: 78706K->78706K(1118208K)], 0.8089343 secs] [Times: user=5.09 sys=0.23, real=0.81 secs] 
566.367: [Full GC (Ergonomics) [PSYoungGen: 134144K->50196K(153600K)] [ParOldGen: 349623K->349621K(349696K)] 483767K->399818K(503296K), [Metaspace: 78706K->78706K(1118208K)], 0.6582673 secs] [Times: user=4.07 sys=0.18, real=0.65 secs] 
567.053: [Full GC (Ergonomics) [PSYoungGen: 134144K->47446K(153600K)] [ParOldGen: 349621K->349620K(349696K)] 483765K->397067K(503296K), [Metaspace: 78706K->78706K(1118208K)], 0.7577580 secs] [Times: user=4.14 sys=0.22, real=0.76 secs] 
567.848: [Full GC (Ergonomics) [PSYoungGen: 134144K->51039K(153600K)] [ParOldGen: 349620K->349619K(349696K)] 483764K->400658K(503296K), [Metaspace: 78706K->78706K(1118208K)], 0.4606864 secs] [Times: user=2.60 sys=0.15, real=0.46 secs] 
568.341: [Full GC (Ergonomics) [PSYoungGen: 134144K->47707K(153600K)] [ParOldGen: 349619K->349612K(349696K)] 483763K->397320K(503296K), [Metaspace: 78706K->78693K(1118208K)], 1.1720314 secs] [Times: user=6.51 sys=0.38, real=1.17 secs] 
569.546: [Full GC (Ergonomics) [PSYoungGen: 134144K->48883K(153600K)] [ParOldGen: 349612K->349611K(349696K)] 483756K->398494K(503296K), [Metaspace: 78693K->78693K(1118208K)], 0.7409067 secs] [Times: user=4.39 sys=0.19, real=0.74 secs] 
570.326: [Full GC (Ergonomics) [PSYoungGen: 134144K->50408K(153600K)] [ParOldGen: 349611K->349610K(349696K)] 483755K->400019K(503296K), [Metaspace: 78693K->78693K(1118208K)], 0.7158905 secs] [Times: user=4.23 sys=0.20, real=0.72 secs] 
571.077: [Full GC (Ergonomics) [PSYoungGen: 134125K->47803K(153600K)] [ParOldGen: 349610K->349609K(349696K)] 483735K->397413K(503296K), [Metaspace: 78693K->78693K(1118208K)], 0.5791545 secs] [Times: user=3.48 sys=0.16, real=0.58 secs] 
571.728: [Full GC (Ergonomics) [PSYoungGen: 134144K->42517K(153600K)] [ParOldGen: 349609K->349608K(349696K)] 483753K->392125K(503296K), [Metaspace: 78694K->78694K(1118208K)], 0.7438595 secs] [Times: user=4.60 sys=0.20, real=0.74 secs] 
572.514: [Full GC (Ergonomics) [PSYoungGen: 134144K->47051K(153600K)] [ParOldGen: 349608K->349606K(349696K)] 483752K->396657K(503296K), [Metaspace: 78698K->78698K(1118208K)], 0.9726310 secs] [Times: user=5.58 sys=0.27, real=0.97 secs] 
573.536: [Full GC (Ergonomics) [PSYoungGen: 134061K->49517K(153600K)] [ParOldGen: 349606K->349605K(349696K)] 483667K->399122K(503296K), [Metaspace: 78698K->78698K(1118208K)], 0.9283226 secs] [Times: user=4.63 sys=0.18, real=0.93 secs] 
574.504: [Full GC (Ergonomics) [PSYoungGen: 134144K->46218K(153600K)] [ParOldGen: 349605K->349603K(349696K)] 483749K->395821K(503296K), [Metaspace: 78698K->78698K(1118208K)], 0.9768093 secs] [Times: user=5.41 sys=0.21, real=0.98 secs] 
575.518: [Full GC (Ergonomics) [PSYoungGen: 134144K->47584K(153600K)] [ParOldGen: 349603K->349601K(349696K)] 483747K->397185K(503296K), [Metaspace: 78698K->78698K(1118208K)], 0.9673029 secs] [Times: user=6.04 sys=0.24, real=0.96 secs] 
576.522: [Full GC (Ergonomics) [PSYoungGen: 134128K->46192K(153600K)] [ParOldGen: 349601K->349599K(349696K)] 483730K->395791K(503296K), [Metaspace: 78698K->78698K(1118208K)], 1.0676943 secs] [Times: user=5.34 sys=0.28, real=1.07 secs] 
577.629: [Full GC (Ergonomics) [PSYoungGen: 134144K->48774K(153600K)] [ParOldGen: 349599K->349598K(349696K)] 483743K->398372K(503296K), [Metaspace: 78698K->78698K(1118208K)], 0.7838716 secs] [Times: user=4.22 sys=0.18, real=0.79 secs] 
578.470: [Full GC (Ergonomics) [PSYoungGen: 134144K->46346K(153600K)] [ParOldGen: 349598K->349596K(349696K)] 483742K->395943K(503296K), [Metaspace: 78698K->78698K(1118208K)], 0.4935543 secs] [Times: user=3.00 sys=0.14, real=0.49 secs] 
579.006: [Full GC (Ergonomics) [PSYoungGen: 134144K->44236K(153600K)] [ParOldGen: 349596K->349595K(349696K)] 483740K->393831K(503296K), [Metaspace: 78698K->78698K(1118208K)], 0.7732190 secs] [Times: user=4.27 sys=0.20, real=0.78 secs] 
579.822: [Full GC (Ergonomics) [PSYoungGen: 134126K->46740K(153600K)] [ParOldGen: 349595K->349594K(349696K)] 483721K->396334K(503296K), [Metaspace: 78698K->78698K(1118208K)], 0.7478570 secs] [Times: user=4.17 sys=0.21, real=0.75 secs] 
580.607: [Full GC (Ergonomics) [PSYoungGen: 134144K->50754K(153600K)] [ParOldGen: 349594K->349592K(349696K)] 483738K->400346K(503296K), [Metaspace: 78698K->78698K(1118208K)], 0.4957768 secs] [Times: user=2.75 sys=0.11, real=0.50 secs] 
581.142: [Full GC (Ergonomics) [PSYoungGen: 134144K->49478K(153600K)] [ParOldGen: 349592K->349590K(349696K)] 483736K->399069K(503296K), [Metaspace: 78698K->78698K(1118208K)], 0.7556363 secs] [Times: user=4.50 sys=0.17, real=0.75 secs] 
581.933: [Full GC (Ergonomics) [PSYoungGen: 134144K->49046K(153600K)] [ParOldGen: 349590K->349589K(349696K)] 483734K->398635K(503296K), [Metaspace: 78698K->78698K(1118208K)], 0.5606087 secs] [Times: user=3.44 sys=0.14, real=0.56 secs] 
582.526: [Full GC (Ergonomics) [PSYoungGen: 134144K->50572K(153600K)] [ParOldGen: 349589K->349587K(349696K)] 483733K->400160K(503296K), [Metaspace: 78698K->78698K(1118208K)], 0.7449592 secs] [Times: user=4.54 sys=0.20, real=0.75 secs] 
583.305: [Full GC (Ergonomics) [PSYoungGen: 134144K->49971K(153600K)] [ParOldGen: 349587K->349586K(349696K)] 483731K->399558K(503296K), [Metaspace: 78698K->78698K(1118208K)], 0.8203555 secs] [Times: user=4.98 sys=0.20, real=0.82 secs] 
584.163: [Full GC (Ergonomics) [PSYoungGen: 134144K->46580K(153600K)] [ParOldGen: 349586K->349585K(349696K)] 483730K->396166K(503296K), [Metaspace: 78698K->78698K(1118208K)], 0.5419787 secs] [Times: user=3.22 sys=0.14, real=0.54 secs] 
584.744: [Full GC (Ergonomics) [PSYoungGen: 134144K->46061K(153600K)] [ParOldGen: 349585K->349583K(349696K)] 483729K->395645K(503296K), [Metaspace: 78698K->78698K(1118208K)], 0.7171753 secs] [Times: user=4.52 sys=0.19, real=0.72 secs] 
585.496: [Full GC (Ergonomics) [PSYoungGen: 134144K->46166K(153600K)] [ParOldGen: 349583K->349582K(349696K)] 483727K->395748K(503296K), [Metaspace: 78698K->78698K(1118208K)], 0.8453188 secs] [Times: user=5.08 sys=0.18, real=0.85 secs] 
586.375: [Full GC (Ergonomics) [PSYoungGen: 134144K->47211K(153600K)] [ParOldGen: 349582K->349581K(349696K)] 483726K->396792K(503296K), [Metaspace: 78698K->78698K(1118208K)], 0.4870655 secs] [Times: user=2.88 sys=0.11, real=0.49 secs] 
586.898: [Full GC (Ergonomics) [PSYoungGen: 134144K->44776K(153600K)] [ParOldGen: 349581K->349579K(349696K)] 483725K->394355K(503296K), [Metaspace: 78698K->78698K(1118208K)], 0.7754003 secs] [Times: user=4.79 sys=0.19, real=0.78 secs] 
587.709: [Full GC (Ergonomics) [PSYoungGen: 134144K->47644K(153600K)] [ParOldGen: 349579K->349578K(349696K)] 483723K->397222K(503296K), [Metaspace: 78698K->78698K(1118208K)], 0.5809047 secs] [Times: user=3.43 sys=0.15, real=0.59 secs] 
588.324: [Full GC (Ergonomics) [PSYoungGen: 134144K->42589K(153600K)] [ParOldGen: 349578K->349577K(349696K)] 483722K->392167K(503296K), [Metaspace: 78698K->78698K(1118208K)], 1.0219103 secs] [Times: user=6.70 sys=0.29, real=1.02 secs] 
589.388: [Full GC (Ergonomics) [PSYoungGen: 134144K->42521K(153600K)] [ParOldGen: 349577K->349576K(349696K)] 483721K->392097K(503296K), [Metaspace: 78698K->78698K(1118208K)], 0.5655619 secs] [Times: user=3.29 sys=0.16, real=0.57 secs] 
590.215: [Full GC (Ergonomics) [PSYoungGen: 134144K->54774K(153600K)] [ParOldGen: 349576K->349504K(349696K)] 483720K->404279K(503296K), [Metaspace: 78700K->78700K(1118208K)], 1.0283926 secs] [Times: user=6.58 sys=0.32, real=1.03 secs] 
591.275: [Full GC (Ergonomics) [PSYoungGen: 134144K->47231K(153600K)] [ParOldGen: 349504K->349499K(349696K)] 483648K->396730K(503296K), [Metaspace: 78700K->78689K(1118208K)], 0.9068261 secs] [Times: user=5.73 sys=0.28, real=0.91 secs] 
592.218: [Full GC (Ergonomics) [PSYoungGen: 134144K->46464K(153600K)] [ParOldGen: 349499K->349498K(349696K)] 483643K->395962K(503296K), [Metaspace: 78689K->78689K(1118208K)], 0.7564667 secs] [Times: user=4.49 sys=0.19, real=0.76 secs] 
593.008: [Full GC (Ergonomics) [PSYoungGen: 134144K->44905K(153600K)] [ParOldGen: 349498K->349497K(349696K)] 483642K->394403K(503296K), [Metaspace: 78689K->78689K(1118208K)], 0.8518372 secs] [Times: user=5.41 sys=0.22, real=0.85 secs] 
593.893: [Full GC (Ergonomics) [PSYoungGen: 134144K->44627K(153600K)] [ParOldGen: 349497K->349496K(349696K)] 483641K->394123K(503296K), [Metaspace: 78689K->78689K(1118208K)], 0.5350157 secs] [Times: user=3.15 sys=0.12, real=0.53 secs] 
594.465: [Full GC (Ergonomics) [PSYoungGen: 134144K->47973K(153600K)] [ParOldGen: 349496K->349495K(349696K)] 483640K->397469K(503296K), [Metaspace: 78689K->78689K(1118208K)], 0.7083604 secs] [Times: user=4.53 sys=0.19, real=0.71 secs] 
595.212: [Full GC (Ergonomics) [PSYoungGen: 134144K->48789K(153600K)] [ParOldGen: 349495K->349494K(349696K)] 483639K->398284K(503296K), [Metaspace: 78689K->78689K(1118208K)], 0.7287170 secs] [Times: user=4.40 sys=0.16, real=0.73 secs] 
595.982: [Full GC (Ergonomics) [PSYoungGen: 134144K->49429K(153600K)] [ParOldGen: 349494K->349493K(349696K)] 483638K->398922K(503296K), [Metaspace: 78689K->78689K(1118208K)], 0.6077308 secs] [Times: user=3.70 sys=0.13, real=0.60 secs] 
596.627: [Full GC (Ergonomics) [PSYoungGen: 134144K->48986K(153600K)] [ParOldGen: 349493K->349492K(349696K)] 483637K->398478K(503296K), [Metaspace: 78689K->78689K(1118208K)], 0.5784152 secs] [Times: user=3.50 sys=0.11, real=0.58 secs] 
597.238: [Full GC (Ergonomics) [PSYoungGen: 134144K->47008K(153600K)] [ParOldGen: 349492K->349491K(349696K)] 483636K->396500K(503296K), [Metaspace: 78689K->78689K(1118208K)], 0.8002796 secs] [Times: user=4.95 sys=0.16, real=0.80 secs] 
598.071: [Full GC (Ergonomics) [PSYoungGen: 134144K->51259K(153600K)] [ParOldGen: 349491K->349490K(349696K)] 483635K->400749K(503296K), [Metaspace: 78689K->78689K(1118208K)], 0.6557353 secs] [Times: user=3.75 sys=0.09, real=0.66 secs] 
598.755: [Full GC (Ergonomics) [PSYoungGen: 134144K->45335K(153600K)] [ParOldGen: 349490K->349489K(349696K)] 483634K->394824K(503296K), [Metaspace: 78689K->78689K(1118208K)], 0.8839152 secs] [Times: user=5.63 sys=0.06, real=0.88 secs] 
599.673: [Full GC (Ergonomics) [PSYoungGen: 134144K->47899K(153600K)] [ParOldGen: 349489K->349488K(349696K)] 483633K->397387K(503296K), [Metaspace: 78689K->78689K(1118208K)], 0.7341137 secs] [Times: user=4.63 sys=0.03, real=0.73 secs] 
600.441: [Full GC (Ergonomics) [PSYoungGen: 134144K->48538K(153600K)] [ParOldGen: 349488K->349487K(349696K)] 483632K->398025K(503296K), [Metaspace: 78689K->78689K(1118208K)], 0.4921304 secs] [Times: user=3.02 sys=0.01, real=0.50 secs] 
600.966: [Full GC (Ergonomics) [PSYoungGen: 134144K->45906K(153600K)] [ParOldGen: 349487K->349486K(349696K)] 483631K->395393K(503296K), [Metaspace: 78690K->78690K(1118208K)], 0.8167816 secs] [Times: user=5.56 sys=0.02, real=0.82 secs] 
601.817: [Full GC (Ergonomics) [PSYoungGen: 134144K->44785K(153600K)] [ParOldGen: 349486K->349485K(349696K)] 483630K->394271K(503296K), [Metaspace: 78690K->78690K(1118208K)], 0.6956153 secs] [Times: user=4.62 sys=0.03, real=0.70 secs] 
602.546: [Full GC (Ergonomics) [PSYoungGen: 134144K->49015K(153600K)] [ParOldGen: 349485K->349484K(349696K)] 483629K->398500K(503296K), [Metaspace: 78690K->78690K(1118208K)], 0.8005687 secs] [Times: user=5.16 sys=0.02, real=0.80 secs] 
603.381: [Full GC (Ergonomics) [PSYoungGen: 134144K->45408K(153600K)] [ParOldGen: 349484K->349484K(349696K)] 483628K->394892K(503296K), [Metaspace: 78690K->78690K(1118208K)], 0.5021820 secs] [Times: user=3.19 sys=0.02, real=0.51 secs] 
603.917: [Full GC (Ergonomics) [PSYoungGen: 134144K->48746K(153600K)] [ParOldGen: 349484K->349483K(349696K)] 483628K->398230K(503296K), [Metaspace: 78690K->78690K(1118208K)], 0.6692698 secs] [Times: user=4.24 sys=0.03, real=0.67 secs] 
604.619: [Full GC (Ergonomics) [PSYoungGen: 134144K->45546K(153600K)] [ParOldGen: 349483K->349481K(349696K)] 483627K->395028K(503296K), [Metaspace: 78690K->78690K(1118208K)], 0.8345373 secs] [Times: user=5.51 sys=0.03, real=0.84 secs] 
605.486: [Full GC (Ergonomics) [PSYoungGen: 134144K->48087K(153600K)] [ParOldGen: 349481K->349480K(349696K)] 483625K->397568K(503296K), [Metaspace: 78690K->78690K(1118208K)], 0.6010764 secs] [Times: user=3.74 sys=0.01, real=0.60 secs] 
606.118: [Full GC (Ergonomics) [PSYoungGen: 134144K->46849K(153600K)] [ParOldGen: 349480K->349479K(349696K)] 483624K->396328K(503296K), [Metaspace: 78690K->78690K(1118208K)], 0.6565838 secs] [Times: user=4.13 sys=0.02, real=0.66 secs] 
606.884: [Full GC (Ergonomics) [PSYoungGen: 134144K->36449K(153600K)] [ParOldGen: 349479K->349226K(349696K)] 483623K->385675K(503296K), [Metaspace: 78696K->78696K(1118208K)], 0.9234849 secs] [Times: user=5.22 sys=0.04, real=0.92 secs] 
608.050: [Full GC (Ergonomics) [PSYoungGen: 134144K->36880K(153600K)] [ParOldGen: 349226K->349375K(349696K)] 483370K->386255K(503296K), [Metaspace: 78696K->78696K(1118208K)], 1.0304496 secs] [Times: user=5.74 sys=0.04, real=1.03 secs] 
609.184: [Full GC (Ergonomics) [PSYoungGen: 134144K->45639K(153600K)] [ParOldGen: 349375K->349374K(349696K)] 483519K->395013K(503296K), [Metaspace: 78696K->78696K(1118208K)], 0.8775315 secs] [Times: user=5.02 sys=0.04, real=0.87 secs] 
610.108: [Full GC (Ergonomics) [PSYoungGen: 134144K->48633K(153600K)] [ParOldGen: 349374K->349373K(349696K)] 483518K->398006K(503296K), [Metaspace: 78696K->78696K(1118208K)], 0.8243290 secs] [Times: user=4.38 sys=0.02, real=0.82 secs] 
611.069: [Full GC (Ergonomics) [PSYoungGen: 134144K->49844K(153600K)] [ParOldGen: 349373K->349373K(349696K)] 483517K->399217K(503296K), [Metaspace: 78696K->78673K(1118208K)], 0.7337487 secs] [Times: user=3.69 sys=0.02, real=0.73 secs] 
611.842: [Full GC (Ergonomics) [PSYoungGen: 134144K->50868K(153600K)] [ParOldGen: 349373K->349372K(349696K)] 483517K->400240K(503296K), [Metaspace: 78673K->78673K(1118208K)], 0.7023379 secs] [Times: user=3.56 sys=0.01, real=0.71 secs] 
612.583: [Full GC (Ergonomics) [PSYoungGen: 134144K->53509K(153600K)] [ParOldGen: 349372K->349371K(349696K)] 483516K->402881K(503296K), [Metaspace: 78673K->78673K(1118208K)], 0.8009081 secs] [Times: user=5.20 sys=0.03, real=0.81 secs] 
613.415: [Full GC (Ergonomics) [PSYoungGen: 134144K->51039K(153600K)] [ParOldGen: 349371K->349371K(349696K)] 483515K->400411K(503296K), [Metaspace: 78673K->78673K(1118208K)], 0.4308698 secs] [Times: user=2.61 sys=0.01, real=0.43 secs] 
613.875: [Full GC (Ergonomics) [PSYoungGen: 134055K->53014K(153600K)] [ParOldGen: 349371K->349370K(349696K)] 483427K->402384K(503296K), [Metaspace: 78673K->78673K(1118208K)], 0.5055329 secs] [Times: user=3.05 sys=0.01, real=0.50 secs] 
614.410: [Full GC (Ergonomics) [PSYoungGen: 134144K->49539K(153600K)] [ParOldGen: 349370K->349369K(349696K)] 483514K->398909K(503296K), [Metaspace: 78673K->78673K(1118208K)], 0.5937022 secs] [Times: user=3.87 sys=0.02, real=0.60 secs] 
615.037: [Full GC (Ergonomics) [PSYoungGen: 134144K->50853K(153600K)] [ParOldGen: 349369K->349369K(349696K)] 483513K->400222K(503296K), [Metaspace: 78673K->78673K(1118208K)], 0.7473545 secs] [Times: user=4.91 sys=0.03, real=0.75 secs] 
615.817: [Full GC (Ergonomics) [PSYoungGen: 134144K->53694K(153600K)] [ParOldGen: 349369K->349369K(349696K)] 483513K->403063K(503296K), [Metaspace: 78673K->78673K(1118208K)], 0.3251706 secs] [Times: user=1.87 sys=0.00, real=0.32 secs] 
616.182: [Full GC (Ergonomics) [PSYoungGen: 134144K->50331K(153600K)] [ParOldGen: 349369K->349367K(349696K)] 483513K->399699K(503296K), [Metaspace: 78673K->78673K(1118208K)], 0.8349678 secs] [Times: user=5.55 sys=0.03, real=0.84 secs] 
617.049: [Full GC (Ergonomics) [PSYoungGen: 134144K->53719K(153600K)] [ParOldGen: 349367K->349367K(349696K)] 483511K->403086K(503296K), [Metaspace: 78673K->78673K(1118208K)], 0.4542193 secs] [Times: user=2.65 sys=0.01, real=0.45 secs] 
617.536: [Full GC (Ergonomics) [PSYoungGen: 134144K->53554K(153600K)] [ParOldGen: 349367K->349366K(349696K)] 483511K->402921K(503296K), [Metaspace: 78673K->78673K(1118208K)], 0.8313160 secs] [Times: user=5.45 sys=0.02, real=0.83 secs] 
618.403: [Full GC (Ergonomics) [PSYoungGen: 134144K->53442K(153600K)] [ParOldGen: 349366K->349365K(349696K)] 483510K->402808K(503296K), [Metaspace: 78673K->78673K(1118208K)], 0.4970852 secs] [Times: user=2.89 sys=0.00, real=0.50 secs] 
619.024: [Full GC (Ergonomics) [PSYoungGen: 134144K->47123K(153600K)] [ParOldGen: 349365K->349365K(349696K)] 483509K->396488K(503296K), [Metaspace: 78673K->78673K(1118208K)], 0.5136945 secs] [Times: user=3.15 sys=0.01, real=0.52 secs] 
619.577: [Full GC (Ergonomics) [PSYoungGen: 134144K->50342K(153600K)] [ParOldGen: 349365K->349364K(349696K)] 483509K->399707K(503296K), [Metaspace: 78673K->78673K(1118208K)], 0.3736769 secs] [Times: user=2.03 sys=0.01, real=0.37 secs] 
619.982: [Full GC (Ergonomics) [PSYoungGen: 134144K->53977K(153600K)] [ParOldGen: 349364K->349364K(349696K)] 483508K->403342K(503296K), [Metaspace: 78673K->78673K(1118208K)], 0.4847395 secs] [Times: user=2.49 sys=0.01, real=0.49 secs] 
620.509: [Full GC (Ergonomics) [PSYoungGen: 134144K->58104K(153600K)] [ParOldGen: 349364K->349363K(349696K)] 483508K->407467K(503296K), [Metaspace: 78673K->78673K(1118208K)], 0.4659846 secs] [Times: user=2.20 sys=0.01, real=0.47 secs] 
621.031: [Full GC (Ergonomics) [PSYoungGen: 134144K->55344K(153600K)] [ParOldGen: 349363K->349363K(349696K)] 483507K->404707K(503296K), [Metaspace: 78673K->78673K(1118208K)], 0.8258370 secs] [Times: user=5.01 sys=0.19, real=0.83 secs] 
621.897: [Full GC (Ergonomics) [PSYoungGen: 134144K->58346K(153600K)] [ParOldGen: 349363K->349362K(349696K)] 483507K->407709K(503296K), [Metaspace: 78673K->78673K(1118208K)], 0.3906403 secs] [Times: user=2.25 sys=0.10, real=0.39 secs] 
622.318: [Full GC (Ergonomics) [PSYoungGen: 134144K->58248K(153600K)] [ParOldGen: 349362K->349362K(349696K)] 483506K->407610K(503296K), [Metaspace: 78673K->78673K(1118208K)], 0.6771466 secs] [Times: user=3.90 sys=0.12, real=0.67 secs] 
623.028: [Full GC (Ergonomics) [PSYoungGen: 134144K->57881K(153600K)] [ParOldGen: 349362K->349361K(349696K)] 483506K->407243K(503296K), [Metaspace: 78673K->78673K(1118208K)], 0.7442255 secs] [Times: user=4.66 sys=0.14, real=0.74 secs] 
623.803: [Full GC (Ergonomics) [PSYoungGen: 134144K->55243K(153600K)] [ParOldGen: 349361K->349361K(349696K)] 483505K->404604K(503296K), [Metaspace: 78673K->78673K(1118208K)], 0.4111344 secs] [Times: user=2.32 sys=0.09, real=0.41 secs] 
624.243: [Full GC (Ergonomics) [PSYoungGen: 134144K->58104K(153600K)] [ParOldGen: 349361K->349360K(349696K)] 483505K->407465K(503296K), [Metaspace: 78673K->78673K(1118208K)], 0.5191060 secs] [Times: user=3.21 sys=0.06, real=0.52 secs] 
624.992: [Full GC (Ergonomics) [PSYoungGen: 134144K->49656K(153600K)] [ParOldGen: 349360K->349360K(349696K)] 483504K->399016K(503296K), [Metaspace: 78679K->78679K(1118208K)], 0.6316980 secs] [Times: user=3.76 sys=0.09, real=0.63 secs] 
625.790: [Full GC (Ergonomics) [PSYoungGen: 134138K->51917K(153600K)] [ParOldGen: 349360K->349359K(349696K)] 483498K->401277K(503296K), [Metaspace: 78679K->78679K(1118208K)], 0.8197173 secs] [Times: user=5.21 sys=0.16, real=0.82 secs] 
626.639: [Full GC (Ergonomics) [PSYoungGen: 134144K->54466K(153600K)] [ParOldGen: 349359K->349358K(349696K)] 483503K->403825K(503296K), [Metaspace: 78679K->78679K(1118208K)], 0.8621527 secs] [Times: user=5.53 sys=0.21, real=0.86 secs] 
627.536: [Full GC (Ergonomics) [PSYoungGen: 134144K->56204K(153600K)] [ParOldGen: 349358K->349357K(349696K)] 483502K->405561K(503296K), [Metaspace: 78679K->78679K(1118208K)], 0.6777627 secs] [Times: user=4.09 sys=0.11, real=0.67 secs] 
628.345: [Full GC (Ergonomics) [PSYoungGen: 134144K->58569K(153600K)] [ParOldGen: 349357K->349356K(349696K)] 483501K->407926K(503296K), [Metaspace: 78679K->78679K(1118208K)], 0.4135673 secs] [Times: user=2.31 sys=0.10, real=0.42 secs] 
628.792: [Full GC (Ergonomics) [PSYoungGen: 134144K->60261K(153600K)] [ParOldGen: 349356K->349356K(349696K)] 483500K->409617K(503296K), [Metaspace: 78679K->78679K(1118208K)], 0.4963107 secs] [Times: user=2.91 sys=0.11, real=0.50 secs] 
629.317: [Full GC (Ergonomics) [PSYoungGen: 134144K->63995K(153600K)] [ParOldGen: 349356K->349355K(349696K)] 483500K->413351K(503296K), [Metaspace: 78679K->78679K(1118208K)], 0.4403598 secs] [Times: user=2.61 sys=0.08, real=0.44 secs] 
629.792: [Full GC (Ergonomics) [PSYoungGen: 134144K->63295K(153600K)] [ParOldGen: 349355K->349355K(349696K)] 483499K->412651K(503296K), [Metaspace: 78679K->78679K(1118208K)], 0.6888905 secs] [Times: user=4.22 sys=0.14, real=0.69 secs] 
630.510: [Full GC (Ergonomics) [PSYoungGen: 134144K->61259K(153600K)] [ParOldGen: 349355K->349355K(349696K)] 483499K->410614K(503296K), [Metaspace: 78679K->78679K(1118208K)], 0.6605026 secs] [Times: user=3.82 sys=0.11, real=0.66 secs] 
631.199: [Full GC (Ergonomics) [PSYoungGen: 134144K->60393K(153600K)] [ParOldGen: 349355K->349354K(349696K)] 483499K->409748K(503296K), [Metaspace: 78679K->78679K(1118208K)], 0.7292646 secs] [Times: user=4.23 sys=0.15, real=0.73 secs] 
631.958: [Full GC (Ergonomics) [PSYoungGen: 134144K->62207K(153600K)] [ParOldGen: 349354K->349354K(349696K)] 483498K->411561K(503296K), [Metaspace: 78679K->78679K(1118208K)], 0.4304119 secs] [Times: user=2.04 sys=0.05, real=0.43 secs] 
632.425: [Full GC (Ergonomics) [PSYoungGen: 134144K->65737K(153600K)] [ParOldGen: 349354K->349354K(349696K)] 483498K->415091K(503296K), [Metaspace: 78679K->78679K(1118208K)], 0.4609234 secs] [Times: user=2.57 sys=0.05, real=0.46 secs] 
632.916: [Full GC (Ergonomics) [PSYoungGen: 134144K->65619K(153600K)] [ParOldGen: 349354K->349353K(349696K)] 483498K->414972K(503296K), [Metaspace: 78679K->78679K(1118208K)], 0.8769965 secs] [Times: user=5.47 sys=0.15, real=0.88 secs] 
633.822: [Full GC (Ergonomics) [PSYoungGen: 134144K->63214K(153600K)] [ParOldGen: 349353K->349353K(349696K)] 483497K->412568K(503296K), [Metaspace: 78679K->78679K(1118208K)], 0.6777834 secs] [Times: user=4.03 sys=0.09, real=0.68 secs] 
634.531: [Full GC (Ergonomics) [PSYoungGen: 134012K->66424K(153600K)] [ParOldGen: 349353K->349353K(349696K)] 483366K->415777K(503296K), [Metaspace: 78679K->78679K(1118208K)], 0.7996685 secs] [Times: user=4.76 sys=0.10, real=0.80 secs] 
635.364: [Full GC (Ergonomics) [PSYoungGen: 134144K->61008K(153600K)] [ParOldGen: 349353K->349352K(349696K)] 483497K->410361K(503296K), [Metaspace: 78679K->78679K(1118208K)], 0.6434319 secs] [Times: user=3.63 sys=0.04, real=0.64 secs] 
636.046: [Full GC (Ergonomics) [PSYoungGen: 134144K->59434K(153600K)] [ParOldGen: 349352K->349351K(349696K)] 483496K->408786K(503296K), [Metaspace: 78679K->78679K(1118208K)], 0.6833304 secs] [Times: user=4.13 sys=0.02, real=0.69 secs] 
636.760: [Full GC (Ergonomics) [PSYoungGen: 134144K->64415K(153600K)] [ParOldGen: 349351K->349351K(349696K)] 483495K->413766K(503296K), [Metaspace: 78679K->78679K(1118208K)], 0.6990627 secs] [Times: user=4.48 sys=0.04, real=0.70 secs] 
637.583: [Full GC (Ergonomics) [PSYoungGen: 134144K->60432K(153600K)] [ParOldGen: 349351K->349351K(349696K)] 483495K->409783K(503296K), [Metaspace: 78679K->78679K(1118208K)], 0.5105693 secs] [Times: user=3.09 sys=0.02, real=0.51 secs] 
638.119: [Full GC (Ergonomics) [PSYoungGen: 134144K->59310K(153600K)] [ParOldGen: 349351K->349350K(349696K)] 483495K->408661K(503296K), [Metaspace: 78679K->78679K(1118208K)], 0.4785079 secs] [Times: user=3.03 sys=0.01, real=0.47 secs] 
638.625: [Full GC (Ergonomics) [PSYoungGen: 134144K->63869K(153600K)] [ParOldGen: 349350K->349350K(349696K)] 483494K->413220K(503296K), [Metaspace: 78679K->78679K(1118208K)], 0.4037120 secs] [Times: user=2.30 sys=0.01, real=0.41 secs] 
639.054: [Full GC (Ergonomics) [PSYoungGen: 134144K->64751K(153600K)] [ParOldGen: 349350K->349350K(349696K)] 483494K->414101K(503296K), [Metaspace: 78679K->78679K(1118208K)], 0.6553486 secs] [Times: user=4.21 sys=0.03, real=0.66 secs] 
639.742: [Full GC (Ergonomics) [PSYoungGen: 134144K->62361K(153600K)] [ParOldGen: 349350K->349349K(349696K)] 483494K->411711K(503296K), [Metaspace: 78679K->78679K(1118208K)], 0.4104202 secs] [Times: user=2.48 sys=0.01, real=0.41 secs] 
640.180: [Full GC (Ergonomics) [PSYoungGen: 134144K->66462K(153600K)] [ParOldGen: 349349K->349349K(349696K)] 483493K->415812K(503296K), [Metaspace: 78679K->78679K(1118208K)], 0.6076873 secs] [Times: user=3.44 sys=0.01, real=0.60 secs] 
640.816: [Full GC (Ergonomics) [PSYoungGen: 134144K->67065K(153600K)] [ParOldGen: 349349K->349348K(349696K)] 483493K->416414K(503296K), [Metaspace: 78679K->78679K(1118208K)], 0.7732880 secs] [Times: user=4.86 sys=0.02, real=0.78 secs] 
641.621: [Full GC (Ergonomics) [PSYoungGen: 134144K->68556K(153600K)] [ParOldGen: 349348K->349348K(349696K)] 483492K->417905K(503296K), [Metaspace: 78679K->78679K(1118208K)], 0.8064787 secs] [Times: user=4.94 sys=0.03, real=0.80 secs] 
642.461: [Full GC (Ergonomics) [PSYoungGen: 134144K->69754K(153600K)] [ParOldGen: 349348K->349347K(349696K)] 483492K->419102K(503296K), [Metaspace: 78679K->78679K(1118208K)], 0.6005336 secs] [Times: user=3.69 sys=0.01, real=0.60 secs] 
643.089: [Full GC (Ergonomics) [PSYoungGen: 134144K->67365K(153600K)] [ParOldGen: 349347K->349347K(349696K)] 483491K->416712K(503296K), [Metaspace: 78679K->78679K(1118208K)], 0.8221686 secs] [Times: user=5.43 sys=0.02, real=0.82 secs] 
643.939: [Full GC (Ergonomics) [PSYoungGen: 134144K->64296K(153600K)] [ParOldGen: 349347K->349347K(349696K)] 483491K->413643K(503296K), [Metaspace: 78679K->78679K(1118208K)], 0.3795207 secs] [Times: user=2.31 sys=0.01, real=0.38 secs] 
644.418: [Full GC (Ergonomics) [PSYoungGen: 134144K->55553K(153600K)] [ParOldGen: 349347K->349340K(349696K)] 483491K->404893K(503296K), [Metaspace: 78712K->78712K(1118208K)], 0.3753556 secs] [Times: user=2.38 sys=0.00, real=0.38 secs] 
644.965: [Full GC (Ergonomics) [PSYoungGen: 134144K->60154K(153600K)] [ParOldGen: 349340K->349340K(349696K)] 483484K->409494K(503296K), [Metaspace: 78714K->78714K(1118208K)], 0.3128708 secs] [Times: user=1.89 sys=0.01, real=0.31 secs] 
645.418: [Full GC (Ergonomics) [PSYoungGen: 134144K->73137K(153600K)] [ParOldGen: 349340K->349340K(349696K)] 483484K->422477K(503296K), [Metaspace: 78714K->78714K(1118208K)], 0.7156845 secs] [Times: user=4.20 sys=0.02, real=0.72 secs] 
646.165: [Full GC (Ergonomics) [PSYoungGen: 134144K->67271K(153600K)] [ParOldGen: 349340K->349339K(349696K)] 483484K->416611K(503296K), [Metaspace: 78717K->78717K(1118208K)], 0.6569270 secs] [Times: user=4.20 sys=0.01, real=0.66 secs] 
646.841: [Full GC (Ergonomics) [PSYoungGen: 134144K->73695K(153600K)] [ParOldGen: 349339K->349339K(349696K)] 483483K->423034K(503296K), [Metaspace: 78717K->78717K(1118208K)], 0.3421290 secs] [Times: user=2.05 sys=0.01, real=0.34 secs] 
647.194: [Full GC (Ergonomics) [PSYoungGen: 134144K->74952K(153600K)] [ParOldGen: 349339K->349339K(349696K)] 483483K->424292K(503296K), [Metaspace: 78717K->78717K(1118208K)], 0.3366828 secs] [Times: user=1.95 sys=0.01, real=0.34 secs] 
647.540: [Full GC (Ergonomics) [PSYoungGen: 134144K->76484K(153600K)] [ParOldGen: 349339K->349339K(349696K)] 483483K->425823K(503296K), [Metaspace: 78717K->78717K(1118208K)], 0.3305825 secs] [Times: user=1.92 sys=0.00, real=0.33 secs] 
647.883: [Full GC (Ergonomics) [PSYoungGen: 134144K->76233K(153600K)] [ParOldGen: 349339K->349338K(349696K)] 483483K->425572K(503296K), [Metaspace: 78717K->78717K(1118208K)], 0.6116579 secs] [Times: user=3.88 sys=0.02, real=0.61 secs] 
648.504: [Full GC (Ergonomics) [PSYoungGen: 134144K->75468K(153600K)] [ParOldGen: 349338K->349338K(349696K)] 483482K->424807K(503296K), [Metaspace: 78717K->78717K(1118208K)], 0.3121311 secs] [Times: user=1.90 sys=0.00, real=0.31 secs] 
648.827: [Full GC (Ergonomics) [PSYoungGen: 134144K->75508K(153600K)] [ParOldGen: 349338K->349338K(349696K)] 483482K->424847K(503296K), [Metaspace: 78717K->78717K(1118208K)], 0.4081528 secs] [Times: user=2.40 sys=0.00, real=0.41 secs] 
649.248: [Full GC (Ergonomics) [PSYoungGen: 134144K->76499K(153600K)] [ParOldGen: 349338K->349338K(349696K)] 483482K->425838K(503296K), [Metaspace: 78717K->78717K(1118208K)], 0.4101759 secs] [Times: user=2.57 sys=0.01, real=0.41 secs] 
649.670: [Full GC (Ergonomics) [PSYoungGen: 134144K->74938K(153600K)] [ParOldGen: 349338K->349338K(349696K)] 483482K->424276K(503296K), [Metaspace: 78717K->78717K(1118208K)], 0.4266766 secs] [Times: user=2.40 sys=0.01, real=0.42 secs] 
650.110: [Full GC (Ergonomics) [PSYoungGen: 134144K->78777K(153600K)] [ParOldGen: 349338K->349338K(349696K)] 483482K->428115K(503296K), [Metaspace: 78717K->78717K(1118208K)], 0.7556448 secs] [Times: user=5.12 sys=0.02, real=0.75 secs] 
650.878: [Full GC (Ergonomics) [PSYoungGen: 134144K->74146K(153600K)] [ParOldGen: 349338K->349338K(349696K)] 483482K->423484K(503296K), [Metaspace: 78717K->78717K(1118208K)], 0.7619828 secs] [Times: user=5.08 sys=0.01, real=0.77 secs] 
651.659: [Full GC (Ergonomics) [PSYoungGen: 134144K->76333K(153600K)] [ParOldGen: 349338K->349338K(349696K)] 483482K->425671K(503296K), [Metaspace: 78717K->78717K(1118208K)], 0.5657378 secs] [Times: user=3.55 sys=0.01, real=0.57 secs] 
652.239: [Full GC (Ergonomics) [PSYoungGen: 134144K->76724K(153600K)] [ParOldGen: 349338K->349338K(349696K)] 483482K->426062K(503296K), [Metaspace: 78718K->78718K(1118208K)], 0.5759476 secs] [Times: user=3.80 sys=0.01, real=0.58 secs] 
652.832: [Full GC (Ergonomics) [PSYoungGen: 134144K->76136K(153600K)] [ParOldGen: 349338K->349337K(349696K)] 483482K->425474K(503296K), [Metaspace: 78718K->78718K(1118208K)], 0.4092792 secs] [Times: user=2.39 sys=0.01, real=0.41 secs] 
653.257: [Full GC (Ergonomics) [PSYoungGen: 134144K->74963K(153600K)] [ParOldGen: 349337K->349337K(349696K)] 483481K->424301K(503296K), [Metaspace: 78718K->78718K(1118208K)], 0.3291442 secs] [Times: user=1.97 sys=0.01, real=0.33 secs] 
653.601: [Full GC (Ergonomics) [PSYoungGen: 134144K->76678K(153600K)] [ParOldGen: 349337K->349337K(349696K)] 483481K->426016K(503296K), [Metaspace: 78718K->78718K(1118208K)], 0.5480501 secs] [Times: user=3.11 sys=0.01, real=0.54 secs] 
654.166: [Full GC (Ergonomics) [PSYoungGen: 134144K->75475K(153600K)] [ParOldGen: 349337K->349337K(349696K)] 483481K->424812K(503296K), [Metaspace: 78719K->78719K(1118208K)], 0.3621285 secs] [Times: user=2.17 sys=0.00, real=0.36 secs] 
654.551: [Full GC (Ergonomics) [PSYoungGen: 134144K->75533K(153600K)] [ParOldGen: 349337K->349337K(349696K)] 483481K->424871K(503296K), [Metaspace: 78719K->78719K(1118208K)], 0.4070704 secs] [Times: user=2.48 sys=0.01, real=0.40 secs] 
654.982: [Full GC (Ergonomics) [PSYoungGen: 134144K->77939K(153600K)] [ParOldGen: 349337K->349337K(349696K)] 483481K->427276K(503296K), [Metaspace: 78719K->78719K(1118208K)], 0.3321959 secs] [Times: user=1.97 sys=0.00, real=0.33 secs] 
655.335: [Full GC (Ergonomics) [PSYoungGen: 134144K->78806K(153600K)] [ParOldGen: 349337K->349337K(349696K)] 483481K->428144K(503296K), [Metaspace: 78719K->78719K(1118208K)], 0.7839485 secs] [Times: user=5.34 sys=0.03, real=0.78 secs] 
656.140: [Full GC (Ergonomics) [PSYoungGen: 134144K->77287K(153600K)] [ParOldGen: 349337K->349337K(349696K)] 483481K->426624K(503296K), [Metaspace: 78719K->78719K(1118208K)], 0.3504139 secs] [Times: user=2.13 sys=0.01, real=0.36 secs] 
656.507: [Full GC (Ergonomics) [PSYoungGen: 134144K->76126K(153600K)] [ParOldGen: 349337K->349337K(349696K)] 483481K->425463K(503296K), [Metaspace: 78719K->78719K(1118208K)], 0.3337608 secs] [Times: user=1.92 sys=0.01, real=0.34 secs] 
656.863: [Full GC (Ergonomics) [PSYoungGen: 134144K->77786K(153600K)] [ParOldGen: 349337K->349336K(349696K)] 483481K->427123K(503296K), [Metaspace: 78719K->78719K(1118208K)], 0.3550597 secs] [Times: user=2.13 sys=0.01, real=0.35 secs] 
657.239: [Full GC (Ergonomics) [PSYoungGen: 134144K->77327K(153600K)] [ParOldGen: 349336K->349336K(349696K)] 483480K->426664K(503296K), [Metaspace: 78719K->78719K(1118208K)], 0.4532893 secs] [Times: user=2.83 sys=0.00, real=0.46 secs] 
657.707: [Full GC (Ergonomics) [PSYoungGen: 134144K->73749K(153600K)] [ParOldGen: 349336K->349336K(349696K)] 483480K->423085K(503296K), [Metaspace: 78719K->78719K(1118208K)], 0.4455121 secs] [Times: user=2.64 sys=0.01, real=0.45 secs] 
658.168: [Full GC (Ergonomics) [PSYoungGen: 134144K->78083K(153600K)] [ParOldGen: 349336K->349336K(349696K)] 483480K->427419K(503296K), [Metaspace: 78719K->78719K(1118208K)], 0.3669616 secs] [Times: user=2.14 sys=0.01, real=0.37 secs] 
658.548: [Full GC (Ergonomics) [PSYoungGen: 134144K->74356K(153600K)] [ParOldGen: 349336K->349336K(349696K)] 483480K->423692K(503296K), [Metaspace: 78719K->78719K(1118208K)], 0.5944888 secs] [Times: user=3.92 sys=0.01, real=0.60 secs] 
659.159: [Full GC (Ergonomics) [PSYoungGen: 134144K->77361K(153600K)] [ParOldGen: 349336K->349336K(349696K)] 483480K->426697K(503296K), [Metaspace: 78719K->78719K(1118208K)], 0.3473986 secs] [Times: user=1.92 sys=0.00, real=0.35 secs] 
659.520: [Full GC (Ergonomics) [PSYoungGen: 134144K->75590K(153600K)] [ParOldGen: 349336K->349336K(349696K)] 483480K->424926K(503296K), [Metaspace: 78719K->78719K(1118208K)], 0.4579666 secs] [Times: user=2.57 sys=0.01, real=0.46 secs] 
659.993: [Full GC (Ergonomics) [PSYoungGen: 134144K->73041K(153600K)] [ParOldGen: 349336K->349336K(349696K)] 483480K->422378K(503296K), [Metaspace: 78719K->78719K(1118208K)], 0.3255519 secs] [Times: user=1.95 sys=0.01, real=0.32 secs] 
660.335: [Full GC (Ergonomics) [PSYoungGen: 134144K->77019K(153600K)] [ParOldGen: 349336K->349336K(349696K)] 483480K->426355K(503296K), [Metaspace: 78719K->78719K(1118208K)], 0.5210378 secs] [Times: user=3.43 sys=0.01, real=0.52 secs] 
660.872: [Full GC (Ergonomics) [PSYoungGen: 134144K->74530K(153600K)] [ParOldGen: 349336K->349336K(349696K)] 483480K->423867K(503296K), [Metaspace: 78719K->78719K(1118208K)], 0.4118834 secs] [Times: user=2.50 sys=0.01, real=0.41 secs] 
661.308: [Full GC (Ergonomics) [PSYoungGen: 134144K->75817K(153600K)] [ParOldGen: 349336K->349335K(349696K)] 483480K->425153K(503296K), [Metaspace: 78719K->78719K(1118208K)], 0.5302596 secs] [Times: user=3.23 sys=0.01, real=0.53 secs] 
661.860: [Full GC (Ergonomics) [PSYoungGen: 134144K->76535K(153600K)] [ParOldGen: 349335K->349335K(349696K)] 483479K->425871K(503296K), [Metaspace: 78719K->78719K(1118208K)], 0.4124816 secs] [Times: user=2.31 sys=0.01, real=0.42 secs] 
662.294: [Full GC (Ergonomics) [PSYoungGen: 134144K->78447K(153600K)] [ParOldGen: 349335K->349335K(349696K)] 483479K->427783K(503296K), [Metaspace: 78719K->78719K(1118208K)], 0.3905025 secs] [Times: user=2.33 sys=0.00, real=0.39 secs] 
662.706: [Full GC (Ergonomics) [PSYoungGen: 134144K->77826K(153600K)] [ParOldGen: 349335K->349335K(349696K)] 483479K->427162K(503296K), [Metaspace: 78719K->78719K(1118208K)], 0.4972635 secs] [Times: user=3.03 sys=0.01, real=0.50 secs] 
663.219: [Full GC (Ergonomics) [PSYoungGen: 134144K->75534K(153600K)] [ParOldGen: 349335K->349335K(349696K)] 483479K->424869K(503296K), [Metaspace: 78719K->78719K(1118208K)], 0.3263668 secs] [Times: user=1.92 sys=0.01, real=0.33 secs] 
663.561: [Full GC (Ergonomics) [PSYoungGen: 134144K->77228K(153600K)] [ParOldGen: 349335K->349335K(349696K)] 483479K->426563K(503296K), [Metaspace: 78719K->78719K(1118208K)], 0.4334389 secs] [Times: user=2.74 sys=0.01, real=0.44 secs] 
664.009: [Full GC (Ergonomics) [PSYoungGen: 134144K->73803K(153600K)] [ParOldGen: 349335K->349335K(349696K)] 483479K->423138K(503296K), [Metaspace: 78719K->78719K(1118208K)], 0.3795942 secs] [Times: user=2.33 sys=0.01, real=0.38 secs] 
664.404: [Full GC (Ergonomics) [PSYoungGen: 134144K->78736K(153600K)] [ParOldGen: 349335K->349335K(349696K)] 483479K->428072K(503296K), [Metaspace: 78719K->78719K(1118208K)], 0.3357918 secs] [Times: user=2.00 sys=0.00, real=0.33 secs] 
664.754: [Full GC (Ergonomics) [PSYoungGen: 134144K->74837K(153600K)] [ParOldGen: 349335K->349319K(349696K)] 483479K->424156K(503296K), [Metaspace: 78719K->78698K(1118208K)], 0.8781444 secs] [Times: user=5.66 sys=0.04, real=0.88 secs] 
665.648: [Full GC (Ergonomics) [PSYoungGen: 134144K->78050K(153600K)] [ParOldGen: 349319K->349318K(349696K)] 483463K->427369K(503296K), [Metaspace: 78699K->78699K(1118208K)], 0.7424298 secs] [Times: user=4.34 sys=0.02, real=0.74 secs] 
666.409: [Full GC (Ergonomics) [PSYoungGen: 134144K->75405K(153600K)] [ParOldGen: 349318K->349318K(349696K)] 483462K->424724K(503296K), [Metaspace: 78699K->78699K(1118208K)], 0.4588139 secs] [Times: user=2.84 sys=0.02, real=0.46 secs] 
666.882: [Full GC (Ergonomics) [PSYoungGen: 134144K->76623K(153600K)] [ParOldGen: 349318K->349318K(349696K)] 483462K->425942K(503296K), [Metaspace: 78699K->78699K(1118208K)], 0.3845085 secs] [Times: user=2.14 sys=0.00, real=0.38 secs] 
667.285: [Full GC (Ergonomics) [PSYoungGen: 134144K->77232K(153600K)] [ParOldGen: 349318K->349318K(349696K)] 483462K->426551K(503296K), [Metaspace: 78699K->78699K(1118208K)], 0.3615965 secs] [Times: user=2.04 sys=0.01, real=0.36 secs] 
667.669: [Full GC (Ergonomics) [PSYoungGen: 134144K->75357K(153600K)] [ParOldGen: 349318K->349317K(349696K)] 483462K->424675K(503296K), [Metaspace: 78699K->78699K(1118208K)], 0.8573159 secs] [Times: user=5.23 sys=0.03, real=0.86 secs] 
668.548: [Full GC (Ergonomics) [PSYoungGen: 134144K->74919K(153600K)] [ParOldGen: 349317K->349317K(349696K)] 483461K->424237K(503296K), [Metaspace: 78699K->78699K(1118208K)], 0.3316944 secs] [Times: user=2.01 sys=0.00, real=0.33 secs] 
668.902: [Full GC (Ergonomics) [PSYoungGen: 134144K->76008K(153600K)] [ParOldGen: 349317K->349317K(349696K)] 483461K->425326K(503296K), [Metaspace: 78699K->78699K(1118208K)], 0.4389135 secs] [Times: user=2.38 sys=0.00, real=0.44 secs] 
669.368: [Full GC (Ergonomics) [PSYoungGen: 134144K->79003K(153600K)] [ParOldGen: 349317K->349317K(349696K)] 483461K->428321K(503296K), [Metaspace: 78699K->78699K(1118208K)], 0.8203961 secs] [Times: user=3.70 sys=0.06, real=0.82 secs] 
670.210: [Full GC (Ergonomics) [PSYoungGen: 134144K->76005K(153600K)] [ParOldGen: 349317K->349317K(349696K)] 483461K->425322K(503296K), [Metaspace: 78699K->78699K(1118208K)], 0.5821245 secs] [Times: user=2.68 sys=0.07, real=0.58 secs] 
670.809: [Full GC (Ergonomics) [PSYoungGen: 134144K->75076K(153600K)] [ParOldGen: 349317K->349317K(349696K)] 483461K->424393K(503296K), [Metaspace: 78699K->78699K(1118208K)], 0.3436120 secs] [Times: user=1.96 sys=0.04, real=0.35 secs] 
671.169: [Full GC (Ergonomics) [PSYoungGen: 134144K->77446K(153600K)] [ParOldGen: 349317K->349317K(349696K)] 483461K->426764K(503296K), [Metaspace: 78699K->78699K(1118208K)], 0.4683082 secs] [Times: user=2.36 sys=0.06, real=0.47 secs] 
671.656: [Full GC (Ergonomics) [PSYoungGen: 134144K->73476K(153600K)] [ParOldGen: 349317K->349317K(349696K)] 483461K->422794K(503296K), [Metaspace: 78699K->78699K(1118208K)], 0.4172901 secs] [Times: user=2.01 sys=0.00, real=0.42 secs] 
672.091: [Full GC (Ergonomics) [PSYoungGen: 134144K->78986K(153600K)] [ParOldGen: 349317K->349317K(349696K)] 483461K->428303K(503296K), [Metaspace: 78699K->78699K(1118208K)], 0.4523340 secs] [Times: user=2.03 sys=0.04, real=0.46 secs] 
672.564: [Full GC (Ergonomics) [PSYoungGen: 134144K->75606K(153600K)] [ParOldGen: 349317K->349317K(349696K)] 483461K->424923K(503296K), [Metaspace: 78699K->78699K(1118208K)], 0.5788762 secs] [Times: user=2.41 sys=0.08, real=0.58 secs] 
673.161: [Full GC (Ergonomics) [PSYoungGen: 134144K->78587K(153600K)] [ParOldGen: 349317K->349317K(349696K)] 483461K->427904K(503296K), [Metaspace: 78699K->78699K(1118208K)], 0.5950284 secs] [Times: user=2.78 sys=0.09, real=0.60 secs] 
673.772: [Full GC (Ergonomics) [PSYoungGen: 134144K->75786K(153600K)] [ParOldGen: 349317K->349317K(349696K)] 483461K->425103K(503296K), [Metaspace: 78699K->78699K(1118208K)], 0.7859418 secs] [Times: user=3.68 sys=0.10, real=0.79 secs] 
674.574: [Full GC (Ergonomics) [PSYoungGen: 134144K->74699K(153600K)] [ParOldGen: 349317K->349317K(349696K)] 483461K->424016K(503296K), [Metaspace: 78699K->78699K(1118208K)], 0.5481773 secs] [Times: user=2.28 sys=0.08, real=0.55 secs] 
675.152: [Full GC (Ergonomics) [PSYoungGen: 134144K->76067K(153600K)] [ParOldGen: 349317K->349317K(349696K)] 483461K->425384K(503296K), [Metaspace: 78701K->78701K(1118208K)], 0.5826459 secs] [Times: user=2.32 sys=0.05, real=0.59 secs] 
675.776: [Full GC (Ergonomics) [PSYoungGen: 134144K->81341K(153600K)] [ParOldGen: 349317K->349316K(349696K)] 483461K->430657K(503296K), [Metaspace: 78701K->78701K(1118208K)], 0.7132421 secs] [Times: user=3.28 sys=0.11, real=0.71 secs] 
676.511: [Full GC (Ergonomics) [PSYoungGen: 134144K->78841K(153600K)] [ParOldGen: 349316K->349316K(349696K)] 483460K->428157K(503296K), [Metaspace: 78701K->78701K(1118208K)], 0.6121706 secs] [Times: user=2.21 sys=0.09, real=0.61 secs] 
677.143: [Full GC (Ergonomics) [PSYoungGen: 134144K->75718K(153600K)] [ParOldGen: 349316K->349316K(349696K)] 483460K->425034K(503296K), [Metaspace: 78701K->78701K(1118208K)], 0.6703831 secs] [Times: user=2.60 sys=0.12, real=0.68 secs] 
677.834: [Full GC (Ergonomics) [PSYoungGen: 134144K->76760K(153600K)] [ParOldGen: 349316K->349316K(349696K)] 483460K->426077K(503296K), [Metaspace: 78701K->78701K(1118208K)], 0.4188613 secs] [Times: user=2.20 sys=0.06, real=0.41 secs] 
678.274: [Full GC (Ergonomics) [PSYoungGen: 134144K->76505K(153600K)] [ParOldGen: 349316K->349316K(349696K)] 483460K->425821K(503296K), [Metaspace: 78701K->78701K(1118208K)], 0.5882863 secs] [Times: user=3.59 sys=0.04, real=0.58 secs] 
678.882: [Full GC (Ergonomics) [PSYoungGen: 134144K->74627K(153600K)] [ParOldGen: 349316K->349316K(349696K)] 483460K->423943K(503296K), [Metaspace: 78701K->78701K(1118208K)], 0.4251610 secs] [Times: user=2.65 sys=0.04, real=0.43 secs] 
679.328: [Full GC (Ergonomics) [PSYoungGen: 134144K->74196K(153600K)] [ParOldGen: 349316K->349315K(349696K)] 483460K->423512K(503296K), [Metaspace: 78701K->78701K(1118208K)], 0.6926536 secs] [Times: user=4.26 sys=0.11, real=0.69 secs] 
680.053: [Full GC (Ergonomics) [PSYoungGen: 134060K->76079K(153600K)] [ParOldGen: 349315K->349315K(349696K)] 483376K->425395K(503296K), [Metaspace: 78701K->78701K(1118208K)], 0.7611661 secs] [Times: user=4.91 sys=0.12, real=0.77 secs] 
680.843: [Full GC (Ergonomics) [PSYoungGen: 134144K->73309K(153600K)] [ParOldGen: 349315K->349315K(349696K)] 483459K->422625K(503296K), [Metaspace: 78701K->78701K(1118208K)], 0.3597530 secs] [Times: user=2.14 sys=0.02, real=0.36 secs] 
681.233: [Full GC (Ergonomics) [PSYoungGen: 134144K->72991K(153600K)] [ParOldGen: 349315K->349314K(349696K)] 483459K->422306K(503296K), [Metaspace: 78701K->78701K(1118208K)], 0.5852593 secs] [Times: user=3.79 sys=0.05, real=0.59 secs] 
681.849: [Full GC (Ergonomics) [PSYoungGen: 134144K->71066K(153600K)] [ParOldGen: 349314K->349314K(349696K)] 483458K->420381K(503296K), [Metaspace: 78701K->78701K(1118208K)], 0.7464058 secs] [Times: user=4.64 sys=0.07, real=0.75 secs] 
682.628: [Full GC (Ergonomics) [PSYoungGen: 134144K->75115K(153600K)] [ParOldGen: 349314K->349314K(349696K)] 483458K->424429K(503296K), [Metaspace: 78701K->78701K(1118208K)], 0.4250889 secs] [Times: user=2.44 sys=0.03, real=0.42 secs] 
683.085: [Full GC (Ergonomics) [PSYoungGen: 134144K->75758K(153600K)] [ParOldGen: 349314K->349314K(349696K)] 483458K->425072K(503296K), [Metaspace: 78701K->78701K(1118208K)], 0.4046631 secs] [Times: user=2.25 sys=0.02, real=0.40 secs] 
683.518: [Full GC (Ergonomics) [PSYoungGen: 134144K->75474K(153600K)] [ParOldGen: 349314K->349313K(349696K)] 483458K->424787K(503296K), [Metaspace: 78701K->78701K(1118208K)], 0.7523400 secs] [Times: user=5.01 sys=0.04, real=0.75 secs] 
684.300: [Full GC (Ergonomics) [PSYoungGen: 134144K->71781K(153600K)] [ParOldGen: 349313K->349312K(349696K)] 483457K->421094K(503296K), [Metaspace: 78701K->78701K(1118208K)], 0.6832186 secs] [Times: user=4.49 sys=0.03, real=0.68 secs] 
685.017: [Full GC (Ergonomics) [PSYoungGen: 134144K->72371K(153600K)] [ParOldGen: 349312K->349312K(349696K)] 483456K->421683K(503296K), [Metaspace: 78707K->78707K(1118208K)], 0.6972637 secs] [Times: user=4.55 sys=0.04, real=0.70 secs] 
685.749: [Full GC (Ergonomics) [PSYoungGen: 134144K->75732K(153600K)] [ParOldGen: 349312K->349311K(349696K)] 483456K->425044K(503296K), [Metaspace: 78707K->78707K(1118208K)], 0.7649306 secs] [Times: user=4.69 sys=0.03, real=0.76 secs] 
686.544: [Full GC (Ergonomics) [PSYoungGen: 134144K->75468K(153600K)] [ParOldGen: 349311K->349311K(349696K)] 483455K->424780K(503296K), [Metaspace: 78707K->78707K(1118208K)], 0.8081974 secs] [Times: user=5.46 sys=0.05, real=0.81 secs] 
688.012: [Full GC (Ergonomics) [PSYoungGen: 134144K->67582K(153600K)] [ParOldGen: 349311K->349311K(349696K)] 483455K->416894K(503296K), [Metaspace: 78707K->78707K(1118208K)], 0.5690125 secs] [Times: user=3.22 sys=0.02, real=0.57 secs] 
688.629: [Full GC (Ergonomics) [PSYoungGen: 134144K->66448K(153600K)] [ParOldGen: 349311K->349311K(349696K)] 483455K->415759K(503296K), [Metaspace: 78709K->78709K(1118208K)], 0.3104362 secs] [Times: user=1.88 sys=0.01, real=0.31 secs] 
688.990: [Full GC (Ergonomics) [PSYoungGen: 134144K->66448K(153600K)] [ParOldGen: 349311K->349310K(349696K)] 483455K->415758K(503296K), [Metaspace: 78709K->78709K(1118208K)], 0.7933537 secs] [Times: user=5.25 sys=0.05, real=0.79 secs] 
689.827: [Full GC (Ergonomics) [PSYoungGen: 134144K->66448K(153600K)] [ParOldGen: 349310K->349310K(349696K)] 483454K->415758K(503296K), [Metaspace: 78709K->78709K(1118208K)], 0.3266907 secs] [Times: user=1.96 sys=0.01, real=0.32 secs] 
690.242: [Full GC (Ergonomics) [PSYoungGen: 134144K->66363K(153600K)] [ParOldGen: 349310K->349310K(349696K)] 483454K->415674K(503296K), [Metaspace: 78709K->78709K(1118208K)], 0.3477469 secs] [Times: user=1.89 sys=0.01, real=0.35 secs] 
690.632: [Full GC (Ergonomics) [PSYoungGen: 134144K->66361K(153600K)] [ParOldGen: 349310K->349310K(349696K)] 483454K->415672K(503296K), [Metaspace: 78709K->78709K(1118208K)], 0.3061584 secs] [Times: user=1.86 sys=0.02, real=0.31 secs] 
690.981: [Full GC (Ergonomics) [PSYoungGen: 134144K->66362K(153600K)] [ParOldGen: 349310K->349310K(349696K)] 483454K->415672K(503296K), [Metaspace: 78709K->78709K(1118208K)], 0.3255994 secs] [Times: user=1.88 sys=0.01, real=0.33 secs] 
691.402: [Full GC (Ergonomics) [PSYoungGen: 134144K->66431K(153600K)] [ParOldGen: 349310K->349310K(349696K)] 483454K->415742K(503296K), [Metaspace: 78709K->78709K(1118208K)], 0.3409632 secs] [Times: user=1.91 sys=0.01, real=0.34 secs] 
691.784: [Full GC (Ergonomics) [PSYoungGen: 134144K->67363K(153600K)] [ParOldGen: 349310K->349310K(349696K)] 483454K->416673K(503296K), [Metaspace: 78709K->78709K(1118208K)], 0.3137682 secs] [Times: user=1.89 sys=0.01, real=0.32 secs] 
692.137: [Full GC (Ergonomics) [PSYoungGen: 134144K->68980K(153600K)] [ParOldGen: 349310K->349310K(349696K)] 483454K->418291K(503296K), [Metaspace: 78709K->78709K(1118208K)], 0.3144393 secs] [Times: user=1.84 sys=0.01, real=0.31 secs] 
692.472: [Full GC (Ergonomics) [PSYoungGen: 134144K->67285K(153600K)] [ParOldGen: 349310K->349310K(349696K)] 483454K->416596K(503296K), [Metaspace: 78709K->78709K(1118208K)], 0.3501661 secs] [Times: user=1.90 sys=0.00, real=0.35 secs] 
692.844: [Full GC (Ergonomics) [PSYoungGen: 134144K->67287K(153600K)] [ParOldGen: 349310K->349310K(349696K)] 483454K->416597K(503296K), [Metaspace: 78709K->78709K(1118208K)], 0.3179512 secs] [Times: user=1.87 sys=0.01, real=0.32 secs] 
693.183: [Full GC (Ergonomics) [PSYoungGen: 134144K->67285K(153600K)] [ParOldGen: 349310K->349310K(349696K)] 483454K->416595K(503296K), [Metaspace: 78709K->78709K(1118208K)], 0.3123343 secs] [Times: user=1.87 sys=0.01, real=0.32 secs] 
693.519: [Full GC (Ergonomics) [PSYoungGen: 134144K->67250K(153600K)] [ParOldGen: 349310K->349310K(349696K)] 483454K->416561K(503296K), [Metaspace: 78709K->78709K(1118208K)], 0.3100507 secs] [Times: user=1.87 sys=0.00, real=0.32 secs] 
693.851: [Full GC (Ergonomics) [PSYoungGen: 134144K->67252K(153600K)] [ParOldGen: 349310K->349310K(349696K)] 483454K->416562K(503296K), [Metaspace: 78709K->78709K(1118208K)], 0.3326616 secs] [Times: user=1.95 sys=0.00, real=0.33 secs] 
694.199: [Full GC (Ergonomics) [PSYoungGen: 134144K->66295K(153600K)] [ParOldGen: 349310K->349310K(349696K)] 483454K->415605K(503296K), [Metaspace: 78709K->78709K(1118208K)], 0.3113068 secs] [Times: user=1.88 sys=0.00, real=0.31 secs] 
694.525: [Full GC (Ergonomics) [PSYoungGen: 134144K->66296K(153600K)] [ParOldGen: 349310K->349310K(349696K)] 483454K->415607K(503296K), [Metaspace: 78709K->78709K(1118208K)], 0.3117146 secs] [Times: user=1.86 sys=0.00, real=0.32 secs] 
694.852: [Full GC (Ergonomics) [PSYoungGen: 134144K->66294K(153600K)] [ParOldGen: 349310K->349310K(349696K)] 483454K->415604K(503296K), [Metaspace: 78709K->78709K(1118208K)], 0.3164596 secs] [Times: user=1.87 sys=0.00, real=0.32 secs] 
695.190: [Full GC (Ergonomics) [PSYoungGen: 134144K->67233K(153600K)] [ParOldGen: 349310K->349310K(349696K)] 483454K->416543K(503296K), [Metaspace: 78709K->78709K(1118208K)], 0.3263196 secs] [Times: user=1.96 sys=0.00, real=0.32 secs] 
695.537: [Full GC (Ergonomics) [PSYoungGen: 134144K->67224K(153600K)] [ParOldGen: 349310K->349310K(349696K)] 483454K->416534K(503296K), [Metaspace: 78709K->78709K(1118208K)], 0.3583807 secs] [Times: user=2.03 sys=0.01, real=0.35 secs] 
695.911: [Full GC (Ergonomics) [PSYoungGen: 134144K->66297K(153600K)] [ParOldGen: 349310K->349310K(349696K)] 483454K->415608K(503296K), [Metaspace: 78709K->78709K(1118208K)], 0.3032309 secs] [Times: user=1.85 sys=0.00, real=0.30 secs] 
696.229: [Full GC (Ergonomics) [PSYoungGen: 134144K->66297K(153600K)] [ParOldGen: 349310K->349310K(349696K)] 483454K->415608K(503296K), [Metaspace: 78709K->78709K(1118208K)], 0.3164627 secs] [Times: user=1.84 sys=0.00, real=0.31 secs] 
696.568: [Full GC (Ergonomics) [PSYoungGen: 134144K->67218K(153600K)] [ParOldGen: 349310K->349310K(349696K)] 483454K->416529K(503296K), [Metaspace: 78709K->78709K(1118208K)], 0.3251433 secs] [Times: user=1.86 sys=0.01, real=0.32 secs] 
696.913: [Full GC (Ergonomics) [PSYoungGen: 134144K->68407K(153600K)] [ParOldGen: 349310K->349310K(349696K)] 483454K->417718K(503296K), [Metaspace: 78709K->78709K(1118208K)], 0.3288318 secs] [Times: user=1.89 sys=0.00, real=0.33 secs] 
697.263: [Full GC (Ergonomics) [PSYoungGen: 134144K->67240K(153600K)] [ParOldGen: 349310K->349310K(349696K)] 483454K->416551K(503296K), [Metaspace: 78709K->78709K(1118208K)], 0.3485036 secs] [Times: user=1.89 sys=0.00, real=0.35 secs] 
697.633: [Full GC (Ergonomics) [PSYoungGen: 134144K->67240K(153600K)] [ParOldGen: 349310K->349310K(349696K)] 483454K->416551K(503296K), [Metaspace: 78709K->78709K(1118208K)], 0.4035209 secs] [Times: user=1.92 sys=0.00, real=0.41 secs] 
698.056: [Full GC (Ergonomics) [PSYoungGen: 134144K->66313K(153600K)] [ParOldGen: 349310K->349310K(349696K)] 483454K->415623K(503296K), [Metaspace: 78709K->78709K(1118208K)], 0.3460570 secs] [Times: user=2.08 sys=0.01, real=0.35 secs] 
698.418: [Full GC (Ergonomics) [PSYoungGen: 134144K->66314K(153600K)] [ParOldGen: 349310K->349310K(349696K)] 483454K->415624K(503296K), [Metaspace: 78709K->78709K(1118208K)], 0.3533059 secs] [Times: user=1.94 sys=0.00, real=0.35 secs] 
698.787: [Full GC (Ergonomics) [PSYoungGen: 134144K->67247K(153600K)] [ParOldGen: 349310K->349310K(349696K)] 483454K->416558K(503296K), [Metaspace: 78709K->78709K(1118208K)], 0.3303565 secs] [Times: user=1.92 sys=0.01, real=0.33 secs] 
699.139: [Full GC (Ergonomics) [PSYoungGen: 134144K->67249K(153600K)] [ParOldGen: 349310K->349310K(349696K)] 483454K->416559K(503296K), [Metaspace: 78709K->78709K(1118208K)], 0.3586994 secs] [Times: user=2.12 sys=0.01, real=0.36 secs] 
699.523: [Full GC (Ergonomics) [PSYoungGen: 134144K->63901K(153600K)] [ParOldGen: 349310K->349310K(349696K)] 483454K->413212K(503296K), [Metaspace: 78709K->78709K(1118208K)], 0.3283336 secs] [Times: user=1.90 sys=0.00, real=0.33 secs] 
699.888: [Full GC (Ergonomics) [PSYoungGen: 134144K->64829K(153600K)] [ParOldGen: 349310K->349310K(349696K)] 483454K->414139K(503296K), [Metaspace: 78711K->78711K(1118208K)], 0.3521670 secs] [Times: user=1.97 sys=0.01, real=0.35 secs] 
700.271: [Full GC (Ergonomics) [PSYoungGen: 134144K->63919K(153600K)] [ParOldGen: 349310K->349310K(349696K)] 483454K->413229K(503296K), [Metaspace: 78711K->78711K(1118208K)], 0.3205814 secs] [Times: user=1.88 sys=0.01, real=0.32 secs] 
700.615: [Full GC (Ergonomics) [PSYoungGen: 134144K->63920K(153600K)] [ParOldGen: 349310K->349310K(349696K)] 483454K->413231K(503296K), [Metaspace: 78711K->78711K(1118208K)], 0.3065554 secs] [Times: user=1.87 sys=0.00, real=0.31 secs] 
700.943: [Full GC (Ergonomics) [PSYoungGen: 134144K->63920K(153600K)] [ParOldGen: 349310K->349310K(349696K)] 483454K->413230K(503296K), [Metaspace: 78711K->78711K(1118208K)], 0.3191228 secs] [Times: user=1.87 sys=0.00, real=0.32 secs] 
701.285: [Full GC (Ergonomics) [PSYoungGen: 134144K->63922K(153600K)] [ParOldGen: 349310K->349310K(349696K)] 483454K->413232K(503296K), [Metaspace: 78711K->78711K(1118208K)], 0.3146965 secs] [Times: user=1.85 sys=0.01, real=0.32 secs] 
701.633: [Full GC (Ergonomics) [PSYoungGen: 134144K->64850K(153600K)] [ParOldGen: 349310K->349310K(349696K)] 483454K->414161K(503296K), [Metaspace: 78711K->78711K(1118208K)], 0.4093231 secs] [Times: user=1.93 sys=0.00, real=0.41 secs] 
702.088: [Full GC (Ergonomics) [PSYoungGen: 134144K->63914K(153600K)] [ParOldGen: 349310K->349310K(349696K)] 483454K->413224K(503296K), [Metaspace: 78711K->78711K(1118208K)], 0.3848241 secs] [Times: user=1.91 sys=0.01, real=0.38 secs] 
702.512: [Full GC (Ergonomics) [PSYoungGen: 134144K->64837K(153600K)] [ParOldGen: 349310K->349310K(349696K)] 483454K->414147K(503296K), [Metaspace: 78711K->78711K(1118208K)], 0.3548944 secs] [Times: user=1.97 sys=0.00, real=0.35 secs] 
702.893: [Full GC (Ergonomics) [PSYoungGen: 134144K->63898K(153600K)] [ParOldGen: 349310K->349310K(349696K)] 483454K->413208K(503296K), [Metaspace: 78711K->78711K(1118208K)], 0.3549316 secs] [Times: user=2.07 sys=0.02, real=0.36 secs] 
703.270: [Full GC (Ergonomics) [PSYoungGen: 134144K->63896K(153600K)] [ParOldGen: 349310K->349304K(349696K)] 483454K->413201K(503296K), [Metaspace: 78711K->78711K(1118208K)], 0.8782311 secs] [Times: user=5.54 sys=0.03, real=0.88 secs] 
704.172: [Full GC (Ergonomics) [PSYoungGen: 134144K->63896K(153600K)] [ParOldGen: 349304K->349304K(349696K)] 483448K->413200K(503296K), [Metaspace: 78711K->78711K(1118208K)], 0.6031533 secs] [Times: user=3.62 sys=0.02, real=0.60 secs] 
704.798: [Full GC (Ergonomics) [PSYoungGen: 134144K->63896K(153600K)] [ParOldGen: 349304K->349304K(349696K)] 483448K->413201K(503296K), [Metaspace: 78711K->78711K(1118208K)], 0.3073301 secs] [Times: user=1.85 sys=0.00, real=0.30 secs] 
705.130: [Full GC (Ergonomics) [PSYoungGen: 134144K->64838K(153600K)] [ParOldGen: 349304K->349304K(349696K)] 483448K->414143K(503296K), [Metaspace: 78711K->78711K(1118208K)], 0.3252278 secs] [Times: user=1.98 sys=0.01, real=0.32 secs] 
705.494: [Full GC (Ergonomics) [PSYoungGen: 134144K->64837K(153600K)] [ParOldGen: 349304K->349304K(349696K)] 483448K->414142K(503296K), [Metaspace: 78711K->78711K(1118208K)], 0.3213597 secs] [Times: user=1.87 sys=0.00, real=0.32 secs] 
705.880: [Full GC (Ergonomics) [PSYoungGen: 134144K->59764K(153600K)] [ParOldGen: 349304K->349303K(349696K)] 483448K->409068K(503296K), [Metaspace: 78711K->78711K(1118208K)], 0.5002660 secs] [Times: user=3.17 sys=0.02, real=0.50 secs] 
706.406: [Full GC (Ergonomics) [PSYoungGen: 134144K->59961K(153600K)] [ParOldGen: 349303K->349300K(349696K)] 483447K->409261K(503296K), [Metaspace: 78725K->78725K(1118208K)], 0.8018859 secs] [Times: user=5.36 sys=0.03, real=0.81 secs] 
707.236: [Full GC (Ergonomics) [PSYoungGen: 134144K->59953K(153600K)] [ParOldGen: 349300K->349299K(349696K)] 483444K->409252K(503296K), [Metaspace: 78725K->78725K(1118208K)], 0.7328592 secs] [Times: user=4.02 sys=0.03, real=0.74 secs] 
708.006: [Full GC (Ergonomics) [PSYoungGen: 134144K->60165K(153600K)] [ParOldGen: 349299K->349297K(349696K)] 483443K->409462K(503296K), [Metaspace: 78725K->78725K(1118208K)], 0.9208330 secs] [Times: user=5.91 sys=0.04, real=0.92 secs] 
708.994: [Full GC (Ergonomics) [PSYoungGen: 134144K->60931K(153600K)] [ParOldGen: 349297K->349294K(349696K)] 483441K->410225K(503296K), [Metaspace: 78737K->78737K(1118208K)], 0.8522781 secs] [Times: user=5.65 sys=0.04, real=0.85 secs] 
709.876: [Full GC (Ergonomics) [PSYoungGen: 134144K->83824K(153600K)] [ParOldGen: 349294K->349294K(349696K)] 483438K->433118K(503296K), [Metaspace: 78748K->78740K(1118208K)], 0.8233147 secs] [Times: user=5.51 sys=0.03, real=0.83 secs] 
710.718: [Full GC (Ergonomics) [PSYoungGen: 134144K->65814K(153600K)] [ParOldGen: 349294K->349294K(349696K)] 483438K->415108K(503296K), [Metaspace: 78740K->78736K(1118208K)], 0.5429410 secs] [Times: user=3.29 sys=0.01, real=0.55 secs] 
711.282: [Full GC (Ergonomics) [PSYoungGen: 134101K->72891K(153600K)] [ParOldGen: 349294K->349293K(349696K)] 483395K->422185K(503296K), [Metaspace: 78740K->78740K(1118208K)], 0.4345576 secs] [Times: user=2.76 sys=0.00, real=0.43 secs] 
711.738: [Full GC (Ergonomics) [PSYoungGen: 134144K->72168K(153600K)] [ParOldGen: 349293K->349293K(349696K)] 483437K->421462K(503296K), [Metaspace: 78740K->78740K(1118208K)], 0.3643461 secs] [Times: user=2.12 sys=0.01, real=0.37 secs] 
712.121: [Full GC (Ergonomics) [PSYoungGen: 134144K->70267K(153600K)] [ParOldGen: 349293K->349293K(349696K)] 483437K->419560K(503296K), [Metaspace: 78740K->78740K(1118208K)], 0.4075360 secs] [Times: user=2.19 sys=0.00, real=0.41 secs] 
712.550: [Full GC (Ergonomics) [PSYoungGen: 134144K->69659K(153600K)] [ParOldGen: 349293K->349293K(349696K)] 483437K->418952K(503296K), [Metaspace: 78740K->78740K(1118208K)], 0.4384513 secs] [Times: user=2.61 sys=0.01, real=0.43 secs] 
713.011: [Full GC (Ergonomics) [PSYoungGen: 134144K->68544K(153600K)] [ParOldGen: 349293K->349293K(349696K)] 483437K->417837K(503296K), [Metaspace: 78741K->78741K(1118208K)], 0.4320650 secs] [Times: user=2.36 sys=0.01, real=0.43 secs] 
713.464: [Full GC (Ergonomics) [PSYoungGen: 133997K->73584K(153600K)] [ParOldGen: 349293K->349293K(349696K)] 483290K->422877K(503296K), [Metaspace: 78741K->78741K(1118208K)], 0.7737743 secs] [Times: user=5.26 sys=0.03, real=0.77 secs] 
714.256: [Full GC (Ergonomics) [PSYoungGen: 134144K->74358K(153600K)] [ParOldGen: 349293K->349293K(349696K)] 483437K->423651K(503296K), [Metaspace: 78741K->78741K(1118208K)], 0.3495248 secs] [Times: user=2.10 sys=0.00, real=0.35 secs] 
714.625: [Full GC (Ergonomics) [PSYoungGen: 134144K->71452K(153600K)] [ParOldGen: 349293K->349293K(349696K)] 483437K->420745K(503296K), [Metaspace: 78741K->78741K(1118208K)], 0.3767463 secs] [Times: user=2.24 sys=0.01, real=0.38 secs] 
715.023: [Full GC (Ergonomics) [PSYoungGen: 134144K->74434K(153600K)] [ParOldGen: 349293K->349292K(349696K)] 483437K->423727K(503296K), [Metaspace: 78741K->78741K(1118208K)], 0.7494761 secs] [Times: user=3.61 sys=0.02, real=0.75 secs] 
715.799: [Full GC (Ergonomics) [PSYoungGen: 134144K->67121K(153600K)] [ParOldGen: 349292K->349292K(349696K)] 483436K->416413K(503296K), [Metaspace: 78741K->78741K(1118208K)], 0.7891393 secs] [Times: user=3.70 sys=0.03, real=0.79 secs] 
716.619: [Full GC (Ergonomics) [PSYoungGen: 134070K->74684K(153600K)] [ParOldGen: 349292K->349292K(349696K)] 483363K->423977K(503296K), [Metaspace: 78741K->78741K(1118208K)], 0.5077965 secs] [Times: user=2.41 sys=0.01, real=0.51 secs] 
717.151: [Full GC (Ergonomics) [PSYoungGen: 134144K->72437K(153600K)] [ParOldGen: 349292K->349292K(349696K)] 483436K->421729K(503296K), [Metaspace: 78741K->78741K(1118208K)], 0.6109358 secs] [Times: user=2.99 sys=0.01, real=0.61 secs] 
717.784: [Full GC (Ergonomics) [PSYoungGen: 134144K->73238K(153600K)] [ParOldGen: 349292K->349292K(349696K)] 483436K->422530K(503296K), [Metaspace: 78741K->78741K(1118208K)], 0.4818443 secs] [Times: user=2.53 sys=0.00, real=0.48 secs] 
718.289: [Full GC (Ergonomics) [PSYoungGen: 134144K->70979K(153600K)] [ParOldGen: 349292K->349292K(349696K)] 483436K->420271K(503296K), [Metaspace: 78741K->78741K(1118208K)], 0.5929124 secs] [Times: user=3.81 sys=0.01, real=0.60 secs] 
718.900: [Full GC (Ergonomics) [PSYoungGen: 134144K->66622K(153600K)] [ParOldGen: 349292K->349292K(349696K)] 483436K->415914K(503296K), [Metaspace: 78741K->78741K(1118208K)], 0.3943788 secs] [Times: user=2.42 sys=0.01, real=0.39 secs] 
719.316: [Full GC (Ergonomics) [PSYoungGen: 134144K->72931K(153600K)] [ParOldGen: 349292K->349291K(349696K)] 483436K->422223K(503296K), [Metaspace: 78741K->78741K(1118208K)], 0.3699636 secs] [Times: user=2.21 sys=0.00, real=0.37 secs] 
719.707: [Full GC (Ergonomics) [PSYoungGen: 134144K->68952K(153600K)] [ParOldGen: 349291K->349291K(349696K)] 483435K->418244K(503296K), [Metaspace: 78741K->78741K(1118208K)], 0.4016720 secs] [Times: user=2.24 sys=0.02, real=0.40 secs] 
720.132: [Full GC (Ergonomics) [PSYoungGen: 134144K->69143K(153600K)] [ParOldGen: 349291K->349291K(349696K)] 483435K->418434K(503296K), [Metaspace: 78741K->78741K(1118208K)], 0.4090259 secs] [Times: user=2.53 sys=0.01, real=0.41 secs] 
720.566: [Full GC (Ergonomics) [PSYoungGen: 134144K->72816K(153600K)] [ParOldGen: 349291K->349291K(349696K)] 483435K->422107K(503296K), [Metaspace: 78741K->78741K(1118208K)], 0.4724616 secs] [Times: user=2.92 sys=0.01, real=0.47 secs] 
721.058: [Full GC (Ergonomics) [PSYoungGen: 134144K->70129K(153600K)] [ParOldGen: 349291K->349291K(349696K)] 483435K->419420K(503296K), [Metaspace: 78741K->78741K(1118208K)], 0.8377487 secs] [Times: user=4.70 sys=0.02, real=0.84 secs] 
721.924: [Full GC (Ergonomics) [PSYoungGen: 134144K->71612K(153600K)] [ParOldGen: 349291K->349291K(349696K)] 483435K->420903K(503296K), [Metaspace: 78741K->78741K(1118208K)], 0.5150951 secs] [Times: user=2.46 sys=0.02, real=0.51 secs] 
722.467: [Full GC (Ergonomics) [PSYoungGen: 134144K->73206K(153600K)] [ParOldGen: 349291K->349290K(349696K)] 483435K->422497K(503296K), [Metaspace: 78741K->78741K(1118208K)], 0.5546511 secs] [Times: user=2.93 sys=0.01, real=0.56 secs] 
723.048: [Full GC (Ergonomics) [PSYoungGen: 134144K->71248K(153600K)] [ParOldGen: 349290K->349290K(349696K)] 483434K->420538K(503296K), [Metaspace: 78741K->78741K(1118208K)], 0.9310712 secs] [Times: user=5.10 sys=0.04, real=0.93 secs] 
724.000: [Full GC (Ergonomics) [PSYoungGen: 134144K->76288K(153600K)] [ParOldGen: 349290K->349290K(349696K)] 483434K->425578K(503296K), [Metaspace: 78741K->78741K(1118208K)], 0.4389938 secs] [Times: user=2.64 sys=0.01, real=0.44 secs] 
724.460: [Full GC (Ergonomics) [PSYoungGen: 134144K->71202K(153600K)] [ParOldGen: 349290K->349290K(349696K)] 483434K->420493K(503296K), [Metaspace: 78741K->78741K(1118208K)], 0.4157077 secs] [Times: user=2.37 sys=0.00, real=0.42 secs] 
724.900: [Full GC (Ergonomics) [PSYoungGen: 134144K->75031K(153600K)] [ParOldGen: 349290K->349290K(349696K)] 483434K->424321K(503296K), [Metaspace: 78741K->78741K(1118208K)], 0.4846497 secs] [Times: user=2.98 sys=0.01, real=0.49 secs] 
725.405: [Full GC (Ergonomics) [PSYoungGen: 134144K->67800K(153600K)] [ParOldGen: 349290K->349290K(349696K)] 483434K->417090K(503296K), [Metaspace: 78741K->78741K(1118208K)], 0.4840833 secs] [Times: user=2.65 sys=0.00, real=0.48 secs] 
725.915: [Full GC (Ergonomics) [PSYoungGen: 134144K->71600K(153600K)] [ParOldGen: 349290K->349290K(349696K)] 483434K->420890K(503296K), [Metaspace: 78741K->78741K(1118208K)], 0.3982580 secs] [Times: user=2.21 sys=0.00, real=0.40 secs] 
726.332: [Full GC (Ergonomics) [PSYoungGen: 134144K->76676K(153600K)] [ParOldGen: 349290K->349290K(349696K)] 483434K->425967K(503296K), [Metaspace: 78741K->78741K(1118208K)], 0.3929886 secs] [Times: user=2.18 sys=0.01, real=0.39 secs] 
726.748: [Full GC (Ergonomics) [PSYoungGen: 134144K->71172K(153600K)] [ParOldGen: 349290K->349290K(349696K)] 483434K->420462K(503296K), [Metaspace: 78741K->78741K(1118208K)], 0.4519298 secs] [Times: user=2.25 sys=0.00, real=0.45 secs] 
727.219: [Full GC (Ergonomics) [PSYoungGen: 134144K->73707K(153600K)] [ParOldGen: 349290K->349290K(349696K)] 483434K->422998K(503296K), [Metaspace: 78741K->78741K(1118208K)], 0.3620456 secs] [Times: user=2.23 sys=0.00, real=0.37 secs] 
727.601: [Full GC (Ergonomics) [PSYoungGen: 134144K->77317K(153600K)] [ParOldGen: 349290K->349289K(349696K)] 483434K->426607K(503296K), [Metaspace: 78741K->78741K(1118208K)], 0.3741868 secs] [Times: user=2.15 sys=0.00, real=0.37 secs] 
727.995: [Full GC (Ergonomics) [PSYoungGen: 134144K->68516K(153600K)] [ParOldGen: 349289K->349289K(349696K)] 483433K->417806K(503296K), [Metaspace: 78741K->78741K(1118208K)], 0.6101410 secs] [Times: user=3.32 sys=0.02, real=0.61 secs] 
728.640: [Full GC (Ergonomics) [PSYoungGen: 134144K->71551K(153600K)] [ParOldGen: 349289K->349289K(349696K)] 483433K->420840K(503296K), [Metaspace: 78741K->78741K(1118208K)], 0.4814188 secs] [Times: user=1.98 sys=0.05, real=0.49 secs] 
729.149: [Full GC (Ergonomics) [PSYoungGen: 134144K->71032K(153600K)] [ParOldGen: 349289K->349289K(349696K)] 483433K->420321K(503296K), [Metaspace: 78741K->78741K(1118208K)], 0.5450230 secs] [Times: user=2.59 sys=0.14, real=0.55 secs] 
729.717: [Full GC (Ergonomics) [PSYoungGen: 134144K->70486K(153600K)] [ParOldGen: 349289K->349289K(349696K)] 483433K->419775K(503296K), [Metaspace: 78741K->78741K(1118208K)], 0.4743818 secs] [Times: user=2.46 sys=0.13, real=0.47 secs] 
730.214: [Full GC (Ergonomics) [PSYoungGen: 134144K->72775K(153600K)] [ParOldGen: 349289K->349289K(349696K)] 483433K->422064K(503296K), [Metaspace: 78741K->78741K(1118208K)], 0.3505305 secs] [Times: user=2.04 sys=0.08, real=0.35 secs] 
730.587: [Full GC (Ergonomics) [PSYoungGen: 134144K->70850K(153600K)] [ParOldGen: 349289K->349289K(349696K)] 483433K->420139K(503296K), [Metaspace: 78741K->78741K(1118208K)], 0.4443346 secs] [Times: user=2.52 sys=0.12, real=0.45 secs] 
731.057: [Full GC (Ergonomics) [PSYoungGen: 133728K->72672K(153600K)] [ParOldGen: 349289K->349289K(349696K)] 483017K->421962K(503296K), [Metaspace: 78741K->78741K(1118208K)], 0.3785073 secs] [Times: user=2.14 sys=0.09, real=0.38 secs] 
731.461: [Full GC (Ergonomics) [PSYoungGen: 134144K->70556K(153600K)] [ParOldGen: 349289K->349289K(349696K)] 483433K->419845K(503296K), [Metaspace: 78741K->78741K(1118208K)], 0.4058025 secs] [Times: user=2.29 sys=0.12, real=0.41 secs] 
731.894: [Full GC (Ergonomics) [PSYoungGen: 134083K->69090K(153600K)] [ParOldGen: 349289K->349289K(349696K)] 483372K->418379K(503296K), [Metaspace: 78741K->78741K(1118208K)], 0.3661784 secs] [Times: user=1.96 sys=0.08, real=0.36 secs] 
732.320: [Full GC (Ergonomics) [PSYoungGen: 134144K->68735K(153600K)] [ParOldGen: 349289K->349288K(349696K)] 483433K->418024K(503296K), [Metaspace: 78743K->78743K(1118208K)], 0.4332175 secs] [Times: user=2.44 sys=0.10, real=0.44 secs] 
732.785: [Full GC (Ergonomics) [PSYoungGen: 134144K->68183K(153600K)] [ParOldGen: 349288K->349288K(349696K)] 483432K->417472K(503296K), [Metaspace: 78747K->78747K(1118208K)], 0.5436681 secs] [Times: user=2.62 sys=0.13, real=0.54 secs] 
733.359: [Full GC (Ergonomics) [PSYoungGen: 134144K->69696K(153600K)] [ParOldGen: 349288K->349288K(349696K)] 483432K->418984K(503296K), [Metaspace: 78747K->78747K(1118208K)], 0.5171901 secs] [Times: user=2.76 sys=0.15, real=0.52 secs] 
733.908: [Full GC (Ergonomics) [PSYoungGen: 134144K->70637K(153600K)] [ParOldGen: 349288K->349288K(349696K)] 483432K->419925K(503296K), [Metaspace: 78747K->78747K(1118208K)], 0.3833471 secs] [Times: user=2.10 sys=0.08, real=0.38 secs] 
734.321: [Full GC (Ergonomics) [PSYoungGen: 134144K->74498K(153600K)] [ParOldGen: 349288K->349288K(349696K)] 483432K->423786K(503296K), [Metaspace: 78747K->78747K(1118208K)], 0.5124948 secs] [Times: user=2.86 sys=0.13, real=0.52 secs] 
734.862: [Full GC (Ergonomics) [PSYoungGen: 134144K->68212K(153600K)] [ParOldGen: 349288K->349288K(349696K)] 483432K->417500K(503296K), [Metaspace: 78747K->78747K(1118208K)], 0.4352156 secs] [Times: user=2.31 sys=0.08, real=0.44 secs] 
735.333: [Full GC (Ergonomics) [PSYoungGen: 134144K->70693K(153600K)] [ParOldGen: 349288K->349288K(349696K)] 483432K->419981K(503296K), [Metaspace: 78747K->78747K(1118208K)], 0.7391627 secs] [Times: user=4.02 sys=0.20, real=0.73 secs] 
736.103: [Full GC (Ergonomics) [PSYoungGen: 134144K->71867K(153600K)] [ParOldGen: 349288K->349288K(349696K)] 483432K->421155K(503296K), [Metaspace: 78747K->78747K(1118208K)], 0.5274911 secs] [Times: user=2.51 sys=0.14, real=0.52 secs] 
736.659: [Full GC (Ergonomics) [PSYoungGen: 134144K->72095K(153600K)] [ParOldGen: 349288K->349288K(349696K)] 483432K->421383K(503296K), [Metaspace: 78747K->78747K(1118208K)], 0.5457213 secs] [Times: user=2.50 sys=0.14, real=0.55 secs] 
737.237: [Full GC (Ergonomics) [PSYoungGen: 134144K->70167K(153600K)] [ParOldGen: 349288K->349287K(349696K)] 483432K->419455K(503296K), [Metaspace: 78747K->78747K(1118208K)], 0.6211501 secs] [Times: user=3.21 sys=0.08, real=0.62 secs] 
737.901: [Full GC (Ergonomics) [PSYoungGen: 134117K->72276K(153600K)] [ParOldGen: 349287K->349287K(349696K)] 483405K->421564K(503296K), [Metaspace: 78747K->78747K(1118208K)], 0.6105838 secs] [Times: user=2.93 sys=0.14, real=0.61 secs] 
738.548: [Full GC (Ergonomics) [PSYoungGen: 134144K->71508K(153600K)] [ParOldGen: 349287K->349287K(349696K)] 483431K->420796K(503296K), [Metaspace: 78747K->78747K(1118208K)], 0.5754533 secs] [Times: user=2.94 sys=0.14, real=0.58 secs] 
739.161: [Full GC (Ergonomics) [PSYoungGen: 133966K->72740K(153600K)] [ParOldGen: 349287K->349287K(349696K)] 483254K->422028K(503296K), [Metaspace: 78747K->78747K(1118208K)], 0.5347529 secs] [Times: user=2.55 sys=0.12, real=0.54 secs] 
739.726: [Full GC (Ergonomics) [PSYoungGen: 134144K->73060K(153600K)] [ParOldGen: 349287K->349287K(349696K)] 483431K->422347K(503296K), [Metaspace: 78747K->78747K(1118208K)], 0.4964322 secs] [Times: user=2.13 sys=0.10, real=0.49 secs] 
740.261: [Full GC (Ergonomics) [PSYoungGen: 134144K->69485K(153600K)] [ParOldGen: 349287K->349287K(349696K)] 483431K->418772K(503296K), [Metaspace: 78750K->78750K(1118208K)], 0.5778271 secs] [Times: user=2.73 sys=0.14, real=0.58 secs] 
740.875: [Full GC (Ergonomics) [PSYoungGen: 134144K->71730K(153600K)] [ParOldGen: 349287K->349287K(349696K)] 483431K->421017K(503296K), [Metaspace: 78750K->78750K(1118208K)], 0.5039521 secs] [Times: user=2.44 sys=0.12, real=0.50 secs] 
741.422: [Full GC (Ergonomics) [PSYoungGen: 134144K->70120K(153600K)] [ParOldGen: 349287K->349287K(349696K)] 483431K->419407K(503296K), [Metaspace: 78750K->78750K(1118208K)], 0.4902246 secs] [Times: user=2.07 sys=0.14, real=0.49 secs] 
741.951: [Full GC (Ergonomics) [PSYoungGen: 134144K->71437K(153600K)] [ParOldGen: 349287K->349287K(349696K)] 483431K->420725K(503296K), [Metaspace: 78750K->78750K(1118208K)], 0.8360664 secs] [Times: user=5.03 sys=0.23, real=0.84 secs] 
742.826: [Full GC (Ergonomics) [PSYoungGen: 134144K->67643K(153600K)] [ParOldGen: 349287K->349287K(349696K)] 483431K->416930K(503296K), [Metaspace: 78750K->78750K(1118208K)], 0.3825498 secs] [Times: user=2.04 sys=0.10, real=0.38 secs] 
743.244: [Full GC (Ergonomics) [PSYoungGen: 134144K->71088K(153600K)] [ParOldGen: 349287K->349287K(349696K)] 483431K->420375K(503296K), [Metaspace: 78750K->78750K(1118208K)], 0.4293357 secs] [Times: user=2.21 sys=0.11, real=0.42 secs] 
743.701: [Full GC (Ergonomics) [PSYoungGen: 134144K->70611K(153600K)] [ParOldGen: 349287K->349286K(349696K)] 483431K->419897K(503296K), [Metaspace: 78750K->78750K(1118208K)], 0.7696607 secs] [Times: user=4.76 sys=0.20, real=0.77 secs] 
744.499: [Full GC (Ergonomics) [PSYoungGen: 134144K->70621K(153600K)] [ParOldGen: 349286K->349286K(349696K)] 483430K->419907K(503296K), [Metaspace: 78750K->78750K(1118208K)], 0.5419818 secs] [Times: user=3.27 sys=0.16, real=0.54 secs] 
745.070: [Full GC (Ergonomics) [PSYoungGen: 134110K->71795K(153600K)] [ParOldGen: 349286K->349286K(349696K)] 483397K->421082K(503296K), [Metaspace: 78750K->78750K(1118208K)], 0.5557763 secs] [Times: user=2.64 sys=0.14, real=0.56 secs] 
745.656: [Full GC (Ergonomics) [PSYoungGen: 134144K->66355K(153600K)] [ParOldGen: 349286K->349682K(349696K)] 483430K->416038K(503296K), [Metaspace: 78750K->78659K(1118208K)], 1.2470988 secs] [Times: user=7.40 sys=0.36, real=1.24 secs] 
746.933: [Full GC (Ergonomics) [PSYoungGen: 134144K->70900K(153600K)] [ParOldGen: 349682K->349682K(349696K)] 483826K->420583K(503296K), [Metaspace: 78659K->78659K(1118208K)], 0.3927071 secs] [Times: user=2.14 sys=0.09, real=0.40 secs] 
747.355: [Full GC (Ergonomics) [PSYoungGen: 134144K->72122K(153600K)] [ParOldGen: 349682K->349682K(349696K)] 483826K->421805K(503296K), [Metaspace: 78659K->78659K(1118208K)], 0.4038445 secs] [Times: user=2.25 sys=0.08, real=0.40 secs] 
747.787: [Full GC (Ergonomics) [PSYoungGen: 134144K->70641K(153600K)] [ParOldGen: 349682K->349682K(349696K)] 483826K->420324K(503296K), [Metaspace: 78659K->78656K(1118208K)], 0.4319725 secs] [Times: user=2.32 sys=0.09, real=0.43 secs] 
748.255: [Full GC (Ergonomics) [PSYoungGen: 134144K->69113K(153600K)] [ParOldGen: 349682K->349682K(349696K)] 483826K->418796K(503296K), [Metaspace: 78656K->78656K(1118208K)], 0.3595334 secs] [Times: user=2.00 sys=0.08, real=0.35 secs] 
748.650: [Full GC (Ergonomics) [PSYoungGen: 134144K->71402K(153600K)] [ParOldGen: 349682K->349682K(349696K)] 483826K->421085K(503296K), [Metaspace: 78656K->78656K(1118208K)], 0.4511991 secs] [Times: user=2.62 sys=0.13, real=0.45 secs] 
749.127: [Full GC (Ergonomics) [PSYoungGen: 134144K->72731K(153600K)] [ParOldGen: 349682K->349682K(349696K)] 483826K->422413K(503296K), [Metaspace: 78656K->78656K(1118208K)], 0.4525521 secs] [Times: user=2.58 sys=0.13, real=0.45 secs] 
749.608: [Full GC (Ergonomics) [PSYoungGen: 134144K->70116K(153600K)] [ParOldGen: 349682K->349682K(349696K)] 483826K->419799K(503296K), [Metaspace: 78656K->78656K(1118208K)], 0.4409449 secs] [Times: user=2.28 sys=0.12, real=0.44 secs] 
750.089: [Full GC (Ergonomics) [PSYoungGen: 134126K->63770K(153600K)] [ParOldGen: 349682K->349682K(349696K)] 483809K->413453K(503296K), [Metaspace: 78656K->78656K(1118208K)], 0.4374042 secs] [Times: user=2.43 sys=0.12, real=0.44 secs] 
750.794: [Full GC (Ergonomics) [PSYoungGen: 134144K->70568K(153600K)] [ParOldGen: 349682K->349680K(349696K)] 483826K->420248K(503296K), [Metaspace: 78665K->78665K(1118208K)], 1.0706048 secs] [Times: user=6.55 sys=0.25, real=1.08 secs] 
751.893: [Full GC (Ergonomics) [PSYoungGen: 134144K->70544K(153600K)] [ParOldGen: 349680K->349679K(349696K)] 483824K->420224K(503296K), [Metaspace: 78665K->78665K(1118208K)], 0.5202206 secs] [Times: user=3.17 sys=0.12, real=0.52 secs] 
752.443: [Full GC (Ergonomics) [PSYoungGen: 134144K->69200K(153600K)] [ParOldGen: 349679K->349679K(349696K)] 483823K->418880K(503296K), [Metaspace: 78665K->78665K(1118208K)], 0.3987901 secs] [Times: user=2.11 sys=0.09, real=0.40 secs] 
752.879: [Full GC (Ergonomics) [PSYoungGen: 134144K->70432K(153600K)] [ParOldGen: 349679K->349679K(349696K)] 483823K->420112K(503296K), [Metaspace: 78665K->78665K(1118208K)], 0.3921931 secs] [Times: user=2.23 sys=0.11, real=0.39 secs] 
753.298: [Full GC (Ergonomics) [PSYoungGen: 134144K->68138K(153600K)] [ParOldGen: 349679K->349679K(349696K)] 483823K->417817K(503296K), [Metaspace: 78665K->78665K(1118208K)], 0.5233065 secs] [Times: user=2.64 sys=0.14, real=0.52 secs] 
753.850: [Full GC (Ergonomics) [PSYoungGen: 134144K->66486K(153600K)] [ParOldGen: 349679K->349679K(349696K)] 483823K->416166K(503296K), [Metaspace: 78665K->78665K(1118208K)], 0.3775664 secs] [Times: user=1.98 sys=0.08, real=0.38 secs] 
754.256: [Full GC (Ergonomics) [PSYoungGen: 134144K->71018K(153600K)] [ParOldGen: 349679K->349678K(349696K)] 483823K->420697K(503296K), [Metaspace: 78665K->78665K(1118208K)], 0.7679244 secs] [Times: user=4.52 sys=0.23, real=0.76 secs] 
755.054: [Full GC (Ergonomics) [PSYoungGen: 134144K->71235K(153600K)] [ParOldGen: 349678K->349678K(349696K)] 483822K->420914K(503296K), [Metaspace: 78666K->78666K(1118208K)], 0.4558078 secs] [Times: user=2.63 sys=0.10, real=0.46 secs] 
755.542: [Full GC (Ergonomics) [PSYoungGen: 134144K->69539K(153600K)] [ParOldGen: 349678K->349678K(349696K)] 483822K->419218K(503296K), [Metaspace: 78673K->78673K(1118208K)], 0.4421889 secs] [Times: user=2.49 sys=0.09, real=0.44 secs] 
756.013: [Full GC (Ergonomics) [PSYoungGen: 134144K->67093K(153600K)] [ParOldGen: 349678K->349678K(349696K)] 483822K->416772K(503296K), [Metaspace: 78675K->78675K(1118208K)], 0.4921381 secs] [Times: user=2.66 sys=0.10, real=0.49 secs] 
756.532: [Full GC (Ergonomics) [PSYoungGen: 134144K->67777K(153600K)] [ParOldGen: 349678K->349678K(349696K)] 483822K->417455K(503296K), [Metaspace: 78675K->78675K(1118208K)], 0.4661721 secs] [Times: user=2.39 sys=0.10, real=0.47 secs] 
757.033: [Full GC (Ergonomics) [PSYoungGen: 134144K->72106K(153600K)] [ParOldGen: 349678K->349678K(349696K)] 483822K->421785K(503296K), [Metaspace: 78675K->78675K(1118208K)], 0.4666157 secs] [Times: user=2.46 sys=0.10, real=0.47 secs] 
757.528: [Full GC (Ergonomics) [PSYoungGen: 134144K->69409K(153600K)] [ParOldGen: 349678K->349678K(349696K)] 483822K->419088K(503296K), [Metaspace: 78675K->78675K(1118208K)], 0.3894127 secs] [Times: user=2.12 sys=0.07, real=0.39 secs] 
757.946: [Full GC (Ergonomics) [PSYoungGen: 134144K->67798K(153600K)] [ParOldGen: 349678K->349678K(349696K)] 483822K->417477K(503296K), [Metaspace: 78675K->78675K(1118208K)], 0.3817624 secs] [Times: user=2.02 sys=0.06, real=0.38 secs] 
758.359: [Full GC (Ergonomics) [PSYoungGen: 134136K->70232K(153600K)] [ParOldGen: 349678K->349678K(349696K)] 483815K->419911K(503296K), [Metaspace: 78675K->78675K(1118208K)], 0.4614597 secs] [Times: user=2.45 sys=0.06, real=0.46 secs] 
758.849: [Full GC (Ergonomics) [PSYoungGen: 134144K->70091K(153600K)] [ParOldGen: 349678K->349678K(349696K)] 483822K->419770K(503296K), [Metaspace: 78675K->78675K(1118208K)], 0.4438747 secs] [Times: user=2.41 sys=0.04, real=0.44 secs] 
759.339: [Full GC (Ergonomics) [PSYoungGen: 134144K->71170K(153600K)] [ParOldGen: 349678K->349678K(349696K)] 483822K->420849K(503296K), [Metaspace: 78675K->78675K(1118208K)], 0.5136281 secs] [Times: user=2.60 sys=0.05, real=0.51 secs] 
759.885: [Full GC (Ergonomics) [PSYoungGen: 134144K->70379K(153600K)] [ParOldGen: 349678K->349678K(349696K)] 483822K->420057K(503296K), [Metaspace: 78675K->78675K(1118208K)], 0.7504353 secs] [Times: user=4.12 sys=0.02, real=0.75 secs] 
760.670: [Full GC (Ergonomics) [PSYoungGen: 134144K->66040K(153600K)] [ParOldGen: 349678K->349678K(349696K)] 483822K->415719K(503296K), [Metaspace: 78675K->78675K(1118208K)], 0.5843507 secs] [Times: user=2.61 sys=0.02, real=0.58 secs] 
761.296: [Full GC (Ergonomics) [PSYoungGen: 134144K->66809K(153600K)] [ParOldGen: 349678K->349678K(349696K)] 483822K->416488K(503296K), [Metaspace: 78675K->78675K(1118208K)], 0.6345177 secs] [Times: user=2.70 sys=0.02, real=0.64 secs] 
761.960: [Full GC (Ergonomics) [PSYoungGen: 134144K->70979K(153600K)] [ParOldGen: 349678K->349678K(349696K)] 483822K->420657K(503296K), [Metaspace: 78675K->78675K(1118208K)], 0.8380368 secs] [Times: user=5.54 sys=0.06, real=0.84 secs] 
762.825: [Full GC (Ergonomics) [PSYoungGen: 134144K->69745K(153600K)] [ParOldGen: 349678K->349678K(349696K)] 483822K->419423K(503296K), [Metaspace: 78675K->78675K(1118208K)], 0.4118980 secs] [Times: user=2.19 sys=0.00, real=0.42 secs] 
763.262: [Full GC (Ergonomics) [PSYoungGen: 134144K->71122K(153600K)] [ParOldGen: 349678K->349678K(349696K)] 483822K->420800K(503296K), [Metaspace: 78675K->78675K(1118208K)], 0.6829431 secs] [Times: user=4.28 sys=0.03, real=0.68 secs] 
763.978: [Full GC (Ergonomics) [PSYoungGen: 134144K->67841K(153600K)] [ParOldGen: 349678K->349677K(349696K)] 483822K->417519K(503296K), [Metaspace: 78675K->78675K(1118208K)], 0.3935771 secs] [Times: user=2.17 sys=0.01, real=0.39 secs] 
764.399: [Full GC (Ergonomics) [PSYoungGen: 134144K->67520K(153600K)] [ParOldGen: 349677K->349677K(349696K)] 483821K->417198K(503296K), [Metaspace: 78675K->78675K(1118208K)], 0.5910709 secs] [Times: user=3.83 sys=0.02, real=0.59 secs] 
765.019: [Full GC (Ergonomics) [PSYoungGen: 134144K->67801K(153600K)] [ParOldGen: 349677K->349677K(349696K)] 483821K->417479K(503296K), [Metaspace: 78675K->78675K(1118208K)], 0.3507961 secs] [Times: user=2.09 sys=0.01, real=0.35 secs] 
765.398: [Full GC (Ergonomics) [PSYoungGen: 134144K->69325K(153600K)] [ParOldGen: 349677K->349677K(349696K)] 483821K->419003K(503296K), [Metaspace: 78678K->78678K(1118208K)], 0.4174172 secs] [Times: user=2.30 sys=0.01, real=0.41 secs] 
765.839: [Full GC (Ergonomics) [PSYoungGen: 134144K->73298K(153600K)] [ParOldGen: 349677K->349677K(349696K)] 483821K->422975K(503296K), [Metaspace: 78678K->78678K(1118208K)], 0.3623335 secs] [Times: user=2.11 sys=0.00, real=0.36 secs] 
766.229: [Full GC (Ergonomics) [PSYoungGen: 134144K->73355K(153600K)] [ParOldGen: 349677K->349677K(349696K)] 483821K->423033K(503296K), [Metaspace: 78678K->78678K(1118208K)], 0.4958663 secs] [Times: user=2.74 sys=0.01, real=0.49 secs] 
766.749: [Full GC (Ergonomics) [PSYoungGen: 134144K->67621K(153600K)] [ParOldGen: 349677K->349677K(349696K)] 483821K->417298K(503296K), [Metaspace: 78678K->78678K(1118208K)], 0.4576132 secs] [Times: user=2.16 sys=0.01, real=0.46 secs] 
767.238: [Full GC (Ergonomics) [PSYoungGen: 134144K->69144K(153600K)] [ParOldGen: 349677K->349677K(349696K)] 483821K->418821K(503296K), [Metaspace: 78678K->78678K(1118208K)], 0.4247685 secs] [Times: user=2.05 sys=0.01, real=0.42 secs] 
767.828: [Full GC (Ergonomics) [PSYoungGen: 134136K->63399K(153600K)] [ParOldGen: 349677K->349676K(349696K)] 483813K->413076K(503296K), [Metaspace: 78697K->78697K(1118208K)], 0.9137998 secs] [Times: user=5.98 sys=0.04, real=0.91 secs] 
768.875: [Full GC (Ergonomics) [PSYoungGen: 134144K->62309K(153600K)] [ParOldGen: 349676K->349676K(349696K)] 483820K->411985K(503296K), [Metaspace: 78697K->78697K(1118208K)], 0.3285189 secs] [Times: user=1.97 sys=0.00, real=0.33 secs] 
769.316: [Full GC (Ergonomics) [PSYoungGen: 134144K->76282K(153600K)] [ParOldGen: 349676K->349676K(349696K)] 483820K->425958K(503296K), [Metaspace: 78697K->78697K(1118208K)], 0.4566584 secs] [Times: user=2.64 sys=0.00, real=0.46 secs] 
769.807: [Full GC (Ergonomics) [PSYoungGen: 134144K->68800K(153600K)] [ParOldGen: 349676K->349675K(349696K)] 483820K->418476K(503296K), [Metaspace: 78697K->78697K(1118208K)], 0.4810504 secs] [Times: user=2.86 sys=0.01, real=0.49 secs] 
770.319: [Full GC (Ergonomics) [PSYoungGen: 134144K->65073K(153600K)] [ParOldGen: 349675K->349675K(349696K)] 483819K->414749K(503296K), [Metaspace: 78697K->78697K(1118208K)], 0.3670518 secs] [Times: user=2.02 sys=0.00, real=0.36 secs] 
770.814: [Full GC (Ergonomics) [PSYoungGen: 134144K->65625K(153600K)] [ParOldGen: 349675K->349675K(349696K)] 483819K->415301K(503296K), [Metaspace: 78699K->78699K(1118208K)], 0.8418984 secs] [Times: user=5.58 sys=0.02, real=0.84 secs] 
771.679: [Full GC (Ergonomics) [PSYoungGen: 134144K->64316K(153600K)] [ParOldGen: 349675K->349675K(349696K)] 483819K->413991K(503296K), [Metaspace: 78699K->78699K(1118208K)], 0.3463852 secs] [Times: user=2.08 sys=0.00, real=0.34 secs] 
772.049: [Full GC (Ergonomics) [PSYoungGen: 134144K->70547K(153600K)] [ParOldGen: 349675K->349675K(349696K)] 483819K->420223K(503296K), [Metaspace: 78699K->78699K(1118208K)], 0.3754509 secs] [Times: user=2.20 sys=0.01, real=0.37 secs] 
772.452: [Full GC (Ergonomics) [PSYoungGen: 134144K->75923K(153600K)] [ParOldGen: 349675K->349675K(349696K)] 483819K->425598K(503296K), [Metaspace: 78699K->78699K(1118208K)], 0.4071398 secs] [Times: user=2.28 sys=0.01, real=0.41 secs] 
772.887: [Full GC (Ergonomics) [PSYoungGen: 134127K->74132K(153600K)] [ParOldGen: 349675K->349675K(349696K)] 483803K->423807K(503296K), [Metaspace: 78699K->78699K(1118208K)], 1.1377504 secs] [Times: user=7.53 sys=0.04, real=1.14 secs] 
774.049: [Full GC (Ergonomics) [PSYoungGen: 134144K->69116K(153600K)] [ParOldGen: 349675K->349675K(349696K)] 483819K->418792K(503296K), [Metaspace: 78699K->78699K(1118208K)], 0.4288890 secs] [Times: user=2.20 sys=0.01, real=0.42 secs] 
774.505: [Full GC (Ergonomics) [PSYoungGen: 134144K->69958K(153600K)] [ParOldGen: 349675K->349675K(349696K)] 483819K->419634K(503296K), [Metaspace: 78699K->78699K(1118208K)], 0.4667605 secs] [Times: user=2.45 sys=0.01, real=0.47 secs] 
775.032: [Full GC (Ergonomics) [PSYoungGen: 134144K->69544K(153600K)] [ParOldGen: 349675K->349675K(349696K)] 483819K->419219K(503296K), [Metaspace: 78699K->78699K(1118208K)], 0.5151154 secs] [Times: user=2.23 sys=0.01, real=0.51 secs] 
775.581: [Full GC (Ergonomics) [PSYoungGen: 134144K->76815K(153600K)] [ParOldGen: 349675K->349675K(349696K)] 483819K->426491K(503296K), [Metaspace: 78699K->78699K(1118208K)], 0.4823420 secs] [Times: user=2.44 sys=0.00, real=0.48 secs] 
776.091: [Full GC (Ergonomics) [PSYoungGen: 134144K->73433K(153600K)] [ParOldGen: 349675K->349675K(349696K)] 483819K->423109K(503296K), [Metaspace: 78699K->78699K(1118208K)], 0.5777069 secs] [Times: user=3.45 sys=0.01, real=0.57 secs] 
776.694: [Full GC (Ergonomics) [PSYoungGen: 134144K->74524K(153600K)] [ParOldGen: 349675K->349675K(349696K)] 483819K->424200K(503296K), [Metaspace: 78699K->78699K(1118208K)], 0.4951056 secs] [Times: user=2.86 sys=0.01, real=0.50 secs] 
777.215: [Full GC (Ergonomics) [PSYoungGen: 134144K->76267K(153600K)] [ParOldGen: 349675K->349675K(349696K)] 483819K->425943K(503296K), [Metaspace: 78699K->78699K(1118208K)], 0.3981411 secs] [Times: user=2.32 sys=0.01, real=0.40 secs] 
777.637: [Full GC (Ergonomics) [PSYoungGen: 134144K->72383K(153600K)] [ParOldGen: 349675K->349675K(349696K)] 483819K->422058K(503296K), [Metaspace: 78699K->78699K(1118208K)], 0.4444581 secs] [Times: user=2.40 sys=0.00, real=0.45 secs] 
778.106: [Full GC (Ergonomics) [PSYoungGen: 134144K->73247K(153600K)] [ParOldGen: 349675K->349675K(349696K)] 483819K->422922K(503296K), [Metaspace: 78699K->78699K(1118208K)], 0.3775796 secs] [Times: user=2.25 sys=0.00, real=0.38 secs] 
778.508: [Full GC (Ergonomics) [PSYoungGen: 134144K->72085K(153600K)] [ParOldGen: 349675K->349675K(349696K)] 483819K->421760K(503296K), [Metaspace: 78699K->78699K(1118208K)], 0.5523448 secs] [Times: user=3.49 sys=0.01, real=0.56 secs] 
779.084: [Full GC (Ergonomics) [PSYoungGen: 134144K->77271K(153600K)] [ParOldGen: 349675K->349675K(349696K)] 483819K->426946K(503296K), [Metaspace: 78699K->78699K(1118208K)], 0.4024254 secs] [Times: user=2.37 sys=0.01, real=0.40 secs] 
779.515: [Full GC (Ergonomics) [PSYoungGen: 134144K->70979K(153600K)] [ParOldGen: 349675K->349675K(349696K)] 483819K->420655K(503296K), [Metaspace: 78699K->78699K(1118208K)], 0.3716455 secs] [Times: user=2.19 sys=0.01, real=0.37 secs] 
780.012: [Full GC (Ergonomics) [PSYoungGen: 134144K->75617K(153600K)] [ParOldGen: 349675K->349546K(349696K)] 483819K->425163K(503296K), [Metaspace: 78699K->78699K(1118208K)], 1.5675170 secs] [Times: user=9.42 sys=0.05, real=1.57 secs] 
781.607: [Full GC (Ergonomics) [PSYoungGen: 134144K->74270K(153600K)] [ParOldGen: 349546K->349546K(349696K)] 483690K->423817K(503296K), [Metaspace: 78699K->78699K(1118208K)], 0.5190854 secs] [Times: user=2.69 sys=0.01, real=0.52 secs] 
782.149: [Full GC (Ergonomics) [PSYoungGen: 134144K->78800K(153600K)] [ParOldGen: 349546K->349546K(349696K)] 483690K->428347K(503296K), [Metaspace: 78699K->78699K(1118208K)], 0.4015661 secs] [Times: user=2.42 sys=0.01, real=0.41 secs] 
782.574: [Full GC (Ergonomics) [PSYoungGen: 134144K->79124K(153600K)] [ParOldGen: 349546K->349546K(349696K)] 483690K->428671K(503296K), [Metaspace: 78699K->78699K(1118208K)], 0.4227870 secs] [Times: user=2.34 sys=0.01, real=0.42 secs] 
783.022: [Full GC (Ergonomics) [PSYoungGen: 134144K->75401K(153600K)] [ParOldGen: 349546K->349546K(349696K)] 483690K->424947K(503296K), [Metaspace: 78699K->78699K(1118208K)], 0.3776139 secs] [Times: user=2.29 sys=0.01, real=0.38 secs] 
783.423: [Full GC (Ergonomics) [PSYoungGen: 134138K->75129K(153600K)] [ParOldGen: 349546K->349546K(349696K)] 483684K->424676K(503296K), [Metaspace: 78699K->78699K(1118208K)], 0.4734646 secs] [Times: user=2.78 sys=0.01, real=0.47 secs] 
783.924: [Full GC (Ergonomics) [PSYoungGen: 134144K->75227K(153600K)] [ParOldGen: 349546K->349546K(349696K)] 483690K->424774K(503296K), [Metaspace: 78699K->78699K(1118208K)], 0.7403651 secs] [Times: user=4.49 sys=0.02, real=0.74 secs] 
784.691: [Full GC (Ergonomics) [PSYoungGen: 134144K->74935K(153600K)] [ParOldGen: 349546K->349546K(349696K)] 483690K->424482K(503296K), [Metaspace: 78699K->78699K(1118208K)], 0.7293053 secs] [Times: user=4.65 sys=0.02, real=0.73 secs] 
785.448: [Full GC (Ergonomics) [PSYoungGen: 134144K->77388K(153600K)] [ParOldGen: 349546K->349546K(349696K)] 483690K->426934K(503296K), [Metaspace: 78699K->78699K(1118208K)], 0.4695483 secs] [Times: user=2.92 sys=0.01, real=0.47 secs] 
785.944: [Full GC (Ergonomics) [PSYoungGen: 134144K->80048K(153600K)] [ParOldGen: 349546K->349546K(349696K)] 483690K->429594K(503296K), [Metaspace: 78699K->78699K(1118208K)], 0.5393262 secs] [Times: user=3.17 sys=0.01, real=0.54 secs] 
786.505: [Full GC (Ergonomics) [PSYoungGen: 134144K->77928K(153600K)] [ParOldGen: 349546K->349546K(349696K)] 483690K->427474K(503296K), [Metaspace: 78699K->78699K(1118208K)], 0.3981222 secs] [Times: user=2.40 sys=0.00, real=0.40 secs] 
786.926: [Full GC (Ergonomics) [PSYoungGen: 134144K->77154K(153600K)] [ParOldGen: 349546K->349546K(349696K)] 483690K->426700K(503296K), [Metaspace: 78699K->78699K(1118208K)], 0.4056403 secs] [Times: user=2.46 sys=0.00, real=0.41 secs] 
787.353: [Full GC (Ergonomics) [PSYoungGen: 134144K->84048K(153600K)] [ParOldGen: 349546K->349546K(349696K)] 483690K->433595K(503296K), [Metaspace: 78699K->78699K(1118208K)], 0.7124592 secs] [Times: user=3.68 sys=0.06, real=0.71 secs] 
788.106: [Full GC (Ergonomics) [PSYoungGen: 134144K->66743K(153600K)] [ParOldGen: 349546K->349546K(349696K)] 483690K->416289K(503296K), [Metaspace: 78701K->78701K(1118208K)], 0.4370663 secs] [Times: user=2.28 sys=0.10, real=0.44 secs] 
788.776: [Full GC (Ergonomics) [PSYoungGen: 130746K->72900K(153600K)] [ParOldGen: 349546K->349546K(349696K)] 480292K->422446K(503296K), [Metaspace: 78705K->78705K(1118208K)], 0.4429221 secs] [Times: user=2.52 sys=0.11, real=0.44 secs] 
789.328: [Full GC (Ergonomics) [PSYoungGen: 134144K->72465K(153600K)] [ParOldGen: 349546K->349546K(349696K)] 483690K->422011K(503296K), [Metaspace: 78713K->78713K(1118208K)], 0.4812137 secs] [Times: user=2.86 sys=0.13, real=0.48 secs] 
789.859: [Full GC (Ergonomics) [PSYoungGen: 134115K->83229K(153600K)] [ParOldGen: 349546K->349546K(349696K)] 483661K->432775K(503296K), [Metaspace: 78713K->78713K(1118208K)], 0.5151130 secs] [Times: user=2.98 sys=0.13, real=0.52 secs] 
790.399: [Full GC (Ergonomics) [PSYoungGen: 134144K->86364K(153600K)] [ParOldGen: 349546K->349546K(349696K)] 483690K->435911K(503296K), [Metaspace: 78713K->78713K(1118208K)], 0.4633114 secs] [Times: user=2.20 sys=0.05, real=0.47 secs] 
790.884: [Full GC (Ergonomics) [PSYoungGen: 134144K->78386K(153600K)] [ParOldGen: 349546K->349546K(349696K)] 483690K->427932K(503296K), [Metaspace: 78713K->78713K(1118208K)], 0.4679533 secs] [Times: user=2.36 sys=0.13, real=0.47 secs] 
791.399: [Full GC (Ergonomics) [PSYoungGen: 134144K->69205K(153600K)] [ParOldGen: 349546K->349546K(349696K)] 483690K->418751K(503296K), [Metaspace: 78713K->78713K(1118208K)], 1.1664349 secs] [Times: user=7.62 sys=0.41, real=1.17 secs] 
792.674: [Full GC (Ergonomics) [PSYoungGen: 134144K->86493K(153600K)] [ParOldGen: 349546K->349546K(349696K)] 483690K->436039K(503296K), [Metaspace: 78713K->78713K(1118208K)], 0.4673536 secs] [Times: user=2.52 sys=0.14, real=0.47 secs] 
793.164: [Full GC (Ergonomics) [PSYoungGen: 134144K->82762K(153600K)] [ParOldGen: 349546K->349546K(349696K)] 483690K->432308K(503296K), [Metaspace: 78713K->78713K(1118208K)], 0.4405911 secs] [Times: user=2.49 sys=0.11, real=0.44 secs] 
793.628: [Full GC (Ergonomics) [PSYoungGen: 134144K->79309K(153600K)] [ParOldGen: 349546K->349545K(349696K)] 483690K->428855K(503296K), [Metaspace: 78713K->78713K(1118208K)], 0.4627024 secs] [Times: user=2.70 sys=0.12, real=0.46 secs] 
794.115: [Full GC (Ergonomics) [PSYoungGen: 134144K->85795K(153600K)] [ParOldGen: 349545K->349545K(349696K)] 483689K->435341K(503296K), [Metaspace: 78713K->78713K(1118208K)], 0.5620203 secs] [Times: user=3.34 sys=0.18, real=0.56 secs] 
794.699: [Full GC (Ergonomics) [PSYoungGen: 134136K->83972K(153600K)] [ParOldGen: 349545K->349545K(349696K)] 483682K->433518K(503296K), [Metaspace: 78713K->78713K(1118208K)], 0.4213415 secs] [Times: user=2.45 sys=0.12, real=0.42 secs] 
795.142: [Full GC (Ergonomics) [PSYoungGen: 134144K->84648K(153600K)] [ParOldGen: 349545K->349545K(349696K)] 483689K->434194K(503296K), [Metaspace: 78713K->78713K(1118208K)], 0.4163661 secs] [Times: user=2.41 sys=0.13, real=0.41 secs] 
795.580: [Full GC (Ergonomics) [PSYoungGen: 134144K->86542K(153600K)] [ParOldGen: 349545K->349545K(349696K)] 483689K->436088K(503296K), [Metaspace: 78713K->78713K(1118208K)], 0.4477309 secs] [Times: user=2.57 sys=0.12, real=0.45 secs] 
796.051: [Full GC (Ergonomics) [PSYoungGen: 134144K->85033K(153600K)] [ParOldGen: 349545K->349545K(349696K)] 483689K->434579K(503296K), [Metaspace: 78714K->78714K(1118208K)], 0.4596536 secs] [Times: user=2.49 sys=0.14, real=0.46 secs] 
796.539: [Full GC (Ergonomics) [PSYoungGen: 134144K->81535K(153600K)] [ParOldGen: 349695K->349636K(349696K)] 483839K->431172K(503296K), [Metaspace: 78714K->78714K(1118208K)], 0.4427246 secs] [Times: user=2.40 sys=0.14, real=0.44 secs] 
797.004: [Full GC (Ergonomics) [PSYoungGen: 134144K->85653K(153600K)] [ParOldGen: 349636K->349545K(349696K)] 483780K->435199K(503296K), [Metaspace: 78714K->78714K(1118208K)], 0.5013494 secs] [Times: user=2.88 sys=0.17, real=0.50 secs] 
797.526: [Full GC (Ergonomics) [PSYoungGen: 134144K->84937K(153600K)] [ParOldGen: 349545K->349545K(349696K)] 483689K->434483K(503296K), [Metaspace: 78714K->78714K(1118208K)], 0.5143481 secs] [Times: user=2.96 sys=0.14, real=0.51 secs] 
798.062: [Full GC (Ergonomics) [PSYoungGen: 134144K->81149K(153600K)] [ParOldGen: 349545K->349545K(349696K)] 483689K->430695K(503296K), [Metaspace: 78714K->78714K(1118208K)], 0.5058716 secs] [Times: user=2.74 sys=0.16, real=0.50 secs] 
798.593: [Full GC (Ergonomics) [PSYoungGen: 134144K->86861K(153600K)] [ParOldGen: 349545K->349545K(349696K)] 483689K->436406K(503296K), [Metaspace: 78714K->78714K(1118208K)], 0.4507760 secs] [Times: user=2.19 sys=0.12, real=0.45 secs] 
799.065: [Full GC (Ergonomics) [PSYoungGen: 134138K->84445K(153600K)] [ParOldGen: 349545K->349545K(349696K)] 483684K->433990K(503296K), [Metaspace: 78714K->78714K(1118208K)], 0.4806162 secs] [Times: user=2.62 sys=0.06, real=0.48 secs] 
799.569: [Full GC (Ergonomics) [PSYoungGen: 134144K->84526K(153600K)] [ParOldGen: 349545K->349545K(349696K)] 483689K->434071K(503296K), [Metaspace: 78714K->78714K(1118208K)], 0.4851782 secs] [Times: user=2.78 sys=0.10, real=0.49 secs] 
800.078: [Full GC (Ergonomics) [PSYoungGen: 134144K->90461K(153600K)] [ParOldGen: 349545K->349545K(349696K)] 483689K->440006K(503296K), [Metaspace: 78714K->78714K(1118208K)], 0.6392808 secs] [Times: user=3.68 sys=0.17, real=0.64 secs] 
800.737: [Full GC (Ergonomics) [PSYoungGen: 134144K->80895K(153600K)] [ParOldGen: 349545K->349545K(349696K)] 483689K->430441K(503296K), [Metaspace: 78714K->78714K(1118208K)], 0.4118919 secs] [Times: user=2.41 sys=0.13, real=0.41 secs] 
801.170: [Full GC (Ergonomics) [PSYoungGen: 134144K->89794K(153600K)] [ParOldGen: 349545K->349545K(349696K)] 483689K->439340K(503296K), [Metaspace: 78714K->78714K(1118208K)], 0.4521063 secs] [Times: user=2.48 sys=0.13, real=0.45 secs] 
801.644: [Full GC (Ergonomics) [PSYoungGen: 134144K->84859K(153600K)] [ParOldGen: 349545K->349545K(349696K)] 483689K->434405K(503296K), [Metaspace: 78714K->78714K(1118208K)], 0.4598416 secs] [Times: user=2.78 sys=0.14, real=0.46 secs] 
802.133: [Full GC (Ergonomics) [PSYoungGen: 134144K->91122K(153600K)] [ParOldGen: 349545K->349545K(349696K)] 483689K->440668K(503296K), [Metaspace: 78714K->78714K(1118208K)], 0.5218329 secs] [Times: user=2.66 sys=0.15, real=0.52 secs] 
802.735: [Full GC (Ergonomics) [PSYoungGen: 134144K->77143K(153600K)] [ParOldGen: 349545K->349545K(349696K)] 483689K->426688K(503296K), [Metaspace: 78714K->78714K(1118208K)], 0.4465724 secs] [Times: user=2.61 sys=0.10, real=0.44 secs] 
803.249: [Full GC (Ergonomics) [PSYoungGen: 134144K->91499K(153600K)] [ParOldGen: 349545K->349481K(349696K)] 483689K->440980K(503296K), [Metaspace: 78714K->78714K(1118208K)], 0.7112802 secs] [Times: user=4.38 sys=0.17, real=0.71 secs] 
803.982: [Full GC (Ergonomics) [PSYoungGen: 134144K->86082K(153600K)] [ParOldGen: 349481K->349481K(349696K)] 483625K->435564K(503296K), [Metaspace: 78714K->78714K(1118208K)], 0.4637861 secs] [Times: user=2.82 sys=0.14, real=0.47 secs] 
804.467: [Full GC (Ergonomics) [PSYoungGen: 134144K->92320K(153600K)] [ParOldGen: 349481K->349481K(349696K)] 483625K->441801K(503296K), [Metaspace: 78714K->78714K(1118208K)], 0.4100770 secs] [Times: user=2.21 sys=0.10, real=0.41 secs] 
804.898: [Full GC (Ergonomics) [PSYoungGen: 134144K->85735K(153600K)] [ParOldGen: 349481K->349481K(349696K)] 483625K->435216K(503296K), [Metaspace: 78714K->78714K(1118208K)], 0.5436719 secs] [Times: user=3.00 sys=0.14, real=0.54 secs] 
805.465: [Full GC (Ergonomics) [PSYoungGen: 134144K->87198K(153600K)] [ParOldGen: 349481K->349481K(349696K)] 483625K->436679K(503296K), [Metaspace: 78714K->78714K(1118208K)], 0.4069979 secs] [Times: user=2.25 sys=0.10, real=0.40 secs] 
805.894: [Full GC (Ergonomics) [PSYoungGen: 134144K->92413K(153600K)] [ParOldGen: 349481K->349481K(349696K)] 483625K->441895K(503296K), [Metaspace: 78714K->78714K(1118208K)], 0.4669822 secs] [Times: user=2.64 sys=0.11, real=0.46 secs] 
806.379: [Full GC (Ergonomics) [PSYoungGen: 134144K->86829K(153600K)] [ParOldGen: 349481K->349481K(349696K)] 483625K->436310K(503296K), [Metaspace: 78714K->78714K(1118208K)], 0.4932628 secs] [Times: user=2.65 sys=0.09, real=0.49 secs] 
806.898: [Full GC (Ergonomics) [PSYoungGen: 134144K->91379K(153600K)] [ParOldGen: 349481K->349481K(349696K)] 483625K->440860K(503296K), [Metaspace: 78714K->78714K(1118208K)], 0.4564731 secs] [Times: user=2.43 sys=0.12, real=0.46 secs] 
807.385: [Full GC (Ergonomics) [PSYoungGen: 134144K->90003K(153600K)] [ParOldGen: 349481K->349481K(349696K)] 483625K->439484K(503296K), [Metaspace: 78714K->78714K(1118208K)], 0.5745000 secs] [Times: user=3.14 sys=0.11, real=0.57 secs] 
807.989: [Full GC (Ergonomics) [PSYoungGen: 134144K->90699K(153600K)] [ParOldGen: 349481K->349481K(349696K)] 483625K->440180K(503296K), [Metaspace: 78714K->78714K(1118208K)], 0.5285992 secs] [Times: user=2.68 sys=0.10, real=0.53 secs] 
808.539: [Full GC (Ergonomics) [PSYoungGen: 134144K->88680K(153600K)] [ParOldGen: 349481K->349481K(349696K)] 483625K->438161K(503296K), [Metaspace: 78714K->78714K(1118208K)], 0.5298124 secs] [Times: user=2.74 sys=0.11, real=0.53 secs] 
809.090: [Full GC (Ergonomics) [PSYoungGen: 134127K->88524K(153600K)] [ParOldGen: 349481K->349481K(349696K)] 483608K->438005K(503296K), [Metaspace: 78714K->78714K(1118208K)], 0.4904841 secs] [Times: user=2.74 sys=0.09, real=0.49 secs] 
809.602: [Full GC (Ergonomics) [PSYoungGen: 134144K->87752K(153600K)] [ParOldGen: 349481K->349481K(349696K)] 483625K->437233K(503296K), [Metaspace: 78714K->78714K(1118208K)], 0.4257455 secs] [Times: user=2.29 sys=0.07, real=0.43 secs] 
810.054: [Full GC (Ergonomics) [PSYoungGen: 134144K->91624K(153600K)] [ParOldGen: 349481K->349481K(349696K)] 483625K->441105K(503296K), [Metaspace: 78714K->78714K(1118208K)], 0.4709534 secs] [Times: user=2.65 sys=0.10, real=0.48 secs] 
810.544: [Full GC (Ergonomics) [PSYoungGen: 134144K->89119K(153600K)] [ParOldGen: 349481K->349481K(349696K)] 483625K->438600K(503296K), [Metaspace: 78714K->78714K(1118208K)], 0.4625831 secs] [Times: user=2.72 sys=0.10, real=0.46 secs] 
811.026: [Full GC (Ergonomics) [PSYoungGen: 134144K->88528K(153600K)] [ParOldGen: 349481K->349481K(349696K)] 483625K->438009K(503296K), [Metaspace: 78714K->78714K(1118208K)], 0.4902134 secs] [Times: user=2.69 sys=0.12, real=0.49 secs] 
811.564: [Full GC (Ergonomics) [PSYoungGen: 134144K->82987K(153600K)] [ParOldGen: 349481K->349481K(349696K)] 483625K->432468K(503296K), [Metaspace: 78714K->78714K(1118208K)], 0.4144957 secs] [Times: user=2.53 sys=0.12, real=0.41 secs] 
812.107: [Full GC (Ergonomics) [PSYoungGen: 134114K->78730K(153600K)] [ParOldGen: 349481K->349481K(349696K)] 483595K->428211K(503296K), [Metaspace: 78758K->78758K(1118208K)], 0.4345099 secs] [Times: user=2.53 sys=0.12, real=0.43 secs] 
812.653: [Full GC (Ergonomics) [PSYoungGen: 134144K->82361K(153600K)] [ParOldGen: 349481K->349481K(349696K)] 483625K->431842K(503296K), [Metaspace: 78758K->78758K(1118208K)], 0.4021806 secs] [Times: user=2.12 sys=0.10, real=0.41 secs] 
813.207: [Full GC (Ergonomics) [PSYoungGen: 134144K->86102K(153600K)] [ParOldGen: 349481K->349481K(349696K)] 483625K->435583K(503296K), [Metaspace: 78758K->78758K(1118208K)], 0.3979835 secs] [Times: user=2.30 sys=0.10, real=0.40 secs] 
813.626: [Full GC (Ergonomics) [PSYoungGen: 134144K->96134K(153600K)] [ParOldGen: 349481K->349481K(349696K)] 483625K->445616K(503296K), [Metaspace: 78758K->78758K(1118208K)], 0.4666908 secs] [Times: user=2.77 sys=0.11, real=0.46 secs] 
814.105: [Full GC (Ergonomics) [PSYoungGen: 134144K->101122K(153600K)] [ParOldGen: 349481K->349481K(349696K)] 483625K->450603K(503296K), [Metaspace: 78762K->78742K(1118208K)], 0.4955936 secs] [Times: user=2.82 sys=0.13, real=0.49 secs] 
814.607: [Full GC (Ergonomics) [PSYoungGen: 134144K->96109K(153600K)] [ParOldGen: 349481K->349481K(349696K)] 483625K->445590K(503296K), [Metaspace: 78742K->78742K(1118208K)], 0.4152482 secs] [Times: user=2.46 sys=0.10, real=0.41 secs] 
815.037: [Full GC (Ergonomics) [PSYoungGen: 134144K->98004K(153600K)] [ParOldGen: 349481K->349481K(349696K)] 483625K->447485K(503296K), [Metaspace: 78742K->78742K(1118208K)], 0.3973134 secs] [Times: user=2.11 sys=0.08, real=0.40 secs] 
815.444: [Full GC (Ergonomics) [PSYoungGen: 134144K->98568K(153600K)] [ParOldGen: 349481K->349481K(349696K)] 483625K->448049K(503296K), [Metaspace: 78742K->78742K(1118208K)], 0.4620185 secs] [Times: user=2.18 sys=0.09, real=0.47 secs] 
815.915: [Full GC (Ergonomics) [PSYoungGen: 134144K->97938K(153600K)] [ParOldGen: 349481K->349481K(349696K)] 483625K->447419K(503296K), [Metaspace: 78742K->78742K(1118208K)], 0.3770457 secs] [Times: user=2.11 sys=0.09, real=0.37 secs] 
816.299: [Full GC (Ergonomics) [PSYoungGen: 134144K->99009K(153600K)] [ParOldGen: 349481K->349481K(349696K)] 483625K->448490K(503296K), [Metaspace: 78742K->78742K(1118208K)], 0.3690254 secs] [Times: user=2.11 sys=0.08, real=0.37 secs] 
816.675: [Full GC (Ergonomics) [PSYoungGen: 134144K->100408K(153600K)] [ParOldGen: 349481K->349481K(349696K)] 483625K->449889K(503296K), [Metaspace: 78742K->78742K(1118208K)], 0.4344027 secs] [Times: user=2.55 sys=0.07, real=0.43 secs] 
817.115: [Full GC (Ergonomics) [PSYoungGen: 134144K->99084K(153600K)] [ParOldGen: 349481K->349481K(349696K)] 483625K->448565K(503296K), [Metaspace: 78742K->78742K(1118208K)], 0.4145564 secs] [Times: user=2.35 sys=0.08, real=0.41 secs] 
817.536: [Full GC (Ergonomics) [PSYoungGen: 134144K->97244K(153600K)] [ParOldGen: 349481K->349481K(349696K)] 483625K->446725K(503296K), [Metaspace: 78742K->78742K(1118208K)], 0.3725738 secs] [Times: user=2.03 sys=0.05, real=0.37 secs] 
817.915: [Full GC (Ergonomics) [PSYoungGen: 134144K->98195K(153600K)] [ParOldGen: 349481K->349481K(349696K)] 483625K->447676K(503296K), [Metaspace: 78742K->78742K(1118208K)], 0.5020183 secs] [Times: user=2.83 sys=0.10, real=0.50 secs] 
818.424: [Full GC (Ergonomics) [PSYoungGen: 134144K->97590K(153600K)] [ParOldGen: 349481K->349481K(349696K)] 483625K->447071K(503296K), [Metaspace: 78742K->78742K(1118208K)], 0.3657502 secs] [Times: user=2.05 sys=0.03, real=0.37 secs] 
818.797: [Full GC (Ergonomics) [PSYoungGen: 134144K->99006K(153600K)] [ParOldGen: 349481K->349481K(349696K)] 483625K->448487K(503296K), [Metaspace: 78742K->78742K(1118208K)], 0.3823553 secs] [Times: user=2.18 sys=0.04, real=0.38 secs] 
819.187: [Full GC (Ergonomics) [PSYoungGen: 134144K->99787K(153600K)] [ParOldGen: 349481K->349481K(349696K)] 483625K->449268K(503296K), [Metaspace: 78742K->78742K(1118208K)], 0.3684599 secs] [Times: user=2.08 sys=0.01, real=0.37 secs] 
819.563: [Full GC (Ergonomics) [PSYoungGen: 134144K->98087K(153600K)] [ParOldGen: 349481K->349481K(349696K)] 483625K->447568K(503296K), [Metaspace: 78742K->78742K(1118208K)], 0.3478233 secs] [Times: user=2.05 sys=0.01, real=0.35 secs] 
819.917: [Full GC (Ergonomics) [PSYoungGen: 134144K->99187K(153600K)] [ParOldGen: 349481K->349481K(349696K)] 483625K->448668K(503296K), [Metaspace: 78742K->78742K(1118208K)], 0.4056368 secs] [Times: user=2.05 sys=0.01, real=0.40 secs] 
820.330: [Full GC (Ergonomics) [PSYoungGen: 134144K->100588K(153600K)] [ParOldGen: 349481K->349481K(349696K)] 483625K->450069K(503296K), [Metaspace: 78742K->78742K(1118208K)], 0.4077806 secs] [Times: user=2.47 sys=0.01, real=0.41 secs] 
820.744: [Full GC (Ergonomics) [PSYoungGen: 134144K->98956K(153600K)] [ParOldGen: 349481K->349481K(349696K)] 483625K->448437K(503296K), [Metaspace: 78742K->78742K(1118208K)], 0.3610980 secs] [Times: user=2.12 sys=0.00, real=0.36 secs] 
821.114: [Full GC (Ergonomics) [PSYoungGen: 134144K->97648K(153600K)] [ParOldGen: 349481K->349481K(349696K)] 483625K->447129K(503296K), [Metaspace: 78742K->78742K(1118208K)], 0.3999179 secs] [Times: user=2.05 sys=0.01, real=0.40 secs] 
821.521: [Full GC (Ergonomics) [PSYoungGen: 134144K->98862K(153600K)] [ParOldGen: 349481K->349478K(349696K)] 483625K->448340K(503296K), [Metaspace: 78742K->78742K(1118208K)], 0.6488239 secs] [Times: user=3.75 sys=0.01, real=0.65 secs] 
822.177: [Full GC (Ergonomics) [PSYoungGen: 134144K->100422K(153600K)] [ParOldGen: 349478K->349477K(349696K)] 483622K->449900K(503296K), [Metaspace: 78742K->78742K(1118208K)], 0.7122590 secs] [Times: user=4.11 sys=0.01, real=0.71 secs] 
822.898: [Full GC (Ergonomics) [PSYoungGen: 134144K->99378K(153600K)] [ParOldGen: 349477K->349477K(349696K)] 483621K->448856K(503296K), [Metaspace: 78742K->78742K(1118208K)], 0.3560746 secs] [Times: user=2.05 sys=0.01, real=0.35 secs] 
823.263: [Full GC (Ergonomics) [PSYoungGen: 134144K->98624K(153600K)] [ParOldGen: 349477K->349477K(349696K)] 483621K->448102K(503296K), [Metaspace: 78742K->78742K(1118208K)], 0.4244516 secs] [Times: user=2.53 sys=0.00, real=0.43 secs] 
823.696: [Full GC (Ergonomics) [PSYoungGen: 134144K->98226K(153600K)] [ParOldGen: 349477K->349477K(349696K)] 483621K->447704K(503296K), [Metaspace: 78742K->78742K(1118208K)], 0.3663951 secs] [Times: user=2.28 sys=0.00, real=0.36 secs] 
824.069: [Full GC (Ergonomics) [PSYoungGen: 134144K->99275K(153600K)] [ParOldGen: 349477K->349477K(349696K)] 483621K->448753K(503296K), [Metaspace: 78742K->78742K(1118208K)], 0.4089946 secs] [Times: user=2.51 sys=0.01, real=0.41 secs] 
824.487: [Full GC (Ergonomics) [PSYoungGen: 134144K->99395K(153600K)] [ParOldGen: 349477K->349473K(349696K)] 483621K->448868K(503296K), [Metaspace: 78742K->78742K(1118208K)], 0.6050767 secs] [Times: user=4.03 sys=0.01, real=0.60 secs] 
825.103: [Full GC (Ergonomics) [PSYoungGen: 134144K->101716K(153600K)] [ParOldGen: 349473K->349473K(349696K)] 483617K->451189K(503296K), [Metaspace: 78742K->78742K(1118208K)], 0.6360196 secs] [Times: user=3.94 sys=0.03, real=0.64 secs] 
825.748: [Full GC (Ergonomics) [PSYoungGen: 134144K->99452K(153600K)] [ParOldGen: 349473K->349473K(349696K)] 483617K->448925K(503296K), [Metaspace: 78742K->78742K(1118208K)], 0.6729133 secs] [Times: user=4.09 sys=0.02, real=0.67 secs] 
826.431: [Full GC (Ergonomics) [PSYoungGen: 134144K->100761K(153600K)] [ParOldGen: 349473K->349473K(349696K)] 483617K->450234K(503296K), [Metaspace: 78742K->78742K(1118208K)], 0.4629912 secs] [Times: user=2.43 sys=0.01, real=0.46 secs] 
826.904: [Full GC (Ergonomics) [PSYoungGen: 134144K->104252K(153600K)] [ParOldGen: 349473K->349473K(349696K)] 483617K->453725K(503296K), [Metaspace: 78742K->78742K(1118208K)], 0.4165612 secs] [Times: user=2.48 sys=0.00, real=0.42 secs] 
827.329: [Full GC (Ergonomics) [PSYoungGen: 134144K->97930K(153600K)] [ParOldGen: 349473K->349473K(349696K)] 483617K->447403K(503296K), [Metaspace: 78742K->78742K(1118208K)], 0.3577675 secs] [Times: user=2.10 sys=0.01, real=0.35 secs] 
827.695: [Full GC (Ergonomics) [PSYoungGen: 134144K->98857K(153600K)] [ParOldGen: 349473K->349473K(349696K)] 483617K->448331K(503296K), [Metaspace: 78742K->78742K(1118208K)], 0.3783126 secs] [Times: user=2.23 sys=0.01, real=0.38 secs] 
828.082: [Full GC (Ergonomics) [PSYoungGen: 134144K->101423K(153600K)] [ParOldGen: 349473K->349472K(349696K)] 483617K->450895K(503296K), [Metaspace: 78742K->78742K(1118208K)], 0.6092524 secs] [Times: user=3.74 sys=0.02, real=0.61 secs] 
828.704: [Full GC (Ergonomics) [PSYoungGen: 134144K->99804K(153600K)] [ParOldGen: 349472K->349465K(349696K)] 483616K->449270K(503296K), [Metaspace: 78742K->78742K(1118208K)], 0.6714850 secs] [Times: user=4.11 sys=0.01, real=0.67 secs] 
829.390: [Full GC (Ergonomics) [PSYoungGen: 134144K->103477K(153600K)] [ParOldGen: 349465K->349465K(349696K)] 483609K->452942K(503296K), [Metaspace: 78744K->78744K(1118208K)], 0.6664110 secs] [Times: user=4.04 sys=0.02, real=0.66 secs] 
830.064: [Full GC (Ergonomics) [PSYoungGen: 134144K->102353K(153600K)] [ParOldGen: 349465K->349465K(349696K)] 483609K->451818K(503296K), [Metaspace: 78744K->78744K(1118208K)], 0.3426437 secs] [Times: user=2.04 sys=0.00, real=0.35 secs] 
830.413: [Full GC (Ergonomics) [PSYoungGen: 134144K->101746K(153600K)] [ParOldGen: 349465K->349465K(349696K)] 483609K->451211K(503296K), [Metaspace: 78744K->78744K(1118208K)], 0.4105552 secs] [Times: user=2.39 sys=0.01, real=0.41 secs] 
830.831: [Full GC (Ergonomics) [PSYoungGen: 134144K->98238K(153600K)] [ParOldGen: 349465K->349465K(349696K)] 483609K->447703K(503296K), [Metaspace: 78744K->78744K(1118208K)], 0.4469951 secs] [Times: user=2.85 sys=0.01, real=0.45 secs] 
831.293: [Full GC (Ergonomics) [PSYoungGen: 134144K->100162K(153600K)] [ParOldGen: 349465K->349465K(349696K)] 483609K->449627K(503296K), [Metaspace: 78744K->78744K(1118208K)], 0.3598673 secs] [Times: user=2.11 sys=0.00, real=0.36 secs] 
831.662: [Full GC (Ergonomics) [PSYoungGen: 134144K->102091K(153600K)] [ParOldGen: 349465K->349465K(349696K)] 483609K->451556K(503296K), [Metaspace: 78744K->78744K(1118208K)], 0.3965367 secs] [Times: user=2.19 sys=0.00, real=0.40 secs] 
832.066: [Full GC (Ergonomics) [PSYoungGen: 134144K->101230K(153600K)] [ParOldGen: 349465K->349465K(349696K)] 483609K->450695K(503296K), [Metaspace: 78744K->78744K(1118208K)], 0.3567639 secs] [Times: user=2.02 sys=0.01, real=0.36 secs] 
832.430: [Full GC (Ergonomics) [PSYoungGen: 134144K->100414K(153600K)] [ParOldGen: 349465K->349465K(349696K)] 483609K->449879K(503296K), [Metaspace: 78744K->78744K(1118208K)], 0.3503608 secs] [Times: user=2.21 sys=0.00, real=0.35 secs] 
832.787: [Full GC (Ergonomics) [PSYoungGen: 134144K->97834K(153600K)] [ParOldGen: 349465K->349465K(349696K)] 483609K->447300K(503296K), [Metaspace: 78744K->78744K(1118208K)], 0.6306945 secs] [Times: user=4.10 sys=0.02, real=0.62 secs] 
833.423: [Full GC (Ergonomics) [PSYoungGen: 134144K->101396K(153600K)] [ParOldGen: 349465K->349465K(349696K)] 483609K->450861K(503296K), [Metaspace: 78744K->78744K(1118208K)], 0.3698517 secs] [Times: user=2.06 sys=0.00, real=0.37 secs] 
833.799: [Full GC (Ergonomics) [PSYoungGen: 134144K->99139K(153600K)] [ParOldGen: 349465K->349465K(349696K)] 483609K->448604K(503296K), [Metaspace: 78744K->78744K(1118208K)], 0.3539259 secs] [Times: user=2.11 sys=0.00, real=0.35 secs] 
834.159: [Full GC (Ergonomics) [PSYoungGen: 134144K->100081K(153600K)] [ParOldGen: 349465K->349465K(349696K)] 483609K->449546K(503296K), [Metaspace: 78744K->78744K(1118208K)], 0.4461297 secs] [Times: user=2.53 sys=0.01, real=0.44 secs] 
834.611: [Full GC (Ergonomics) [PSYoungGen: 134144K->99327K(153600K)] [ParOldGen: 349465K->349465K(349696K)] 483609K->448792K(503296K), [Metaspace: 78744K->78744K(1118208K)], 0.3368757 secs] [Times: user=2.01 sys=0.00, real=0.34 secs] 
834.953: [Full GC (Ergonomics) [PSYoungGen: 134144K->99871K(153600K)] [ParOldGen: 349465K->349465K(349696K)] 483609K->449336K(503296K), [Metaspace: 78744K->78744K(1118208K)], 0.3803946 secs] [Times: user=2.35 sys=0.01, real=0.38 secs] 
835.340: [Full GC (Ergonomics) [PSYoungGen: 134144K->99014K(153600K)] [ParOldGen: 349465K->349465K(349696K)] 483609K->448480K(503296K), [Metaspace: 78744K->78744K(1118208K)], 0.3768964 secs] [Times: user=2.07 sys=0.01, real=0.37 secs] 
835.723: [Full GC (Ergonomics) [PSYoungGen: 134144K->99472K(153600K)] [ParOldGen: 349465K->349465K(349696K)] 483609K->448937K(503296K), [Metaspace: 78744K->78744K(1118208K)], 0.3431599 secs] [Times: user=1.98 sys=0.00, real=0.34 secs] 
836.072: [Full GC (Ergonomics) [PSYoungGen: 134144K->98270K(153600K)] [ParOldGen: 349465K->349465K(349696K)] 483609K->447736K(503296K), [Metaspace: 78744K->78744K(1118208K)], 0.3328815 secs] [Times: user=2.06 sys=0.01, real=0.33 secs] 
836.411: [Full GC (Ergonomics) [PSYoungGen: 134144K->99558K(153600K)] [ParOldGen: 349465K->349465K(349696K)] 483609K->449023K(503296K), [Metaspace: 78744K->78744K(1118208K)], 0.3691516 secs] [Times: user=2.24 sys=0.01, real=0.37 secs] 
836.785: [Full GC (Ergonomics) [PSYoungGen: 134144K->100010K(153600K)] [ParOldGen: 349465K->349465K(349696K)] 483609K->449475K(503296K), [Metaspace: 78744K->78744K(1118208K)], 0.3793812 secs] [Times: user=2.30 sys=0.00, real=0.38 secs] 
837.171: [Full GC (Ergonomics) [PSYoungGen: 134144K->99205K(153600K)] [ParOldGen: 349465K->349465K(349696K)] 483609K->448671K(503296K), [Metaspace: 78744K->78744K(1118208K)], 0.3474385 secs] [Times: user=2.06 sys=0.01, real=0.35 secs] 
837.525: [Full GC (Ergonomics) [PSYoungGen: 134144K->98046K(153600K)] [ParOldGen: 349465K->349465K(349696K)] 483609K->447512K(503296K), [Metaspace: 78744K->78744K(1118208K)], 0.4305683 secs] [Times: user=2.39 sys=0.01, real=0.43 secs] 
837.961: [Full GC (Ergonomics) [PSYoungGen: 134144K->97754K(153600K)] [ParOldGen: 349465K->349465K(349696K)] 483609K->447220K(503296K), [Metaspace: 78744K->78744K(1118208K)], 0.3802300 secs] [Times: user=2.12 sys=0.01, real=0.38 secs] 
838.348: [Full GC (Ergonomics) [PSYoungGen: 134144K->97312K(153600K)] [ParOldGen: 349465K->349465K(349696K)] 483609K->446777K(503296K), [Metaspace: 78744K->78744K(1118208K)], 0.3544656 secs] [Times: user=2.10 sys=0.00, real=0.35 secs] 
838.709: [Full GC (Ergonomics) [PSYoungGen: 134144K->98652K(153600K)] [ParOldGen: 349465K->349465K(349696K)] 483609K->448117K(503296K), [Metaspace: 78744K->78744K(1118208K)], 0.4281133 secs] [Times: user=2.46 sys=0.01, real=0.42 secs] 
839.145: [Full GC (Ergonomics) [PSYoungGen: 134144K->99627K(153600K)] [ParOldGen: 349465K->349465K(349696K)] 483609K->449092K(503296K), [Metaspace: 78744K->78744K(1118208K)], 0.3789441 secs] [Times: user=2.29 sys=0.00, real=0.38 secs] 
839.530: [Full GC (Ergonomics) [PSYoungGen: 134144K->101652K(153600K)] [ParOldGen: 349465K->349465K(349696K)] 483609K->451118K(503296K), [Metaspace: 78744K->78744K(1118208K)], 0.3470569 secs] [Times: user=2.08 sys=0.01, real=0.34 secs] 
839.884: [Full GC (Ergonomics) [PSYoungGen: 134144K->98705K(153600K)] [ParOldGen: 349465K->349465K(349696K)] 483609K->448171K(503296K), [Metaspace: 78744K->78740K(1118208K)], 0.4656686 secs] [Times: user=2.62 sys=0.00, real=0.47 secs] 
840.358: [Full GC (Ergonomics) [PSYoungGen: 134144K->99361K(153600K)] [ParOldGen: 349465K->349465K(349696K)] 483609K->448826K(503296K), [Metaspace: 78740K->78740K(1118208K)], 0.3832163 secs] [Times: user=2.22 sys=0.01, real=0.39 secs] 
840.747: [Full GC (Ergonomics) [PSYoungGen: 134144K->98424K(153600K)] [ParOldGen: 349465K->349465K(349696K)] 483609K->447889K(503296K), [Metaspace: 78740K->78740K(1118208K)], 0.4590749 secs] [Times: user=2.73 sys=0.01, real=0.46 secs] 
841.214: [Full GC (Ergonomics) [PSYoungGen: 134144K->99869K(153600K)] [ParOldGen: 349465K->349465K(349696K)] 483609K->449334K(503296K), [Metaspace: 78740K->78740K(1118208K)], 0.3680870 secs] [Times: user=2.24 sys=0.01, real=0.37 secs] 
841.589: [Full GC (Ergonomics) [PSYoungGen: 134144K->101540K(153600K)] [ParOldGen: 349465K->349465K(349696K)] 483609K->451005K(503296K), [Metaspace: 78740K->78740K(1118208K)], 0.3645795 secs] [Times: user=2.04 sys=0.00, real=0.36 secs] 
841.960: [Full GC (Ergonomics) [PSYoungGen: 134144K->100774K(153600K)] [ParOldGen: 349465K->349465K(349696K)] 483609K->450239K(503296K), [Metaspace: 78740K->78740K(1118208K)], 0.3683976 secs] [Times: user=2.12 sys=0.00, real=0.36 secs] 
842.334: [Full GC (Ergonomics) [PSYoungGen: 134144K->100709K(153600K)] [ParOldGen: 349465K->349465K(349696K)] 483609K->450174K(503296K), [Metaspace: 78740K->78740K(1118208K)], 0.3602450 secs] [Times: user=2.28 sys=0.00, real=0.36 secs] 
842.700: [Full GC (Ergonomics) [PSYoungGen: 134144K->98781K(153600K)] [ParOldGen: 349465K->349465K(349696K)] 483609K->448246K(503296K), [Metaspace: 78740K->78740K(1118208K)], 0.3776869 secs] [Times: user=2.17 sys=0.01, real=0.37 secs] 
843.085: [Full GC (Ergonomics) [PSYoungGen: 134144K->97644K(153600K)] [ParOldGen: 349465K->349465K(349696K)] 483609K->447109K(503296K), [Metaspace: 78740K->78740K(1118208K)], 0.3875242 secs] [Times: user=2.39 sys=0.01, real=0.39 secs] 
843.481: [Full GC (Ergonomics) [PSYoungGen: 134144K->100069K(153600K)] [ParOldGen: 349465K->349465K(349696K)] 483609K->449535K(503296K), [Metaspace: 78740K->78740K(1118208K)], 0.3540140 secs] [Times: user=2.11 sys=0.00, real=0.35 secs] 
843.841: [Full GC (Ergonomics) [PSYoungGen: 134144K->99715K(153600K)] [ParOldGen: 349465K->349465K(349696K)] 483609K->449180K(503296K), [Metaspace: 78740K->78740K(1118208K)], 0.3761201 secs] [Times: user=2.33 sys=0.01, real=0.37 secs] 
844.223: [Full GC (Ergonomics) [PSYoungGen: 134144K->99138K(153600K)] [ParOldGen: 349465K->349465K(349696K)] 483609K->448603K(503296K), [Metaspace: 78740K->78740K(1118208K)], 0.3454013 secs] [Times: user=2.02 sys=0.00, real=0.34 secs] 
844.574: [Full GC (Ergonomics) [PSYoungGen: 134144K->101538K(153600K)] [ParOldGen: 349465K->349465K(349696K)] 483609K->451003K(503296K), [Metaspace: 78740K->78740K(1118208K)], 0.3736116 secs] [Times: user=2.33 sys=0.01, real=0.37 secs] 
844.956: [Full GC (Ergonomics) [PSYoungGen: 134144K->100545K(153600K)] [ParOldGen: 349465K->349465K(349696K)] 483609K->450010K(503296K), [Metaspace: 78740K->78740K(1118208K)], 0.3721095 secs] [Times: user=2.14 sys=0.01, real=0.37 secs] 
845.335: [Full GC (Ergonomics) [PSYoungGen: 134144K->101161K(153600K)] [ParOldGen: 349465K->349465K(349696K)] 483609K->450626K(503296K), [Metaspace: 78740K->78740K(1118208K)], 0.4350024 secs] [Times: user=2.44 sys=0.00, real=0.44 secs] 
845.777: [Full GC (Ergonomics) [PSYoungGen: 134144K->100602K(153600K)] [ParOldGen: 349465K->349465K(349696K)] 483609K->450067K(503296K), [Metaspace: 78740K->78740K(1118208K)], 0.3550664 secs] [Times: user=2.01 sys=0.00, real=0.36 secs] 
846.141: [Full GC (Ergonomics) [PSYoungGen: 134144K->99925K(153600K)] [ParOldGen: 349465K->349465K(349696K)] 483609K->449390K(503296K), [Metaspace: 78740K->78740K(1118208K)], 0.4048868 secs] [Times: user=2.49 sys=0.01, real=0.40 secs] 
846.555: [Full GC (Ergonomics) [PSYoungGen: 134144K->102073K(153600K)] [ParOldGen: 349465K->349465K(349696K)] 483609K->451539K(503296K), [Metaspace: 78740K->78740K(1118208K)], 0.3516445 secs] [Times: user=2.13 sys=0.01, real=0.35 secs] 
846.913: [Full GC (Ergonomics) [PSYoungGen: 134144K->101665K(153600K)] [ParOldGen: 349465K->349465K(349696K)] 483609K->451130K(503296K), [Metaspace: 78740K->78740K(1118208K)], 0.3630699 secs] [Times: user=2.07 sys=0.00, real=0.36 secs] 
847.283: [Full GC (Ergonomics) [PSYoungGen: 134144K->100110K(153600K)] [ParOldGen: 349465K->349465K(349696K)] 483609K->449576K(503296K), [Metaspace: 78740K->78740K(1118208K)], 0.3667085 secs] [Times: user=2.23 sys=0.01, real=0.37 secs] 
847.657: [Full GC (Ergonomics) [PSYoungGen: 134144K->98488K(153600K)] [ParOldGen: 349465K->349465K(349696K)] 483609K->447953K(503296K), [Metaspace: 78740K->78740K(1118208K)], 0.5004924 secs] [Times: user=3.05 sys=0.01, real=0.50 secs] 
848.166: [Full GC (Ergonomics) [PSYoungGen: 134144K->100377K(153600K)] [ParOldGen: 349465K->349465K(349696K)] 483609K->449842K(503296K), [Metaspace: 78740K->78740K(1118208K)], 0.5639166 secs] [Times: user=3.60 sys=0.01, real=0.57 secs] 
848.738: [Full GC (Ergonomics) [PSYoungGen: 134144K->102536K(153600K)] [ParOldGen: 349465K->349465K(349696K)] 483609K->452001K(503296K), [Metaspace: 78740K->78740K(1118208K)], 0.3694810 secs] [Times: user=2.12 sys=0.01, real=0.37 secs] 
849.115: [Full GC (Ergonomics) [PSYoungGen: 134144K->101559K(153600K)] [ParOldGen: 349465K->349465K(349696K)] 483609K->451024K(503296K), [Metaspace: 78740K->78740K(1118208K)], 0.3616922 secs] [Times: user=2.19 sys=0.00, real=0.36 secs] 
849.484: [Full GC (Ergonomics) [PSYoungGen: 134144K->100313K(153600K)] [ParOldGen: 349465K->349465K(349696K)] 483609K->449778K(503296K), [Metaspace: 78740K->78740K(1118208K)], 0.4373861 secs] [Times: user=2.45 sys=0.02, real=0.44 secs] 
849.929: [Full GC (Ergonomics) [PSYoungGen: 134144K->100441K(153600K)] [ParOldGen: 349465K->349465K(349696K)] 483609K->449906K(503296K), [Metaspace: 78740K->78740K(1118208K)], 0.4153232 secs] [Times: user=2.49 sys=0.01, real=0.42 secs] 
850.351: [Full GC (Ergonomics) [PSYoungGen: 134144K->98729K(153600K)] [ParOldGen: 349465K->349465K(349696K)] 483609K->448194K(503296K), [Metaspace: 78740K->78740K(1118208K)], 0.3562531 secs] [Times: user=2.00 sys=0.00, real=0.35 secs] 
850.714: [Full GC (Ergonomics) [PSYoungGen: 134144K->100095K(153600K)] [ParOldGen: 349465K->349465K(349696K)] 483609K->449560K(503296K), [Metaspace: 78740K->78740K(1118208K)], 0.3849696 secs] [Times: user=2.24 sys=0.01, real=0.38 secs] 
851.106: [Full GC (Ergonomics) [PSYoungGen: 134144K->98520K(153600K)] [ParOldGen: 349465K->349465K(349696K)] 483609K->447985K(503296K), [Metaspace: 78740K->78740K(1118208K)], 0.3517285 secs] [Times: user=2.06 sys=0.00, real=0.35 secs] 
851.464: [Full GC (Ergonomics) [PSYoungGen: 134144K->99415K(153600K)] [ParOldGen: 349465K->349465K(349696K)] 483609K->448880K(503296K), [Metaspace: 78740K->78740K(1118208K)], 0.3656458 secs] [Times: user=2.21 sys=0.01, real=0.37 secs] 
851.836: [Full GC (Ergonomics) [PSYoungGen: 134144K->99797K(153600K)] [ParOldGen: 349465K->349465K(349696K)] 483609K->449262K(503296K), [Metaspace: 78740K->78740K(1118208K)], 0.3707375 secs] [Times: user=2.26 sys=0.01, real=0.37 secs] 
852.212: [Full GC (Ergonomics) [PSYoungGen: 134144K->96526K(153600K)] [ParOldGen: 349465K->349465K(349696K)] 483609K->445991K(503296K), [Metaspace: 78740K->78740K(1118208K)], 0.3417646 secs] [Times: user=2.00 sys=0.00, real=0.34 secs] 
852.561: [Full GC (Ergonomics) [PSYoungGen: 134144K->98093K(153600K)] [ParOldGen: 349465K->349465K(349696K)] 483609K->447558K(503296K), [Metaspace: 78740K->78740K(1118208K)], 0.3530117 secs] [Times: user=2.04 sys=0.01, real=0.35 secs] 
852.921: [Full GC (Ergonomics) [PSYoungGen: 134144K->100123K(153600K)] [ParOldGen: 349465K->349464K(349696K)] 483609K->449588K(503296K), [Metaspace: 78740K->78740K(1118208K)], 0.5419329 secs] [Times: user=3.26 sys=0.01, real=0.54 secs] 
853.469: [Full GC (Ergonomics) [PSYoungGen: 134144K->98583K(153600K)] [ParOldGen: 349464K->349464K(349696K)] 483608K->448048K(503296K), [Metaspace: 78740K->78740K(1118208K)], 0.3345459 secs] [Times: user=2.00 sys=0.00, real=0.34 secs] 
853.810: [Full GC (Ergonomics) [PSYoungGen: 134144K->99081K(153600K)] [ParOldGen: 349464K->349464K(349696K)] 483608K->448546K(503296K), [Metaspace: 78740K->78740K(1118208K)], 0.3729945 secs] [Times: user=2.25 sys=0.01, real=0.38 secs] 
854.189: [Full GC (Ergonomics) [PSYoungGen: 134144K->98922K(153600K)] [ParOldGen: 349464K->349464K(349696K)] 483608K->448387K(503296K), [Metaspace: 78740K->78740K(1118208K)], 0.3508267 secs] [Times: user=2.11 sys=0.00, real=0.35 secs] 
854.546: [Full GC (Ergonomics) [PSYoungGen: 134144K->97979K(153600K)] [ParOldGen: 349464K->349464K(349696K)] 483608K->447444K(503296K), [Metaspace: 78740K->78740K(1118208K)], 0.3893250 secs] [Times: user=2.48 sys=0.01, real=0.39 secs] 
854.940: [Full GC (Ergonomics) [PSYoungGen: 134144K->98356K(153600K)] [ParOldGen: 349464K->349464K(349696K)] 483608K->447821K(503296K), [Metaspace: 78740K->78740K(1118208K)], 0.3424510 secs] [Times: user=2.02 sys=0.01, real=0.35 secs] 
855.292: [Full GC (Ergonomics) [PSYoungGen: 134144K->98183K(153600K)] [ParOldGen: 349464K->349464K(349696K)] 483608K->447648K(503296K), [Metaspace: 78740K->78740K(1118208K)], 0.3806870 secs] [Times: user=2.18 sys=0.00, real=0.38 secs] 
855.680: [Full GC (Ergonomics) [PSYoungGen: 134144K->99943K(153600K)] [ParOldGen: 349464K->349464K(349696K)] 483608K->449408K(503296K), [Metaspace: 78740K->78740K(1118208K)], 0.3482400 secs] [Times: user=2.03 sys=0.00, real=0.35 secs] 
856.036: [Full GC (Ergonomics) [PSYoungGen: 134144K->101215K(153600K)] [ParOldGen: 349464K->349464K(349696K)] 483608K->450680K(503296K), [Metaspace: 78740K->78740K(1118208K)], 0.3468105 secs] [Times: user=2.03 sys=0.01, real=0.35 secs] 
856.391: [Full GC (Ergonomics) [PSYoungGen: 134144K->98702K(153600K)] [ParOldGen: 349464K->349464K(349696K)] 483608K->448167K(503296K), [Metaspace: 78740K->78740K(1118208K)], 0.3522669 secs] [Times: user=2.12 sys=0.00, real=0.35 secs] 
856.752: [Full GC (Ergonomics) [PSYoungGen: 134144K->97706K(153600K)] [ParOldGen: 349464K->349464K(349696K)] 483608K->447171K(503296K), [Metaspace: 78740K->78740K(1118208K)], 0.3858824 secs] [Times: user=2.46 sys=0.00, real=0.38 secs] 
857.145: [Full GC (Ergonomics) [PSYoungGen: 134144K->99026K(153600K)] [ParOldGen: 349464K->349464K(349696K)] 483608K->448491K(503296K), [Metaspace: 78740K->78740K(1118208K)], 0.3930643 secs] [Times: user=2.37 sys=0.00, real=0.39 secs] 
857.545: [Full GC (Ergonomics) [PSYoungGen: 134144K->101035K(153600K)] [ParOldGen: 349464K->349464K(349696K)] 483608K->450500K(503296K), [Metaspace: 78740K->78740K(1118208K)], 0.3395448 secs] [Times: user=2.00 sys=0.00, real=0.34 secs] 
857.890: [Full GC (Ergonomics) [PSYoungGen: 134144K->102057K(153600K)] [ParOldGen: 349464K->349464K(349696K)] 483608K->451522K(503296K), [Metaspace: 78740K->78740K(1118208K)], 0.3577455 secs] [Times: user=2.07 sys=0.01, real=0.36 secs] 
858.253: [Full GC (Ergonomics) [PSYoungGen: 134144K->99799K(153600K)] [ParOldGen: 349464K->349464K(349696K)] 483608K->449264K(503296K), [Metaspace: 78740K->78740K(1118208K)], 0.3392635 secs] [Times: user=2.04 sys=0.00, real=0.34 secs] 
858.599: [Full GC (Ergonomics) [PSYoungGen: 134144K->95652K(153600K)] [ParOldGen: 349464K->349464K(349696K)] 483608K->445117K(503296K), [Metaspace: 78740K->78740K(1118208K)], 0.3681061 secs] [Times: user=2.12 sys=0.01, real=0.37 secs] 
858.972: [Full GC (Ergonomics) [PSYoungGen: 134144K->95718K(153600K)] [ParOldGen: 349464K->349464K(349696K)] 483608K->445183K(503296K), [Metaspace: 78740K->78740K(1118208K)], 0.3239783 secs] [Times: user=1.99 sys=0.00, real=0.32 secs] 
859.303: [Full GC (Ergonomics) [PSYoungGen: 134144K->96948K(153600K)] [ParOldGen: 349464K->349464K(349696K)] 483608K->446413K(503296K), [Metaspace: 78740K->78740K(1118208K)], 0.3531683 secs] [Times: user=2.12 sys=0.01, real=0.35 secs] 
859.665: [Full GC (Ergonomics) [PSYoungGen: 134144K->99346K(153600K)] [ParOldGen: 349464K->349464K(349696K)] 483608K->448811K(503296K), [Metaspace: 78740K->78740K(1118208K)], 0.3765750 secs] [Times: user=2.19 sys=0.00, real=0.38 secs] 
860.049: [Full GC (Ergonomics) [PSYoungGen: 134144K->101144K(153600K)] [ParOldGen: 349464K->349464K(349696K)] 483608K->450608K(503296K), [Metaspace: 78740K->78740K(1118208K)], 0.3621814 secs] [Times: user=2.21 sys=0.01, real=0.36 secs] 
860.418: [Full GC (Ergonomics) [PSYoungGen: 134144K->99840K(153600K)] [ParOldGen: 349464K->349464K(349696K)] 483608K->449305K(503296K), [Metaspace: 78740K->78740K(1118208K)], 0.4040712 secs] [Times: user=2.34 sys=0.00, real=0.41 secs] 
860.829: [Full GC (Ergonomics) [PSYoungGen: 134144K->98436K(153600K)] [ParOldGen: 349464K->349464K(349696K)] 483608K->447901K(503296K), [Metaspace: 78740K->78740K(1118208K)], 0.3609409 secs] [Times: user=2.17 sys=0.01, real=0.36 secs] 
861.198: [Full GC (Ergonomics) [PSYoungGen: 134144K->97986K(153600K)] [ParOldGen: 349464K->349464K(349696K)] 483608K->447451K(503296K), [Metaspace: 78740K->78740K(1118208K)], 0.4323814 secs] [Times: user=2.40 sys=0.00, real=0.43 secs] 
861.639: [Full GC (Ergonomics) [PSYoungGen: 134144K->99641K(153600K)] [ParOldGen: 349464K->349464K(349696K)] 483608K->449106K(503296K), [Metaspace: 78740K->78740K(1118208K)], 0.4532008 secs] [Times: user=2.45 sys=0.00, real=0.46 secs] 
862.101: [Full GC (Ergonomics) [PSYoungGen: 134144K->101525K(153600K)] [ParOldGen: 349464K->349464K(349696K)] 483608K->450990K(503296K), [Metaspace: 78740K->78740K(1118208K)], 0.3633423 secs] [Times: user=2.11 sys=0.00, real=0.37 secs] 
862.471: [Full GC (Ergonomics) [PSYoungGen: 134144K->99765K(153600K)] [ParOldGen: 349464K->349464K(349696K)] 483608K->449230K(503296K), [Metaspace: 78740K->78740K(1118208K)], 0.3691488 secs] [Times: user=2.10 sys=0.00, real=0.37 secs] 
862.848: [Full GC (Ergonomics) [PSYoungGen: 134144K->102005K(153600K)] [ParOldGen: 349464K->349464K(349696K)] 483608K->451470K(503296K), [Metaspace: 78740K->78740K(1118208K)], 0.4662589 secs] [Times: user=2.71 sys=0.01, real=0.47 secs] 
863.321: [Full GC (Ergonomics) [PSYoungGen: 134144K->98415K(153600K)] [ParOldGen: 349464K->349464K(349696K)] 483608K->447880K(503296K), [Metaspace: 78740K->78740K(1118208K)], 0.4165652 secs] [Times: user=2.31 sys=0.01, real=0.42 secs] 
863.746: [Full GC (Ergonomics) [PSYoungGen: 134144K->101092K(153600K)] [ParOldGen: 349464K->349464K(349696K)] 483608K->450557K(503296K), [Metaspace: 78740K->78740K(1118208K)], 0.5194170 secs] [Times: user=2.47 sys=0.01, real=0.52 secs] 
864.273: [Full GC (Ergonomics) [PSYoungGen: 134144K->101259K(153600K)] [ParOldGen: 349464K->349464K(349696K)] 483608K->450724K(503296K), [Metaspace: 78740K->78740K(1118208K)], 0.3814164 secs] [Times: user=2.01 sys=0.00, real=0.38 secs] 
864.661: [Full GC (Ergonomics) [PSYoungGen: 134144K->102435K(153600K)] [ParOldGen: 349464K->349464K(349696K)] 483608K->451900K(503296K), [Metaspace: 78740K->78740K(1118208K)], 0.3926294 secs] [Times: user=2.11 sys=0.00, real=0.40 secs] 
865.060: [Full GC (Ergonomics) [PSYoungGen: 134144K->102125K(153600K)] [ParOldGen: 349464K->349464K(349696K)] 483608K->451590K(503296K), [Metaspace: 78740K->78740K(1118208K)], 0.3830851 secs] [Times: user=2.04 sys=0.01, real=0.39 secs] 
865.450: [Full GC (Ergonomics) [PSYoungGen: 134144K->98036K(153600K)] [ParOldGen: 349464K->349464K(349696K)] 483608K->447501K(503296K), [Metaspace: 78740K->78740K(1118208K)], 0.4070030 secs] [Times: user=2.20 sys=0.01, real=0.41 secs] 
865.865: [Full GC (Ergonomics) [PSYoungGen: 134144K->99288K(153600K)] [ParOldGen: 349464K->349464K(349696K)] 483608K->448753K(503296K), [Metaspace: 78740K->78740K(1118208K)], 0.8077311 secs] [Times: user=4.18 sys=0.02, real=0.81 secs] 
866.681: [Full GC (Ergonomics) [PSYoungGen: 134144K->101698K(153600K)] [ParOldGen: 349464K->349464K(349696K)] 483608K->451163K(503296K), [Metaspace: 78740K->78740K(1118208K)], 0.3957137 secs] [Times: user=2.12 sys=0.00, real=0.40 secs] 
867.084: [Full GC (Ergonomics) [PSYoungGen: 134144K->102342K(153600K)] [ParOldGen: 349464K->349464K(349696K)] 483608K->451807K(503296K), [Metaspace: 78740K->78740K(1118208K)], 0.4815054 secs] [Times: user=2.24 sys=0.01, real=0.48 secs] 
867.572: [Full GC (Ergonomics) [PSYoungGen: 134144K->102350K(153600K)] [ParOldGen: 349464K->349464K(349696K)] 483608K->451815K(503296K), [Metaspace: 78740K->78740K(1118208K)], 0.3701370 secs] [Times: user=2.12 sys=0.01, real=0.38 secs] 
867.951: [Full GC (Ergonomics) [PSYoungGen: 134144K->96566K(153600K)] [ParOldGen: 349464K->349464K(349696K)] 483608K->446031K(503296K), [Metaspace: 78740K->78740K(1118208K)], 0.4523547 secs] [Times: user=2.26 sys=0.01, real=0.46 secs] 
868.411: [Full GC (Ergonomics) [PSYoungGen: 134144K->97486K(153600K)] [ParOldGen: 349464K->349464K(349696K)] 483608K->446951K(503296K), [Metaspace: 78740K->78740K(1118208K)], 0.4599099 secs] [Times: user=2.27 sys=0.00, real=0.46 secs] 
868.878: [Full GC (Ergonomics) [PSYoungGen: 134144K->99449K(153600K)] [ParOldGen: 349464K->349464K(349696K)] 483608K->448914K(503296K), [Metaspace: 78740K->78740K(1118208K)], 0.4174832 secs] [Times: user=2.04 sys=0.01, real=0.42 secs] 
869.302: [Full GC (Ergonomics) [PSYoungGen: 134144K->101259K(153600K)] [ParOldGen: 349464K->349464K(349696K)] 483608K->450724K(503296K), [Metaspace: 78740K->78740K(1118208K)], 0.3896296 secs] [Times: user=2.20 sys=0.01, real=0.39 secs] 
869.700: [Full GC (Ergonomics) [PSYoungGen: 134144K->101945K(153600K)] [ParOldGen: 349464K->349464K(349696K)] 483608K->451410K(503296K), [Metaspace: 78740K->78740K(1118208K)], 0.3569253 secs] [Times: user=2.10 sys=0.01, real=0.36 secs] 
870.062: [Full GC (Ergonomics) [PSYoungGen: 134144K->100128K(153600K)] [ParOldGen: 349464K->349464K(349696K)] 483608K->449593K(503296K), [Metaspace: 78740K->78740K(1118208K)], 0.3414952 secs] [Times: user=2.04 sys=0.00, real=0.35 secs] 
870.408: [Full GC (Ergonomics) [PSYoungGen: 134144K->98239K(153600K)] [ParOldGen: 349464K->349464K(349696K)] 483608K->447703K(503296K), [Metaspace: 78742K->78742K(1118208K)], 0.3551266 secs] [Times: user=2.10 sys=0.01, real=0.36 secs] 
870.781: [Full GC (Ergonomics) [PSYoungGen: 134144K->96367K(153600K)] [ParOldGen: 349464K->349464K(349696K)] 483608K->445831K(503296K), [Metaspace: 78742K->78742K(1118208K)], 0.3578839 secs] [Times: user=2.00 sys=0.01, real=0.36 secs] 
871.146: [Full GC (Ergonomics) [PSYoungGen: 134144K->97789K(153600K)] [ParOldGen: 349464K->349464K(349696K)] 483608K->447254K(503296K), [Metaspace: 78742K->78742K(1118208K)], 0.5005124 secs] [Times: user=3.14 sys=0.00, real=0.50 secs] 
871.654: [Full GC (Ergonomics) [PSYoungGen: 134144K->100099K(153600K)] [ParOldGen: 349464K->349464K(349696K)] 483608K->449564K(503296K), [Metaspace: 78742K->78742K(1118208K)], 0.3388784 secs] [Times: user=2.01 sys=0.01, real=0.34 secs] 
872.000: [Full GC (Ergonomics) [PSYoungGen: 134144K->101820K(153600K)] [ParOldGen: 349464K->349464K(349696K)] 483608K->451285K(503296K), [Metaspace: 78742K->78742K(1118208K)], 0.3721138 secs] [Times: user=2.22 sys=0.00, real=0.37 secs] 
872.379: [Full GC (Ergonomics) [PSYoungGen: 134144K->102283K(153600K)] [ParOldGen: 349464K->349464K(349696K)] 483608K->451748K(503296K), [Metaspace: 78742K->78742K(1118208K)], 0.3882464 secs] [Times: user=2.40 sys=0.00, real=0.39 secs] 
872.774: [Full GC (Ergonomics) [PSYoungGen: 134144K->98901K(153600K)] [ParOldGen: 349464K->349463K(349696K)] 483608K->448364K(503296K), [Metaspace: 78742K->78742K(1118208K)], 0.8818505 secs] [Times: user=5.89 sys=0.03, real=0.88 secs] 
873.664: [Full GC (Ergonomics) [PSYoungGen: 134144K->100087K(153600K)] [ParOldGen: 349463K->349462K(349696K)] 483607K->449549K(503296K), [Metaspace: 78742K->78742K(1118208K)], 0.9199552 secs] [Times: user=5.82 sys=0.03, real=0.92 secs] 
874.590: [Full GC (Ergonomics) [PSYoungGen: 134144K->99427K(153600K)] [ParOldGen: 349462K->349462K(349696K)] 483606K->448889K(503296K), [Metaspace: 78742K->78742K(1118208K)], 0.3665692 secs] [Times: user=2.20 sys=0.01, real=0.37 secs] 
874.964: [Full GC (Ergonomics) [PSYoungGen: 134144K->100057K(153600K)] [ParOldGen: 349462K->349462K(349696K)] 483606K->449519K(503296K), [Metaspace: 78742K->78742K(1118208K)], 0.3929725 secs] [Times: user=2.40 sys=0.01, real=0.39 secs] 
875.364: [Full GC (Ergonomics) [PSYoungGen: 134144K->101726K(153600K)] [ParOldGen: 349462K->349462K(349696K)] 483606K->451189K(503296K), [Metaspace: 78742K->78742K(1118208K)], 0.3589635 secs] [Times: user=2.00 sys=0.00, real=0.35 secs] 
875.729: [Full GC (Ergonomics) [PSYoungGen: 134144K->100819K(153600K)] [ParOldGen: 349462K->349462K(349696K)] 483606K->450281K(503296K), [Metaspace: 78742K->78742K(1118208K)], 0.3605317 secs] [Times: user=2.03 sys=0.01, real=0.36 secs] 
876.096: [Full GC (Ergonomics) [PSYoungGen: 134144K->98550K(153600K)] [ParOldGen: 349462K->349462K(349696K)] 483606K->448012K(503296K), [Metaspace: 78742K->78742K(1118208K)], 0.3668978 secs] [Times: user=2.15 sys=0.00, real=0.36 secs] 
876.469: [Full GC (Ergonomics) [PSYoungGen: 134144K->97122K(153600K)] [ParOldGen: 349462K->349462K(349696K)] 483606K->446585K(503296K), [Metaspace: 78742K->78742K(1118208K)], 0.3643710 secs] [Times: user=1.99 sys=0.00, real=0.36 secs] 
876.839: [Full GC (Ergonomics) [PSYoungGen: 134144K->97956K(153600K)] [ParOldGen: 349462K->349462K(349696K)] 483606K->447419K(503296K), [Metaspace: 78742K->78742K(1118208K)], 0.3695964 secs] [Times: user=2.29 sys=0.01, real=0.37 secs] 
877.216: [Full GC (Ergonomics) [PSYoungGen: 134144K->100628K(153600K)] [ParOldGen: 349462K->349462K(349696K)] 483606K->450090K(503296K), [Metaspace: 78742K->78742K(1118208K)], 0.4189565 secs] [Times: user=2.58 sys=0.01, real=0.42 secs] 
877.644: [Full GC (Ergonomics) [PSYoungGen: 134144K->100391K(153600K)] [ParOldGen: 349462K->349462K(349696K)] 483606K->449854K(503296K), [Metaspace: 78742K->78742K(1118208K)], 0.3398323 secs] [Times: user=2.00 sys=0.00, real=0.34 secs] 
877.991: [Full GC (Ergonomics) [PSYoungGen: 134144K->98849K(153600K)] [ParOldGen: 349462K->349462K(349696K)] 483606K->448311K(503296K), [Metaspace: 78742K->78742K(1118208K)], 0.4037397 secs] [Times: user=2.43 sys=0.01, real=0.41 secs] 
878.401: [Full GC (Ergonomics) [PSYoungGen: 134144K->100147K(153600K)] [ParOldGen: 349462K->349462K(349696K)] 483606K->449609K(503296K), [Metaspace: 78742K->78742K(1118208K)], 0.3493838 secs] [Times: user=2.06 sys=0.00, real=0.35 secs] 
878.757: [Full GC (Ergonomics) [PSYoungGen: 134144K->98397K(153600K)] [ParOldGen: 349462K->349462K(349696K)] 483606K->447860K(503296K), [Metaspace: 78742K->78742K(1118208K)], 0.3891180 secs] [Times: user=2.26 sys=0.01, real=0.39 secs] 
879.154: [Full GC (Ergonomics) [PSYoungGen: 134144K->100148K(153600K)] [ParOldGen: 349462K->349462K(349696K)] 483606K->449611K(503296K), [Metaspace: 78742K->78742K(1118208K)], 0.4767400 secs] [Times: user=2.93 sys=0.01, real=0.48 secs] 
879.639: [Full GC (Ergonomics) [PSYoungGen: 134144K->100130K(153600K)] [ParOldGen: 349462K->349462K(349696K)] 483606K->449593K(503296K), [Metaspace: 78742K->78742K(1118208K)], 0.3512322 secs] [Times: user=2.01 sys=0.00, real=0.35 secs] 
879.997: [Full GC (Ergonomics) [PSYoungGen: 134144K->100359K(153600K)] [ParOldGen: 349462K->349462K(349696K)] 483606K->449821K(503296K), [Metaspace: 78742K->78742K(1118208K)], 0.3944951 secs] [Times: user=2.44 sys=0.00, real=0.39 secs] 
880.398: [Full GC (Ergonomics) [PSYoungGen: 134144K->101214K(153600K)] [ParOldGen: 349462K->349462K(349696K)] 483606K->450676K(503296K), [Metaspace: 78742K->78742K(1118208K)], 0.4287630 secs] [Times: user=2.36 sys=0.01, real=0.43 secs] 
880.834: [Full GC (Ergonomics) [PSYoungGen: 134144K->100058K(153600K)] [ParOldGen: 349462K->349462K(349696K)] 483606K->449521K(503296K), [Metaspace: 78742K->78742K(1118208K)], 0.4450334 secs] [Times: user=2.13 sys=0.00, real=0.45 secs] 
881.295: [Full GC (Ergonomics) [PSYoungGen: 134144K->98944K(153600K)] [ParOldGen: 349462K->349462K(349696K)] 483606K->448407K(503296K), [Metaspace: 78742K->78742K(1118208K)], 0.6311234 secs] [Times: user=2.88 sys=0.02, real=0.63 secs] 
881.936: [Full GC (Ergonomics) [PSYoungGen: 134144K->101120K(153600K)] [ParOldGen: 349462K->349462K(349696K)] 483606K->450582K(503296K), [Metaspace: 78742K->78742K(1118208K)], 0.4331364 secs] [Times: user=2.41 sys=0.01, real=0.43 secs] 
882.376: [Full GC (Ergonomics) [PSYoungGen: 134144K->100185K(153600K)] [ParOldGen: 349462K->349462K(349696K)] 483606K->449647K(503296K), [Metaspace: 78742K->78742K(1118208K)], 0.3893872 secs] [Times: user=2.06 sys=0.00, real=0.39 secs] 
882.772: [Full GC (Ergonomics) [PSYoungGen: 134144K->99806K(153600K)] [ParOldGen: 349462K->349462K(349696K)] 483606K->449268K(503296K), [Metaspace: 78742K->78742K(1118208K)], 0.4195712 secs] [Times: user=2.22 sys=0.01, real=0.42 secs] 
883.198: [Full GC (Ergonomics) [PSYoungGen: 134144K->100144K(153600K)] [ParOldGen: 349462K->349462K(349696K)] 483606K->449607K(503296K), [Metaspace: 78742K->78742K(1118208K)], 0.3874177 secs] [Times: user=2.11 sys=0.00, real=0.39 secs] 
883.592: [Full GC (Ergonomics) [PSYoungGen: 134144K->98366K(153600K)] [ParOldGen: 349462K->349459K(349696K)] 483606K->447826K(503296K), [Metaspace: 78742K->78729K(1118208K)], 0.9380845 secs] [Times: user=5.38 sys=0.03, real=0.94 secs] 
884.537: [Full GC (Ergonomics) [PSYoungGen: 134144K->99811K(153600K)] [ParOldGen: 349459K->349459K(349696K)] 483603K->449271K(503296K), [Metaspace: 78729K->78729K(1118208K)], 0.3753006 secs] [Times: user=2.29 sys=0.01, real=0.37 secs] 
884.921: [Full GC (Ergonomics) [PSYoungGen: 134144K->100798K(153600K)] [ParOldGen: 349459K->349459K(349696K)] 483603K->450258K(503296K), [Metaspace: 78729K->78729K(1118208K)], 0.6968233 secs] [Times: user=4.53 sys=0.02, real=0.70 secs] 
885.624: [Full GC (Ergonomics) [PSYoungGen: 134144K->99997K(153600K)] [ParOldGen: 349459K->349452K(349696K)] 483603K->449449K(503296K), [Metaspace: 78729K->78660K(1118208K)], 0.8992189 secs] [Times: user=5.78 sys=0.03, real=0.90 secs] 
886.531: [Full GC (Ergonomics) [PSYoungGen: 134144K->102488K(153600K)] [ParOldGen: 349452K->349452K(349696K)] 483596K->451941K(503296K), [Metaspace: 78660K->78660K(1118208K)], 0.3737299 secs] [Times: user=2.24 sys=0.01, real=0.37 secs] 
886.914: [Full GC (Ergonomics) [PSYoungGen: 134144K->99403K(153600K)] [ParOldGen: 349452K->349445K(349696K)] 483596K->448849K(503296K), [Metaspace: 78660K->78640K(1118208K)], 0.9882372 secs] [Times: user=5.40 sys=0.04, real=0.99 secs] 
887.910: [Full GC (Ergonomics) [PSYoungGen: 134144K->99436K(153600K)] [ParOldGen: 349445K->349445K(349696K)] 483589K->448882K(503296K), [Metaspace: 78640K->78640K(1118208K)], 0.5631385 secs] [Times: user=2.20 sys=0.01, real=0.56 secs] 
888.481: [Full GC (Ergonomics) [PSYoungGen: 134144K->99712K(153600K)] [ParOldGen: 349445K->349445K(349696K)] 483589K->449158K(503296K), [Metaspace: 78640K->78640K(1118208K)], 0.4973835 secs] [Times: user=2.63 sys=0.00, real=0.50 secs] 
888.986: [Full GC (Ergonomics) [PSYoungGen: 134144K->101105K(153600K)] [ParOldGen: 349445K->349445K(349696K)] 483589K->450551K(503296K), [Metaspace: 78640K->78640K(1118208K)], 0.3469859 secs] [Times: user=2.05 sys=0.00, real=0.34 secs] 
889.340: [Full GC (Ergonomics) [PSYoungGen: 134144K->100135K(153600K)] [ParOldGen: 349445K->349445K(349696K)] 483589K->449581K(503296K), [Metaspace: 78640K->78640K(1118208K)], 0.3516721 secs] [Times: user=2.04 sys=0.01, real=0.35 secs] 
889.698: [Full GC (Ergonomics) [PSYoungGen: 134144K->101433K(153600K)] [ParOldGen: 349445K->349445K(349696K)] 483589K->450878K(503296K), [Metaspace: 78640K->78640K(1118208K)], 0.3953295 secs] [Times: user=2.32 sys=0.01, real=0.39 secs] 
890.100: [Full GC (Ergonomics) [PSYoungGen: 134144K->97698K(153600K)] [ParOldGen: 349445K->349445K(349696K)] 483589K->447143K(503296K), [Metaspace: 78640K->78640K(1118208K)], 0.3935806 secs] [Times: user=2.24 sys=0.01, real=0.39 secs] 
890.501: [Full GC (Ergonomics) [PSYoungGen: 134144K->98674K(153600K)] [ParOldGen: 349445K->349445K(349696K)] 483589K->448120K(503296K), [Metaspace: 78640K->78640K(1118208K)], 0.3813389 secs] [Times: user=2.27 sys=0.00, real=0.38 secs] 
890.889: [Full GC (Ergonomics) [PSYoungGen: 134144K->99949K(153600K)] [ParOldGen: 349445K->349445K(349696K)] 483589K->449394K(503296K), [Metaspace: 78640K->78640K(1118208K)], 0.3750002 secs] [Times: user=2.04 sys=0.01, real=0.37 secs] 
891.271: [Full GC (Ergonomics) [PSYoungGen: 134144K->101156K(153600K)] [ParOldGen: 349445K->349445K(349696K)] 483589K->450601K(503296K), [Metaspace: 78640K->78640K(1118208K)], 0.3656594 secs] [Times: user=2.03 sys=0.00, real=0.37 secs] 
891.645: [Full GC (Ergonomics) [PSYoungGen: 134144K->102107K(153600K)] [ParOldGen: 349445K->349445K(349696K)] 483589K->451552K(503296K), [Metaspace: 78640K->78640K(1118208K)], 0.4150715 secs] [Times: user=2.18 sys=0.01, real=0.42 secs] 
892.067: [Full GC (Ergonomics) [PSYoungGen: 134144K->98334K(153600K)] [ParOldGen: 349445K->349445K(349696K)] 483589K->447780K(503296K), [Metaspace: 78640K->78640K(1118208K)], 0.3553964 secs] [Times: user=2.01 sys=0.01, real=0.35 secs] 
892.432: [Full GC (Ergonomics) [PSYoungGen: 134144K->97470K(153600K)] [ParOldGen: 349445K->349445K(349696K)] 483589K->446916K(503296K), [Metaspace: 78640K->78640K(1118208K)], 0.4777680 secs] [Times: user=2.73 sys=0.01, real=0.48 secs] 
892.917: [Full GC (Ergonomics) [PSYoungGen: 134144K->98705K(153600K)] [ParOldGen: 349445K->349445K(349696K)] 483589K->448151K(503296K), [Metaspace: 78640K->78640K(1118208K)], 0.3790764 secs] [Times: user=2.10 sys=0.01, real=0.37 secs] 
893.305: [Full GC (Ergonomics) [PSYoungGen: 134144K->100608K(153600K)] [ParOldGen: 349445K->349445K(349696K)] 483589K->450054K(503296K), [Metaspace: 78640K->78640K(1118208K)], 0.4079298 secs] [Times: user=2.38 sys=0.01, real=0.41 secs] 
893.719: [Full GC (Ergonomics) [PSYoungGen: 134144K->97371K(153600K)] [ParOldGen: 349445K->349445K(349696K)] 483589K->446817K(503296K), [Metaspace: 78640K->78640K(1118208K)], 0.3862106 secs] [Times: user=2.06 sys=0.01, real=0.38 secs] 
894.117: [Full GC (Ergonomics) [PSYoungGen: 134144K->99219K(153600K)] [ParOldGen: 349445K->349445K(349696K)] 483589K->448664K(503296K), [Metaspace: 78640K->78640K(1118208K)], 0.4340485 secs] [Times: user=2.26 sys=0.01, real=0.44 secs] 
894.561: [Full GC (Ergonomics) [PSYoungGen: 134144K->98471K(153600K)] [ParOldGen: 349445K->349445K(349696K)] 483589K->447916K(503296K), [Metaspace: 78640K->78640K(1118208K)], 0.3785967 secs] [Times: user=2.04 sys=0.01, real=0.38 secs] 
894.948: [Full GC (Ergonomics) [PSYoungGen: 134144K->101917K(153600K)] [ParOldGen: 349445K->349445K(349696K)] 483589K->451362K(503296K), [Metaspace: 78640K->78640K(1118208K)], 0.4304924 secs] [Times: user=2.41 sys=0.01, real=0.43 secs] 
895.386: [Full GC (Ergonomics) [PSYoungGen: 134144K->103099K(153600K)] [ParOldGen: 349445K->349445K(349696K)] 483589K->452544K(503296K), [Metaspace: 78640K->78640K(1118208K)], 0.3733104 secs] [Times: user=2.09 sys=0.01, real=0.38 secs] 
895.768: [Full GC (Ergonomics) [PSYoungGen: 134144K->99770K(153600K)] [ParOldGen: 349445K->349445K(349696K)] 483589K->449215K(503296K), [Metaspace: 78640K->78640K(1118208K)], 0.5551265 secs] [Times: user=2.73 sys=0.02, real=0.55 secs] 
896.332: [Full GC (Ergonomics) [PSYoungGen: 134144K->101159K(153600K)] [ParOldGen: 349445K->349444K(349696K)] 483589K->450603K(503296K), [Metaspace: 78640K->78640K(1118208K)], 0.4572455 secs] [Times: user=2.39 sys=0.01, real=0.46 secs] 
896.798: [Full GC (Ergonomics) [PSYoungGen: 134144K->100976K(153600K)] [ParOldGen: 349444K->349444K(349696K)] 483588K->450421K(503296K), [Metaspace: 78640K->78640K(1118208K)], 0.4489637 secs] [Times: user=2.25 sys=0.01, real=0.45 secs] 
897.261: [Full GC (Ergonomics) [PSYoungGen: 134144K->97680K(153600K)] [ParOldGen: 349444K->349444K(349696K)] 483588K->447125K(503296K), [Metaspace: 78640K->78640K(1118208K)], 0.4579069 secs] [Times: user=2.07 sys=0.01, real=0.46 secs] 
897.727: [Full GC (Ergonomics) [PSYoungGen: 134144K->97839K(153600K)] [ParOldGen: 349444K->349444K(349696K)] 483588K->447284K(503296K), [Metaspace: 78640K->78640K(1118208K)], 0.8074945 secs] [Times: user=4.88 sys=0.02, real=0.80 secs] 
898.542: [Full GC (Ergonomics) [PSYoungGen: 134144K->99678K(153600K)] [ParOldGen: 349444K->349444K(349696K)] 483588K->449123K(503296K), [Metaspace: 78640K->78640K(1118208K)], 0.3387528 secs] [Times: user=2.02 sys=0.01, real=0.34 secs] 
898.889: [Full GC (Ergonomics) [PSYoungGen: 134144K->100048K(153600K)] [ParOldGen: 349444K->349444K(349696K)] 483588K->449493K(503296K), [Metaspace: 78640K->78640K(1118208K)], 0.3647349 secs] [Times: user=2.13 sys=0.01, real=0.36 secs] 
899.260: [Full GC (Ergonomics) [PSYoungGen: 134144K->99097K(153600K)] [ParOldGen: 349444K->349444K(349696K)] 483588K->448542K(503296K), [Metaspace: 78640K->78640K(1118208K)], 0.3443348 secs] [Times: user=2.02 sys=0.00, real=0.34 secs] 
899.612: [Full GC (Ergonomics) [PSYoungGen: 134144K->98083K(153600K)] [ParOldGen: 349444K->349444K(349696K)] 483588K->447527K(503296K), [Metaspace: 78640K->78640K(1118208K)], 0.4513354 secs] [Times: user=2.69 sys=0.02, real=0.45 secs] 
900.070: [Full GC (Ergonomics) [PSYoungGen: 134144K->96881K(153600K)] [ParOldGen: 349444K->349444K(349696K)] 483588K->446326K(503296K), [Metaspace: 78640K->78640K(1118208K)], 0.3733641 secs] [Times: user=2.08 sys=0.01, real=0.37 secs] 
900.452: [Full GC (Ergonomics) [PSYoungGen: 134144K->93113K(153600K)] [ParOldGen: 349444K->349444K(349696K)] 483588K->442558K(503296K), [Metaspace: 78640K->78640K(1118208K)], 0.3690927 secs] [Times: user=2.18 sys=0.01, real=0.37 secs] 
900.832: [Full GC (Ergonomics) [PSYoungGen: 134144K->98469K(153600K)] [ParOldGen: 349444K->349444K(349696K)] 483588K->447914K(503296K), [Metaspace: 78640K->78640K(1118208K)], 0.3888426 secs] [Times: user=2.33 sys=0.00, real=0.39 secs] 
901.233: [Full GC (Ergonomics) [PSYoungGen: 134144K->97917K(153600K)] [ParOldGen: 349444K->349444K(349696K)] 483588K->447362K(503296K), [Metaspace: 78640K->78640K(1118208K)], 0.4123753 secs] [Times: user=2.22 sys=0.00, real=0.41 secs] 
901.660: [Full GC (Ergonomics) [PSYoungGen: 134144K->96457K(153600K)] [ParOldGen: 349444K->349444K(349696K)] 483588K->445902K(503296K), [Metaspace: 78640K->78640K(1118208K)], 0.4718075 secs] [Times: user=2.57 sys=0.01, real=0.47 secs] 
902.144: [Full GC (Ergonomics) [PSYoungGen: 134144K->99373K(153600K)] [ParOldGen: 349444K->349444K(349696K)] 483588K->448818K(503296K), [Metaspace: 78640K->78640K(1118208K)], 0.3737739 secs] [Times: user=2.15 sys=0.00, real=0.38 secs] 
902.529: [Full GC (Ergonomics) [PSYoungGen: 134144K->93796K(153600K)] [ParOldGen: 349444K->349444K(349696K)] 483588K->443241K(503296K), [Metaspace: 78640K->78640K(1118208K)], 0.4150624 secs] [Times: user=2.39 sys=0.01, real=0.41 secs] 
902.957: [Full GC (Ergonomics) [PSYoungGen: 134144K->93015K(153600K)] [ParOldGen: 349444K->349444K(349696K)] 483588K->442460K(503296K), [Metaspace: 78640K->78640K(1118208K)], 0.4025838 secs] [Times: user=2.22 sys=0.01, real=0.41 secs] 
903.378: [Full GC (Ergonomics) [PSYoungGen: 134144K->93439K(153600K)] [ParOldGen: 349444K->349444K(349696K)] 483588K->442883K(503296K), [Metaspace: 78640K->78640K(1118208K)], 0.5488977 secs] [Times: user=2.90 sys=0.01, real=0.54 secs] 
903.938: [Full GC (Ergonomics) [PSYoungGen: 134144K->92069K(153600K)] [ParOldGen: 349444K->349444K(349696K)] 483588K->441514K(503296K), [Metaspace: 78640K->78640K(1118208K)], 0.4339527 secs] [Times: user=2.50 sys=0.01, real=0.43 secs] 
904.387: [Full GC (Ergonomics) [PSYoungGen: 134144K->94151K(153600K)] [ParOldGen: 349444K->349444K(349696K)] 483588K->443596K(503296K), [Metaspace: 78640K->78640K(1118208K)], 0.4146970 secs] [Times: user=2.45 sys=0.00, real=0.42 secs] 
904.820: [Full GC (Ergonomics) [PSYoungGen: 134144K->94418K(153600K)] [ParOldGen: 349444K->349444K(349696K)] 483588K->443862K(503296K), [Metaspace: 78644K->78644K(1118208K)], 0.8602999 secs] [Times: user=5.65 sys=0.03, real=0.86 secs] 
905.704: [Full GC (Ergonomics) [PSYoungGen: 134144K->92573K(153600K)] [ParOldGen: 349444K->349443K(349696K)] 483588K->442017K(503296K), [Metaspace: 78657K->78657K(1118208K)], 0.8550936 secs] [Times: user=5.42 sys=0.04, real=0.86 secs] 
906.581: [Full GC (Ergonomics) [PSYoungGen: 134144K->95270K(153600K)] [ParOldGen: 349443K->349443K(349696K)] 483587K->444714K(503296K), [Metaspace: 78657K->78657K(1118208K)], 0.9750692 secs] [Times: user=4.83 sys=0.03, real=0.97 secs] 
907.574: [Full GC (Ergonomics) [PSYoungGen: 134144K->89967K(153600K)] [ParOldGen: 349443K->349443K(349696K)] 483587K->439410K(503296K), [Metaspace: 78657K->78657K(1118208K)], 0.7044029 secs] [Times: user=3.24 sys=0.02, real=0.70 secs] 
908.309: [Full GC (Ergonomics) [PSYoungGen: 134144K->93781K(153600K)] [ParOldGen: 349443K->349443K(349696K)] 483587K->443224K(503296K), [Metaspace: 78657K->78657K(1118208K)], 0.5989870 secs] [Times: user=2.71 sys=0.02, real=0.59 secs] 
908.935: [Full GC (Ergonomics) [PSYoungGen: 134144K->88550K(153600K)] [ParOldGen: 349443K->349443K(349696K)] 483587K->437994K(503296K), [Metaspace: 78657K->78657K(1118208K)], 0.6367816 secs] [Times: user=3.11 sys=0.01, real=0.64 secs] 
909.594: [Full GC (Ergonomics) [PSYoungGen: 134144K->96529K(153600K)] [ParOldGen: 349443K->349443K(349696K)] 483587K->445972K(503296K), [Metaspace: 78657K->78657K(1118208K)], 0.4491023 secs] [Times: user=2.21 sys=0.01, real=0.45 secs] 
910.064: [Full GC (Ergonomics) [PSYoungGen: 134144K->88796K(153600K)] [ParOldGen: 349443K->349443K(349696K)] 483587K->438239K(503296K), [Metaspace: 78659K->78659K(1118208K)], 0.4545664 secs] [Times: user=2.55 sys=0.01, real=0.46 secs] 
910.538: [Full GC (Ergonomics) [PSYoungGen: 134144K->95263K(153600K)] [ParOldGen: 349443K->349443K(349696K)] 483587K->444707K(503296K), [Metaspace: 78659K->78659K(1118208K)], 0.5145800 secs] [Times: user=3.08 sys=0.02, real=0.52 secs] 
911.069: [Full GC (Ergonomics) [PSYoungGen: 134144K->89244K(153600K)] [ParOldGen: 349443K->349443K(349696K)] 483587K->438688K(503296K), [Metaspace: 78659K->78659K(1118208K)], 0.4736354 secs] [Times: user=2.83 sys=0.01, real=0.47 secs] 
911.560: [Full GC (Ergonomics) [PSYoungGen: 134144K->93926K(153600K)] [ParOldGen: 349443K->349443K(349696K)] 483587K->443370K(503296K), [Metaspace: 78659K->78659K(1118208K)], 0.4417016 secs] [Times: user=2.54 sys=0.00, real=0.44 secs] 
912.019: [Full GC (Ergonomics) [PSYoungGen: 134144K->93048K(153600K)] [ParOldGen: 349443K->349443K(349696K)] 483587K->442491K(503296K), [Metaspace: 78659K->78659K(1118208K)], 0.4201341 secs] [Times: user=2.51 sys=0.01, real=0.42 secs] 
912.459: [Full GC (Ergonomics) [PSYoungGen: 134144K->93475K(153600K)] [ParOldGen: 349443K->349443K(349696K)] 483587K->442919K(503296K), [Metaspace: 78659K->78659K(1118208K)], 0.4849489 secs] [Times: user=2.54 sys=0.02, real=0.49 secs] 
912.972: [Full GC (Ergonomics) [PSYoungGen: 134144K->93847K(153600K)] [ParOldGen: 349443K->349443K(349696K)] 483587K->443290K(503296K), [Metaspace: 78659K->78659K(1118208K)], 0.4482755 secs] [Times: user=2.64 sys=0.02, real=0.45 secs] 
913.440: [Full GC (Ergonomics) [PSYoungGen: 134144K->89155K(153600K)] [ParOldGen: 349443K->349443K(349696K)] 483587K->438598K(503296K), [Metaspace: 78659K->78659K(1118208K)], 0.3775684 secs] [Times: user=2.11 sys=0.01, real=0.38 secs] 
913.834: [Full GC (Ergonomics) [PSYoungGen: 134144K->93164K(153600K)] [ParOldGen: 349443K->349443K(349696K)] 483587K->442607K(503296K), [Metaspace: 78659K->78659K(1118208K)], 0.5288037 secs] [Times: user=3.17 sys=0.02, real=0.53 secs] 
914.380: [Full GC (Ergonomics) [PSYoungGen: 134144K->87535K(153600K)] [ParOldGen: 349443K->349443K(349696K)] 483587K->436978K(503296K), [Metaspace: 78659K->78659K(1118208K)], 0.6247228 secs] [Times: user=3.03 sys=0.01, real=0.62 secs] 
915.028: [Full GC (Ergonomics) [PSYoungGen: 134144K->83951K(153600K)] [ParOldGen: 349443K->349443K(349696K)] 483587K->433394K(503296K), [Metaspace: 78659K->78659K(1118208K)], 0.7526435 secs] [Times: user=3.26 sys=0.15, real=0.76 secs] 
915.834: [Full GC (Ergonomics) [PSYoungGen: 134144K->82565K(153600K)] [ParOldGen: 349443K->349443K(349696K)] 483587K->432008K(503296K), [Metaspace: 78659K->78659K(1118208K)], 0.7979787 secs] [Times: user=3.51 sys=0.15, real=0.80 secs] 
916.659: [Full GC (Ergonomics) [PSYoungGen: 134144K->82437K(153600K)] [ParOldGen: 349443K->349443K(349696K)] 483587K->431880K(503296K), [Metaspace: 78659K->78659K(1118208K)], 0.6105910 secs] [Times: user=3.56 sys=0.14, real=0.62 secs] 
917.294: [Full GC (Ergonomics) [PSYoungGen: 134144K->82895K(153600K)] [ParOldGen: 349443K->349443K(349696K)] 483587K->432338K(503296K), [Metaspace: 78659K->78659K(1118208K)], 0.5981636 secs] [Times: user=3.45 sys=0.12, real=0.60 secs] 
917.943: [Full GC (Ergonomics) [PSYoungGen: 134144K->82684K(153600K)] [ParOldGen: 349443K->349442K(349696K)] 483587K->432127K(503296K), [Metaspace: 78659K->78659K(1118208K)], 0.5454983 secs] [Times: user=3.27 sys=0.15, real=0.54 secs] 
918.552: [Full GC (Ergonomics) [PSYoungGen: 134144K->86846K(153600K)] [ParOldGen: 349442K->349442K(349696K)] 483586K->436288K(503296K), [Metaspace: 78681K->78681K(1118208K)], 0.8662264 secs] [Times: user=5.45 sys=0.25, real=0.86 secs] 
919.438: [Full GC (Ergonomics) [PSYoungGen: 134144K->99677K(153600K)] [ParOldGen: 349442K->349442K(349696K)] 483586K->449120K(503296K), [Metaspace: 78693K->78685K(1118208K)], 0.4503877 secs] [Times: user=2.38 sys=0.13, real=0.45 secs] 
919.900: [Full GC (Ergonomics) [PSYoungGen: 134144K->94581K(153600K)] [ParOldGen: 349442K->349442K(349696K)] 483586K->444024K(503296K), [Metaspace: 78685K->78685K(1118208K)], 0.3965294 secs] [Times: user=2.10 sys=0.11, real=0.40 secs] 
920.319: [Full GC (Ergonomics) [PSYoungGen: 134144K->91027K(153600K)] [ParOldGen: 349442K->349442K(349696K)] 483586K->440470K(503296K), [Metaspace: 78685K->78685K(1118208K)], 0.4809155 secs] [Times: user=2.65 sys=0.11, real=0.48 secs] 
920.820: [Full GC (Ergonomics) [PSYoungGen: 134144K->95242K(153600K)] [ParOldGen: 349442K->349442K(349696K)] 483586K->444685K(503296K), [Metaspace: 78689K->78689K(1118208K)], 0.4369313 secs] [Times: user=2.28 sys=0.11, real=0.44 secs] 
921.287: [Full GC (Ergonomics) [PSYoungGen: 134144K->91092K(153600K)] [ParOldGen: 349442K->349442K(349696K)] 483586K->440534K(503296K), [Metaspace: 78689K->78689K(1118208K)], 0.6550190 secs] [Times: user=2.80 sys=0.12, real=0.66 secs] 
921.963: [Full GC (Ergonomics) [PSYoungGen: 134144K->98265K(153600K)] [ParOldGen: 349442K->349442K(349696K)] 483586K->447708K(503296K), [Metaspace: 78689K->78689K(1118208K)], 0.6115633 secs] [Times: user=3.15 sys=0.14, real=0.61 secs] 
922.586: [Full GC (Ergonomics) [PSYoungGen: 134144K->98174K(153600K)] [ParOldGen: 349442K->349442K(349696K)] 483586K->447616K(503296K), [Metaspace: 78689K->78689K(1118208K)], 0.5320895 secs] [Times: user=2.58 sys=0.12, real=0.53 secs] 
923.135: [Full GC (Ergonomics) [PSYoungGen: 134144K->89092K(153600K)] [ParOldGen: 349442K->349442K(349696K)] 483586K->438534K(503296K), [Metaspace: 78689K->78689K(1118208K)], 0.5420752 secs] [Times: user=2.54 sys=0.13, real=0.54 secs] 
923.695: [Full GC (Ergonomics) [PSYoungGen: 134144K->97859K(153600K)] [ParOldGen: 349442K->349442K(349696K)] 483586K->447302K(503296K), [Metaspace: 78689K->78689K(1118208K)], 0.6104722 secs] [Times: user=2.86 sys=0.15, real=0.61 secs] 
924.321: [Full GC (Ergonomics) [PSYoungGen: 134144K->93295K(153600K)] [ParOldGen: 349442K->349442K(349696K)] 483586K->442738K(503296K), [Metaspace: 78689K->78689K(1118208K)], 0.4896082 secs] [Times: user=2.61 sys=0.09, real=0.49 secs] 
924.827: [Full GC (Ergonomics) [PSYoungGen: 134144K->94616K(153600K)] [ParOldGen: 349442K->349442K(349696K)] 483586K->444058K(503296K), [Metaspace: 78689K->78689K(1118208K)], 0.5963024 secs] [Times: user=2.63 sys=0.10, real=0.60 secs] 
925.442: [Full GC (Ergonomics) [PSYoungGen: 134144K->99368K(153600K)] [ParOldGen: 349442K->349442K(349696K)] 483586K->448810K(503296K), [Metaspace: 78689K->78689K(1118208K)], 0.4809722 secs] [Times: user=2.28 sys=0.12, real=0.48 secs] 
925.940: [Full GC (Ergonomics) [PSYoungGen: 134144K->92140K(153600K)] [ParOldGen: 349442K->349442K(349696K)] 483586K->441582K(503296K), [Metaspace: 78689K->78689K(1118208K)], 0.4371734 secs] [Times: user=2.44 sys=0.11, real=0.44 secs] 
926.406: [Full GC (Ergonomics) [PSYoungGen: 134144K->96275K(153600K)] [ParOldGen: 349442K->349442K(349696K)] 483586K->445717K(503296K), [Metaspace: 78689K->78689K(1118208K)], 0.4623813 secs] [Times: user=2.58 sys=0.11, real=0.46 secs] 
926.886: [Full GC (Ergonomics) [PSYoungGen: 134144K->93420K(153600K)] [ParOldGen: 349442K->349442K(349696K)] 483586K->442862K(503296K), [Metaspace: 78689K->78689K(1118208K)], 0.4985184 secs] [Times: user=2.77 sys=0.16, real=0.50 secs] 
927.412: [Full GC (Ergonomics) [PSYoungGen: 134144K->94469K(153600K)] [ParOldGen: 349442K->349442K(349696K)] 483586K->443911K(503296K), [Metaspace: 78689K->78689K(1118208K)], 0.4660072 secs] [Times: user=2.63 sys=0.12, real=0.46 secs] 
927.899: [Full GC (Ergonomics) [PSYoungGen: 134132K->97770K(153600K)] [ParOldGen: 349442K->349442K(349696K)] 483575K->447212K(503296K), [Metaspace: 78689K->78689K(1118208K)], 0.4192513 secs] [Times: user=2.30 sys=0.09, real=0.42 secs] 
928.332: [Full GC (Ergonomics) [PSYoungGen: 134144K->89664K(153600K)] [ParOldGen: 349442K->349442K(349696K)] 483586K->439106K(503296K), [Metaspace: 78689K->78689K(1118208K)], 0.4424541 secs] [Times: user=2.67 sys=0.10, real=0.44 secs] 
928.798: [Full GC (Ergonomics) [PSYoungGen: 134144K->92858K(153600K)] [ParOldGen: 349442K->349442K(349696K)] 483586K->442301K(503296K), [Metaspace: 78689K->78689K(1118208K)], 0.4245097 secs] [Times: user=2.41 sys=0.10, real=0.43 secs] 
929.243: [Full GC (Ergonomics) [PSYoungGen: 134144K->93127K(153600K)] [ParOldGen: 349442K->349442K(349696K)] 483586K->442570K(503296K), [Metaspace: 78689K->78689K(1118208K)], 0.4717370 secs] [Times: user=2.62 sys=0.12, real=0.47 secs] 
929.737: [Full GC (Ergonomics) [PSYoungGen: 134144K->97336K(153600K)] [ParOldGen: 349442K->349442K(349696K)] 483586K->446778K(503296K), [Metaspace: 78689K->78689K(1118208K)], 0.5107367 secs] [Times: user=2.72 sys=0.15, real=0.51 secs] 
930.265: [Full GC (Ergonomics) [PSYoungGen: 134144K->94108K(153600K)] [ParOldGen: 349442K->349442K(349696K)] 483586K->443550K(503296K), [Metaspace: 78689K->78689K(1118208K)], 0.4221659 secs] [Times: user=2.37 sys=0.13, real=0.42 secs] 
930.705: [Full GC (Ergonomics) [PSYoungGen: 134144K->93728K(153600K)] [ParOldGen: 349442K->349442K(349696K)] 483586K->443170K(503296K), [Metaspace: 78689K->78689K(1118208K)], 0.4882614 secs] [Times: user=2.51 sys=0.08, real=0.49 secs] 
931.213: [Full GC (Ergonomics) [PSYoungGen: 134144K->98606K(153600K)] [ParOldGen: 349442K->349441K(349696K)] 483586K->448048K(503296K), [Metaspace: 78689K->78689K(1118208K)], 0.6246502 secs] [Times: user=3.54 sys=0.19, real=0.62 secs] 
931.852: [Full GC (Ergonomics) [PSYoungGen: 134144K->89512K(153600K)] [ParOldGen: 349441K->349441K(349696K)] 483585K->438954K(503296K), [Metaspace: 78689K->78689K(1118208K)], 0.4630096 secs] [Times: user=2.22 sys=0.06, real=0.47 secs] 
932.337: [Full GC (Ergonomics) [PSYoungGen: 134144K->97417K(153600K)] [ParOldGen: 349441K->349441K(349696K)] 483585K->446859K(503296K), [Metaspace: 78689K->78689K(1118208K)], 0.5450751 secs] [Times: user=2.74 sys=0.11, real=0.54 secs] 
932.899: [Full GC (Ergonomics) [PSYoungGen: 134144K->99304K(153600K)] [ParOldGen: 349441K->349441K(349696K)] 483585K->448746K(503296K), [Metaspace: 78689K->78689K(1118208K)], 0.5230097 secs] [Times: user=2.46 sys=0.08, real=0.52 secs] 
933.434: [Full GC (Ergonomics) [PSYoungGen: 134144K->90412K(153600K)] [ParOldGen: 349441K->349441K(349696K)] 483585K->439854K(503296K), [Metaspace: 78689K->78689K(1118208K)], 0.4862744 secs] [Times: user=2.65 sys=0.11, real=0.48 secs] 
933.938: [Full GC (Ergonomics) [PSYoungGen: 134144K->93976K(153600K)] [ParOldGen: 349441K->349441K(349696K)] 483585K->443417K(503296K), [Metaspace: 78689K->78689K(1118208K)], 0.5163421 secs] [Times: user=2.80 sys=0.13, real=0.52 secs] 
934.471: [Full GC (Ergonomics) [PSYoungGen: 134144K->102310K(153600K)] [ParOldGen: 349441K->349441K(349696K)] 483585K->451751K(503296K), [Metaspace: 78689K->78689K(1118208K)], 0.4578075 secs] [Times: user=2.35 sys=0.10, real=0.46 secs] 
934.938: [Full GC (Ergonomics) [PSYoungGen: 134144K->92992K(153600K)] [ParOldGen: 349441K->349441K(349696K)] 483585K->442433K(503296K), [Metaspace: 78689K->78689K(1118208K)], 0.6037747 secs] [Times: user=2.36 sys=0.11, real=0.60 secs] 
935.567: [Full GC (Ergonomics) [PSYoungGen: 134130K->94022K(153600K)] [ParOldGen: 349441K->349441K(349696K)] 483571K->443464K(503296K), [Metaspace: 78689K->78689K(1118208K)], 0.5832483 secs] [Times: user=2.63 sys=0.06, real=0.58 secs] 
936.170: [Full GC (Ergonomics) [PSYoungGen: 134144K->94176K(153600K)] [ParOldGen: 349441K->349441K(349696K)] 483585K->443618K(503296K), [Metaspace: 78689K->78689K(1118208K)], 0.4474462 secs] [Times: user=2.53 sys=0.09, real=0.45 secs] 
936.634: [Full GC (Ergonomics) [PSYoungGen: 134144K->92938K(153600K)] [ParOldGen: 349441K->349441K(349696K)] 483585K->442379K(503296K), [Metaspace: 78689K->78689K(1118208K)], 0.4536770 secs] [Times: user=2.45 sys=0.09, real=0.45 secs] 
937.103: [Full GC (Ergonomics) [PSYoungGen: 134123K->93799K(153600K)] [ParOldGen: 349441K->349441K(349696K)] 483565K->443241K(503296K), [Metaspace: 78689K->78689K(1118208K)], 0.7239322 secs] [Times: user=3.80 sys=0.20, real=0.72 secs] 
937.853: [Full GC (Ergonomics) [PSYoungGen: 134144K->96105K(153600K)] [ParOldGen: 349441K->349441K(349696K)] 483585K->445547K(503296K), [Metaspace: 78689K->78689K(1118208K)], 0.6776001 secs] [Times: user=2.44 sys=0.14, real=0.67 secs] 
938.559: [Full GC (Ergonomics) [PSYoungGen: 134144K->91508K(153600K)] [ParOldGen: 349441K->349441K(349696K)] 483585K->440949K(503296K), [Metaspace: 78689K->78689K(1118208K)], 0.6651337 secs] [Times: user=2.63 sys=0.11, real=0.67 secs] 
939.260: [Full GC (Ergonomics) [PSYoungGen: 134098K->99591K(153600K)] [ParOldGen: 349441K->349441K(349696K)] 483540K->449033K(503296K), [Metaspace: 78689K->78689K(1118208K)], 0.6049716 secs] [Times: user=2.81 sys=0.14, real=0.61 secs] 
939.882: [Full GC (Ergonomics) [PSYoungGen: 134144K->91773K(153600K)] [ParOldGen: 349441K->349441K(349696K)] 483585K->441215K(503296K), [Metaspace: 78689K->78689K(1118208K)], 0.4684151 secs] [Times: user=2.51 sys=0.12, real=0.47 secs] 
940.369: [Full GC (Ergonomics) [PSYoungGen: 134144K->93044K(153600K)] [ParOldGen: 349441K->349441K(349696K)] 483585K->442485K(503296K), [Metaspace: 78689K->78689K(1118208K)], 0.4120269 secs] [Times: user=2.19 sys=0.11, real=0.41 secs] 
940.801: [Full GC (Ergonomics) [PSYoungGen: 134144K->93692K(153600K)] [ParOldGen: 349441K->349441K(349696K)] 483585K->443134K(503296K), [Metaspace: 78689K->78689K(1118208K)], 0.5630881 secs] [Times: user=2.68 sys=0.17, real=0.57 secs] 
941.383: [Full GC (Ergonomics) [PSYoungGen: 134144K->95943K(153600K)] [ParOldGen: 349441K->349441K(349696K)] 483585K->445385K(503296K), [Metaspace: 78689K->78689K(1118208K)], 0.5459533 secs] [Times: user=3.07 sys=0.18, real=0.55 secs] 
941.943: [Full GC (Ergonomics) [PSYoungGen: 134144K->93352K(153600K)] [ParOldGen: 349441K->349441K(349696K)] 483585K->442793K(503296K), [Metaspace: 78689K->78689K(1118208K)], 0.4156944 secs] [Times: user=2.17 sys=0.11, real=0.42 secs] 
942.377: [Full GC (Ergonomics) [PSYoungGen: 134144K->91972K(153600K)] [ParOldGen: 349441K->349441K(349696K)] 483585K->441413K(503296K), [Metaspace: 78689K->78689K(1118208K)], 0.4679191 secs] [Times: user=2.58 sys=0.09, real=0.47 secs] 
942.867: [Full GC (Ergonomics) [PSYoungGen: 134144K->92450K(153600K)] [ParOldGen: 349441K->349441K(349696K)] 483585K->441891K(503296K), [Metaspace: 78689K->78689K(1118208K)], 0.4426859 secs] [Times: user=2.16 sys=0.10, real=0.44 secs] 
943.331: [Full GC (Ergonomics) [PSYoungGen: 134035K->95321K(153600K)] [ParOldGen: 349441K->349441K(349696K)] 483476K->444763K(503296K), [Metaspace: 78689K->78689K(1118208K)], 0.4493798 secs] [Times: user=2.30 sys=0.11, real=0.45 secs] 
943.798: [Full GC (Ergonomics) [PSYoungGen: 134144K->95531K(153600K)] [ParOldGen: 349441K->349441K(349696K)] 483585K->444973K(503296K), [Metaspace: 78689K->78689K(1118208K)], 0.4597836 secs] [Times: user=2.46 sys=0.07, real=0.46 secs] 
944.280: [Full GC (Ergonomics) [PSYoungGen: 134144K->93220K(153600K)] [ParOldGen: 349441K->349441K(349696K)] 483585K->442662K(503296K), [Metaspace: 78689K->78689K(1118208K)], 0.4469746 secs] [Times: user=2.37 sys=0.10, real=0.45 secs] 
944.745: [Full GC (Ergonomics) [PSYoungGen: 134144K->98266K(153600K)] [ParOldGen: 349441K->349441K(349696K)] 483585K->447707K(503296K), [Metaspace: 78689K->78689K(1118208K)], 0.5902888 secs] [Times: user=2.86 sys=0.16, real=0.59 secs] 
945.353: [Full GC (Ergonomics) [PSYoungGen: 134144K->91752K(153600K)] [ParOldGen: 349441K->349441K(349696K)] 483585K->441194K(503296K), [Metaspace: 78689K->78689K(1118208K)], 0.4751075 secs] [Times: user=2.38 sys=0.09, real=0.48 secs] 
945.850: [Full GC (Ergonomics) [PSYoungGen: 134144K->94811K(153600K)] [ParOldGen: 349441K->349441K(349696K)] 483585K->444253K(503296K), [Metaspace: 78689K->78689K(1118208K)], 0.5540221 secs] [Times: user=2.75 sys=0.10, real=0.55 secs] 
946.418: [Full GC (Ergonomics) [PSYoungGen: 134144K->91716K(153600K)] [ParOldGen: 349441K->349441K(349696K)] 483585K->441157K(503296K), [Metaspace: 78689K->78689K(1118208K)], 0.4614155 secs] [Times: user=2.18 sys=0.10, real=0.46 secs] 
946.898: [Full GC (Ergonomics) [PSYoungGen: 134144K->94333K(153600K)] [ParOldGen: 349441K->349441K(349696K)] 483585K->443775K(503296K), [Metaspace: 78689K->78689K(1118208K)], 0.5014780 secs] [Times: user=2.69 sys=0.12, real=0.50 secs] 
947.418: [Full GC (Ergonomics) [PSYoungGen: 134144K->91636K(153600K)] [ParOldGen: 349441K->349441K(349696K)] 483585K->441077K(503296K), [Metaspace: 78689K->78689K(1118208K)], 0.4240726 secs] [Times: user=2.19 sys=0.09, real=0.42 secs] 
947.862: [Full GC (Ergonomics) [PSYoungGen: 134144K->95932K(153600K)] [ParOldGen: 349441K->349441K(349696K)] 483585K->445374K(503296K), [Metaspace: 78689K->78689K(1118208K)], 0.4813322 secs] [Times: user=2.71 sys=0.12, real=0.48 secs] 
948.359: [Full GC (Ergonomics) [PSYoungGen: 134144K->90687K(153600K)] [ParOldGen: 349441K->349441K(349696K)] 483585K->440129K(503296K), [Metaspace: 78689K->78689K(1118208K)], 0.4493280 secs] [Times: user=2.27 sys=0.09, real=0.45 secs] 
948.831: [Full GC (Ergonomics) [PSYoungGen: 134144K->100185K(153600K)] [ParOldGen: 349441K->349441K(349696K)] 483585K->449627K(503296K), [Metaspace: 78689K->78689K(1118208K)], 0.5548609 secs] [Times: user=2.91 sys=0.13, real=0.56 secs] 
949.400: [Full GC (Ergonomics) [PSYoungGen: 134077K->93275K(153600K)] [ParOldGen: 349441K->349441K(349696K)] 483519K->442717K(503296K), [Metaspace: 78689K->78689K(1118208K)], 0.4025246 secs] [Times: user=2.22 sys=0.11, real=0.40 secs] 
949.825: [Full GC (Ergonomics) [PSYoungGen: 134067K->96094K(153600K)] [ParOldGen: 349441K->349441K(349696K)] 483508K->445536K(503296K), [Metaspace: 78689K->78689K(1118208K)], 0.5853470 secs] [Times: user=3.23 sys=0.12, real=0.58 secs] 
950.427: [Full GC (Ergonomics) [PSYoungGen: 134144K->95518K(153600K)] [ParOldGen: 349441K->349441K(349696K)] 483585K->444960K(503296K), [Metaspace: 78689K->78689K(1118208K)], 0.4004269 secs] [Times: user=2.20 sys=0.09, real=0.40 secs] 
950.839: [Full GC (Ergonomics) [PSYoungGen: 134144K->92095K(153600K)] [ParOldGen: 349441K->349441K(349696K)] 483585K->441537K(503296K), [Metaspace: 78689K->78689K(1118208K)], 0.3758042 secs] [Times: user=2.14 sys=0.10, real=0.38 secs] 
951.238: [Full GC (Ergonomics) [PSYoungGen: 134144K->95124K(153600K)] [ParOldGen: 349441K->349441K(349696K)] 483585K->444565K(503296K), [Metaspace: 78689K->78689K(1118208K)], 0.4907634 secs] [Times: user=2.62 sys=0.12, real=0.49 secs] 
951.745: [Full GC (Ergonomics) [PSYoungGen: 134144K->94073K(153600K)] [ParOldGen: 349441K->349441K(349696K)] 483585K->443514K(503296K), [Metaspace: 78689K->78689K(1118208K)], 0.4258111 secs] [Times: user=2.39 sys=0.09, real=0.43 secs] 
952.190: [Full GC (Ergonomics) [PSYoungGen: 134144K->94864K(153600K)] [ParOldGen: 349441K->349441K(349696K)] 483585K->444306K(503296K), [Metaspace: 78689K->78689K(1118208K)], 0.4521082 secs] [Times: user=2.48 sys=0.13, real=0.45 secs] 
952.662: [Full GC (Ergonomics) [PSYoungGen: 134138K->92630K(153600K)] [ParOldGen: 349441K->349441K(349696K)] 483580K->442071K(503296K), [Metaspace: 78689K->78689K(1118208K)], 0.6391588 secs] [Times: user=3.31 sys=0.12, real=0.64 secs] 
953.323: [Full GC (Ergonomics) [PSYoungGen: 134144K->100888K(153600K)] [ParOldGen: 349441K->349441K(349696K)] 483585K->450329K(503296K), [Metaspace: 78689K->78689K(1118208K)], 0.4487206 secs] [Times: user=2.23 sys=0.13, real=0.45 secs] 
953.783: [Full GC (Ergonomics) [PSYoungGen: 134144K->94935K(153600K)] [ParOldGen: 349441K->349441K(349696K)] 483585K->444376K(503296K), [Metaspace: 78689K->78689K(1118208K)], 0.4135332 secs] [Times: user=2.34 sys=0.13, real=0.42 secs] 
954.213: [Full GC (Ergonomics) [PSYoungGen: 134144K->93407K(153600K)] [ParOldGen: 349441K->349441K(349696K)] 483585K->442849K(503296K), [Metaspace: 78689K->78689K(1118208K)], 0.4629439 secs] [Times: user=2.53 sys=0.14, real=0.47 secs] 
954.690: [Full GC (Ergonomics) [PSYoungGen: 134144K->96773K(153600K)] [ParOldGen: 349441K->349441K(349696K)] 483585K->446215K(503296K), [Metaspace: 78689K->78689K(1118208K)], 0.5255078 secs] [Times: user=2.44 sys=0.13, real=0.52 secs] 
955.233: [Full GC (Ergonomics) [PSYoungGen: 134144K->86083K(153600K)] [ParOldGen: 349441K->349441K(349696K)] 483585K->435524K(503296K), [Metaspace: 78689K->78689K(1118208K)], 0.3837302 secs] [Times: user=2.06 sys=0.12, real=0.39 secs] 
955.681: [Full GC (Ergonomics) [PSYoungGen: 134144K->93869K(153600K)] [ParOldGen: 349441K->349440K(349696K)] 483585K->443309K(503296K), [Metaspace: 78701K->78701K(1118208K)], 1.0277517 secs] [Times: user=5.90 sys=0.29, real=1.03 secs] 
956.731: [Full GC (Ergonomics) [PSYoungGen: 134144K->89645K(153600K)] [ParOldGen: 349440K->349440K(349696K)] 483584K->439085K(503296K), [Metaspace: 78705K->78705K(1118208K)], 0.3966468 secs] [Times: user=2.07 sys=0.10, real=0.40 secs] 
957.148: [Full GC (Ergonomics) [PSYoungGen: 134144K->94009K(153600K)] [ParOldGen: 349440K->349440K(349696K)] 483584K->443450K(503296K), [Metaspace: 78705K->78705K(1118208K)], 0.5094540 secs] [Times: user=2.57 sys=0.09, real=0.51 secs] 
957.682: [Full GC (Ergonomics) [PSYoungGen: 134144K->92112K(153600K)] [ParOldGen: 349440K->349440K(349696K)] 483584K->441552K(503296K), [Metaspace: 78705K->78705K(1118208K)], 0.4770810 secs] [Times: user=2.52 sys=0.12, real=0.48 secs] 
958.179: [Full GC (Ergonomics) [PSYoungGen: 134144K->91533K(153600K)] [ParOldGen: 349440K->349440K(349696K)] 483584K->440974K(503296K), [Metaspace: 78705K->78705K(1118208K)], 0.4152719 secs] [Times: user=2.30 sys=0.08, real=0.41 secs] 
958.614: [Full GC (Ergonomics) [PSYoungGen: 134144K->97668K(153600K)] [ParOldGen: 349440K->349440K(349696K)] 483584K->447109K(503296K), [Metaspace: 78705K->78705K(1118208K)], 0.5322858 secs] [Times: user=2.92 sys=0.15, real=0.54 secs] 
959.164: [Full GC (Ergonomics) [PSYoungGen: 134144K->93425K(153600K)] [ParOldGen: 349440K->349440K(349696K)] 483584K->442865K(503296K), [Metaspace: 78705K->78705K(1118208K)], 0.5322223 secs] [Times: user=3.14 sys=0.14, real=0.53 secs] 
959.715: [Full GC (Ergonomics) [PSYoungGen: 134144K->93085K(153600K)] [ParOldGen: 349440K->349440K(349696K)] 483584K->442526K(503296K), [Metaspace: 78705K->78705K(1118208K)], 0.4122557 secs] [Times: user=2.20 sys=0.11, real=0.42 secs] 
960.148: [Full GC (Ergonomics) [PSYoungGen: 134124K->91228K(153600K)] [ParOldGen: 349440K->349440K(349696K)] 483564K->440669K(503296K), [Metaspace: 78705K->78705K(1118208K)], 0.3929089 secs] [Times: user=2.22 sys=0.07, real=0.39 secs] 
960.561: [Full GC (Ergonomics) [PSYoungGen: 134144K->92107K(153600K)] [ParOldGen: 349440K->349440K(349696K)] 483584K->441548K(503296K), [Metaspace: 78705K->78705K(1118208K)], 0.4459646 secs] [Times: user=2.42 sys=0.11, real=0.45 secs] 
961.030: [Full GC (Ergonomics) [PSYoungGen: 134144K->91620K(153600K)] [ParOldGen: 349440K->349440K(349696K)] 483584K->441061K(503296K), [Metaspace: 78705K->78705K(1118208K)], 0.4945616 secs] [Times: user=2.76 sys=0.11, real=0.49 secs] 
961.545: [Full GC (Ergonomics) [PSYoungGen: 134144K->92367K(153600K)] [ParOldGen: 349440K->349440K(349696K)] 483584K->441807K(503296K), [Metaspace: 78705K->78705K(1118208K)], 0.4291093 secs] [Times: user=2.41 sys=0.08, real=0.43 secs] 
961.996: [Full GC (Ergonomics) [PSYoungGen: 134144K->95031K(153600K)] [ParOldGen: 349440K->349440K(349696K)] 483584K->444472K(503296K), [Metaspace: 78705K->78705K(1118208K)], 0.9089063 secs] [Times: user=5.41 sys=0.23, real=0.91 secs] 
962.926: [Full GC (Ergonomics) [PSYoungGen: 134144K->95334K(153600K)] [ParOldGen: 349440K->349440K(349696K)] 483584K->444774K(503296K), [Metaspace: 78705K->78705K(1118208K)], 0.4754420 secs] [Times: user=2.48 sys=0.12, real=0.48 secs] 
963.418: [Full GC (Ergonomics) [PSYoungGen: 134144K->92184K(153600K)] [ParOldGen: 349440K->349440K(349696K)] 483584K->441625K(503296K), [Metaspace: 78705K->78705K(1118208K)], 0.3979400 secs] [Times: user=2.15 sys=0.11, real=0.39 secs] 
963.838: [Full GC (Ergonomics) [PSYoungGen: 134144K->92057K(153600K)] [ParOldGen: 349440K->349440K(349696K)] 483584K->441497K(503296K), [Metaspace: 78705K->78705K(1118208K)], 0.4402501 secs] [Times: user=2.41 sys=0.12, real=0.44 secs] 
964.298: [Full GC (Ergonomics) [PSYoungGen: 134144K->92194K(153600K)] [ParOldGen: 349440K->349440K(349696K)] 483584K->441634K(503296K), [Metaspace: 78705K->78705K(1118208K)], 0.3963683 secs] [Times: user=2.19 sys=0.12, real=0.39 secs] 
964.717: [Full GC (Ergonomics) [PSYoungGen: 134144K->95626K(153600K)] [ParOldGen: 349440K->349440K(349696K)] 483584K->445067K(503296K), [Metaspace: 78705K->78705K(1118208K)], 0.4186829 secs] [Times: user=2.35 sys=0.13, real=0.42 secs] 
965.159: [Full GC (Ergonomics) [PSYoungGen: 134144K->90763K(153600K)] [ParOldGen: 349440K->349440K(349696K)] 483584K->440204K(503296K), [Metaspace: 78705K->78705K(1118208K)], 0.4784143 secs] [Times: user=2.55 sys=0.11, real=0.47 secs] 
965.656: [Full GC (Ergonomics) [PSYoungGen: 134124K->95506K(153600K)] [ParOldGen: 349440K->349440K(349696K)] 483564K->444947K(503296K), [Metaspace: 78705K->78705K(1118208K)], 0.4256834 secs] [Times: user=2.15 sys=0.11, real=0.43 secs] 
966.102: [Full GC (Ergonomics) [PSYoungGen: 134144K->93859K(153600K)] [ParOldGen: 349440K->349440K(349696K)] 483584K->443299K(503296K), [Metaspace: 78705K->78705K(1118208K)], 0.6120724 secs] [Times: user=2.75 sys=0.17, real=0.61 secs] 
966.736: [Full GC (Ergonomics) [PSYoungGen: 134144K->88827K(153600K)] [ParOldGen: 349440K->349440K(349696K)] 483584K->438268K(503296K), [Metaspace: 78705K->78705K(1118208K)], 0.5034877 secs] [Times: user=2.88 sys=0.13, real=0.51 secs] 
967.263: [Full GC (Ergonomics) [PSYoungGen: 134144K->96121K(153600K)] [ParOldGen: 349440K->349440K(349696K)] 483584K->445562K(503296K), [Metaspace: 78705K->78705K(1118208K)], 0.4223917 secs] [Times: user=2.28 sys=0.11, real=0.42 secs] 
967.702: [Full GC (Ergonomics) [PSYoungGen: 134144K->92167K(153600K)] [ParOldGen: 349440K->349440K(349696K)] 483584K->441607K(503296K), [Metaspace: 78705K->78705K(1118208K)], 0.5153925 secs] [Times: user=2.72 sys=0.17, real=0.52 secs] 
968.239: [Full GC (Ergonomics) [PSYoungGen: 134144K->92882K(153600K)] [ParOldGen: 349440K->349440K(349696K)] 483584K->442323K(503296K), [Metaspace: 78705K->78705K(1118208K)], 0.4123706 secs] [Times: user=2.26 sys=0.11, real=0.41 secs] 
968.672: [Full GC (Ergonomics) [PSYoungGen: 134144K->96104K(153600K)] [ParOldGen: 349440K->349440K(349696K)] 483584K->445544K(503296K), [Metaspace: 78705K->78705K(1118208K)], 0.5013251 secs] [Times: user=2.39 sys=0.12, real=0.50 secs] 
969.193: [Full GC (Ergonomics) [PSYoungGen: 134144K->90145K(153600K)] [ParOldGen: 349440K->349440K(349696K)] 483584K->439586K(503296K), [Metaspace: 78705K->78705K(1118208K)], 0.5229389 secs] [Times: user=2.62 sys=0.14, real=0.52 secs] 
969.736: [Full GC (Ergonomics) [PSYoungGen: 134144K->98804K(153600K)] [ParOldGen: 349440K->349440K(349696K)] 483584K->448245K(503296K), [Metaspace: 78705K->78705K(1118208K)], 0.4543777 secs] [Times: user=2.55 sys=0.12, real=0.46 secs] 
970.208: [Full GC (Ergonomics) [PSYoungGen: 134144K->89203K(153600K)] [ParOldGen: 349440K->349440K(349696K)] 483584K->438643K(503296K), [Metaspace: 78705K->78705K(1118208K)], 0.3811931 secs] [Times: user=2.09 sys=0.09, real=0.38 secs] 
970.609: [Full GC (Ergonomics) [PSYoungGen: 134144K->95922K(153600K)] [ParOldGen: 349440K->349440K(349696K)] 483584K->445362K(503296K), [Metaspace: 78705K->78705K(1118208K)], 0.4358491 secs] [Times: user=2.41 sys=0.08, real=0.43 secs] 
971.070: [Full GC (Ergonomics) [PSYoungGen: 134144K->92900K(153600K)] [ParOldGen: 349440K->349440K(349696K)] 483584K->442340K(503296K), [Metaspace: 78705K->78705K(1118208K)], 0.5227243 secs] [Times: user=2.67 sys=0.10, real=0.52 secs] 
971.614: [Full GC (Ergonomics) [PSYoungGen: 134144K->94428K(153600K)] [ParOldGen: 349440K->349440K(349696K)] 483584K->443868K(503296K), [Metaspace: 78705K->78705K(1118208K)], 0.5412888 secs] [Times: user=2.99 sys=0.12, real=0.54 secs] 
972.173: [Full GC (Ergonomics) [PSYoungGen: 134144K->92396K(153600K)] [ParOldGen: 349440K->349440K(349696K)] 483584K->441836K(503296K), [Metaspace: 78705K->78705K(1118208K)], 0.4292868 secs] [Times: user=2.50 sys=0.12, real=0.43 secs] 
972.628: [Full GC (Ergonomics) [PSYoungGen: 134144K->92739K(153600K)] [ParOldGen: 349440K->349440K(349696K)] 483584K->442180K(503296K), [Metaspace: 78705K->78705K(1118208K)], 0.5366910 secs] [Times: user=3.07 sys=0.13, real=0.54 secs] 
973.188: [Full GC (Ergonomics) [PSYoungGen: 134144K->89998K(153600K)] [ParOldGen: 349440K->349440K(349696K)] 483584K->439439K(503296K), [Metaspace: 78705K->78705K(1118208K)], 0.4270549 secs] [Times: user=2.40 sys=0.08, real=0.43 secs] 
973.638: [Full GC (Ergonomics) [PSYoungGen: 134144K->93942K(153600K)] [ParOldGen: 349440K->349440K(349696K)] 483584K->443382K(503296K), [Metaspace: 78705K->78705K(1118208K)], 0.3939120 secs] [Times: user=2.24 sys=0.08, real=0.40 secs] 
974.052: [Full GC (Ergonomics) [PSYoungGen: 134144K->92873K(153600K)] [ParOldGen: 349440K->349440K(349696K)] 483584K->442314K(503296K), [Metaspace: 78705K->78705K(1118208K)], 0.3908984 secs] [Times: user=2.22 sys=0.08, real=0.39 secs] 
974.469: [Full GC (Ergonomics) [PSYoungGen: 134144K->92253K(153600K)] [ParOldGen: 349440K->349440K(349696K)] 483584K->441693K(503296K), [Metaspace: 78705K->78705K(1118208K)], 0.4119096 secs] [Times: user=2.32 sys=0.10, real=0.41 secs] 
974.904: [Full GC (Ergonomics) [PSYoungGen: 134144K->96132K(153600K)] [ParOldGen: 349440K->349440K(349696K)] 483584K->445573K(503296K), [Metaspace: 78705K->78705K(1118208K)], 0.4889438 secs] [Times: user=2.69 sys=0.10, real=0.49 secs] 
975.425: [Full GC (Ergonomics) [PSYoungGen: 134144K->94784K(153600K)] [ParOldGen: 349440K->349440K(349696K)] 483584K->444225K(503296K), [Metaspace: 78705K->78705K(1118208K)], 0.4538377 secs] [Times: user=2.33 sys=0.05, real=0.46 secs] 
975.909: [Full GC (Ergonomics) [PSYoungGen: 134144K->91967K(153600K)] [ParOldGen: 349440K->349440K(349696K)] 483584K->441407K(503296K), [Metaspace: 78705K->78705K(1118208K)], 0.4507436 secs] [Times: user=2.48 sys=0.08, real=0.45 secs] 
976.382: [Full GC (Ergonomics) [PSYoungGen: 134144K->95353K(153600K)] [ParOldGen: 349440K->349440K(349696K)] 483584K->444794K(503296K), [Metaspace: 78705K->78705K(1118208K)], 0.4244986 secs] [Times: user=2.11 sys=0.09, real=0.42 secs] 
976.833: [Full GC (Ergonomics) [PSYoungGen: 134144K->92983K(153600K)] [ParOldGen: 349440K->349440K(349696K)] 483584K->442423K(503296K), [Metaspace: 78705K->78705K(1118208K)], 0.6214350 secs] [Times: user=2.39 sys=0.06, real=0.62 secs] 
977.493: [Full GC (Ergonomics) [PSYoungGen: 134144K->92040K(153600K)] [ParOldGen: 349440K->349440K(349696K)] 483584K->441480K(503296K), [Metaspace: 78705K->78705K(1118208K)], 0.6391147 secs] [Times: user=2.54 sys=0.06, real=0.64 secs] 
978.164: [Full GC (Ergonomics) [PSYoungGen: 134144K->90847K(153600K)] [ParOldGen: 349440K->349440K(349696K)] 483584K->440287K(503296K), [Metaspace: 78705K->78705K(1118208K)], 0.3964737 secs] [Times: user=2.14 sys=0.10, real=0.40 secs] 
978.585: [Full GC (Ergonomics) [PSYoungGen: 134144K->93505K(153600K)] [ParOldGen: 349440K->349440K(349696K)] 483584K->442946K(503296K), [Metaspace: 78705K->78705K(1118208K)], 0.4534952 secs] [Times: user=2.49 sys=0.09, real=0.45 secs] 
979.056: [Full GC (Ergonomics) [PSYoungGen: 134144K->91305K(153600K)] [ParOldGen: 349440K->349440K(349696K)] 483584K->440745K(503296K), [Metaspace: 78705K->78705K(1118208K)], 0.5150474 secs] [Times: user=2.58 sys=0.10, real=0.52 secs] 
979.592: [Full GC (Ergonomics) [PSYoungGen: 134144K->91727K(153600K)] [ParOldGen: 349440K->349440K(349696K)] 483584K->441167K(503296K), [Metaspace: 78705K->78705K(1118208K)], 0.3950399 secs] [Times: user=2.18 sys=0.06, real=0.39 secs] 
980.005: [Full GC (Ergonomics) [PSYoungGen: 134144K->93774K(153600K)] [ParOldGen: 349440K->349440K(349696K)] 483584K->443215K(503296K), [Metaspace: 78705K->78705K(1118208K)], 0.3963588 secs] [Times: user=2.17 sys=0.10, real=0.40 secs] 
980.426: [Full GC (Ergonomics) [PSYoungGen: 134144K->84044K(153600K)] [ParOldGen: 349440K->349440K(349696K)] 483584K->433485K(503296K), [Metaspace: 78705K->78705K(1118208K)], 0.4122480 secs] [Times: user=2.27 sys=0.09, real=0.41 secs] 
981.089: [Full GC (Ergonomics) [PSYoungGen: 134144K->88933K(153600K)] [ParOldGen: 349440K->349439K(349696K)] 483584K->438373K(503296K), [Metaspace: 78713K->78713K(1118208K)], 0.4209728 secs] [Times: user=2.22 sys=0.09, real=0.43 secs] 
981.535: [Full GC (Ergonomics) [PSYoungGen: 134144K->97079K(153600K)] [ParOldGen: 349439K->349439K(349696K)] 483583K->446519K(503296K), [Metaspace: 78713K->78713K(1118208K)], 0.4280484 secs] [Times: user=2.20 sys=0.05, real=0.43 secs] 
981.981: [Full GC (Ergonomics) [PSYoungGen: 134144K->91891K(153600K)] [ParOldGen: 349439K->349439K(349696K)] 483583K->441330K(503296K), [Metaspace: 78713K->78713K(1118208K)], 0.4435662 secs] [Times: user=2.61 sys=0.05, real=0.44 secs] 
982.442: [Full GC (Ergonomics) [PSYoungGen: 134144K->97397K(153600K)] [ParOldGen: 349439K->349439K(349696K)] 483583K->446837K(503296K), [Metaspace: 78713K->78713K(1118208K)], 0.3716247 secs] [Times: user=2.14 sys=0.04, real=0.37 secs] 
982.831: [Full GC (Ergonomics) [PSYoungGen: 134144K->91227K(153600K)] [ParOldGen: 349439K->349439K(349696K)] 483583K->440667K(503296K), [Metaspace: 78713K->78713K(1118208K)], 0.4024062 secs] [Times: user=2.11 sys=0.06, real=0.40 secs] 
983.253: [Full GC (Ergonomics) [PSYoungGen: 134144K->95115K(153600K)] [ParOldGen: 349439K->349439K(349696K)] 483583K->444555K(503296K), [Metaspace: 78713K->78713K(1118208K)], 0.4144513 secs] [Times: user=2.10 sys=0.03, real=0.41 secs] 
983.686: [Full GC (Ergonomics) [PSYoungGen: 134144K->91833K(153600K)] [ParOldGen: 349439K->349439K(349696K)] 483583K->441272K(503296K), [Metaspace: 78713K->78713K(1118208K)], 0.4207352 secs] [Times: user=2.48 sys=0.04, real=0.42 secs] 
984.126: [Full GC (Ergonomics) [PSYoungGen: 134144K->95994K(153600K)] [ParOldGen: 349439K->349439K(349696K)] 483583K->445434K(503296K), [Metaspace: 78713K->78713K(1118208K)], 0.3778942 secs] [Times: user=2.23 sys=0.01, real=0.38 secs] 
984.521: [Full GC (Ergonomics) [PSYoungGen: 134144K->91110K(153600K)] [ParOldGen: 349439K->349439K(349696K)] 483583K->440550K(503296K), [Metaspace: 78713K->78713K(1118208K)], 0.3814349 secs] [Times: user=2.08 sys=0.01, real=0.38 secs] 
984.922: [Full GC (Ergonomics) [PSYoungGen: 134144K->95287K(153600K)] [ParOldGen: 349439K->349439K(349696K)] 483583K->444727K(503296K), [Metaspace: 78713K->78713K(1118208K)], 0.4827911 secs] [Times: user=2.16 sys=0.01, real=0.48 secs] 
985.425: [Full GC (Ergonomics) [PSYoungGen: 134144K->95252K(153600K)] [ParOldGen: 349439K->349439K(349696K)] 483583K->444691K(503296K), [Metaspace: 78713K->78713K(1118208K)], 0.4712734 secs] [Times: user=2.49 sys=0.01, real=0.47 secs] 
985.911: [Full GC (Ergonomics) [PSYoungGen: 134144K->94075K(153600K)] [ParOldGen: 349439K->349439K(349696K)] 483583K->443514K(503296K), [Metaspace: 78713K->78713K(1118208K)], 0.4099140 secs] [Times: user=2.55 sys=0.00, real=0.41 secs] 
986.337: [Full GC (Ergonomics) [PSYoungGen: 134144K->92740K(153600K)] [ParOldGen: 349439K->349439K(349696K)] 483583K->442180K(503296K), [Metaspace: 78713K->78713K(1118208K)], 0.3802438 secs] [Times: user=2.14 sys=0.00, real=0.38 secs] 
986.733: [Full GC (Ergonomics) [PSYoungGen: 134082K->90125K(153600K)] [ParOldGen: 349439K->349439K(349696K)] 483522K->439564K(503296K), [Metaspace: 78713K->78713K(1118208K)], 0.3537001 secs] [Times: user=2.15 sys=0.00, real=0.35 secs] 
987.107: [Full GC (Ergonomics) [PSYoungGen: 134144K->94004K(153600K)] [ParOldGen: 349439K->349439K(349696K)] 483583K->443443K(503296K), [Metaspace: 78714K->78714K(1118208K)], 0.4359485 secs] [Times: user=2.35 sys=0.00, real=0.44 secs] 
987.560: [Full GC (Ergonomics) [PSYoungGen: 134144K->92430K(153600K)] [ParOldGen: 349439K->349439K(349696K)] 483583K->441870K(503296K), [Metaspace: 78715K->78715K(1118208K)], 0.4390186 secs] [Times: user=2.51 sys=0.00, real=0.44 secs] 
988.020: [Full GC (Ergonomics) [PSYoungGen: 134139K->94591K(153600K)] [ParOldGen: 349439K->349439K(349696K)] 483578K->444030K(503296K), [Metaspace: 78715K->78715K(1118208K)], 0.4684281 secs] [Times: user=2.40 sys=0.00, real=0.47 secs] 
988.507: [Full GC (Ergonomics) [PSYoungGen: 134144K->94277K(153600K)] [ParOldGen: 349439K->349439K(349696K)] 483583K->443717K(503296K), [Metaspace: 78715K->78715K(1118208K)], 0.4097734 secs] [Times: user=2.27 sys=0.00, real=0.41 secs] 
988.933: [Full GC (Ergonomics) [PSYoungGen: 134144K->91365K(153600K)] [ParOldGen: 349439K->349439K(349696K)] 483583K->440804K(503296K), [Metaspace: 78715K->78715K(1118208K)], 0.4191905 secs] [Times: user=2.40 sys=0.01, real=0.42 secs] 
989.370: [Full GC (Ergonomics) [PSYoungGen: 134144K->92234K(153600K)] [ParOldGen: 349439K->349439K(349696K)] 483583K->441674K(503296K), [Metaspace: 78715K->78715K(1118208K)], 0.4209002 secs] [Times: user=2.32 sys=0.01, real=0.43 secs] 
989.811: [Full GC (Ergonomics) [PSYoungGen: 134144K->91880K(153600K)] [ParOldGen: 349439K->349439K(349696K)] 483583K->441319K(503296K), [Metaspace: 78715K->78715K(1118208K)], 0.3936431 secs] [Times: user=2.19 sys=0.00, real=0.39 secs] 
990.225: [Full GC (Ergonomics) [PSYoungGen: 134144K->95184K(153600K)] [ParOldGen: 349439K->349439K(349696K)] 483583K->444623K(503296K), [Metaspace: 78715K->78715K(1118208K)], 0.3956850 secs] [Times: user=2.23 sys=0.00, real=0.40 secs] 
990.637: [Full GC (Ergonomics) [PSYoungGen: 134144K->94742K(153600K)] [ParOldGen: 349439K->349439K(349696K)] 483583K->444181K(503296K), [Metaspace: 78715K->78715K(1118208K)], 0.3700012 secs] [Times: user=2.21 sys=0.01, real=0.37 secs] 
991.025: [Full GC (Ergonomics) [PSYoungGen: 134144K->94337K(153600K)] [ParOldGen: 349439K->349439K(349696K)] 483583K->443776K(503296K), [Metaspace: 78715K->78715K(1118208K)], 0.4203600 secs] [Times: user=2.48 sys=0.01, real=0.42 secs] 
991.462: [Full GC (Ergonomics) [PSYoungGen: 134144K->92680K(153600K)] [ParOldGen: 349439K->349439K(349696K)] 483583K->442120K(503296K), [Metaspace: 78715K->78715K(1118208K)], 0.3539173 secs] [Times: user=2.07 sys=0.00, real=0.35 secs] 
991.833: [Full GC (Ergonomics) [PSYoungGen: 134144K->93779K(153600K)] [ParOldGen: 349439K->349439K(349696K)] 483583K->443218K(503296K), [Metaspace: 78715K->78715K(1118208K)], 0.3781068 secs] [Times: user=2.24 sys=0.00, real=0.38 secs] 
992.230: [Full GC (Ergonomics) [PSYoungGen: 134144K->97687K(153600K)] [ParOldGen: 349439K->349439K(349696K)] 483583K->447126K(503296K), [Metaspace: 78715K->78715K(1118208K)], 0.3715448 secs] [Times: user=2.17 sys=0.00, real=0.37 secs] 
992.621: [Full GC (Ergonomics) [PSYoungGen: 134144K->89793K(153600K)] [ParOldGen: 349439K->349437K(349696K)] 483583K->439231K(503296K), [Metaspace: 78715K->78711K(1118208K)], 0.9960754 secs] [Times: user=6.04 sys=0.03, real=1.00 secs] 
993.636: [Full GC (Ergonomics) [PSYoungGen: 134144K->97678K(153600K)] [ParOldGen: 349437K->349437K(349696K)] 483581K->447115K(503296K), [Metaspace: 78711K->78711K(1118208K)], 0.4011646 secs] [Times: user=2.27 sys=0.01, real=0.40 secs] 
994.051: [Full GC (Ergonomics) [PSYoungGen: 134144K->90045K(153600K)] [ParOldGen: 349437K->349437K(349696K)] 483581K->439483K(503296K), [Metaspace: 78711K->78711K(1118208K)], 0.4080231 secs] [Times: user=2.51 sys=0.00, real=0.41 secs] 
994.485: [Full GC (Ergonomics) [PSYoungGen: 134144K->94100K(153600K)] [ParOldGen: 349437K->349437K(349696K)] 483581K->443537K(503296K), [Metaspace: 78711K->78711K(1118208K)], 0.3681145 secs] [Times: user=2.18 sys=0.01, real=0.37 secs] 
994.875: [Full GC (Ergonomics) [PSYoungGen: 134144K->92096K(153600K)] [ParOldGen: 349437K->349437K(349696K)] 483581K->441534K(503296K), [Metaspace: 78711K->78711K(1118208K)], 0.4028293 secs] [Times: user=2.32 sys=0.00, real=0.40 secs] 
995.296: [Full GC (Ergonomics) [PSYoungGen: 134144K->91476K(153600K)] [ParOldGen: 349437K->349437K(349696K)] 483581K->440914K(503296K), [Metaspace: 78711K->78711K(1118208K)], 0.3894305 secs] [Times: user=2.08 sys=0.00, real=0.39 secs] 
995.704: [Full GC (Ergonomics) [PSYoungGen: 134144K->97367K(153600K)] [ParOldGen: 349437K->349437K(349696K)] 483581K->446805K(503296K), [Metaspace: 78711K->78711K(1118208K)], 0.3802228 secs] [Times: user=2.14 sys=0.00, real=0.38 secs] 
996.102: [Full GC (Ergonomics) [PSYoungGen: 134144K->92648K(153600K)] [ParOldGen: 349437K->349437K(349696K)] 483581K->442086K(503296K), [Metaspace: 78711K->78711K(1118208K)], 0.3878150 secs] [Times: user=2.29 sys=0.01, real=0.38 secs] 
996.509: [Full GC (Ergonomics) [PSYoungGen: 134144K->96656K(153600K)] [ParOldGen: 349437K->349437K(349696K)] 483581K->446093K(503296K), [Metaspace: 78711K->78711K(1118208K)], 0.4787574 secs] [Times: user=2.66 sys=0.01, real=0.48 secs] 
997.009: [Full GC (Ergonomics) [PSYoungGen: 134144K->92877K(153600K)] [ParOldGen: 349437K->349437K(349696K)] 483581K->442314K(503296K), [Metaspace: 78711K->78711K(1118208K)], 0.4698746 secs] [Times: user=2.63 sys=0.00, real=0.47 secs] 
997.496: [Full GC (Ergonomics) [PSYoungGen: 134144K->93196K(153600K)] [ParOldGen: 349437K->349437K(349696K)] 483581K->442633K(503296K), [Metaspace: 78711K->78711K(1118208K)], 0.4599764 secs] [Times: user=2.48 sys=0.02, real=0.46 secs] 
997.974: [Full GC (Ergonomics) [PSYoungGen: 134144K->93456K(153600K)] [ParOldGen: 349437K->349437K(349696K)] 483581K->442894K(503296K), [Metaspace: 78711K->78711K(1118208K)], 0.3857127 secs] [Times: user=2.09 sys=0.01, real=0.38 secs] 
998.385: [Full GC (Ergonomics) [PSYoungGen: 134144K->93275K(153600K)] [ParOldGen: 349437K->349437K(349696K)] 483581K->442712K(503296K), [Metaspace: 78711K->78711K(1118208K)], 0.4133074 secs] [Times: user=2.14 sys=0.00, real=0.41 secs] 
998.822: [Full GC (Ergonomics) [PSYoungGen: 134144K->95410K(153600K)] [ParOldGen: 349437K->349437K(349696K)] 483581K->444847K(503296K), [Metaspace: 78711K->78711K(1118208K)], 0.5846065 secs] [Times: user=2.62 sys=0.01, real=0.59 secs] 
999.426: [Full GC (Ergonomics) [PSYoungGen: 134144K->95135K(153600K)] [ParOldGen: 349437K->349437K(349696K)] 483581K->444573K(503296K), [Metaspace: 78711K->78711K(1118208K)], 0.5352730 secs] [Times: user=2.48 sys=0.01, real=0.53 secs] 
999.988: [Full GC (Ergonomics) [PSYoungGen: 134144K->91948K(153600K)] [ParOldGen: 349437K->349437K(349696K)] 483581K->441385K(503296K), [Metaspace: 78711K->78711K(1118208K)], 0.4812564 secs] [Times: user=2.32 sys=0.00, real=0.48 secs] 
1000.500: [Full GC (Ergonomics) [PSYoungGen: 134144K->95088K(153600K)] [ParOldGen: 349437K->349437K(349696K)] 483581K->444526K(503296K), [Metaspace: 78711K->78711K(1118208K)], 0.4730271 secs] [Times: user=2.36 sys=0.01, real=0.48 secs] 
1000.992: [Full GC (Ergonomics) [PSYoungGen: 134144K->94696K(153600K)] [ParOldGen: 349437K->349437K(349696K)] 483581K->444133K(503296K), [Metaspace: 78711K->78711K(1118208K)], 0.5070734 secs] [Times: user=2.17 sys=0.01, real=0.51 secs] 
1001.525: [Full GC (Ergonomics) [PSYoungGen: 134144K->96809K(153600K)] [ParOldGen: 349437K->349437K(349696K)] 483581K->446246K(503296K), [Metaspace: 78711K->78711K(1118208K)], 0.5109642 secs] [Times: user=2.39 sys=0.01, real=0.51 secs] 
1002.051: [Full GC (Ergonomics) [PSYoungGen: 134144K->94175K(153600K)] [ParOldGen: 349437K->349437K(349696K)] 483581K->443613K(503296K), [Metaspace: 78711K->78711K(1118208K)], 0.4100236 secs] [Times: user=2.37 sys=0.01, real=0.41 secs] 
1002.480: [Full GC (Ergonomics) [PSYoungGen: 134144K->92806K(153600K)] [ParOldGen: 349437K->349437K(349696K)] 483581K->442243K(503296K), [Metaspace: 78711K->78711K(1118208K)], 0.3992777 secs] [Times: user=2.19 sys=0.01, real=0.40 secs] 
1002.900: [Full GC (Ergonomics) [PSYoungGen: 134144K->93612K(153600K)] [ParOldGen: 349437K->349437K(349696K)] 483581K->443050K(503296K), [Metaspace: 78711K->78711K(1118208K)], 0.4245159 secs] [Times: user=2.32 sys=0.00, real=0.43 secs] 
1003.344: [Full GC (Ergonomics) [PSYoungGen: 134144K->90409K(153600K)] [ParOldGen: 349437K->349437K(349696K)] 483581K->439847K(503296K), [Metaspace: 78711K->78711K(1118208K)], 0.4386487 secs] [Times: user=2.46 sys=0.00, real=0.43 secs] 
1003.805: [Full GC (Ergonomics) [PSYoungGen: 134106K->85236K(153600K)] [ParOldGen: 349437K->349437K(349696K)] 483543K->434673K(503296K), [Metaspace: 78711K->78711K(1118208K)], 0.3515928 secs] [Times: user=2.12 sys=0.01, real=0.35 secs] 
1004.331: [Full GC (Ergonomics) [PSYoungGen: 134144K->85594K(153600K)] [ParOldGen: 349437K->349436K(349696K)] 483581K->435031K(503296K), [Metaspace: 78730K->78730K(1118208K)], 0.8562110 secs] [Times: user=5.02 sys=0.03, real=0.86 secs] 
1005.307: [Full GC (Ergonomics) [PSYoungGen: 134144K->91894K(153600K)] [ParOldGen: 349436K->349436K(349696K)] 483580K->441331K(503296K), [Metaspace: 78731K->78731K(1118208K)], 0.4439070 secs] [Times: user=2.33 sys=0.01, real=0.44 secs] 
1005.862: [Full GC (Ergonomics) [PSYoungGen: 134017K->85597K(153600K)] [ParOldGen: 349436K->349436K(349696K)] 483454K->435034K(503296K), [Metaspace: 78731K->78731K(1118208K)], 0.4398072 secs] [Times: user=2.42 sys=0.00, real=0.44 secs] 
1006.330: [Full GC (Ergonomics) [PSYoungGen: 134144K->98077K(153600K)] [ParOldGen: 349436K->349436K(349696K)] 483580K->447514K(503296K), [Metaspace: 78731K->78731K(1118208K)], 0.5419133 secs] [Times: user=2.62 sys=0.02, real=0.54 secs] 
1006.887: [Full GC (Ergonomics) [PSYoungGen: 134144K->91523K(153600K)] [ParOldGen: 349436K->349436K(349696K)] 483580K->440960K(503296K), [Metaspace: 78731K->78731K(1118208K)], 0.3971041 secs] [Times: user=2.12 sys=0.00, real=0.40 secs] 
1007.301: [Full GC (Ergonomics) [PSYoungGen: 134144K->97878K(153600K)] [ParOldGen: 349436K->349436K(349696K)] 483580K->447314K(503296K), [Metaspace: 78731K->78731K(1118208K)], 0.3960520 secs] [Times: user=2.25 sys=0.01, real=0.40 secs] 
1007.712: [Full GC (Ergonomics) [PSYoungGen: 134144K->96538K(153600K)] [ParOldGen: 349436K->349436K(349696K)] 483580K->445975K(503296K), [Metaspace: 78731K->78731K(1118208K)], 0.4697002 secs] [Times: user=2.61 sys=0.01, real=0.47 secs] 
1008.201: [Full GC (Ergonomics) [PSYoungGen: 134144K->89732K(153600K)] [ParOldGen: 349436K->349436K(349696K)] 483580K->439169K(503296K), [Metaspace: 78731K->78731K(1118208K)], 0.3849300 secs] [Times: user=2.08 sys=0.01, real=0.39 secs] 
1008.711: [Full GC (Ergonomics) [PSYoungGen: 134144K->88141K(153600K)] [ParOldGen: 349436K->349436K(349696K)] 483580K->437578K(503296K), [Metaspace: 78731K->78731K(1118208K)], 0.4109635 secs] [Times: user=2.21 sys=0.01, real=0.41 secs] 
1009.142: [Full GC (Ergonomics) [PSYoungGen: 134144K->101950K(153600K)] [ParOldGen: 349436K->349436K(349696K)] 483580K->451386K(503296K), [Metaspace: 78731K->78731K(1118208K)], 0.4199531 secs] [Times: user=2.16 sys=0.01, real=0.42 secs] 
1009.576: [Full GC (Ergonomics) [PSYoungGen: 134144K->89894K(153600K)] [ParOldGen: 349436K->349436K(349696K)] 483580K->439331K(503296K), [Metaspace: 78731K->78731K(1118208K)], 0.4707486 secs] [Times: user=2.55 sys=0.01, real=0.47 secs] 
1010.072: [Full GC (Ergonomics) [PSYoungGen: 134144K->95023K(153600K)] [ParOldGen: 349436K->349436K(349696K)] 483580K->444460K(503296K), [Metaspace: 78731K->78731K(1118208K)], 0.4591560 secs] [Times: user=2.58 sys=0.01, real=0.46 secs] 
1010.547: [Full GC (Ergonomics) [PSYoungGen: 134144K->94154K(153600K)] [ParOldGen: 349436K->349436K(349696K)] 483580K->443591K(503296K), [Metaspace: 78731K->78731K(1118208K)], 0.3827273 secs] [Times: user=2.34 sys=0.00, real=0.38 secs] 
1010.947: [Full GC (Ergonomics) [PSYoungGen: 134144K->98746K(153600K)] [ParOldGen: 349436K->349436K(349696K)] 483580K->448183K(503296K), [Metaspace: 78731K->78731K(1118208K)], 0.3705764 secs] [Times: user=2.12 sys=0.01, real=0.37 secs] 
1011.336: [Full GC (Ergonomics) [PSYoungGen: 134144K->100488K(153600K)] [ParOldGen: 349436K->349436K(349696K)] 483580K->449925K(503296K), [Metaspace: 78731K->78731K(1118208K)], 0.3949402 secs] [Times: user=2.18 sys=0.01, real=0.39 secs] 
1011.747: [Full GC (Ergonomics) [PSYoungGen: 134144K->92755K(153600K)] [ParOldGen: 349436K->349436K(349696K)] 483580K->442192K(503296K), [Metaspace: 78731K->78731K(1118208K)], 0.4949501 secs] [Times: user=2.68 sys=0.01, real=0.49 secs] 
1012.266: [Full GC (Ergonomics) [PSYoungGen: 134144K->96568K(153600K)] [ParOldGen: 349436K->349436K(349696K)] 483580K->446005K(503296K), [Metaspace: 78731K->78731K(1118208K)], 0.4990000 secs] [Times: user=2.58 sys=0.00, real=0.50 secs] 
1012.785: [Full GC (Ergonomics) [PSYoungGen: 134144K->95777K(153600K)] [ParOldGen: 349436K->349436K(349696K)] 483580K->445214K(503296K), [Metaspace: 78731K->78731K(1118208K)], 0.5341122 secs] [Times: user=2.37 sys=0.05, real=0.53 secs] 
1013.337: [Full GC (Ergonomics) [PSYoungGen: 134144K->96985K(153600K)] [ParOldGen: 349436K->349436K(349696K)] 483580K->446421K(503296K), [Metaspace: 78731K->78731K(1118208K)], 0.4553561 secs] [Times: user=2.59 sys=0.09, real=0.45 secs] 
1013.811: [Full GC (Ergonomics) [PSYoungGen: 134144K->98941K(153600K)] [ParOldGen: 349436K->349436K(349696K)] 483580K->448377K(503296K), [Metaspace: 78731K->78731K(1118208K)], 0.4075331 secs] [Times: user=2.36 sys=0.02, real=0.41 secs] 
1014.234: [Full GC (Ergonomics) [PSYoungGen: 134144K->96979K(153600K)] [ParOldGen: 349436K->349436K(349696K)] 483580K->446415K(503296K), [Metaspace: 78731K->78731K(1118208K)], 0.3983656 secs] [Times: user=2.38 sys=0.06, real=0.40 secs] 
1014.650: [Full GC (Ergonomics) [PSYoungGen: 134144K->96595K(153600K)] [ParOldGen: 349436K->349436K(349696K)] 483580K->446032K(503296K), [Metaspace: 78731K->78731K(1118208K)], 0.4417006 secs] [Times: user=2.56 sys=0.07, real=0.44 secs] 
1015.109: [Full GC (Ergonomics) [PSYoungGen: 134144K->97699K(153600K)] [ParOldGen: 349436K->349436K(349696K)] 483580K->447136K(503296K), [Metaspace: 78731K->78731K(1118208K)], 0.4056323 secs] [Times: user=2.23 sys=0.03, real=0.41 secs] 
1015.536: [Full GC (Ergonomics) [PSYoungGen: 134144K->94097K(153600K)] [ParOldGen: 349436K->349436K(349696K)] 483580K->443534K(503296K), [Metaspace: 78731K->78731K(1118208K)], 0.4069221 secs] [Times: user=2.35 sys=0.06, real=0.40 secs] 
1015.962: [Full GC (Ergonomics) [PSYoungGen: 134144K->96571K(153600K)] [ParOldGen: 349436K->349436K(349696K)] 483580K->446007K(503296K), [Metaspace: 78731K->78731K(1118208K)], 0.3644349 secs] [Times: user=2.12 sys=0.04, real=0.37 secs] 
1016.349: [Full GC (Ergonomics) [PSYoungGen: 134144K->93360K(153600K)] [ParOldGen: 349436K->349436K(349696K)] 483580K->442797K(503296K), [Metaspace: 78731K->78731K(1118208K)], 0.3981261 secs] [Times: user=2.38 sys=0.04, real=0.40 secs] 
1016.768: [Full GC (Ergonomics) [PSYoungGen: 134144K->98578K(153600K)] [ParOldGen: 349436K->349436K(349696K)] 483580K->448015K(503296K), [Metaspace: 78731K->78731K(1118208K)], 0.5359613 secs] [Times: user=3.14 sys=0.08, real=0.53 secs] 
1017.320: [Full GC (Ergonomics) [PSYoungGen: 134144K->98444K(153600K)] [ParOldGen: 349436K->349436K(349696K)] 483580K->447881K(503296K), [Metaspace: 78731K->78731K(1118208K)], 0.4085144 secs] [Times: user=2.39 sys=0.02, real=0.41 secs] 
1017.743: [Full GC (Ergonomics) [PSYoungGen: 134144K->99643K(153600K)] [ParOldGen: 349436K->349436K(349696K)] 483580K->449080K(503296K), [Metaspace: 78731K->78731K(1118208K)], 0.5445717 secs] [Times: user=2.15 sys=0.08, real=0.55 secs] 
1018.307: [Full GC (Ergonomics) [PSYoungGen: 134144K->100233K(153600K)] [ParOldGen: 349436K->349436K(349696K)] 483580K->449670K(503296K), [Metaspace: 78731K->78731K(1118208K)], 0.5313473 secs] [Times: user=2.64 sys=0.09, real=0.53 secs] 
1018.855: [Full GC (Ergonomics) [PSYoungGen: 134144K->100668K(153600K)] [ParOldGen: 349436K->349436K(349696K)] 483580K->450104K(503296K), [Metaspace: 78731K->78731K(1118208K)], 0.4386880 secs] [Times: user=2.41 sys=0.08, real=0.44 secs] 
1019.309: [Full GC (Ergonomics) [PSYoungGen: 134144K->96647K(153600K)] [ParOldGen: 349436K->349436K(349696K)] 483580K->446083K(503296K), [Metaspace: 78731K->78731K(1118208K)], 0.4166813 secs] [Times: user=2.42 sys=0.09, real=0.42 secs] 
1019.744: [Full GC (Ergonomics) [PSYoungGen: 134144K->101190K(153600K)] [ParOldGen: 349436K->349436K(349696K)] 483580K->450626K(503296K), [Metaspace: 78731K->78731K(1118208K)], 0.4255856 secs] [Times: user=2.12 sys=0.09, real=0.43 secs] 
1020.186: [Full GC (Ergonomics) [PSYoungGen: 134144K->100213K(153600K)] [ParOldGen: 349436K->349436K(349696K)] 483580K->449650K(503296K), [Metaspace: 78731K->78731K(1118208K)], 0.4212281 secs] [Times: user=2.41 sys=0.09, real=0.42 secs] 
1020.623: [Full GC (Ergonomics) [PSYoungGen: 134144K->97031K(153600K)] [ParOldGen: 349436K->349436K(349696K)] 483580K->446468K(503296K), [Metaspace: 78731K->78731K(1118208K)], 0.5594254 secs] [Times: user=2.51 sys=0.04, real=0.56 secs] 
1021.202: [Full GC (Ergonomics) [PSYoungGen: 134144K->102029K(153600K)] [ParOldGen: 349436K->349436K(349696K)] 483580K->451466K(503296K), [Metaspace: 78731K->78731K(1118208K)], 0.4590794 secs] [Times: user=2.23 sys=0.10, real=0.46 secs] 
1021.704: [Full GC (Ergonomics) [PSYoungGen: 134144K->86983K(153600K)] [ParOldGen: 349436K->349436K(349696K)] 483580K->436420K(503296K), [Metaspace: 78731K->78731K(1118208K)], 0.4441663 secs] [Times: user=2.71 sys=0.07, real=0.45 secs] 
1022.244: [Full GC (Ergonomics) [PSYoungGen: 134144K->98506K(153600K)] [ParOldGen: 349436K->349436K(349696K)] 483580K->447943K(503296K), [Metaspace: 78731K->78731K(1118208K)], 0.4554725 secs] [Times: user=2.66 sys=0.06, real=0.46 secs] 
1022.714: [Full GC (Ergonomics) [PSYoungGen: 134144K->108860K(153600K)] [ParOldGen: 349436K->349436K(349696K)] 483580K->458297K(503296K), [Metaspace: 78731K->78731K(1118208K)], 0.3974933 secs] [Times: user=2.25 sys=0.07, real=0.40 secs] 
1023.126: [Full GC (Ergonomics) [PSYoungGen: 134144K->94253K(153600K)] [ParOldGen: 349436K->349430K(349696K)] 483580K->443684K(503296K), [Metaspace: 78731K->78695K(1118208K)], 0.9409989 secs] [Times: user=5.98 sys=0.17, real=0.94 secs] 
1024.084: [Full GC (Ergonomics) [PSYoungGen: 134134K->104927K(153600K)] [ParOldGen: 349430K->349430K(349696K)] 483564K->454357K(503296K), [Metaspace: 78695K->78695K(1118208K)], 0.3814922 secs] [Times: user=2.17 sys=0.05, real=0.38 secs] 
1024.482: [Full GC (Ergonomics) [PSYoungGen: 134144K->101579K(153600K)] [ParOldGen: 349430K->349430K(349696K)] 483574K->451010K(503296K), [Metaspace: 78695K->78695K(1118208K)], 0.4239051 secs] [Times: user=2.40 sys=0.05, real=0.42 secs] 
1024.920: [Full GC (Ergonomics) [PSYoungGen: 134144K->99113K(153600K)] [ParOldGen: 349430K->349430K(349696K)] 483574K->448543K(503296K), [Metaspace: 78695K->78695K(1118208K)], 0.4996874 secs] [Times: user=2.82 sys=0.09, real=0.50 secs] 
1025.444: [Full GC (Ergonomics) [PSYoungGen: 134144K->101853K(153600K)] [ParOldGen: 349430K->349430K(349696K)] 483574K->451283K(503296K), [Metaspace: 78698K->78698K(1118208K)], 0.3913074 secs] [Times: user=2.20 sys=0.07, real=0.39 secs] 
1025.851: [Full GC (Ergonomics) [PSYoungGen: 134144K->101632K(153600K)] [ParOldGen: 349430K->349430K(349696K)] 483574K->451062K(503296K), [Metaspace: 78698K->78698K(1118208K)], 0.3868476 secs] [Times: user=2.18 sys=0.09, real=0.39 secs] 
1026.256: [Full GC (Ergonomics) [PSYoungGen: 134144K->101005K(153600K)] [ParOldGen: 349430K->349430K(349696K)] 483574K->450436K(503296K), [Metaspace: 78698K->78698K(1118208K)], 0.4819550 secs] [Times: user=2.89 sys=0.11, real=0.49 secs] 
1026.755: [Full GC (Ergonomics) [PSYoungGen: 134144K->100366K(153600K)] [ParOldGen: 349430K->349430K(349696K)] 483574K->449797K(503296K), [Metaspace: 78698K->78698K(1118208K)], 0.4813029 secs] [Times: user=2.63 sys=0.12, real=0.49 secs] 
1027.252: [Full GC (Ergonomics) [PSYoungGen: 134144K->101004K(153600K)] [ParOldGen: 349430K->349430K(349696K)] 483574K->450435K(503296K), [Metaspace: 78698K->78698K(1118208K)], 0.4524757 secs] [Times: user=2.46 sys=0.09, real=0.45 secs] 
1027.721: [Full GC (Ergonomics) [PSYoungGen: 134144K->103899K(153600K)] [ParOldGen: 349430K->349430K(349696K)] 483574K->453329K(503296K), [Metaspace: 78698K->78698K(1118208K)], 0.5057018 secs] [Times: user=2.60 sys=0.11, real=0.51 secs] 
1028.241: [Full GC (Ergonomics) [PSYoungGen: 134144K->101025K(153600K)] [ParOldGen: 349430K->349430K(349696K)] 483574K->450455K(503296K), [Metaspace: 78698K->78698K(1118208K)], 0.4754717 secs] [Times: user=2.84 sys=0.09, real=0.47 secs] 
1028.731: [Full GC (Ergonomics) [PSYoungGen: 134144K->104835K(153600K)] [ParOldGen: 349430K->349430K(349696K)] 483574K->454266K(503296K), [Metaspace: 78698K->78698K(1118208K)], 0.4306551 secs] [Times: user=2.33 sys=0.08, real=0.43 secs] 
1029.176: [Full GC (Ergonomics) [PSYoungGen: 134144K->102299K(153600K)] [ParOldGen: 349430K->349430K(349696K)] 483574K->451730K(503296K), [Metaspace: 78698K->78698K(1118208K)], 0.3722417 secs] [Times: user=2.20 sys=0.05, real=0.38 secs] 
1029.564: [Full GC (Ergonomics) [PSYoungGen: 134144K->99301K(153600K)] [ParOldGen: 349430K->349430K(349696K)] 483574K->448731K(503296K), [Metaspace: 78698K->78698K(1118208K)], 0.4292835 secs] [Times: user=2.44 sys=0.06, real=0.43 secs] 
1030.015: [Full GC (Ergonomics) [PSYoungGen: 134144K->108680K(153600K)] [ParOldGen: 349430K->349430K(349696K)] 483574K->458111K(503296K), [Metaspace: 78698K->78698K(1118208K)], 0.5348420 secs] [Times: user=2.73 sys=0.08, real=0.54 secs] 
1030.564: [Full GC (Ergonomics) [PSYoungGen: 134144K->102612K(153600K)] [ParOldGen: 349430K->349430K(349696K)] 483574K->452042K(503296K), [Metaspace: 78698K->78698K(1118208K)], 0.3936715 secs] [Times: user=2.38 sys=0.06, real=0.39 secs] 
1030.974: [Full GC (Ergonomics) [PSYoungGen: 134144K->102600K(153600K)] [ParOldGen: 349430K->349430K(349696K)] 483574K->452031K(503296K), [Metaspace: 78698K->78698K(1118208K)], 0.5536007 secs] [Times: user=2.91 sys=0.10, real=0.56 secs] 
1031.547: [Full GC (Ergonomics) [PSYoungGen: 134144K->101785K(153600K)] [ParOldGen: 349430K->349430K(349696K)] 483574K->451216K(503296K), [Metaspace: 78698K->78698K(1118208K)], 0.4951929 secs] [Times: user=2.90 sys=0.06, real=0.50 secs] 
1032.059: [Full GC (Ergonomics) [PSYoungGen: 134144K->105834K(153600K)] [ParOldGen: 349430K->349430K(349696K)] 483574K->455264K(503296K), [Metaspace: 78698K->78698K(1118208K)], 0.4398626 secs] [Times: user=2.41 sys=0.02, real=0.44 secs] 
1032.516: [Full GC (Ergonomics) [PSYoungGen: 134144K->99452K(153600K)] [ParOldGen: 349430K->349430K(349696K)] 483574K->448882K(503296K), [Metaspace: 78698K->78698K(1118208K)], 0.4712732 secs] [Times: user=2.33 sys=0.03, real=0.47 secs] 
1033.006: [Full GC (Ergonomics) [PSYoungGen: 134144K->106071K(153600K)] [ParOldGen: 349430K->349430K(349696K)] 483574K->455502K(503296K), [Metaspace: 78698K->78698K(1118208K)], 0.4217871 secs] [Times: user=2.42 sys=0.01, real=0.43 secs] 
1033.440: [Full GC (Ergonomics) [PSYoungGen: 134144K->109029K(153600K)] [ParOldGen: 349430K->349430K(349696K)] 483574K->458460K(503296K), [Metaspace: 78698K->78698K(1118208K)], 0.3706157 secs] [Times: user=2.18 sys=0.00, real=0.37 secs] 
1033.841: [Full GC (Ergonomics) [PSYoungGen: 134144K->90028K(153600K)] [ParOldGen: 349430K->349430K(349696K)] 483574K->439459K(503296K), [Metaspace: 78699K->78699K(1118208K)], 0.4043531 secs] [Times: user=2.50 sys=0.01, real=0.40 secs] 
1034.406: [Full GC (Ergonomics) [PSYoungGen: 134144K->91885K(153600K)] [ParOldGen: 349430K->349430K(349696K)] 483574K->441316K(503296K), [Metaspace: 78700K->78700K(1118208K)], 0.3952742 secs] [Times: user=2.43 sys=0.00, real=0.40 secs] 
1034.890: [Full GC (Ergonomics) [PSYoungGen: 134144K->102139K(153600K)] [ParOldGen: 349430K->349430K(349696K)] 483574K->451570K(503296K), [Metaspace: 78700K->78700K(1118208K)], 0.4676446 secs] [Times: user=2.61 sys=0.01, real=0.47 secs] 
1035.432: [Full GC (Ergonomics) [PSYoungGen: 134144K->94777K(153600K)] [ParOldGen: 349430K->349430K(349696K)] 483574K->444207K(503296K), [Metaspace: 78700K->78700K(1118208K)], 0.3977899 secs] [Times: user=2.35 sys=0.01, real=0.40 secs] 
1035.881: [Full GC (Ergonomics) [PSYoungGen: 134144K->103218K(153600K)] [ParOldGen: 349430K->349430K(349696K)] 483574K->452649K(503296K), [Metaspace: 78700K->78700K(1118208K)], 0.4788322 secs] [Times: user=2.89 sys=0.01, real=0.48 secs] 
1036.377: [Full GC (Ergonomics) [PSYoungGen: 134144K->112587K(153600K)] [ParOldGen: 349430K->349430K(349696K)] 483574K->462018K(503296K), [Metaspace: 78700K->78700K(1118208K)], 0.3961865 secs] [Times: user=2.18 sys=0.00, real=0.40 secs] 
1036.783: [Full GC (Ergonomics) [PSYoungGen: 134144K->104530K(153600K)] [ParOldGen: 349430K->349430K(349696K)] 483574K->453960K(503296K), [Metaspace: 78700K->78700K(1118208K)], 0.4397365 secs] [Times: user=2.78 sys=0.01, real=0.44 secs] 
1037.238: [Full GC (Ergonomics) [PSYoungGen: 134144K->104032K(153600K)] [ParOldGen: 349430K->349430K(349696K)] 483574K->453463K(503296K), [Metaspace: 78700K->78700K(1118208K)], 0.4836226 secs] [Times: user=2.86 sys=0.01, real=0.49 secs] 
1037.736: [Full GC (Ergonomics) [PSYoungGen: 134144K->110414K(153600K)] [ParOldGen: 349430K->349430K(349696K)] 483574K->459845K(503296K), [Metaspace: 78700K->78700K(1118208K)], 0.4628967 secs] [Times: user=2.56 sys=0.01, real=0.47 secs] 
1038.211: [Full GC (Ergonomics) [PSYoungGen: 134144K->102607K(153600K)] [ParOldGen: 349430K->349430K(349696K)] 483574K->452038K(503296K), [Metaspace: 78700K->78700K(1118208K)], 0.4311174 secs] [Times: user=2.65 sys=0.01, real=0.43 secs] 
1038.658: [Full GC (Ergonomics) [PSYoungGen: 134144K->104875K(153600K)] [ParOldGen: 349430K->349430K(349696K)] 483574K->454305K(503296K), [Metaspace: 78700K->78700K(1118208K)], 0.4009856 secs] [Times: user=2.27 sys=0.00, real=0.41 secs] 
1039.153: [Full GC (Ergonomics) [PSYoungGen: 134144K->96862K(153600K)] [ParOldGen: 349430K->349430K(349696K)] 483574K->446292K(503296K), [Metaspace: 78700K->78700K(1118208K)], 0.4165694 secs] [Times: user=2.42 sys=0.02, real=0.42 secs] 
1039.613: [Full GC (Ergonomics) [PSYoungGen: 134144K->104535K(153600K)] [ParOldGen: 349430K->349430K(349696K)] 483574K->453965K(503296K), [Metaspace: 78700K->78700K(1118208K)], 0.4433541 secs] [Times: user=2.53 sys=0.02, real=0.44 secs] 
1040.069: [Full GC (Ergonomics) [PSYoungGen: 134144K->114216K(153600K)] [ParOldGen: 349430K->349430K(349696K)] 483574K->463646K(503296K), [Metaspace: 78700K->78700K(1118208K)], 0.4646907 secs] [Times: user=2.52 sys=0.00, real=0.46 secs] 
1040.542: [Full GC (Ergonomics) [PSYoungGen: 134144K->101733K(153600K)] [ParOldGen: 349430K->349430K(349696K)] 483574K->451164K(503296K), [Metaspace: 78700K->78700K(1118208K)], 0.3809055 secs] [Times: user=2.27 sys=0.01, real=0.38 secs] 
1040.939: [Full GC (Ergonomics) [PSYoungGen: 134144K->105054K(153600K)] [ParOldGen: 349430K->349430K(349696K)] 483574K->454485K(503296K), [Metaspace: 78700K->78700K(1118208K)], 0.4981067 secs] [Times: user=2.81 sys=0.01, real=0.49 secs] 
1041.451: [Full GC (Ergonomics) [PSYoungGen: 134144K->105951K(153600K)] [ParOldGen: 349430K->349430K(349696K)] 483574K->455382K(503296K), [Metaspace: 78700K->78700K(1118208K)], 0.3882829 secs] [Times: user=2.30 sys=0.01, real=0.39 secs] 
1041.852: [Full GC (Ergonomics) [PSYoungGen: 134144K->107640K(153600K)] [ParOldGen: 349430K->349430K(349696K)] 483574K->457070K(503296K), [Metaspace: 78700K->78700K(1118208K)], 0.3715579 secs] [Times: user=2.15 sys=0.00, real=0.37 secs] 
1042.237: [Full GC (Ergonomics) [PSYoungGen: 134144K->106912K(153600K)] [ParOldGen: 349430K->349430K(349696K)] 483574K->456343K(503296K), [Metaspace: 78700K->78700K(1118208K)], 0.4451709 secs] [Times: user=2.58 sys=0.01, real=0.45 secs] 
1042.694: [Full GC (Ergonomics) [PSYoungGen: 134144K->103580K(153600K)] [ParOldGen: 349430K->349430K(349696K)] 483574K->453011K(503296K), [Metaspace: 78700K->78700K(1118208K)], 0.4817648 secs] [Times: user=2.98 sys=0.01, real=0.48 secs] 
1043.189: [Full GC (Ergonomics) [PSYoungGen: 134144K->107764K(153600K)] [ParOldGen: 349430K->349430K(349696K)] 483574K->457195K(503296K), [Metaspace: 78700K->78700K(1118208K)], 0.4381311 secs] [Times: user=2.58 sys=0.00, real=0.43 secs] 
1043.640: [Full GC (Ergonomics) [PSYoungGen: 134144K->110297K(153600K)] [ParOldGen: 349430K->349430K(349696K)] 483574K->459728K(503296K), [Metaspace: 78700K->78700K(1118208K)], 0.3749676 secs] [Times: user=2.19 sys=0.01, real=0.38 secs] 
1044.025: [Full GC (Ergonomics) [PSYoungGen: 134144K->107180K(153600K)] [ParOldGen: 349430K->349430K(349696K)] 483574K->456611K(503296K), [Metaspace: 78700K->78700K(1118208K)], 0.4167454 secs] [Times: user=2.32 sys=0.00, real=0.42 secs] 
1044.454: [Full GC (Ergonomics) [PSYoungGen: 134144K->106675K(153600K)] [ParOldGen: 349430K->349430K(349696K)] 483574K->456105K(503296K), [Metaspace: 78700K->78700K(1118208K)], 0.4473126 secs] [Times: user=2.65 sys=0.01, real=0.45 secs] 
1044.915: [Full GC (Ergonomics) [PSYoungGen: 134144K->111924K(153600K)] [ParOldGen: 349430K->349430K(349696K)] 483574K->461355K(503296K), [Metaspace: 78700K->78700K(1118208K)], 0.4748395 secs] [Times: user=2.82 sys=0.01, real=0.48 secs] 
1045.401: [Full GC (Ergonomics) [PSYoungGen: 134144K->106867K(153600K)] [ParOldGen: 349430K->349430K(349696K)] 483574K->456297K(503296K), [Metaspace: 78701K->78701K(1118208K)], 0.4266966 secs] [Times: user=2.22 sys=0.00, real=0.42 secs] 
1045.844: [Full GC (Ergonomics) [PSYoungGen: 134144K->108830K(153600K)] [ParOldGen: 349430K->349430K(349696K)] 483574K->458261K(503296K), [Metaspace: 78701K->78701K(1118208K)], 0.4082935 secs] [Times: user=2.42 sys=0.01, real=0.41 secs] 
1046.265: [Full GC (Ergonomics) [PSYoungGen: 134144K->111110K(153600K)] [ParOldGen: 349430K->349430K(349696K)] 483574K->460541K(503296K), [Metaspace: 78702K->78702K(1118208K)], 0.4033483 secs] [Times: user=2.34 sys=0.00, real=0.40 secs] 
1046.680: [Full GC (Ergonomics) [PSYoungGen: 134144K->101442K(153600K)] [ParOldGen: 349430K->349430K(349696K)] 483574K->450873K(503296K), [Metaspace: 78702K->78702K(1118208K)], 0.4220084 secs] [Times: user=2.61 sys=0.01, real=0.42 secs] 
1047.117: [Full GC (Ergonomics) [PSYoungGen: 134144K->109180K(153600K)] [ParOldGen: 349430K->349430K(349696K)] 483574K->458610K(503296K), [Metaspace: 78702K->78702K(1118208K)], 0.3938944 secs] [Times: user=2.19 sys=0.01, real=0.40 secs] 
1047.526: [Full GC (Ergonomics) [PSYoungGen: 134144K->106992K(153600K)] [ParOldGen: 349430K->349430K(349696K)] 483574K->456422K(503296K), [Metaspace: 78702K->78702K(1118208K)], 0.4337211 secs] [Times: user=2.50 sys=0.00, real=0.44 secs] 
1047.973: [Full GC (Ergonomics) [PSYoungGen: 134144K->111856K(153600K)] [ParOldGen: 349430K->349430K(349696K)] 483574K->461287K(503296K), [Metaspace: 78702K->78702K(1118208K)], 0.4611544 secs] [Times: user=2.87 sys=0.01, real=0.46 secs] 
1048.450: [Full GC (Ergonomics) [PSYoungGen: 134144K->112290K(153600K)] [ParOldGen: 349430K->349430K(349696K)] 483574K->461720K(503296K), [Metaspace: 78702K->78702K(1118208K)], 0.4794395 secs] [Times: user=2.84 sys=0.01, real=0.48 secs] 
1048.939: [Full GC (Ergonomics) [PSYoungGen: 134144K->107670K(153600K)] [ParOldGen: 349430K->349430K(349696K)] 483574K->457100K(503296K), [Metaspace: 78702K->78702K(1118208K)], 0.3773954 secs] [Times: user=2.27 sys=0.01, real=0.38 secs] 
1049.329: [Full GC (Ergonomics) [PSYoungGen: 134144K->108905K(153600K)] [ParOldGen: 349430K->349430K(349696K)] 483574K->458335K(503296K), [Metaspace: 78702K->78702K(1118208K)], 0.4271703 secs] [Times: user=2.49 sys=0.01, real=0.43 secs] 
1049.776: [Full GC (Ergonomics) [PSYoungGen: 134144K->113161K(153600K)] [ParOldGen: 349430K->349430K(349696K)] 483574K->462591K(503296K), [Metaspace: 78702K->78702K(1118208K)], 0.6110626 secs] [Times: user=2.30 sys=0.01, real=0.61 secs] 
1050.408: [Full GC (Ergonomics) [PSYoungGen: 134144K->111078K(153600K)] [ParOldGen: 349430K->349430K(349696K)] 483574K->460509K(503296K), [Metaspace: 78702K->78702K(1118208K)], 0.7208313 secs] [Times: user=2.77 sys=0.00, real=0.72 secs] 
1051.144: [Full GC (Ergonomics) [PSYoungGen: 134144K->108812K(153600K)] [ParOldGen: 349430K->349430K(349696K)] 483574K->458242K(503296K), [Metaspace: 78702K->78702K(1118208K)], 0.5123820 secs] [Times: user=2.79 sys=0.01, real=0.51 secs] 
1051.672: [Full GC (Ergonomics) [PSYoungGen: 134144K->110350K(153600K)] [ParOldGen: 349430K->349430K(349696K)] 483574K->459780K(503296K), [Metaspace: 78702K->78702K(1118208K)], 0.4875211 secs] [Times: user=2.83 sys=0.01, real=0.48 secs] 
1052.172: [Full GC (Ergonomics) [PSYoungGen: 134144K->105858K(153600K)] [ParOldGen: 349430K->349430K(349696K)] 483574K->455289K(503296K), [Metaspace: 78702K->78702K(1118208K)], 0.5123596 secs] [Times: user=2.99 sys=0.01, real=0.51 secs] 
1052.703: [Full GC (Ergonomics) [PSYoungGen: 134144K->113404K(153600K)] [ParOldGen: 349430K->349430K(349696K)] 483574K->462835K(503296K), [Metaspace: 78702K->78702K(1118208K)], 0.4723014 secs] [Times: user=2.68 sys=0.01, real=0.47 secs] 
1053.185: [Full GC (Ergonomics) [PSYoungGen: 134144K->110891K(153600K)] [ParOldGen: 349430K->349430K(349696K)] 483574K->460322K(503296K), [Metaspace: 78702K->78702K(1118208K)], 0.4126674 secs] [Times: user=2.46 sys=0.00, real=0.41 secs] 
1053.608: [Full GC (Ergonomics) [PSYoungGen: 134144K->109097K(153600K)] [ParOldGen: 349430K->349430K(349696K)] 483574K->458527K(503296K), [Metaspace: 78702K->78702K(1118208K)], 0.4304006 secs] [Times: user=2.41 sys=0.01, real=0.43 secs] 
1054.051: [Full GC (Ergonomics) [PSYoungGen: 134144K->112044K(153600K)] [ParOldGen: 349430K->349430K(349696K)] 483574K->461475K(503296K), [Metaspace: 78702K->78702K(1118208K)], 0.4031352 secs] [Times: user=2.47 sys=0.01, real=0.40 secs] 
1054.466: [Full GC (Ergonomics) [PSYoungGen: 134144K->107561K(153600K)] [ParOldGen: 349430K->349430K(349696K)] 483574K->456992K(503296K), [Metaspace: 78702K->78702K(1118208K)], 0.5050018 secs] [Times: user=2.96 sys=0.01, real=0.51 secs] 
1054.985: [Full GC (Ergonomics) [PSYoungGen: 134144K->111329K(153600K)] [ParOldGen: 349430K->349430K(349696K)] 483574K->460760K(503296K), [Metaspace: 78702K->78702K(1118208K)], 0.5005894 secs] [Times: user=2.93 sys=0.01, real=0.50 secs] 
1055.498: [Full GC (Ergonomics) [PSYoungGen: 134144K->115514K(153600K)] [ParOldGen: 349430K->349430K(349696K)] 483574K->464945K(503296K), [Metaspace: 78702K->78702K(1118208K)], 0.4590701 secs] [Times: user=2.67 sys=0.01, real=0.46 secs] 
1055.967: [Full GC (Ergonomics) [PSYoungGen: 134144K->107996K(153600K)] [ParOldGen: 349430K->349430K(349696K)] 483574K->457427K(503296K), [Metaspace: 78702K->78702K(1118208K)], 0.4042982 secs] [Times: user=2.42 sys=0.00, real=0.41 secs] 
1056.384: [Full GC (Ergonomics) [PSYoungGen: 134144K->107504K(153600K)] [ParOldGen: 349430K->349430K(349696K)] 483574K->456935K(503296K), [Metaspace: 78702K->78702K(1118208K)], 0.4381233 secs] [Times: user=2.60 sys=0.01, real=0.44 secs] 
1056.836: [Full GC (Ergonomics) [PSYoungGen: 134144K->115360K(153600K)] [ParOldGen: 349430K->349430K(349696K)] 483574K->464790K(503296K), [Metaspace: 78702K->78702K(1118208K)], 0.4489966 secs] [Times: user=2.48 sys=0.00, real=0.45 secs] 
1057.294: [Full GC (Ergonomics) [PSYoungGen: 134144K->115684K(153600K)] [ParOldGen: 349430K->349430K(349696K)] 483574K->465115K(503296K), [Metaspace: 78702K->78702K(1118208K)], 0.3683570 secs] [Times: user=2.18 sys=0.00, real=0.37 secs] 
1057.671: [Full GC (Ergonomics) [PSYoungGen: 134144K->110087K(153600K)] [ParOldGen: 349430K->349430K(349696K)] 483574K->459518K(503296K), [Metaspace: 78702K->78702K(1118208K)], 0.3974586 secs] [Times: user=2.22 sys=0.01, real=0.40 secs] 
1058.083: [Full GC (Ergonomics) [PSYoungGen: 134144K->108754K(153600K)] [ParOldGen: 349430K->349430K(349696K)] 483574K->458184K(503296K), [Metaspace: 78702K->78702K(1118208K)], 0.4340190 secs] [Times: user=2.69 sys=0.01, real=0.43 secs] 
1058.604: [Full GC (Ergonomics) [PSYoungGen: 134144K->101736K(153600K)] [ParOldGen: 349430K->349430K(349696K)] 483574K->451166K(503296K), [Metaspace: 78702K->78702K(1118208K)], 0.3579337 secs] [Times: user=2.22 sys=0.00, real=0.36 secs] 
1059.004: [Full GC (Ergonomics) [PSYoungGen: 134144K->107676K(153600K)] [ParOldGen: 349430K->349430K(349696K)] 483574K->457106K(503296K), [Metaspace: 78702K->78702K(1118208K)], 0.4438183 secs] [Times: user=2.75 sys=0.01, real=0.44 secs] 
1059.461: [Full GC (Ergonomics) [PSYoungGen: 134144K->116322K(153600K)] [ParOldGen: 349430K->349430K(349696K)] 483574K->465753K(503296K), [Metaspace: 78702K->78702K(1118208K)], 0.4057560 secs] [Times: user=2.25 sys=0.01, real=0.41 secs] 
1059.878: [Full GC (Ergonomics) [PSYoungGen: 134144K->116687K(153600K)] [ParOldGen: 349430K->349430K(349696K)] 483574K->466118K(503296K), [Metaspace: 78702K->78702K(1118208K)], 0.4347629 secs] [Times: user=2.40 sys=0.01, real=0.44 secs] 
1060.321: [Full GC (Ergonomics) [PSYoungGen: 134144K->107251K(153600K)] [ParOldGen: 349430K->349430K(349696K)] 483574K->456681K(503296K), [Metaspace: 78702K->78693K(1118208K)], 0.3952950 secs] [Times: user=2.25 sys=0.01, real=0.40 secs] 
1060.729: [Full GC (Ergonomics) [PSYoungGen: 134144K->111878K(153600K)] [ParOldGen: 349430K->349430K(349696K)] 483574K->461309K(503296K), [Metaspace: 78693K->78693K(1118208K)], 0.4334570 secs] [Times: user=2.37 sys=0.01, real=0.44 secs] 
1061.178: [Full GC (Ergonomics) [PSYoungGen: 134144K->117128K(153600K)] [ParOldGen: 349430K->349430K(349696K)] 483574K->466559K(503296K), [Metaspace: 78693K->78693K(1118208K)], 0.4520612 secs] [Times: user=2.63 sys=0.01, real=0.45 secs] 
1061.639: [Full GC (Ergonomics) [PSYoungGen: 134144K->111920K(153600K)] [ParOldGen: 349430K->349430K(349696K)] 483574K->461351K(503296K), [Metaspace: 78693K->78693K(1118208K)], 0.4066229 secs] [Times: user=2.31 sys=0.01, real=0.41 secs] 
1062.058: [Full GC (Ergonomics) [PSYoungGen: 134144K->108477K(153600K)] [ParOldGen: 349430K->349430K(349696K)] 483574K->457908K(503296K), [Metaspace: 78693K->78693K(1118208K)], 0.4099668 secs] [Times: user=2.45 sys=0.00, real=0.41 secs] 
1062.482: [Full GC (Ergonomics) [PSYoungGen: 134144K->116050K(153600K)] [ParOldGen: 349430K->349430K(349696K)] 483574K->465480K(503296K), [Metaspace: 78693K->78693K(1118208K)], 0.4891473 secs] [Times: user=2.81 sys=0.01, real=0.49 secs] 
1062.982: [Full GC (Ergonomics) [PSYoungGen: 134144K->117894K(153600K)] [ParOldGen: 349430K->349430K(349696K)] 483574K->467325K(503296K), [Metaspace: 78693K->78693K(1118208K)], 0.4257307 secs] [Times: user=2.45 sys=0.00, real=0.42 secs] 
1063.415: [Full GC (Ergonomics) [PSYoungGen: 134144K->114200K(153600K)] [ParOldGen: 349430K->349430K(349696K)] 483574K->463630K(503296K), [Metaspace: 78693K->78693K(1118208K)], 0.8696854 secs] [Times: user=5.81 sys=0.02, real=0.87 secs] 
1064.294: [Full GC (Ergonomics) [PSYoungGen: 134144K->109139K(153600K)] [ParOldGen: 349430K->349430K(349696K)] 483574K->458569K(503296K), [Metaspace: 78693K->78693K(1118208K)], 0.4252402 secs] [Times: user=2.66 sys=0.01, real=0.42 secs] 
1064.735: [Full GC (Ergonomics) [PSYoungGen: 134144K->111419K(153600K)] [ParOldGen: 349430K->349430K(349696K)] 483574K->460849K(503296K), [Metaspace: 78693K->78693K(1118208K)], 0.5610925 secs] [Times: user=3.41 sys=0.02, real=0.56 secs] 
1065.307: [Full GC (Ergonomics) [PSYoungGen: 134144K->115896K(153600K)] [ParOldGen: 349430K->349430K(349696K)] 483574K->465326K(503296K), [Metaspace: 78693K->78693K(1118208K)], 0.4247652 secs] [Times: user=2.54 sys=0.00, real=0.42 secs] 
1065.742: [Full GC (Ergonomics) [PSYoungGen: 134144K->114606K(153600K)] [ParOldGen: 349430K->349430K(349696K)] 483574K->464037K(503296K), [Metaspace: 78693K->78693K(1118208K)], 0.3845929 secs] [Times: user=2.29 sys=0.01, real=0.39 secs] 
1066.137: [Full GC (Ergonomics) [PSYoungGen: 134144K->114984K(153600K)] [ParOldGen: 349430K->349430K(349696K)] 483574K->464415K(503296K), [Metaspace: 78693K->78693K(1118208K)], 0.4637122 secs] [Times: user=2.72 sys=0.01, real=0.46 secs] 
1066.612: [Full GC (Ergonomics) [PSYoungGen: 134144K->114773K(153600K)] [ParOldGen: 349430K->349430K(349696K)] 483574K->464203K(503296K), [Metaspace: 78693K->78693K(1118208K)], 0.3821818 secs] [Times: user=2.31 sys=0.01, real=0.39 secs] 
1067.006: [Full GC (Ergonomics) [PSYoungGen: 134144K->115573K(153600K)] [ParOldGen: 349430K->349430K(349696K)] 483574K->465004K(503296K), [Metaspace: 78693K->78693K(1118208K)], 0.4179176 secs] [Times: user=2.33 sys=0.01, real=0.42 secs] 
1067.434: [Full GC (Ergonomics) [PSYoungGen: 134144K->111447K(153600K)] [ParOldGen: 349430K->349430K(349696K)] 483574K->460878K(503296K), [Metaspace: 78693K->78693K(1118208K)], 0.4212677 secs] [Times: user=2.32 sys=0.00, real=0.42 secs] 
1067.870: [Full GC (Ergonomics) [PSYoungGen: 134144K->109973K(153600K)] [ParOldGen: 349430K->349425K(349696K)] 483574K->459398K(503296K), [Metaspace: 78693K->78693K(1118208K)], 0.8697269 secs] [Times: user=5.83 sys=0.02, real=0.87 secs] 
1068.753: [Full GC (Ergonomics) [PSYoungGen: 134144K->114740K(153600K)] [ParOldGen: 349425K->349425K(349696K)] 483569K->464165K(503296K), [Metaspace: 78693K->78693K(1118208K)], 0.6613795 secs] [Times: user=4.25 sys=0.02, real=0.66 secs] 
1069.428: [Full GC (Ergonomics) [PSYoungGen: 134144K->120142K(153600K)] [ParOldGen: 349425K->349425K(349696K)] 483569K->469567K(503296K), [Metaspace: 78693K->78693K(1118208K)], 0.4082337 secs] [Times: user=2.26 sys=0.01, real=0.41 secs] 
1069.845: [Full GC (Ergonomics) [PSYoungGen: 134144K->114215K(153600K)] [ParOldGen: 349425K->349425K(349696K)] 483569K->463640K(503296K), [Metaspace: 78693K->78693K(1118208K)], 0.3934651 secs] [Times: user=2.32 sys=0.00, real=0.39 secs] 
1070.249: [Full GC (Ergonomics) [PSYoungGen: 134144K->108281K(153600K)] [ParOldGen: 349425K->349425K(349696K)] 483569K->457706K(503296K), [Metaspace: 78693K->78693K(1118208K)], 0.4035945 secs] [Times: user=2.14 sys=0.00, real=0.40 secs] 
1070.668: [Full GC (Ergonomics) [PSYoungGen: 134144K->112074K(153600K)] [ParOldGen: 349425K->349425K(349696K)] 483569K->461499K(503296K), [Metaspace: 78693K->78693K(1118208K)], 0.5607545 secs] [Times: user=3.05 sys=0.01, real=0.56 secs] 
1071.241: [Full GC (Ergonomics) [PSYoungGen: 134144K->112872K(153600K)] [ParOldGen: 349425K->349425K(349696K)] 483569K->462297K(503296K), [Metaspace: 78693K->78693K(1118208K)], 0.4028911 secs] [Times: user=2.37 sys=0.01, real=0.40 secs] 
1071.655: [Full GC (Ergonomics) [PSYoungGen: 134144K->112876K(153600K)] [ParOldGen: 349425K->349425K(349696K)] 483569K->462301K(503296K), [Metaspace: 78693K->78693K(1118208K)], 0.4219146 secs] [Times: user=2.38 sys=0.01, real=0.42 secs] 
1072.089: [Full GC (Ergonomics) [PSYoungGen: 134144K->112550K(153600K)] [ParOldGen: 349425K->349425K(349696K)] 483569K->461975K(503296K), [Metaspace: 78693K->78693K(1118208K)], 0.4379216 secs] [Times: user=2.74 sys=0.01, real=0.44 secs] 
1072.537: [Full GC (Ergonomics) [PSYoungGen: 134144K->112701K(153600K)] [ParOldGen: 349425K->349425K(349696K)] 483569K->462126K(503296K), [Metaspace: 78693K->78693K(1118208K)], 0.4017110 secs] [Times: user=2.40 sys=0.01, real=0.40 secs] 
1072.950: [Full GC (Ergonomics) [PSYoungGen: 134144K->118788K(153600K)] [ParOldGen: 349425K->349425K(349696K)] 483569K->468213K(503296K), [Metaspace: 78693K->78693K(1118208K)], 0.4550716 secs] [Times: user=2.50 sys=0.00, real=0.46 secs] 
1073.413: [Full GC (Ergonomics) [PSYoungGen: 134144K->121030K(153600K)] [ParOldGen: 349425K->349425K(349696K)] 483569K->470455K(503296K), [Metaspace: 78693K->78693K(1118208K)], 0.4140129 secs] [Times: user=2.22 sys=0.01, real=0.42 secs] 
1073.833: [Full GC (Ergonomics) [PSYoungGen: 134144K->113254K(153600K)] [ParOldGen: 349425K->349425K(349696K)] 483569K->462679K(503296K), [Metaspace: 78694K->78694K(1118208K)], 0.3518882 secs] [Times: user=2.17 sys=0.00, real=0.36 secs] 
1074.196: [Full GC (Ergonomics) [PSYoungGen: 134144K->111198K(153600K)] [ParOldGen: 349425K->349425K(349696K)] 483569K->460623K(503296K), [Metaspace: 78694K->78694K(1118208K)], 0.4586717 secs] [Times: user=2.89 sys=0.01, real=0.46 secs] 
1074.669: [Full GC (Ergonomics) [PSYoungGen: 134144K->115874K(153600K)] [ParOldGen: 349425K->349425K(349696K)] 483569K->465299K(503296K), [Metaspace: 78694K->78694K(1118208K)], 0.4073463 secs] [Times: user=2.43 sys=0.01, real=0.41 secs] 
1075.088: [Full GC (Ergonomics) [PSYoungGen: 134144K->116475K(153600K)] [ParOldGen: 349425K->349425K(349696K)] 483569K->465900K(503296K), [Metaspace: 78694K->78694K(1118208K)], 0.4098933 secs] [Times: user=2.47 sys=0.00, real=0.41 secs] 
1075.507: [Full GC (Ergonomics) [PSYoungGen: 134144K->113987K(153600K)] [ParOldGen: 349425K->349425K(349696K)] 483569K->463412K(503296K), [Metaspace: 78694K->78694K(1118208K)], 0.4105672 secs] [Times: user=2.48 sys=0.00, real=0.41 secs] 
1075.928: [Full GC (Ergonomics) [PSYoungGen: 134144K->114199K(153600K)] [ParOldGen: 349425K->349425K(349696K)] 483569K->463624K(503296K), [Metaspace: 78694K->78694K(1118208K)], 0.4026362 secs] [Times: user=2.47 sys=0.01, real=0.40 secs] 
1076.345: [Full GC (Ergonomics) [PSYoungGen: 134000K->111097K(153600K)] [ParOldGen: 349425K->349425K(349696K)] 483425K->460522K(503296K), [Metaspace: 78694K->78694K(1118208K)], 0.3874499 secs] [Times: user=2.36 sys=0.01, real=0.38 secs] 
1076.801: [Full GC (Ergonomics) [PSYoungGen: 134130K->101449K(153600K)] [ParOldGen: 349425K->349424K(349696K)] 483555K->450874K(503296K), [Metaspace: 78732K->78732K(1118208K)], 0.9004922 secs] [Times: user=5.77 sys=0.03, real=0.90 secs] 
1077.765: [Full GC (Ergonomics) [PSYoungGen: 134144K->100877K(153600K)] [ParOldGen: 349424K->349424K(349696K)] 483568K->450302K(503296K), [Metaspace: 78733K->78733K(1118208K)], 0.4224872 secs] [Times: user=2.46 sys=0.00, real=0.42 secs] 
1078.244: [Full GC (Ergonomics) [PSYoungGen: 134144K->104168K(153600K)] [ParOldGen: 349424K->349424K(349696K)] 483568K->453593K(503296K), [Metaspace: 78733K->78733K(1118208K)], 0.3558288 secs] [Times: user=2.12 sys=0.00, real=0.36 secs] 
1078.677: [Full GC (Ergonomics) [PSYoungGen: 134144K->102362K(153600K)] [ParOldGen: 349424K->349424K(349696K)] 483568K->451787K(503296K), [Metaspace: 78737K->78737K(1118208K)], 0.3559683 secs] [Times: user=2.10 sys=0.01, real=0.35 secs] 
1079.145: [Full GC (Ergonomics) [PSYoungGen: 134144K->106437K(153600K)] [ParOldGen: 349424K->349423K(349696K)] 483568K->455861K(503296K), [Metaspace: 78756K->78756K(1118208K)], 0.8582245 secs] [Times: user=5.68 sys=0.04, real=0.85 secs] 
1080.011: [Full GC (Ergonomics) [PSYoungGen: 134144K->118297K(153600K)] [ParOldGen: 349423K->349423K(349696K)] 483567K->467721K(503296K), [Metaspace: 78756K->78756K(1118208K)], 0.8624074 secs] [Times: user=5.82 sys=0.03, real=0.86 secs] 
1080.877: [Full GC (Ergonomics) [PSYoungGen: 134144K->118653K(153600K)] [ParOldGen: 349423K->349423K(349696K)] 483567K->468077K(503296K), [Metaspace: 78756K->78756K(1118208K)], 0.3640173 secs] [Times: user=2.12 sys=0.00, real=0.36 secs] 
1081.244: [Full GC (Ergonomics) [PSYoungGen: 134144K->118668K(153600K)] [ParOldGen: 349423K->349423K(349696K)] 483567K->468091K(503296K), [Metaspace: 78756K->78756K(1118208K)], 0.3494527 secs] [Times: user=2.08 sys=0.01, real=0.35 secs] 
1081.597: [Full GC (Ergonomics) [PSYoungGen: 134144K->119238K(153600K)] [ParOldGen: 349423K->349423K(349696K)] 483567K->468661K(503296K), [Metaspace: 78756K->78756K(1118208K)], 0.3793577 secs] [Times: user=2.15 sys=0.01, real=0.38 secs] 
1081.979: [Full GC (Ergonomics) [PSYoungGen: 134144K->119286K(153600K)] [ParOldGen: 349423K->349423K(349696K)] 483567K->468709K(503296K), [Metaspace: 78756K->78756K(1118208K)], 0.3627197 secs] [Times: user=2.14 sys=0.01, real=0.36 secs] 
1082.345: [Full GC (Ergonomics) [PSYoungGen: 134144K->119291K(153600K)] [ParOldGen: 349423K->349423K(349696K)] 483567K->468714K(503296K), [Metaspace: 78756K->78756K(1118208K)], 0.3469741 secs] [Times: user=2.11 sys=0.00, real=0.34 secs] 
1082.695: [Full GC (Ergonomics) [PSYoungGen: 134144K->119289K(153600K)] [ParOldGen: 349423K->349423K(349696K)] 483567K->468712K(503296K), [Metaspace: 78756K->78756K(1118208K)], 0.3760013 secs] [Times: user=2.11 sys=0.00, real=0.37 secs] 
1083.074: [Full GC (Ergonomics) [PSYoungGen: 134144K->119466K(153600K)] [ParOldGen: 349423K->349423K(349696K)] 483567K->468890K(503296K), [Metaspace: 78756K->78756K(1118208K)], 0.3659863 secs] [Times: user=2.12 sys=0.01, real=0.37 secs] 
1083.443: [Full GC (Ergonomics) [PSYoungGen: 134144K->119463K(153600K)] [ParOldGen: 349423K->349423K(349696K)] 483567K->468887K(503296K), [Metaspace: 78756K->78756K(1118208K)], 0.3840573 secs] [Times: user=2.21 sys=0.00, real=0.39 secs] 
1083.829: [Full GC (Ergonomics) [PSYoungGen: 130752K->118810K(153600K)] [ParOldGen: 349423K->349423K(349696K)] 480175K->468234K(503296K), [Metaspace: 78756K->78756K(1118208K)], 0.3870929 secs] [Times: user=2.44 sys=0.01, real=0.39 secs] 
1084.219: [Full GC (Ergonomics) [PSYoungGen: 134144K->122901K(153600K)] [ParOldGen: 349425K->349423K(349696K)] 483569K->472325K(503296K), [Metaspace: 78756K->78756K(1118208K)], 0.3461888 secs] [Times: user=2.12 sys=0.01, real=0.35 secs] 
1084.568: [Full GC (Ergonomics) [PSYoungGen: 134144K->119956K(153600K)] [ParOldGen: 349426K->349424K(349696K)] 483570K->469381K(503296K), [Metaspace: 78756K->78756K(1118208K)], 0.3518065 secs] [Times: user=2.14 sys=0.01, real=0.35 secs] 
1084.924: [Full GC (Ergonomics) [PSYoungGen: 134144K->120004K(153600K)] [ParOldGen: 349443K->349424K(349696K)] 483587K->469429K(503296K), [Metaspace: 78758K->78758K(1118208K)], 0.3742487 secs] [Times: user=2.31 sys=0.00, real=0.38 secs] 
1085.301: [Full GC (Ergonomics) [PSYoungGen: 134144K->120280K(153600K)] [ParOldGen: 349424K->349423K(349696K)] 483568K->469703K(503296K), [Metaspace: 78758K->78758K(1118208K)], 0.4192554 secs] [Times: user=2.61 sys=0.01, real=0.42 secs] 
1085.724: [Full GC (Ergonomics) [PSYoungGen: 134144K->122013K(153600K)] [ParOldGen: 349423K->349423K(349696K)] 483567K->471436K(503296K), [Metaspace: 78758K->78758K(1118208K)], 0.3523109 secs] [Times: user=2.14 sys=0.00, real=0.36 secs] 
1086.080: [Full GC (Ergonomics) [PSYoungGen: 134144K->121952K(153600K)] [ParOldGen: 349423K->349422K(349696K)] 483567K->471375K(503296K), [Metaspace: 78758K->78758K(1118208K)], 0.3879786 secs] [Times: user=2.21 sys=0.01, real=0.39 secs] 
1086.472: [Full GC (Ergonomics) [PSYoungGen: 134144K->122853K(153600K)] [ParOldGen: 349422K->349422K(349696K)] 483566K->472276K(503296K), [Metaspace: 78758K->78758K(1118208K)], 0.3765373 secs] [Times: user=2.28 sys=0.01, real=0.38 secs] 
1086.853: [Full GC (Ergonomics) [PSYoungGen: 134144K->123498K(153600K)] [ParOldGen: 349422K->349422K(349696K)] 483566K->472921K(503296K), [Metaspace: 78758K->78758K(1118208K)], 0.3805306 secs] [Times: user=2.18 sys=0.01, real=0.38 secs] 
1087.237: [Full GC (Ergonomics) [PSYoungGen: 134144K->125170K(153600K)] [ParOldGen: 349422K->349422K(349696K)] 483566K->474592K(503296K), [Metaspace: 78758K->78758K(1118208K)], 0.3674888 secs] [Times: user=2.13 sys=0.00, real=0.36 secs] 
1087.609: [Full GC (Ergonomics) [PSYoungGen: 134144K->125595K(153600K)] [ParOldGen: 349422K->349422K(349696K)] 483566K->475017K(503296K), [Metaspace: 78758K->78758K(1118208K)], 0.3601518 secs] [Times: user=2.14 sys=0.00, real=0.36 secs] 
1087.973: [Full GC (Ergonomics) [PSYoungGen: 134144K->126102K(153600K)] [ParOldGen: 349422K->349422K(349696K)] 483566K->475525K(503296K), [Metaspace: 78758K->78758K(1118208K)], 0.3689483 secs] [Times: user=2.17 sys=0.00, real=0.37 secs] 
1088.346: [Full GC (Ergonomics) [PSYoungGen: 134144K->126793K(153600K)] [ParOldGen: 349422K->349422K(349696K)] 483566K->476215K(503296K), [Metaspace: 78758K->78758K(1118208K)], 0.3740197 secs] [Times: user=2.24 sys=0.01, real=0.37 secs] 
1088.724: [Full GC (Ergonomics) [PSYoungGen: 134144K->127661K(153600K)] [ParOldGen: 349422K->349422K(349696K)] 483566K->477084K(503296K), [Metaspace: 78758K->78758K(1118208K)], 0.3502187 secs] [Times: user=2.13 sys=0.01, real=0.35 secs] 
1089.077: [Full GC (Ergonomics) [PSYoungGen: 134144K->128478K(153600K)] [ParOldGen: 349422K->349422K(349696K)] 483566K->477901K(503296K), [Metaspace: 78758K->78758K(1118208K)], 0.3493983 secs] [Times: user=2.15 sys=0.01, real=0.35 secs] 
1089.430: [Full GC (Ergonomics) [PSYoungGen: 134144K->125937K(153600K)] [ParOldGen: 349422K->349422K(349696K)] 483566K->475359K(503296K), [Metaspace: 78758K->78758K(1118208K)], 0.3645135 secs] [Times: user=2.16 sys=0.00, real=0.36 secs] 
1089.798: [Full GC (Ergonomics) [PSYoungGen: 134144K->126305K(153600K)] [ParOldGen: 349422K->349422K(349696K)] 483566K->475728K(503296K), [Metaspace: 78758K->78758K(1118208K)], 0.3858256 secs] [Times: user=2.18 sys=0.00, real=0.38 secs] 
1090.187: [Full GC (Ergonomics) [PSYoungGen: 134144K->126520K(153600K)] [ParOldGen: 349422K->349422K(349696K)] 483566K->475943K(503296K), [Metaspace: 78758K->78758K(1118208K)], 0.3977105 secs] [Times: user=2.23 sys=0.01, real=0.39 secs] 
1090.588: [Full GC (Ergonomics) [PSYoungGen: 134144K->126893K(153600K)] [ParOldGen: 349422K->349422K(349696K)] 483566K->476316K(503296K), [Metaspace: 78758K->78758K(1118208K)], 0.4228530 secs] [Times: user=2.25 sys=0.00, real=0.42 secs] 
1091.013: [Full GC (Ergonomics) [PSYoungGen: 134144K->127211K(153600K)] [ParOldGen: 349422K->349422K(349696K)] 483566K->476633K(503296K), [Metaspace: 78758K->78758K(1118208K)], 0.3967370 secs] [Times: user=2.11 sys=0.02, real=0.40 secs] 
1091.413: [Full GC (Ergonomics) [PSYoungGen: 134144K->127350K(153600K)] [ParOldGen: 349422K->349422K(349696K)] 483566K->476772K(503296K), [Metaspace: 78758K->78758K(1118208K)], 0.3687647 secs] [Times: user=2.16 sys=0.00, real=0.37 secs] 
1091.787: [Full GC (Ergonomics) [PSYoungGen: 134144K->127966K(153600K)] [ParOldGen: 349422K->349422K(349696K)] 483566K->477389K(503296K), [Metaspace: 78758K->78758K(1118208K)], 0.4035449 secs] [Times: user=2.21 sys=0.01, real=0.40 secs] 
1092.193: [Full GC (Ergonomics) [PSYoungGen: 134144K->128200K(153600K)] [ParOldGen: 349422K->349422K(349696K)] 483566K->477623K(503296K), [Metaspace: 78758K->78758K(1118208K)], 0.3670406 secs] [Times: user=2.18 sys=0.01, real=0.37 secs] 
1092.561: [Full GC (Ergonomics) [PSYoungGen: 134144K->128533K(153600K)] [ParOldGen: 349422K->349422K(349696K)] 483566K->477955K(503296K), [Metaspace: 78758K->78758K(1118208K)], 0.3937142 secs] [Times: user=2.30 sys=0.01, real=0.39 secs] 
1092.957: [Full GC (Ergonomics) [PSYoungGen: 134144K->126546K(153600K)] [ParOldGen: 349422K->349422K(349696K)] 483566K->475968K(503296K), [Metaspace: 78758K->78758K(1118208K)], 0.4188289 secs] [Times: user=2.34 sys=0.02, real=0.41 secs] 
1093.378: [Full GC (Ergonomics) [PSYoungGen: 134144K->121726K(153600K)] [ParOldGen: 349422K->349422K(349696K)] 483566K->471149K(503296K), [Metaspace: 78758K->78758K(1118208K)], 0.3665014 secs] [Times: user=2.13 sys=0.03, real=0.36 secs] 
1093.747: [Full GC (Ergonomics) [PSYoungGen: 134144K->119985K(153600K)] [ParOldGen: 349422K->349422K(349696K)] 483566K->469407K(503296K), [Metaspace: 78758K->78758K(1118208K)], 0.3946465 secs] [Times: user=2.25 sys=0.02, real=0.39 secs] 
1094.145: [Full GC (Ergonomics) [PSYoungGen: 134144K->119879K(153600K)] [ParOldGen: 349422K->349422K(349696K)] 483566K->469302K(503296K), [Metaspace: 78758K->78758K(1118208K)], 0.3947111 secs] [Times: user=2.32 sys=0.06, real=0.40 secs] 
1094.543: [Full GC (Ergonomics) [PSYoungGen: 134144K->120712K(153600K)] [ParOldGen: 349422K->349422K(349696K)] 483566K->470134K(503296K), [Metaspace: 78758K->78758K(1118208K)], 0.3847779 secs] [Times: user=2.30 sys=0.06, real=0.39 secs] 
1094.932: [Full GC (Ergonomics) [PSYoungGen: 134144K->120543K(153600K)] [ParOldGen: 349422K->349422K(349696K)] 483566K->469965K(503296K), [Metaspace: 78758K->78758K(1118208K)], 0.4148626 secs] [Times: user=2.56 sys=0.02, real=0.42 secs] 
1095.351: [Full GC (Ergonomics) [PSYoungGen: 134144K->121272K(153600K)] [ParOldGen: 349422K->349422K(349696K)] 483566K->470695K(503296K), [Metaspace: 78758K->78758K(1118208K)], 0.3662942 secs] [Times: user=2.17 sys=0.04, real=0.37 secs] 
1095.720: [Full GC (Ergonomics) [PSYoungGen: 134144K->121501K(153600K)] [ParOldGen: 349422K->349422K(349696K)] 483566K->470923K(503296K), [Metaspace: 78758K->78758K(1118208K)], 0.3696345 secs] [Times: user=2.14 sys=0.01, real=0.37 secs] 
1096.094: [Full GC (Ergonomics) [PSYoungGen: 134144K->122031K(153600K)] [ParOldGen: 349422K->349422K(349696K)] 483566K->471454K(503296K), [Metaspace: 78758K->78758K(1118208K)], 0.3987895 secs] [Times: user=2.23 sys=0.07, real=0.40 secs] 
1096.499: [Full GC (Ergonomics) [PSYoungGen: 134144K->122563K(153600K)] [ParOldGen: 349422K->349422K(349696K)] 483566K->471985K(503296K), [Metaspace: 78758K->78758K(1118208K)], 0.4718713 secs] [Times: user=2.22 sys=0.04, real=0.47 secs] 
1096.974: [Full GC (Ergonomics) [PSYoungGen: 134144K->123270K(153600K)] [ParOldGen: 349422K->349422K(349696K)] 483566K->472693K(503296K), [Metaspace: 78758K->78758K(1118208K)], 0.3614430 secs] [Times: user=2.11 sys=0.03, real=0.36 secs] 
1097.340: [Full GC (Ergonomics) [PSYoungGen: 134144K->123517K(153600K)] [ParOldGen: 349422K->349422K(349696K)] 483566K->472940K(503296K), [Metaspace: 78758K->78758K(1118208K)], 0.3748617 secs] [Times: user=2.15 sys=0.02, real=0.37 secs] 
1097.719: [Full GC (Ergonomics) [PSYoungGen: 134144K->124073K(153600K)] [ParOldGen: 349422K->349422K(349696K)] 483566K->473496K(503296K), [Metaspace: 78758K->78758K(1118208K)], 0.4208654 secs] [Times: user=2.28 sys=0.06, real=0.42 secs] 
1098.145: [Full GC (Ergonomics) [PSYoungGen: 134144K->124505K(153600K)] [ParOldGen: 349422K->349422K(349696K)] 483566K->473928K(503296K), [Metaspace: 78758K->78758K(1118208K)], 0.3710454 secs] [Times: user=2.15 sys=0.04, real=0.37 secs] 
1098.520: [Full GC (Ergonomics) [PSYoungGen: 134144K->124718K(153600K)] [ParOldGen: 349422K->349422K(349696K)] 483566K->474140K(503296K), [Metaspace: 78758K->78758K(1118208K)], 0.3952449 secs] [Times: user=2.21 sys=0.04, real=0.39 secs] 
1098.920: [Full GC (Ergonomics) [PSYoungGen: 134144K->124910K(153600K)] [ParOldGen: 349422K->349422K(349696K)] 483566K->474333K(503296K), [Metaspace: 78758K->78758K(1118208K)], 0.3734329 secs] [Times: user=2.21 sys=0.01, real=0.37 secs] 
1099.297: [Full GC (Ergonomics) [PSYoungGen: 134144K->125262K(153600K)] [ParOldGen: 349422K->349422K(349696K)] 483566K->474685K(503296K), [Metaspace: 78758K->78758K(1118208K)], 0.3786925 secs] [Times: user=2.26 sys=0.02, real=0.38 secs] 
1099.678: [Full GC (Ergonomics) [PSYoungGen: 134144K->125412K(153600K)] [ParOldGen: 349422K->349422K(349696K)] 483566K->474834K(503296K), [Metaspace: 78758K->78758K(1118208K)], 0.3681563 secs] [Times: user=2.14 sys=0.04, real=0.36 secs] 
1100.050: [Full GC (Ergonomics) [PSYoungGen: 134144K->125624K(153600K)] [ParOldGen: 349422K->349422K(349696K)] 483566K->475046K(503296K), [Metaspace: 78758K->78758K(1118208K)], 0.3544890 secs] [Times: user=2.14 sys=0.03, real=0.35 secs] 
1100.406: [Full GC (Ergonomics) [PSYoungGen: 134144K->126046K(153600K)] [ParOldGen: 349422K->349422K(349696K)] 483566K->475468K(503296K), [Metaspace: 78758K->78758K(1118208K)], 0.3794452 secs] [Times: user=2.26 sys=0.01, real=0.38 secs] 
1100.788: [Full GC (Ergonomics) [PSYoungGen: 134144K->124098K(153600K)] [ParOldGen: 349422K->349422K(349696K)] 483566K->473520K(503296K), [Metaspace: 78758K->78758K(1118208K)], 0.3650986 secs] [Times: user=2.26 sys=0.03, real=0.36 secs] 
1101.156: [Full GC (Ergonomics) [PSYoungGen: 134144K->123682K(153600K)] [ParOldGen: 349422K->349422K(349696K)] 483566K->473105K(503296K), [Metaspace: 78758K->78758K(1118208K)], 0.3420752 secs] [Times: user=2.12 sys=0.03, real=0.35 secs] 
1101.500: [Full GC (Ergonomics) [PSYoungGen: 134144K->123616K(153600K)] [ParOldGen: 349422K->349422K(349696K)] 483566K->473039K(503296K), [Metaspace: 78758K->78758K(1118208K)], 0.3742947 secs] [Times: user=2.22 sys=0.03, real=0.37 secs] 
1101.878: [Full GC (Ergonomics) [PSYoungGen: 134144K->120179K(153600K)] [ParOldGen: 349422K->349422K(349696K)] 483566K->469602K(503296K), [Metaspace: 78758K->78758K(1118208K)], 0.4203790 secs] [Times: user=2.39 sys=0.02, real=0.42 secs] 
1102.301: [Full GC (Ergonomics) [PSYoungGen: 134144K->120109K(153600K)] [ParOldGen: 349422K->349422K(349696K)] 483566K->469531K(503296K), [Metaspace: 78758K->78758K(1118208K)], 0.3603088 secs] [Times: user=2.16 sys=0.02, real=0.36 secs] 
1102.665: [Full GC (Ergonomics) [PSYoungGen: 134144K->120763K(153600K)] [ParOldGen: 349422K->349422K(349696K)] 483566K->470185K(503296K), [Metaspace: 78758K->78758K(1118208K)], 0.3796460 secs] [Times: user=2.18 sys=0.04, real=0.38 secs] 
1103.049: [Full GC (Ergonomics) [PSYoungGen: 134144K->120596K(153600K)] [ParOldGen: 349422K->349422K(349696K)] 483566K->470018K(503296K), [Metaspace: 78758K->78758K(1118208K)], 0.4582851 secs] [Times: user=2.63 sys=0.02, real=0.45 secs] 
1103.511: [Full GC (Ergonomics) [PSYoungGen: 134144K->120935K(153600K)] [ParOldGen: 349422K->349422K(349696K)] 483566K->470357K(503296K), [Metaspace: 78758K->78758K(1118208K)], 0.3627087 secs] [Times: user=2.13 sys=0.01, real=0.36 secs] 
1103.878: [Full GC (Ergonomics) [PSYoungGen: 134144K->121656K(153600K)] [ParOldGen: 349422K->349422K(349696K)] 483566K->471078K(503296K), [Metaspace: 78758K->78758K(1118208K)], 0.3815433 secs] [Times: user=2.14 sys=0.00, real=0.39 secs] 
1104.263: [Full GC (Ergonomics) [PSYoungGen: 134144K->122080K(153600K)] [ParOldGen: 349422K->349422K(349696K)] 483566K->471503K(503296K), [Metaspace: 78758K->78758K(1118208K)], 0.3511880 secs] [Times: user=2.15 sys=0.00, real=0.35 secs] 
1104.619: [Full GC (Ergonomics) [PSYoungGen: 134144K->122832K(153600K)] [ParOldGen: 349422K->349422K(349696K)] 483566K->472255K(503296K), [Metaspace: 78758K->78758K(1118208K)], 0.3802982 secs] [Times: user=2.30 sys=0.01, real=0.38 secs] 
1105.004: [Full GC (Ergonomics) [PSYoungGen: 134144K->123714K(153600K)] [ParOldGen: 349422K->349422K(349696K)] 483566K->473137K(503296K), [Metaspace: 78758K->78758K(1118208K)], 0.3886582 secs] [Times: user=2.18 sys=0.00, real=0.39 secs] 
1105.397: [Full GC (Ergonomics) [PSYoungGen: 134144K->124227K(153600K)] [ParOldGen: 349422K->349422K(349696K)] 483566K->473650K(503296K), [Metaspace: 78758K->78758K(1118208K)], 0.3632024 secs] [Times: user=2.14 sys=0.01, real=0.37 secs] 
1105.765: [Full GC (Ergonomics) [PSYoungGen: 134144K->125464K(153600K)] [ParOldGen: 349422K->349422K(349696K)] 483566K->474887K(503296K), [Metaspace: 78758K->78758K(1118208K)], 0.3639973 secs] [Times: user=2.15 sys=0.01, real=0.37 secs] 
1106.132: [Full GC (Ergonomics) [PSYoungGen: 134144K->125957K(153600K)] [ParOldGen: 349422K->349422K(349696K)] 483566K->475380K(503296K), [Metaspace: 78758K->78758K(1118208K)], 0.3684099 secs] [Times: user=2.17 sys=0.00, real=0.37 secs] 
1106.504: [Full GC (Ergonomics) [PSYoungGen: 134144K->126259K(153600K)] [ParOldGen: 349422K->349422K(349696K)] 483566K->475682K(503296K), [Metaspace: 78758K->78758K(1118208K)], 0.3872982 secs] [Times: user=2.37 sys=0.01, real=0.39 secs] 
1106.895: [Full GC (Ergonomics) [PSYoungGen: 134144K->126663K(153600K)] [ParOldGen: 349422K->349422K(349696K)] 483566K->476086K(503296K), [Metaspace: 78758K->78758K(1118208K)], 0.4051225 secs] [Times: user=2.18 sys=0.01, real=0.41 secs] 
1107.302: [Full GC (Ergonomics) [PSYoungGen: 134144K->126844K(153600K)] [ParOldGen: 349422K->349422K(349696K)] 483566K->476267K(503296K), [Metaspace: 78758K->78758K(1118208K)], 0.3716410 secs] [Times: user=2.14 sys=0.01, real=0.37 secs] 
1107.676: [Full GC (Ergonomics) [PSYoungGen: 134144K->126756K(153600K)] [ParOldGen: 349422K->349422K(349696K)] 483566K->476179K(503296K), [Metaspace: 78758K->78758K(1118208K)], 0.3737115 secs] [Times: user=2.15 sys=0.00, real=0.38 secs] 
1108.052: [Full GC (Ergonomics) [PSYoungGen: 134144K->126756K(153600K)] [ParOldGen: 349422K->349422K(349696K)] 483566K->476179K(503296K), [Metaspace: 78758K->78758K(1118208K)], 0.4103681 secs] [Times: user=2.24 sys=0.02, real=0.41 secs] 
1108.466: [Full GC (Ergonomics) [PSYoungGen: 134144K->126410K(153600K)] [ParOldGen: 349422K->349422K(349696K)] 483566K->475832K(503296K), [Metaspace: 78758K->78758K(1118208K)], 0.6365946 secs] [Times: user=2.30 sys=0.01, real=0.64 secs] 
1109.106: [Full GC (Ergonomics) [PSYoungGen: 134144K->126492K(153600K)] [ParOldGen: 349422K->349422K(349696K)] 483566K->475914K(503296K), [Metaspace: 78765K->78765K(1118208K)], 0.3781460 secs] [Times: user=2.12 sys=0.03, real=0.38 secs] 
1109.487: [Full GC (Ergonomics) [PSYoungGen: 134144K->126517K(153600K)] [ParOldGen: 349422K->349422K(349696K)] 483566K->475940K(503296K), [Metaspace: 78766K->78766K(1118208K)], 0.3965896 secs] [Times: user=2.17 sys=0.05, real=0.40 secs] 
1109.887: [Full GC (Ergonomics) [PSYoungGen: 134144K->123338K(153600K)] [ParOldGen: 349422K->349422K(349696K)] 483566K->472760K(503296K), [Metaspace: 78766K->78762K(1118208K)], 0.4024363 secs] [Times: user=2.22 sys=0.05, real=0.41 secs] 
1110.293: [Full GC (Ergonomics) [PSYoungGen: 134144K->122550K(153600K)] [ParOldGen: 349422K->349422K(349696K)] 483566K->471972K(503296K), [Metaspace: 78762K->78762K(1118208K)], 0.3528462 secs] [Times: user=2.18 sys=0.03, real=0.35 secs] 
1110.648: [Full GC (Ergonomics) [PSYoungGen: 134144K->123186K(153600K)] [ParOldGen: 349422K->349422K(349696K)] 483566K->472609K(503296K), [Metaspace: 78762K->78762K(1118208K)], 0.3483036 secs] [Times: user=2.10 sys=0.04, real=0.35 secs] 
1111.000: [Full GC (Ergonomics) [PSYoungGen: 134144K->124161K(153600K)] [ParOldGen: 349422K->349422K(349696K)] 483566K->473584K(503296K), [Metaspace: 78762K->78762K(1118208K)], 0.3686264 secs] [Times: user=2.16 sys=0.03, real=0.36 secs] 
1111.371: [Full GC (Ergonomics) [PSYoungGen: 134144K->119724K(153600K)] [ParOldGen: 349422K->349422K(349696K)] 483566K->469146K(503296K), [Metaspace: 78762K->78762K(1118208K)], 0.3845287 secs] [Times: user=2.21 sys=0.02, real=0.38 secs] 
1111.760: [Full GC (Ergonomics) [PSYoungGen: 134144K->119982K(153600K)] [ParOldGen: 349422K->349422K(349696K)] 483566K->469404K(503296K), [Metaspace: 78762K->78762K(1118208K)], 0.4039884 secs] [Times: user=2.41 sys=0.06, real=0.40 secs] 
1112.166: [Full GC (Ergonomics) [PSYoungGen: 134144K->119917K(153600K)] [ParOldGen: 349422K->349422K(349696K)] 483566K->469340K(503296K), [Metaspace: 78762K->78762K(1118208K)], 0.3819358 secs] [Times: user=2.10 sys=0.03, real=0.38 secs] 
1112.551: [Full GC (Ergonomics) [PSYoungGen: 134144K->120431K(153600K)] [ParOldGen: 349422K->349422K(349696K)] 483566K->469854K(503296K), [Metaspace: 78762K->78762K(1118208K)], 0.3997080 secs] [Times: user=2.20 sys=0.07, real=0.40 secs] 
1112.956: [Full GC (Ergonomics) [PSYoungGen: 134144K->120973K(153600K)] [ParOldGen: 349422K->349422K(349696K)] 483566K->470396K(503296K), [Metaspace: 78762K->78762K(1118208K)], 0.4710330 secs] [Times: user=2.51 sys=0.02, real=0.47 secs] 
1113.430: [Full GC (Ergonomics) [PSYoungGen: 134144K->121138K(153600K)] [ParOldGen: 349422K->349422K(349696K)] 483566K->470561K(503296K), [Metaspace: 78762K->78762K(1118208K)], 0.4030195 secs] [Times: user=2.36 sys=0.04, real=0.40 secs] 
1113.836: [Full GC (Ergonomics) [PSYoungGen: 134144K->121855K(153600K)] [ParOldGen: 349422K->349422K(349696K)] 483566K->471278K(503296K), [Metaspace: 78762K->78762K(1118208K)], 0.3773888 secs] [Times: user=2.10 sys=0.03, real=0.38 secs] 
1114.217: [Full GC (Ergonomics) [PSYoungGen: 134144K->122326K(153600K)] [ParOldGen: 349422K->349422K(349696K)] 483566K->471749K(503296K), [Metaspace: 78762K->78762K(1118208K)], 0.3810759 secs] [Times: user=2.16 sys=0.04, real=0.38 secs] 
1114.602: [Full GC (Ergonomics) [PSYoungGen: 134144K->123787K(153600K)] [ParOldGen: 349422K->349422K(349696K)] 483566K->473210K(503296K), [Metaspace: 78762K->78762K(1118208K)], 0.3566088 secs] [Times: user=2.18 sys=0.01, real=0.35 secs] 
1114.962: [Full GC (Ergonomics) [PSYoungGen: 134144K->123392K(153600K)] [ParOldGen: 349422K->349422K(349696K)] 483566K->472815K(503296K), [Metaspace: 78762K->78762K(1118208K)], 0.3645545 secs] [Times: user=2.20 sys=0.01, real=0.36 secs] 
1115.331: [Full GC (Ergonomics) [PSYoungGen: 134144K->124131K(153600K)] [ParOldGen: 349422K->349422K(349696K)] 483566K->473553K(503296K), [Metaspace: 78762K->78762K(1118208K)], 0.3777773 secs] [Times: user=2.33 sys=0.00, real=0.37 secs] 
1115.713: [Full GC (Ergonomics) [PSYoungGen: 134144K->125589K(153600K)] [ParOldGen: 349422K->349422K(349696K)] 483566K->475012K(503296K), [Metaspace: 78762K->78762K(1118208K)], 0.3512211 secs] [Times: user=2.11 sys=0.00, real=0.35 secs] 
1116.067: [Full GC (Ergonomics) [PSYoungGen: 134144K->125867K(153600K)] [ParOldGen: 349422K->349422K(349696K)] 483566K->475290K(503296K), [Metaspace: 78762K->78762K(1118208K)], 0.3780611 secs] [Times: user=2.20 sys=0.01, real=0.38 secs] 
1116.449: [Full GC (Ergonomics) [PSYoungGen: 134144K->126216K(153600K)] [ParOldGen: 349422K->349422K(349696K)] 483566K->475639K(503296K), [Metaspace: 78762K->78762K(1118208K)], 0.3852705 secs] [Times: user=2.24 sys=0.00, real=0.39 secs] 
1116.837: [Full GC (Ergonomics) [PSYoungGen: 134144K->126375K(153600K)] [ParOldGen: 349422K->349422K(349696K)] 483566K->475797K(503296K), [Metaspace: 78762K->78762K(1118208K)], 0.3677693 secs] [Times: user=2.13 sys=0.01, real=0.37 secs] 
1117.208: [Full GC (Ergonomics) [PSYoungGen: 134144K->126360K(153600K)] [ParOldGen: 349422K->349422K(349696K)] 483566K->475783K(503296K), [Metaspace: 78762K->78762K(1118208K)], 0.3856841 secs] [Times: user=2.27 sys=0.01, real=0.39 secs] 
1117.596: [Full GC (Ergonomics) [PSYoungGen: 134144K->126672K(153600K)] [ParOldGen: 349422K->349422K(349696K)] 483566K->476094K(503296K), [Metaspace: 78762K->78762K(1118208K)], 0.3732602 secs] [Times: user=2.16 sys=0.00, real=0.37 secs] 
1117.973: [Full GC (Ergonomics) [PSYoungGen: 134144K->124985K(153600K)] [ParOldGen: 349422K->349422K(349696K)] 483566K->474408K(503296K), [Metaspace: 78762K->78762K(1118208K)], 0.4315028 secs] [Times: user=2.34 sys=0.01, real=0.43 secs] 
1118.407: [Full GC (Ergonomics) [PSYoungGen: 134144K->124760K(153600K)] [ParOldGen: 349425K->349422K(349696K)] 483569K->474183K(503296K), [Metaspace: 78762K->78762K(1118208K)], 0.3548999 secs] [Times: user=2.16 sys=0.01, real=0.36 secs] 
1118.766: [Full GC (Ergonomics) [PSYoungGen: 134144K->124444K(153600K)] [ParOldGen: 349455K->349426K(349696K)] 483599K->473870K(503296K), [Metaspace: 78770K->78770K(1118208K)], 0.4007194 secs] [Times: user=2.35 sys=0.01, real=0.40 secs] 
1119.169: [Full GC (Ergonomics) [PSYoungGen: 134143K->120842K(153600K)] [ParOldGen: 349426K->349422K(349696K)] 483570K->470265K(503296K), [Metaspace: 78770K->78766K(1118208K)], 0.3625385 secs] [Times: user=2.20 sys=0.00, real=0.37 secs] 
1119.535: [Full GC (Ergonomics) [PSYoungGen: 134144K->120346K(153600K)] [ParOldGen: 349422K->349422K(349696K)] 483566K->469769K(503296K), [Metaspace: 78766K->78766K(1118208K)], 0.3548263 secs] [Times: user=2.15 sys=0.00, real=0.35 secs] 
1119.897: [Full GC (Ergonomics) [PSYoungGen: 134144K->121138K(153600K)] [ParOldGen: 349422K->349422K(349696K)] 483566K->470561K(503296K), [Metaspace: 78766K->78766K(1118208K)], 0.3695528 secs] [Times: user=2.10 sys=0.01, real=0.37 secs] 
1120.270: [Full GC (Ergonomics) [PSYoungGen: 134144K->122078K(153600K)] [ParOldGen: 349422K->349422K(349696K)] 483566K->471500K(503296K), [Metaspace: 78766K->78766K(1118208K)], 0.3735454 secs] [Times: user=2.15 sys=0.00, real=0.38 secs] 
1120.647: [Full GC (Ergonomics) [PSYoungGen: 134144K->123404K(153600K)] [ParOldGen: 349422K->349422K(349696K)] 483566K->472827K(503296K), [Metaspace: 78766K->78766K(1118208K)], 0.3858019 secs] [Times: user=2.27 sys=0.00, real=0.39 secs] 
1121.038: [Full GC (Ergonomics) [PSYoungGen: 134144K->121281K(153600K)] [ParOldGen: 349422K->349422K(349696K)] 483566K->470703K(503296K), [Metaspace: 78766K->78766K(1118208K)], 0.3742201 secs] [Times: user=2.22 sys=0.01, real=0.38 secs] 
1121.416: [Full GC (Ergonomics) [PSYoungGen: 134144K->121936K(153600K)] [ParOldGen: 349422K->349422K(349696K)] 483566K->471359K(503296K), [Metaspace: 78766K->78766K(1118208K)], 0.3606770 secs] [Times: user=2.16 sys=0.00, real=0.36 secs] 
1121.780: [Full GC (Ergonomics) [PSYoungGen: 134144K->122206K(153600K)] [ParOldGen: 349422K->349422K(349696K)] 483566K->471629K(503296K), [Metaspace: 78766K->78766K(1118208K)], 0.3677833 secs] [Times: user=2.15 sys=0.01, real=0.37 secs] 
1122.152: [Full GC (Ergonomics) [PSYoungGen: 134144K->123975K(153600K)] [ParOldGen: 349422K->349422K(349696K)] 483566K->473398K(503296K), [Metaspace: 78766K->78766K(1118208K)], 0.3676871 secs] [Times: user=2.24 sys=0.00, real=0.36 secs] 
1122.523: [Full GC (Ergonomics) [PSYoungGen: 134144K->123400K(153600K)] [ParOldGen: 349422K->349422K(349696K)] 483566K->472823K(503296K), [Metaspace: 78766K->78766K(1118208K)], 0.3637258 secs] [Times: user=2.18 sys=0.01, real=0.36 secs] 
1122.890: [Full GC (Ergonomics) [PSYoungGen: 134144K->123746K(153600K)] [ParOldGen: 349422K->349422K(349696K)] 483566K->473168K(503296K), [Metaspace: 78767K->78767K(1118208K)], 0.4628794 secs] [Times: user=2.69 sys=0.00, real=0.47 secs] 
1123.356: [Full GC (Ergonomics) [PSYoungGen: 134144K->124020K(153600K)] [ParOldGen: 349422K->349422K(349696K)] 483566K->473442K(503296K), [Metaspace: 78767K->78767K(1118208K)], 0.8815231 secs] [Times: user=5.67 sys=0.03, real=0.88 secs] 
1124.241: [Full GC (Ergonomics) [PSYoungGen: 134144K->123960K(153600K)] [ParOldGen: 349422K->349422K(349696K)] 483566K->473383K(503296K), [Metaspace: 78767K->78767K(1118208K)], 0.3631935 secs] [Times: user=2.16 sys=0.00, real=0.37 secs] 
1124.609: [Full GC (Ergonomics) [PSYoungGen: 134144K->125108K(153600K)] [ParOldGen: 349422K->349422K(349696K)] 483566K->474530K(503296K), [Metaspace: 78767K->78767K(1118208K)], 0.3648812 secs] [Times: user=2.20 sys=0.01, real=0.37 secs] 
1124.977: [Full GC (Ergonomics) [PSYoungGen: 134144K->125380K(153600K)] [ParOldGen: 349422K->349422K(349696K)] 483566K->474803K(503296K), [Metaspace: 78767K->78728K(1118208K)], 0.4067458 secs] [Times: user=2.30 sys=0.01, real=0.41 secs] 
1125.387: [Full GC (Ergonomics) [PSYoungGen: 134144K->125616K(153600K)] [ParOldGen: 349422K->349422K(349696K)] 483566K->475039K(503296K), [Metaspace: 78728K->78713K(1118208K)], 0.4027943 secs] [Times: user=2.43 sys=0.01, real=0.40 secs] 
1125.793: [Full GC (Ergonomics) [PSYoungGen: 134144K->125618K(153600K)] [ParOldGen: 349422K->349422K(349696K)] 483566K->475041K(503296K), [Metaspace: 78713K->78713K(1118208K)], 0.3729388 secs] [Times: user=2.10 sys=0.00, real=0.37 secs] 
1126.168: [Full GC (Ergonomics) [PSYoungGen: 134144K->124154K(153600K)] [ParOldGen: 349422K->349422K(349696K)] 483566K->473577K(503296K), [Metaspace: 78713K->78713K(1118208K)], 0.4047351 secs] [Times: user=2.30 sys=0.00, real=0.41 secs] 
1126.577: [Full GC (Ergonomics) [PSYoungGen: 134144K->124464K(153600K)] [ParOldGen: 349422K->349422K(349696K)] 483566K->473886K(503296K), [Metaspace: 78715K->78715K(1118208K)], 0.3883642 secs] [Times: user=2.15 sys=0.01, real=0.39 secs] 
1126.970: [Full GC (Ergonomics) [PSYoungGen: 134144K->124464K(153600K)] [ParOldGen: 349422K->349422K(349696K)] 483566K->473886K(503296K), [Metaspace: 78720K->78720K(1118208K)], 0.4353391 secs] [Times: user=2.16 sys=0.00, real=0.44 secs] 
1127.409: [Full GC (Ergonomics) [PSYoungGen: 134144K->124341K(153600K)] [ParOldGen: 349422K->349422K(349696K)] 483566K->473764K(503296K), [Metaspace: 78720K->78720K(1118208K)], 0.4102367 secs] [Times: user=2.37 sys=0.00, real=0.41 secs] 
1127.822: [Full GC (Ergonomics) [PSYoungGen: 134144K->124387K(153600K)] [ParOldGen: 349422K->349422K(349696K)] 483566K->473810K(503296K), [Metaspace: 78720K->78717K(1118208K)], 0.4079508 secs] [Times: user=2.26 sys=0.01, real=0.40 secs] 
1128.235: [Full GC (Ergonomics) [PSYoungGen: 134144K->124267K(153600K)] [ParOldGen: 349422K->349422K(349696K)] 483566K->473689K(503296K), [Metaspace: 78717K->78694K(1118208K)], 0.4156644 secs] [Times: user=2.47 sys=0.00, real=0.41 secs] 
1128.653: [Full GC (Ergonomics) [PSYoungGen: 134144K->124063K(153600K)] [ParOldGen: 349422K->349422K(349696K)] 483566K->473485K(503296K), [Metaspace: 78694K->78694K(1118208K)], 0.3885711 secs] [Times: user=2.44 sys=0.01, real=0.39 secs] 
1129.045: [Full GC (Ergonomics) [PSYoungGen: 134144K->124495K(153600K)] [ParOldGen: 349422K->349422K(349696K)] 483566K->473918K(503296K), [Metaspace: 78694K->78694K(1118208K)], 0.3714829 secs] [Times: user=2.15 sys=0.01, real=0.37 secs] 
1129.420: [Full GC (Ergonomics) [PSYoungGen: 134144K->124666K(153600K)] [ParOldGen: 349422K->349422K(349696K)] 483566K->474088K(503296K), [Metaspace: 78694K->78694K(1118208K)], 0.3672879 secs] [Times: user=2.15 sys=0.01, real=0.37 secs] 
1129.790: [Full GC (Ergonomics) [PSYoungGen: 134144K->124499K(153600K)] [ParOldGen: 349422K->349422K(349696K)] 483566K->473922K(503296K), [Metaspace: 78694K->78694K(1118208K)], 0.3570822 secs] [Times: user=2.12 sys=0.00, real=0.36 secs] 
1130.150: [Full GC (Ergonomics) [PSYoungGen: 134144K->124567K(153600K)] [ParOldGen: 349422K->349422K(349696K)] 483566K->473990K(503296K), [Metaspace: 78694K->78694K(1118208K)], 0.3640863 secs] [Times: user=2.19 sys=0.01, real=0.37 secs] 
1130.516: [Full GC (Ergonomics) [PSYoungGen: 134144K->123130K(153600K)] [ParOldGen: 349422K->349422K(349696K)] 483566K->472552K(503296K), [Metaspace: 78694K->78694K(1118208K)], 0.3579782 secs] [Times: user=2.21 sys=0.00, real=0.36 secs] 
1130.878: [Full GC (Ergonomics) [PSYoungGen: 134144K->121330K(153600K)] [ParOldGen: 349422K->349422K(349696K)] 483566K->470752K(503296K), [Metaspace: 78694K->78694K(1118208K)], 0.3588032 secs] [Times: user=2.16 sys=0.01, real=0.36 secs] 
1131.241: [Full GC (Ergonomics) [PSYoungGen: 134144K->122128K(153600K)] [ParOldGen: 349422K->349422K(349696K)] 483566K->471551K(503296K), [Metaspace: 78694K->78694K(1118208K)], 0.4375386 secs] [Times: user=2.27 sys=0.00, real=0.44 secs] 
1131.683: [Full GC (Ergonomics) [PSYoungGen: 134144K->123043K(153600K)] [ParOldGen: 349422K->349422K(349696K)] 483566K->472465K(503296K), [Metaspace: 78696K->78696K(1118208K)], 0.7083761 secs] [Times: user=2.38 sys=0.01, real=0.70 secs] 
1132.395: [Full GC (Ergonomics) [PSYoungGen: 134144K->120653K(153600K)] [ParOldGen: 349422K->349422K(349696K)] 483566K->470076K(503296K), [Metaspace: 78696K->78696K(1118208K)], 0.5273317 secs] [Times: user=2.38 sys=0.01, real=0.52 secs] 
1132.926: [Full GC (Ergonomics) [PSYoungGen: 134144K->120993K(153600K)] [ParOldGen: 349422K->349422K(349696K)] 483566K->470416K(503296K), [Metaspace: 78696K->78696K(1118208K)], 0.5644413 secs] [Times: user=2.68 sys=0.01, real=0.56 secs] 
1133.493: [Full GC (Ergonomics) [PSYoungGen: 134144K->121187K(153600K)] [ParOldGen: 349422K->349422K(349696K)] 483566K->470610K(503296K), [Metaspace: 78696K->78696K(1118208K)], 0.3983070 secs] [Times: user=2.16 sys=0.00, real=0.39 secs] 
1133.896: [Full GC (Ergonomics) [PSYoungGen: 134144K->121963K(153600K)] [ParOldGen: 349422K->349422K(349696K)] 483566K->471385K(503296K), [Metaspace: 78696K->78696K(1118208K)], 0.4789105 secs] [Times: user=2.70 sys=0.01, real=0.48 secs] 
1134.378: [Full GC (Ergonomics) [PSYoungGen: 134144K->122273K(153600K)] [ParOldGen: 349422K->349422K(349696K)] 483566K->471696K(503296K), [Metaspace: 78696K->78696K(1118208K)], 0.4060163 secs] [Times: user=2.19 sys=0.00, real=0.41 secs] 
1134.789: [Full GC (Ergonomics) [PSYoungGen: 134144K->122754K(153600K)] [ParOldGen: 349422K->349422K(349696K)] 483566K->472177K(503296K), [Metaspace: 78696K->78696K(1118208K)], 0.4713247 secs] [Times: user=2.65 sys=0.01, real=0.47 secs] 
1135.264: [Full GC (Ergonomics) [PSYoungGen: 134144K->123676K(153600K)] [ParOldGen: 349422K->349422K(349696K)] 483566K->473099K(503296K), [Metaspace: 78696K->78681K(1118208K)], 0.5090130 secs] [Times: user=2.68 sys=0.01, real=0.50 secs] 
1135.777: [Full GC (Ergonomics) [PSYoungGen: 134144K->124119K(153600K)] [ParOldGen: 349422K->349416K(349696K)] 483566K->473536K(503296K), [Metaspace: 78681K->78681K(1118208K)], 0.8814432 secs] [Times: user=5.26 sys=0.02, real=0.88 secs] 
1136.663: [Full GC (Ergonomics) [PSYoungGen: 134144K->124565K(153600K)] [ParOldGen: 349416K->349416K(349696K)] 483560K->473982K(503296K), [Metaspace: 78681K->78681K(1118208K)], 0.3947028 secs] [Times: user=2.15 sys=0.00, real=0.40 secs] 
1137.061: [Full GC (Ergonomics) [PSYoungGen: 134144K->124303K(153600K)] [ParOldGen: 349416K->349416K(349696K)] 483560K->473720K(503296K), [Metaspace: 78681K->78681K(1118208K)], 0.6613334 secs] [Times: user=4.01 sys=0.02, real=0.66 secs] 
1137.730: [Full GC (Ergonomics) [PSYoungGen: 134144K->124573K(153600K)] [ParOldGen: 349416K->349416K(349696K)] 483560K->473989K(503296K), [Metaspace: 78681K->78681K(1118208K)], 0.9216314 secs] [Times: user=5.55 sys=0.02, real=0.92 secs] 
1138.655: [Full GC (Ergonomics) [PSYoungGen: 134144K->125488K(153600K)] [ParOldGen: 349416K->349416K(349696K)] 483560K->474905K(503296K), [Metaspace: 78681K->78681K(1118208K)], 0.3794789 secs] [Times: user=2.17 sys=0.00, real=0.38 secs] 
1139.039: [Full GC (Ergonomics) [PSYoungGen: 134144K->123102K(153600K)] [ParOldGen: 349416K->349416K(349696K)] 483560K->472519K(503296K), [Metaspace: 78681K->78681K(1118208K)], 0.4744524 secs] [Times: user=2.62 sys=0.02, real=0.47 secs] 
1139.522: [Full GC (Ergonomics) [PSYoungGen: 134144K->122782K(153600K)] [ParOldGen: 349416K->349416K(349696K)] 483560K->472198K(503296K), [Metaspace: 78681K->78681K(1118208K)], 0.5791072 secs] [Times: user=2.55 sys=0.01, real=0.58 secs] 
1140.107: [Full GC (Ergonomics) [PSYoungGen: 134144K->123316K(153600K)] [ParOldGen: 349416K->349416K(349696K)] 483560K->472732K(503296K), [Metaspace: 78681K->78681K(1118208K)], 0.5018577 secs] [Times: user=2.18 sys=0.00, real=0.50 secs] 
1140.613: [Full GC (Ergonomics) [PSYoungGen: 134144K->124805K(153600K)] [ParOldGen: 349416K->349416K(349696K)] 483560K->474222K(503296K), [Metaspace: 78681K->78681K(1118208K)], 0.4764692 secs] [Times: user=2.24 sys=0.00, real=0.48 secs] 
1141.096: [Full GC (Ergonomics) [PSYoungGen: 134144K->125367K(153600K)] [ParOldGen: 349416K->349416K(349696K)] 483560K->474784K(503296K), [Metaspace: 78681K->78681K(1118208K)], 0.4615830 secs] [Times: user=2.24 sys=0.02, real=0.46 secs] 
1141.565: [Full GC (Ergonomics) [PSYoungGen: 134144K->123753K(153600K)] [ParOldGen: 349416K->349416K(349696K)] 483560K->473169K(503296K), [Metaspace: 78681K->78681K(1118208K)], 0.4447697 secs] [Times: user=2.36 sys=0.00, real=0.44 secs] 
1142.013: [Full GC (Ergonomics) [PSYoungGen: 134144K->122242K(153600K)] [ParOldGen: 349416K->349416K(349696K)] 483560K->471659K(503296K), [Metaspace: 78681K->78681K(1118208K)], 0.4168732 secs] [Times: user=2.17 sys=0.00, real=0.42 secs] 
1142.436: [Full GC (Ergonomics) [PSYoungGen: 134144K->121983K(153600K)] [ParOldGen: 349416K->349416K(349696K)] 483560K->471400K(503296K), [Metaspace: 78681K->78681K(1118208K)], 0.5396104 secs] [Times: user=2.78 sys=0.01, real=0.54 secs] 
1142.981: [Full GC (Ergonomics) [PSYoungGen: 134144K->122510K(153600K)] [ParOldGen: 349416K->349416K(349696K)] 483560K->471927K(503296K), [Metaspace: 78681K->78681K(1118208K)], 0.4020645 secs] [Times: user=2.16 sys=0.01, real=0.40 secs] 
1143.386: [Full GC (Ergonomics) [PSYoungGen: 134144K->122958K(153600K)] [ParOldGen: 349416K->349416K(349696K)] 483560K->472374K(503296K), [Metaspace: 78681K->78681K(1118208K)], 0.4165414 secs] [Times: user=2.17 sys=0.00, real=0.41 secs] 
1143.806: [Full GC (Ergonomics) [PSYoungGen: 134144K->124508K(153600K)] [ParOldGen: 349416K->349416K(349696K)] 483560K->473924K(503296K), [Metaspace: 78681K->78681K(1118208K)], 0.4410903 secs] [Times: user=2.18 sys=0.01, real=0.44 secs] 
1144.252: [Full GC (Ergonomics) [PSYoungGen: 134144K->124946K(153600K)] [ParOldGen: 349416K->349416K(349696K)] 483560K->474363K(503296K), [Metaspace: 78681K->78681K(1118208K)], 0.4155474 secs] [Times: user=2.32 sys=0.00, real=0.42 secs] 
1144.671: [Full GC (Ergonomics) [PSYoungGen: 134144K->125517K(153600K)] [ParOldGen: 349416K->349416K(349696K)] 483560K->474934K(503296K), [Metaspace: 78681K->78681K(1118208K)], 0.3812145 secs] [Times: user=2.13 sys=0.00, real=0.38 secs] 
1145.056: [Full GC (Ergonomics) [PSYoungGen: 134144K->126220K(153600K)] [ParOldGen: 349416K->349416K(349696K)] 483560K->475636K(503296K), [Metaspace: 78681K->78681K(1118208K)], 0.4102711 secs] [Times: user=2.15 sys=0.00, real=0.41 secs] 
1145.472: [Full GC (Ergonomics) [PSYoungGen: 134144K->126376K(153600K)] [ParOldGen: 349416K->349416K(349696K)] 483560K->475793K(503296K), [Metaspace: 78681K->78681K(1118208K)], 0.4232082 secs] [Times: user=2.14 sys=0.01, real=0.43 secs] 
1145.899: [Full GC (Ergonomics) [PSYoungGen: 134144K->124803K(153600K)] [ParOldGen: 349416K->349416K(349696K)] 483560K->474220K(503296K), [Metaspace: 78681K->78681K(1118208K)], 0.5625205 secs] [Times: user=2.32 sys=0.00, real=0.56 secs] 
1146.465: [Full GC (Ergonomics) [PSYoungGen: 134144K->125411K(153600K)] [ParOldGen: 349416K->349416K(349696K)] 483560K->474827K(503296K), [Metaspace: 78681K->78681K(1118208K)], 0.4438520 secs] [Times: user=2.17 sys=0.00, real=0.44 secs] 
1146.913: [Full GC (Ergonomics) [PSYoungGen: 134144K->126395K(153600K)] [ParOldGen: 349416K->349416K(349696K)] 483560K->475812K(503296K), [Metaspace: 78681K->78681K(1118208K)], 0.4064939 secs] [Times: user=2.22 sys=0.01, real=0.41 secs] 
1147.323: [Full GC (Ergonomics) [PSYoungGen: 134144K->126669K(153600K)] [ParOldGen: 349416K->349416K(349696K)] 483560K->476085K(503296K), [Metaspace: 78681K->78681K(1118208K)], 0.3945097 secs] [Times: user=2.16 sys=0.01, real=0.40 secs] 
1147.720: [Full GC (Ergonomics) [PSYoungGen: 134144K->124605K(153600K)] [ParOldGen: 349416K->349416K(349696K)] 483560K->474022K(503296K), [Metaspace: 78681K->78681K(1118208K)], 0.4324740 secs] [Times: user=2.22 sys=0.00, real=0.43 secs] 
1148.156: [Full GC (Ergonomics) [PSYoungGen: 134144K->124430K(153600K)] [ParOldGen: 349416K->349416K(349696K)] 483560K->473846K(503296K), [Metaspace: 78681K->78681K(1118208K)], 0.4516868 secs] [Times: user=2.55 sys=0.01, real=0.45 secs] 
1148.611: [Full GC (Ergonomics) [PSYoungGen: 134144K->122688K(153600K)] [ParOldGen: 349416K->349416K(349696K)] 483560K->472104K(503296K), [Metaspace: 78681K->78681K(1118208K)], 0.4232702 secs] [Times: user=2.37 sys=0.01, real=0.42 secs] 
1149.037: [Full GC (Ergonomics) [PSYoungGen: 134144K->122918K(153600K)] [ParOldGen: 349416K->349416K(349696K)] 483560K->472334K(503296K), [Metaspace: 78681K->78681K(1118208K)], 0.3842502 secs] [Times: user=2.08 sys=0.00, real=0.38 secs] 
1149.424: [Full GC (Ergonomics) [PSYoungGen: 134144K->120846K(153600K)] [ParOldGen: 349416K->349416K(349696K)] 483560K->470263K(503296K), [Metaspace: 78681K->78681K(1118208K)], 0.4667897 secs] [Times: user=2.45 sys=0.01, real=0.47 secs] 
1149.896: [Full GC (Ergonomics) [PSYoungGen: 134144K->123867K(153600K)] [ParOldGen: 349416K->349416K(349696K)] 483560K->473284K(503296K), [Metaspace: 78681K->78681K(1118208K)], 0.4398157 secs] [Times: user=2.28 sys=0.00, real=0.44 secs] 
1150.339: [Full GC (Ergonomics) [PSYoungGen: 134144K->120878K(153600K)] [ParOldGen: 349416K->349416K(349696K)] 483560K->470295K(503296K), [Metaspace: 78681K->78681K(1118208K)], 0.4260883 secs] [Times: user=2.49 sys=0.01, real=0.42 secs] 
1150.768: [Full GC (Ergonomics) [PSYoungGen: 134144K->120827K(153600K)] [ParOldGen: 349416K->349416K(349696K)] 483560K->470244K(503296K), [Metaspace: 78681K->78681K(1118208K)], 0.3947794 secs] [Times: user=2.31 sys=0.00, real=0.39 secs] 
1151.166: [Full GC (Ergonomics) [PSYoungGen: 134144K->121313K(153600K)] [ParOldGen: 349416K->349416K(349696K)] 483560K->470730K(503296K), [Metaspace: 78681K->78681K(1118208K)], 0.4023719 secs] [Times: user=2.15 sys=0.01, real=0.40 secs] 
1151.572: [Full GC (Ergonomics) [PSYoungGen: 134144K->121801K(153600K)] [ParOldGen: 349416K->349416K(349696K)] 483560K->471217K(503296K), [Metaspace: 78681K->78681K(1118208K)], 0.3895090 secs] [Times: user=2.14 sys=0.00, real=0.39 secs] 
1151.970: [Full GC (Ergonomics) [PSYoungGen: 134144K->122202K(153600K)] [ParOldGen: 349416K->349416K(349696K)] 483560K->471618K(503296K), [Metaspace: 78681K->78681K(1118208K)], 0.3676089 secs] [Times: user=2.15 sys=0.00, real=0.37 secs] 
1152.342: [Full GC (Ergonomics) [PSYoungGen: 134144K->122944K(153600K)] [ParOldGen: 349416K->349416K(349696K)] 483560K->472361K(503296K), [Metaspace: 78681K->78681K(1118208K)], 0.4175770 secs] [Times: user=2.26 sys=0.00, real=0.42 secs] 
1152.763: [Full GC (Ergonomics) [PSYoungGen: 134144K->123750K(153600K)] [ParOldGen: 349416K->349416K(349696K)] 483560K->473167K(503296K), [Metaspace: 78681K->78681K(1118208K)], 0.5385456 secs] [Times: user=2.33 sys=0.01, real=0.54 secs] 
1153.305: [Full GC (Ergonomics) [PSYoungGen: 134144K->124171K(153600K)] [ParOldGen: 349416K->349416K(349696K)] 483560K->473587K(503296K), [Metaspace: 78681K->78681K(1118208K)], 0.5086248 secs] [Times: user=2.23 sys=0.01, real=0.51 secs] 
1153.817: [Full GC (Ergonomics) [PSYoungGen: 134144K->124588K(153600K)] [ParOldGen: 349416K->349416K(349696K)] 483560K->474004K(503296K), [Metaspace: 78681K->78681K(1118208K)], 0.4676660 secs] [Times: user=2.20 sys=0.00, real=0.46 secs] 
1154.288: [Full GC (Ergonomics) [PSYoungGen: 134144K->124713K(153600K)] [ParOldGen: 349416K->349416K(349696K)] 483560K->474129K(503296K), [Metaspace: 78681K->78681K(1118208K)], 0.4251639 secs] [Times: user=2.15 sys=0.00, real=0.42 secs] 
1154.717: [Full GC (Ergonomics) [PSYoungGen: 134144K->125074K(153600K)] [ParOldGen: 349416K->349416K(349696K)] 483560K->474491K(503296K), [Metaspace: 78681K->78681K(1118208K)], 0.4595266 secs] [Times: user=2.17 sys=0.00, real=0.46 secs] 
1155.181: [Full GC (Ergonomics) [PSYoungGen: 134144K->123021K(153600K)] [ParOldGen: 349416K->349416K(349696K)] 483560K->472437K(503296K), [Metaspace: 78681K->78681K(1118208K)], 0.3938185 secs] [Times: user=2.18 sys=0.00, real=0.39 secs] 
1155.579: [Full GC (Ergonomics) [PSYoungGen: 134144K->123375K(153600K)] [ParOldGen: 349416K->349416K(349696K)] 483560K->472792K(503296K), [Metaspace: 78682K->78682K(1118208K)], 0.4404669 secs] [Times: user=2.21 sys=0.01, real=0.44 secs] 
1156.023: [Full GC (Ergonomics) [PSYoungGen: 134144K->123342K(153600K)] [ParOldGen: 349416K->349416K(349696K)] 483560K->472759K(503296K), [Metaspace: 78682K->78682K(1118208K)], 0.3985406 secs] [Times: user=2.12 sys=0.00, real=0.40 secs] 
1156.424: [Full GC (Ergonomics) [PSYoungGen: 134144K->123767K(153600K)] [ParOldGen: 349416K->349416K(349696K)] 483560K->473183K(503296K), [Metaspace: 78682K->78682K(1118208K)], 0.4546006 secs] [Times: user=2.58 sys=0.01, real=0.46 secs] 
1156.883: [Full GC (Ergonomics) [PSYoungGen: 134144K->123691K(153600K)] [ParOldGen: 349416K->349416K(349696K)] 483560K->473108K(503296K), [Metaspace: 78682K->78682K(1118208K)], 0.3698215 secs] [Times: user=2.12 sys=0.00, real=0.37 secs] 
1157.256: [Full GC (Ergonomics) [PSYoungGen: 134144K->121360K(153600K)] [ParOldGen: 349416K->349416K(349696K)] 483560K->470777K(503296K), [Metaspace: 78682K->78682K(1118208K)], 0.3936806 secs] [Times: user=2.23 sys=0.01, real=0.40 secs] 
1157.652: [Full GC (Ergonomics) [PSYoungGen: 134144K->119597K(153600K)] [ParOldGen: 349416K->349416K(349696K)] 483560K->469014K(503296K), [Metaspace: 78682K->78682K(1118208K)], 0.4283218 secs] [Times: user=2.28 sys=0.00, real=0.43 secs] 
1158.087: [Full GC (Ergonomics) [PSYoungGen: 134144K->120853K(153600K)] [ParOldGen: 349416K->349416K(349696K)] 483560K->470270K(503296K), [Metaspace: 78682K->78682K(1118208K)], 0.4291278 secs] [Times: user=2.31 sys=0.01, real=0.42 secs] 
1158.519: [Full GC (Ergonomics) [PSYoungGen: 134144K->121484K(153600K)] [ParOldGen: 349416K->349416K(349696K)] 483560K->470901K(503296K), [Metaspace: 78682K->78682K(1118208K)], 0.3937925 secs] [Times: user=2.13 sys=0.00, real=0.39 secs] 
1158.917: [Full GC (Ergonomics) [PSYoungGen: 134144K->122958K(153600K)] [ParOldGen: 349416K->349416K(349696K)] 483560K->472375K(503296K), [Metaspace: 78682K->78682K(1118208K)], 0.4084518 secs] [Times: user=2.30 sys=0.01, real=0.40 secs] 
1159.330: [Full GC (Ergonomics) [PSYoungGen: 134144K->123688K(153600K)] [ParOldGen: 349416K->349416K(349696K)] 483560K->473105K(503296K), [Metaspace: 78682K->78682K(1118208K)], 0.4566637 secs] [Times: user=2.18 sys=0.00, real=0.46 secs] 
1159.791: [Full GC (Ergonomics) [PSYoungGen: 134144K->122900K(153600K)] [ParOldGen: 349416K->349416K(349696K)] 483560K->472317K(503296K), [Metaspace: 78682K->78682K(1118208K)], 0.4754532 secs] [Times: user=2.27 sys=0.00, real=0.47 secs] 
1160.271: [Full GC (Ergonomics) [PSYoungGen: 134144K->124172K(153600K)] [ParOldGen: 349416K->349416K(349696K)] 483560K->473589K(503296K), [Metaspace: 78682K->78682K(1118208K)], 0.5007767 secs] [Times: user=2.51 sys=0.01, real=0.50 secs] 
1160.775: [Full GC (Ergonomics) [PSYoungGen: 134144K->124578K(153600K)] [ParOldGen: 349416K->349416K(349696K)] 483560K->473995K(503296K), [Metaspace: 78682K->78682K(1118208K)], 0.4150548 secs] [Times: user=2.20 sys=0.00, real=0.42 secs] 
1161.194: [Full GC (Ergonomics) [PSYoungGen: 134144K->125010K(153600K)] [ParOldGen: 349416K->349416K(349696K)] 483560K->474426K(503296K), [Metaspace: 78682K->78682K(1118208K)], 0.4713752 secs] [Times: user=2.20 sys=0.00, real=0.47 secs] 
1161.669: [Full GC (Ergonomics) [PSYoungGen: 134144K->125277K(153600K)] [ParOldGen: 349416K->349416K(349696K)] 483560K->474694K(503296K), [Metaspace: 78682K->78682K(1118208K)], 0.5276793 secs] [Times: user=2.35 sys=0.01, real=0.52 secs] 
1162.200: [Full GC (Ergonomics) [PSYoungGen: 134144K->125405K(153600K)] [ParOldGen: 349416K->349416K(349696K)] 483560K->474822K(503296K), [Metaspace: 78682K->78682K(1118208K)], 0.3833082 secs] [Times: user=2.14 sys=0.00, real=0.38 secs] 
1162.586: [Full GC (Ergonomics) [PSYoungGen: 134144K->125809K(153600K)] [ParOldGen: 349416K->349416K(349696K)] 483560K->475226K(503296K), [Metaspace: 78682K->78682K(1118208K)], 0.4007143 secs] [Times: user=2.17 sys=0.00, real=0.40 secs] 
1162.990: [Full GC (Ergonomics) [PSYoungGen: 134144K->124080K(153600K)] [ParOldGen: 349416K->349416K(349696K)] 483560K->473497K(503296K), [Metaspace: 78682K->78682K(1118208K)], 0.3935774 secs] [Times: user=2.23 sys=0.00, real=0.39 secs] 
1163.387: [Full GC (Ergonomics) [PSYoungGen: 134142K->124372K(153600K)] [ParOldGen: 349416K->349416K(349696K)] 483558K->473788K(503296K), [Metaspace: 78682K->78682K(1118208K)], 0.3583161 secs] [Times: user=2.12 sys=0.00, real=0.36 secs] 
1163.748: [Full GC (Ergonomics) [PSYoungGen: 134144K->124271K(153600K)] [ParOldGen: 349416K->349416K(349696K)] 483560K->473687K(503296K), [Metaspace: 78682K->78682K(1118208K)], 0.3576411 secs] [Times: user=2.14 sys=0.00, real=0.35 secs] 
1164.108: [Full GC (Ergonomics) [PSYoungGen: 134144K->123973K(153600K)] [ParOldGen: 349416K->349416K(349696K)] 483560K->473390K(503296K), [Metaspace: 78682K->78682K(1118208K)], 0.3425497 secs] [Times: user=2.13 sys=0.01, real=0.34 secs] 
1164.454: [Full GC (Ergonomics) [PSYoungGen: 134144K->122538K(153600K)] [ParOldGen: 349416K->349416K(349696K)] 483560K->471954K(503296K), [Metaspace: 78682K->78682K(1118208K)], 0.3580956 secs] [Times: user=2.12 sys=0.00, real=0.36 secs] 
1164.815: [Full GC (Ergonomics) [PSYoungGen: 134144K->123020K(153600K)] [ParOldGen: 349416K->349416K(349696K)] 483560K->472437K(503296K), [Metaspace: 78682K->78682K(1118208K)], 0.3877062 secs] [Times: user=2.26 sys=0.00, real=0.39 secs] 
1165.207: [Full GC (Ergonomics) [PSYoungGen: 134144K->123133K(153600K)] [ParOldGen: 349416K->349416K(349696K)] 483560K->472550K(503296K), [Metaspace: 78682K->78682K(1118208K)], 0.5406694 secs] [Times: user=2.46 sys=0.02, real=0.54 secs] 
1165.751: [Full GC (Ergonomics) [PSYoungGen: 134144K->123647K(153600K)] [ParOldGen: 349416K->349416K(349696K)] 483560K->473064K(503296K), [Metaspace: 78682K->78682K(1118208K)], 0.3975587 secs] [Times: user=2.18 sys=0.00, real=0.40 secs] 
1166.152: [Full GC (Ergonomics) [PSYoungGen: 134144K->124439K(153600K)] [ParOldGen: 349416K->349416K(349696K)] 483560K->473856K(503296K), [Metaspace: 78682K->78682K(1118208K)], 0.4098991 secs] [Times: user=2.20 sys=0.01, real=0.41 secs] 
1166.565: [Full GC (Ergonomics) [PSYoungGen: 134144K->125147K(153600K)] [ParOldGen: 349416K->349416K(349696K)] 483560K->474563K(503296K), [Metaspace: 78682K->78682K(1118208K)], 0.5127920 secs] [Times: user=2.21 sys=0.06, real=0.52 secs] 
1167.081: [Full GC (Ergonomics) [PSYoungGen: 134144K->123052K(153600K)] [ParOldGen: 349416K->349416K(349696K)] 483560K->472468K(503296K), [Metaspace: 78682K->78682K(1118208K)], 0.5905236 secs] [Times: user=2.23 sys=0.11, real=0.59 secs] 
1167.675: [Full GC (Ergonomics) [PSYoungGen: 134144K->121692K(153600K)] [ParOldGen: 349416K->349416K(349696K)] 483560K->471109K(503296K), [Metaspace: 78682K->78682K(1118208K)], 0.5383343 secs] [Times: user=2.32 sys=0.15, real=0.54 secs] 
1168.219: [Full GC (Ergonomics) [PSYoungGen: 134144K->122043K(153600K)] [ParOldGen: 349416K->349416K(349696K)] 483560K->471459K(503296K), [Metaspace: 78682K->78682K(1118208K)], 0.4386607 secs] [Times: user=2.17 sys=0.10, real=0.43 secs] 
1168.661: [Full GC (Ergonomics) [PSYoungGen: 134144K->122349K(153600K)] [ParOldGen: 349416K->349416K(349696K)] 483560K->471765K(503296K), [Metaspace: 78682K->78682K(1118208K)], 0.4736507 secs] [Times: user=2.17 sys=0.14, real=0.47 secs] 
1169.138: [Full GC (Ergonomics) [PSYoungGen: 134144K->122526K(153600K)] [ParOldGen: 349416K->349416K(349696K)] 483560K->471943K(503296K), [Metaspace: 78682K->78682K(1118208K)], 0.4331726 secs] [Times: user=2.32 sys=0.11, real=0.44 secs] 
1169.575: [Full GC (Ergonomics) [PSYoungGen: 134144K->123082K(153600K)] [ParOldGen: 349416K->349416K(349696K)] 483560K->472498K(503296K), [Metaspace: 78682K->78682K(1118208K)], 0.5143386 secs] [Times: user=2.68 sys=0.06, real=0.52 secs] 
1170.095: [Full GC (Ergonomics) [PSYoungGen: 134144K->123498K(153600K)] [ParOldGen: 349416K->349416K(349696K)] 483560K->472914K(503296K), [Metaspace: 78682K->78682K(1118208K)], 0.4475434 secs] [Times: user=2.22 sys=0.11, real=0.45 secs] 
1170.546: [Full GC (Ergonomics) [PSYoungGen: 134144K->123495K(153600K)] [ParOldGen: 349416K->349416K(349696K)] 483560K->472911K(503296K), [Metaspace: 78682K->78682K(1118208K)], 0.3944021 secs] [Times: user=2.10 sys=0.12, real=0.40 secs] 
1170.945: [Full GC (Ergonomics) [PSYoungGen: 134144K->122387K(153600K)] [ParOldGen: 349416K->349416K(349696K)] 483560K->471803K(503296K), [Metaspace: 78682K->78682K(1118208K)], 0.3874903 secs] [Times: user=2.15 sys=0.09, real=0.39 secs] 
1171.336: [Full GC (Ergonomics) [PSYoungGen: 134144K->122352K(153600K)] [ParOldGen: 349416K->349416K(349696K)] 483560K->471768K(503296K), [Metaspace: 78683K->78683K(1118208K)], 0.4091327 secs] [Times: user=2.11 sys=0.13, real=0.41 secs] 
1171.748: [Full GC (Ergonomics) [PSYoungGen: 134144K->122926K(153600K)] [ParOldGen: 349416K->349416K(349696K)] 483560K->472343K(503296K), [Metaspace: 78683K->78683K(1118208K)], 0.4354080 secs] [Times: user=2.11 sys=0.06, real=0.44 secs] 
1172.188: [Full GC (Ergonomics) [PSYoungGen: 134144K->120745K(153600K)] [ParOldGen: 349416K->349416K(349696K)] 483560K->470161K(503296K), [Metaspace: 78683K->78683K(1118208K)], 0.5257716 secs] [Times: user=2.92 sys=0.10, real=0.53 secs] 
1172.717: [Full GC (Ergonomics) [PSYoungGen: 134144K->120838K(153600K)] [ParOldGen: 349416K->349416K(349696K)] 483560K->470255K(503296K), [Metaspace: 78683K->78683K(1118208K)], 0.4133518 secs] [Times: user=2.28 sys=0.09, real=0.42 secs] 
1173.135: [Full GC (Ergonomics) [PSYoungGen: 134144K->121471K(153600K)] [ParOldGen: 349416K->349416K(349696K)] 483560K->470888K(503296K), [Metaspace: 78683K->78683K(1118208K)], 0.4211444 secs] [Times: user=2.21 sys=0.13, real=0.42 secs] 
1173.561: [Full GC (Ergonomics) [PSYoungGen: 134144K->122307K(153600K)] [ParOldGen: 349416K->349416K(349696K)] 483560K->471723K(503296K), [Metaspace: 78683K->78683K(1118208K)], 0.4762267 secs] [Times: user=2.59 sys=0.07, real=0.47 secs] 
1174.043: [Full GC (Ergonomics) [PSYoungGen: 134144K->122767K(153600K)] [ParOldGen: 349416K->349416K(349696K)] 483560K->472184K(503296K), [Metaspace: 78683K->78683K(1118208K)], 0.4935171 secs] [Times: user=2.67 sys=0.14, real=0.49 secs] 
1174.545: [Full GC (Ergonomics) [PSYoungGen: 134144K->123557K(153600K)] [ParOldGen: 349416K->349416K(349696K)] 483560K->472973K(503296K), [Metaspace: 78683K->78683K(1118208K)], 0.4388684 secs] [Times: user=2.19 sys=0.09, real=0.44 secs] 
1174.989: [Full GC (Ergonomics) [PSYoungGen: 134144K->123710K(153600K)] [ParOldGen: 349416K->349416K(349696K)] 483560K->473127K(503296K), [Metaspace: 78683K->78683K(1118208K)], 0.4949010 secs] [Times: user=2.19 sys=0.11, real=0.49 secs] 
1175.489: [Full GC (Ergonomics) [PSYoungGen: 134144K->122036K(153600K)] [ParOldGen: 349416K->349416K(349696K)] 483560K->471453K(503296K), [Metaspace: 78683K->78683K(1118208K)], 0.4789351 secs] [Times: user=2.26 sys=0.13, real=0.48 secs] 
1175.973: [Full GC (Ergonomics) [PSYoungGen: 134144K->123568K(153600K)] [ParOldGen: 349416K->349416K(349696K)] 483560K->472985K(503296K), [Metaspace: 78683K->78683K(1118208K)], 0.4536564 secs] [Times: user=2.23 sys=0.10, real=0.45 secs] 
1176.431: [Full GC (Ergonomics) [PSYoungGen: 134144K->123758K(153600K)] [ParOldGen: 349416K->349416K(349696K)] 483560K->473174K(503296K), [Metaspace: 78683K->78683K(1118208K)], 0.4171150 secs] [Times: user=2.21 sys=0.03, real=0.41 secs] 
1176.852: [Full GC (Ergonomics) [PSYoungGen: 134144K->124176K(153600K)] [ParOldGen: 349416K->349416K(349696K)] 483560K->473592K(503296K), [Metaspace: 78683K->78683K(1118208K)], 0.4205477 secs] [Times: user=2.18 sys=0.13, real=0.42 secs] 
1177.276: [Full GC (Ergonomics) [PSYoungGen: 134144K->124306K(153600K)] [ParOldGen: 349416K->349416K(349696K)] 483560K->473723K(503296K), [Metaspace: 78683K->78683K(1118208K)], 0.4406907 secs] [Times: user=2.26 sys=0.12, real=0.44 secs] 
1177.721: [Full GC (Ergonomics) [PSYoungGen: 134144K->124668K(153600K)] [ParOldGen: 349416K->349416K(349696K)] 483560K->474085K(503296K), [Metaspace: 78683K->78683K(1118208K)], 0.5957537 secs] [Times: user=2.38 sys=0.11, real=0.59 secs] 
1178.324: [Full GC (Ergonomics) [PSYoungGen: 134144K->124708K(153600K)] [ParOldGen: 349416K->349416K(349696K)] 483560K->474125K(503296K), [Metaspace: 78683K->78683K(1118208K)], 0.5576650 secs] [Times: user=2.21 sys=0.04, real=0.56 secs] 
1178.885: [Full GC (Ergonomics) [PSYoungGen: 134144K->123253K(153600K)] [ParOldGen: 349416K->349416K(349696K)] 483560K->472670K(503296K), [Metaspace: 78683K->78683K(1118208K)], 0.4580552 secs] [Times: user=2.15 sys=0.11, real=0.46 secs] 
1179.346: [Full GC (Ergonomics) [PSYoungGen: 134144K->123482K(153600K)] [ParOldGen: 349416K->349416K(349696K)] 483560K->472898K(503296K), [Metaspace: 78683K->78683K(1118208K)], 0.4292294 secs] [Times: user=2.32 sys=0.09, real=0.43 secs] 
1179.782: [Full GC (Ergonomics) [PSYoungGen: 134144K->123633K(153600K)] [ParOldGen: 349416K->349416K(349696K)] 483560K->473050K(503296K), [Metaspace: 78683K->78683K(1118208K)], 0.4388883 secs] [Times: user=2.16 sys=0.11, real=0.44 secs] 
1180.225: [Full GC (Ergonomics) [PSYoungGen: 134144K->124695K(153600K)] [ParOldGen: 349416K->349416K(349696K)] 483560K->474112K(503296K), [Metaspace: 78683K->78683K(1118208K)], 0.4495944 secs] [Times: user=2.56 sys=0.10, real=0.45 secs] 
1180.679: [Full GC (Ergonomics) [PSYoungGen: 134144K->123092K(153600K)] [ParOldGen: 349416K->349416K(349696K)] 483560K->472509K(503296K), [Metaspace: 78683K->78683K(1118208K)], 0.9011238 secs] [Times: user=5.35 sys=0.20, real=0.91 secs] 
1181.590: [Full GC (Ergonomics) [PSYoungGen: 134144K->123651K(153600K)] [ParOldGen: 349416K->349416K(349696K)] 483560K->473068K(503296K), [Metaspace: 78684K->78684K(1118208K)], 0.8874185 secs] [Times: user=5.42 sys=0.19, real=0.88 secs] 
1182.480: [Full GC (Ergonomics) [PSYoungGen: 134144K->125668K(153600K)] [ParOldGen: 349416K->349416K(349696K)] 483560K->475085K(503296K), [Metaspace: 78684K->78684K(1118208K)], 0.5014021 secs] [Times: user=2.76 sys=0.14, real=0.51 secs] 
1182.985: [Full GC (Ergonomics) [PSYoungGen: 134144K->127053K(153600K)] [ParOldGen: 349416K->349416K(349696K)] 483560K->476470K(503296K), [Metaspace: 78684K->78684K(1118208K)], 0.4383184 secs] [Times: user=2.24 sys=0.11, real=0.44 secs] 
1183.426: [Full GC (Ergonomics) [PSYoungGen: 134144K->127771K(153600K)] [ParOldGen: 349416K->349416K(349696K)] 483560K->477187K(503296K), [Metaspace: 78684K->78684K(1118208K)], 0.4506383 secs] [Times: user=2.13 sys=0.12, real=0.45 secs] 
1183.879: [Full GC (Ergonomics) [PSYoungGen: 134142K->124161K(153600K)] [ParOldGen: 349416K->349416K(349696K)] 483559K->473577K(503296K), [Metaspace: 78684K->78684K(1118208K)], 0.4060559 secs] [Times: user=2.16 sys=0.12, real=0.41 secs] 
1184.294: [Full GC (Ergonomics) [PSYoungGen: 134144K->124354K(153600K)] [ParOldGen: 349416K->349416K(349696K)] 483560K->473770K(503296K), [Metaspace: 78684K->78684K(1118208K)], 0.4313440 secs] [Times: user=2.23 sys=0.11, real=0.43 secs] 
1184.728: [Full GC (Ergonomics) [PSYoungGen: 134144K->122740K(153600K)] [ParOldGen: 349416K->349416K(349696K)] 483560K->472156K(503296K), [Metaspace: 78684K->78684K(1118208K)], 0.4431646 secs] [Times: user=2.43 sys=0.11, real=0.45 secs] 
1185.176: [Full GC (Ergonomics) [PSYoungGen: 134144K->123127K(153600K)] [ParOldGen: 349416K->349416K(349696K)] 483560K->472543K(503296K), [Metaspace: 78684K->78684K(1118208K)], 0.4295806 secs] [Times: user=2.20 sys=0.11, real=0.43 secs] 
1185.609: [Full GC (Ergonomics) [PSYoungGen: 134144K->123717K(153600K)] [ParOldGen: 349416K->349416K(349696K)] 483560K->473134K(503296K), [Metaspace: 78684K->78684K(1118208K)], 0.4686234 secs] [Times: user=2.36 sys=0.12, real=0.47 secs] 
1186.081: [Full GC (Ergonomics) [PSYoungGen: 134144K->123767K(153600K)] [ParOldGen: 349416K->349416K(349696K)] 483560K->473184K(503296K), [Metaspace: 78684K->78684K(1118208K)], 0.4277500 secs] [Times: user=2.17 sys=0.07, real=0.42 secs] 
1186.513: [Full GC (Ergonomics) [PSYoungGen: 134144K->123870K(153600K)] [ParOldGen: 349416K->349416K(349696K)] 483560K->473287K(503296K), [Metaspace: 78684K->78684K(1118208K)], 0.4474657 secs] [Times: user=2.29 sys=0.11, real=0.44 secs] 
1186.963: [Full GC (Ergonomics) [PSYoungGen: 134144K->122273K(153600K)] [ParOldGen: 349416K->349416K(349696K)] 483560K->471689K(503296K), [Metaspace: 78684K->78684K(1118208K)], 0.4890921 secs] [Times: user=2.48 sys=0.08, real=0.49 secs] 
1187.457: [Full GC (Ergonomics) [PSYoungGen: 134144K->122436K(153600K)] [ParOldGen: 349416K->349416K(349696K)] 483560K->471853K(503296K), [Metaspace: 78684K->78684K(1118208K)], 0.4701372 secs] [Times: user=2.37 sys=0.12, real=0.47 secs] 
1187.931: [Full GC (Ergonomics) [PSYoungGen: 134144K->122564K(153600K)] [ParOldGen: 349416K->349416K(349696K)] 483560K->471980K(503296K), [Metaspace: 78684K->78684K(1118208K)], 0.4225443 secs] [Times: user=2.19 sys=0.13, real=0.42 secs] 
1188.358: [Full GC (Ergonomics) [PSYoungGen: 134144K->125170K(153600K)] [ParOldGen: 349416K->349416K(349696K)] 483560K->474587K(503296K), [Metaspace: 78684K->78684K(1118208K)], 0.4046803 secs] [Times: user=2.19 sys=0.02, real=0.41 secs] 
1188.766: [Full GC (Ergonomics) [PSYoungGen: 134144K->122867K(153600K)] [ParOldGen: 349416K->349416K(349696K)] 483560K->472283K(503296K), [Metaspace: 78684K->78684K(1118208K)], 0.4315504 secs] [Times: user=2.29 sys=0.10, real=0.43 secs] 
1189.201: [Full GC (Ergonomics) [PSYoungGen: 134144K->123043K(153600K)] [ParOldGen: 349416K->349416K(349696K)] 483560K->472460K(503296K), [Metaspace: 78684K->78684K(1118208K)], 0.4216970 secs] [Times: user=2.26 sys=0.11, real=0.43 secs] 
1189.627: [Full GC (Ergonomics) [PSYoungGen: 134144K->123175K(153600K)] [ParOldGen: 349416K->349416K(349696K)] 483560K->472591K(503296K), [Metaspace: 78684K->78684K(1118208K)], 0.3924293 secs] [Times: user=2.13 sys=0.09, real=0.39 secs] 
1190.022: [Full GC (Ergonomics) [PSYoungGen: 134144K->123421K(153600K)] [ParOldGen: 349416K->349416K(349696K)] 483560K->472837K(503296K), [Metaspace: 78684K->78684K(1118208K)], 0.4157572 secs] [Times: user=2.18 sys=0.11, real=0.41 secs] 
1190.443: [Full GC (Ergonomics) [PSYoungGen: 134144K->122085K(153600K)] [ParOldGen: 349416K->349416K(349696K)] 483560K->471502K(503296K), [Metaspace: 78688K->78688K(1118208K)], 0.3851833 secs] [Times: user=2.25 sys=0.11, real=0.38 secs] 
1190.832: [Full GC (Ergonomics) [PSYoungGen: 134144K->122409K(153600K)] [ParOldGen: 349416K->349416K(349696K)] 483560K->471826K(503296K), [Metaspace: 78688K->78688K(1118208K)], 0.3633884 secs] [Times: user=2.12 sys=0.09, real=0.36 secs] 
1191.201: [Full GC (Ergonomics) [PSYoungGen: 134144K->122749K(153600K)] [ParOldGen: 349416K->349416K(349696K)] 483560K->472165K(503296K), [Metaspace: 78689K->78689K(1118208K)], 0.4018657 secs] [Times: user=2.31 sys=0.12, real=0.41 secs] 
1191.608: [Full GC (Ergonomics) [PSYoungGen: 134144K->123259K(153600K)] [ParOldGen: 349416K->349416K(349696K)] 483560K->472675K(503296K), [Metaspace: 78689K->78689K(1118208K)], 0.8327910 secs] [Times: user=5.27 sys=0.21, real=0.83 secs] 
1192.445: [Full GC (Ergonomics) [PSYoungGen: 134144K->123668K(153600K)] [ParOldGen: 349416K->349416K(349696K)] 483560K->473085K(503296K), [Metaspace: 78689K->78689K(1118208K)], 0.3844340 secs] [Times: user=2.18 sys=0.14, real=0.38 secs] 
1192.833: [Full GC (Ergonomics) [PSYoungGen: 134144K->123813K(153600K)] [ParOldGen: 349416K->349416K(349696K)] 483560K->473230K(503296K), [Metaspace: 78689K->78689K(1118208K)], 0.3948002 secs] [Times: user=2.16 sys=0.12, real=0.39 secs] 
1193.232: [Full GC (Ergonomics) [PSYoungGen: 134144K->124242K(153600K)] [ParOldGen: 349416K->349416K(349696K)] 483560K->473658K(503296K), [Metaspace: 78689K->78689K(1118208K)], 0.3720803 secs] [Times: user=2.18 sys=0.10, real=0.37 secs] 
1193.607: [Full GC (Ergonomics) [PSYoungGen: 134144K->124856K(153600K)] [ParOldGen: 349416K->349416K(349696K)] 483560K->474272K(503296K), [Metaspace: 78689K->78689K(1118208K)], 0.3648981 secs] [Times: user=2.11 sys=0.09, real=0.37 secs] 
1193.975: [Full GC (Ergonomics) [PSYoungGen: 134144K->125243K(153600K)] [ParOldGen: 349416K->349416K(349696K)] 483560K->474659K(503296K), [Metaspace: 78689K->78689K(1118208K)], 0.3957955 secs] [Times: user=2.09 sys=0.10, real=0.39 secs] 
1194.373: [Full GC (Ergonomics) [PSYoungGen: 134144K->125572K(153600K)] [ParOldGen: 349416K->349416K(349696K)] 483560K->474988K(503296K), [Metaspace: 78689K->78689K(1118208K)], 0.5341564 secs] [Times: user=2.19 sys=0.16, real=0.53 secs] 
1194.912: [Full GC (Ergonomics) [PSYoungGen: 134144K->125337K(153600K)] [ParOldGen: 349416K->349416K(349696K)] 483560K->474753K(503296K), [Metaspace: 78689K->78689K(1118208K)], 0.5662513 secs] [Times: user=2.91 sys=0.14, real=0.57 secs] 
1195.482: [Full GC (Ergonomics) [PSYoungGen: 134144K->123612K(153600K)] [ParOldGen: 349416K->349416K(349696K)] 483560K->473028K(503296K), [Metaspace: 78689K->78689K(1118208K)], 0.4438735 secs] [Times: user=2.41 sys=0.11, real=0.45 secs] 
1195.928: [Full GC (Ergonomics) [PSYoungGen: 134144K->123385K(153600K)] [ParOldGen: 349416K->349416K(349696K)] 483560K->472801K(503296K), [Metaspace: 78689K->78689K(1118208K)], 0.3763896 secs] [Times: user=2.15 sys=0.09, real=0.38 secs] 
1196.308: [Full GC (Ergonomics) [PSYoungGen: 134144K->121344K(153600K)] [ParOldGen: 349416K->349416K(349696K)] 483560K->470760K(503296K), [Metaspace: 78689K->78689K(1118208K)], 0.3947275 secs] [Times: user=2.15 sys=0.09, real=0.39 secs] 
1196.707: [Full GC (Ergonomics) [PSYoungGen: 134144K->121986K(153600K)] [ParOldGen: 349416K->349416K(349696K)] 483560K->471402K(503296K), [Metaspace: 78689K->78689K(1118208K)], 0.4661180 secs] [Times: user=2.13 sys=0.12, real=0.47 secs] 
1197.176: [Full GC (Ergonomics) [PSYoungGen: 134144K->121963K(153600K)] [ParOldGen: 349416K->349416K(349696K)] 483560K->471380K(503296K), [Metaspace: 78689K->78689K(1118208K)], 0.4017474 secs] [Times: user=2.19 sys=0.11, real=0.40 secs] 
1197.581: [Full GC (Ergonomics) [PSYoungGen: 134144K->121902K(153600K)] [ParOldGen: 349416K->349416K(349696K)] 483560K->471318K(503296K), [Metaspace: 78689K->78689K(1118208K)], 0.3607338 secs] [Times: user=2.17 sys=0.05, real=0.36 secs] 
1197.951: [Full GC (Ergonomics) [PSYoungGen: 134144K->120254K(153600K)] [ParOldGen: 349416K->349416K(349696K)] 483560K->469670K(503296K), [Metaspace: 78689K->78689K(1118208K)], 0.4407327 secs] [Times: user=2.26 sys=0.07, real=0.44 secs] 
1198.394: [Full GC (Ergonomics) [PSYoungGen: 134144K->120233K(153600K)] [ParOldGen: 349416K->349416K(349696K)] 483560K->469650K(503296K), [Metaspace: 78689K->78689K(1118208K)], 0.3765010 secs] [Times: user=2.26 sys=0.02, real=0.37 secs] 
1198.775: [Full GC (Ergonomics) [PSYoungGen: 134144K->120591K(153600K)] [ParOldGen: 349416K->349416K(349696K)] 483560K->470008K(503296K), [Metaspace: 78689K->78689K(1118208K)], 0.3609538 secs] [Times: user=2.18 sys=0.01, real=0.36 secs] 
1199.140: [Full GC (Ergonomics) [PSYoungGen: 134144K->120899K(153600K)] [ParOldGen: 349416K->349416K(349696K)] 483560K->470316K(503296K), [Metaspace: 78689K->78689K(1118208K)], 0.3676811 secs] [Times: user=2.16 sys=0.00, real=0.37 secs] 
1199.511: [Full GC (Ergonomics) [PSYoungGen: 134144K->121567K(153600K)] [ParOldGen: 349416K->349416K(349696K)] 483560K->470984K(503296K), [Metaspace: 78689K->78689K(1118208K)], 0.4014634 secs] [Times: user=2.37 sys=0.01, real=0.41 secs] 
1199.917: [Full GC (Ergonomics) [PSYoungGen: 134144K->122013K(153600K)] [ParOldGen: 349416K->349416K(349696K)] 483560K->471430K(503296K), [Metaspace: 78689K->78689K(1118208K)], 0.4167690 secs] [Times: user=2.54 sys=0.02, real=0.42 secs] 
1200.337: [Full GC (Ergonomics) [PSYoungGen: 134144K->122433K(153600K)] [ParOldGen: 349416K->349416K(349696K)] 483560K->471849K(503296K), [Metaspace: 78689K->78689K(1118208K)], 0.3739498 secs] [Times: user=2.27 sys=0.00, real=0.37 secs] 
1200.714: [Full GC (Ergonomics) [PSYoungGen: 134144K->122819K(153600K)] [ParOldGen: 349416K->349416K(349696K)] 483560K->472236K(503296K), [Metaspace: 78689K->78689K(1118208K)], 0.3702467 secs] [Times: user=2.22 sys=0.01, real=0.37 secs] 
1201.088: [Full GC (Ergonomics) [PSYoungGen: 134144K->124331K(153600K)] [ParOldGen: 349416K->349416K(349696K)] 483560K->473747K(503296K), [Metaspace: 78689K->78689K(1118208K)], 0.3582709 secs] [Times: user=2.14 sys=0.00, real=0.36 secs] 
1201.450: [Full GC (Ergonomics) [PSYoungGen: 134144K->123532K(153600K)] [ParOldGen: 349416K->349416K(349696K)] 483560K->472948K(503296K), [Metaspace: 78689K->78689K(1118208K)], 0.4115624 secs] [Times: user=2.45 sys=0.00, real=0.41 secs] 
1201.866: [Full GC (Ergonomics) [PSYoungGen: 134144K->124059K(153600K)] [ParOldGen: 349416K->349416K(349696K)] 483560K->473476K(503296K), [Metaspace: 78689K->78689K(1118208K)], 0.3816008 secs] [Times: user=2.22 sys=0.01, real=0.38 secs] 
1202.253: [Full GC (Ergonomics) [PSYoungGen: 134144K->124478K(153600K)] [ParOldGen: 349416K->349416K(349696K)] 483560K->473895K(503296K), [Metaspace: 78689K->78689K(1118208K)], 0.5915863 secs] [Times: user=3.42 sys=0.01, real=0.60 secs] 
1202.848: [Full GC (Ergonomics) [PSYoungGen: 134144K->126001K(153600K)] [ParOldGen: 349416K->349411K(349696K)] 483560K->475412K(503296K), [Metaspace: 78689K->78689K(1118208K)], 0.8710679 secs] [Times: user=5.74 sys=0.03, real=0.87 secs] 
1203.722: [Full GC (Ergonomics) [PSYoungGen: 134144K->126435K(153600K)] [ParOldGen: 349411K->349410K(349696K)] 483555K->475846K(503296K), [Metaspace: 78689K->78689K(1118208K)], 0.6083990 secs] [Times: user=3.89 sys=0.01, real=0.61 secs] 
1204.334: [Full GC (Ergonomics) [PSYoungGen: 134144K->126828K(153600K)] [ParOldGen: 349410K->349410K(349696K)] 483554K->476239K(503296K), [Metaspace: 78689K->78689K(1118208K)], 0.4309924 secs] [Times: user=2.23 sys=0.01, real=0.43 secs] 
1204.768: [Full GC (Ergonomics) [PSYoungGen: 134144K->126137K(153600K)] [ParOldGen: 349410K->349410K(349696K)] 483554K->475548K(503296K), [Metaspace: 78689K->78689K(1118208K)], 0.4405873 secs] [Times: user=2.28 sys=0.00, real=0.44 secs] 
1205.211: [Full GC (Ergonomics) [PSYoungGen: 134144K->124583K(153600K)] [ParOldGen: 349410K->349410K(349696K)] 483554K->473994K(503296K), [Metaspace: 78689K->78689K(1118208K)], 0.3731046 secs] [Times: user=2.17 sys=0.00, real=0.38 secs] 
1205.588: [Full GC (Ergonomics) [PSYoungGen: 134144K->124985K(153600K)] [ParOldGen: 349410K->349410K(349696K)] 483554K->474396K(503296K), [Metaspace: 78689K->78689K(1118208K)], 0.4083117 secs] [Times: user=2.21 sys=0.00, real=0.41 secs] 
1205.999: [Full GC (Ergonomics) [PSYoungGen: 134144K->123056K(153600K)] [ParOldGen: 349410K->349410K(349696K)] 483554K->472467K(503296K), [Metaspace: 78689K->78689K(1118208K)], 0.4291120 secs] [Times: user=2.19 sys=0.00, real=0.43 secs] 
1206.432: [Full GC (Ergonomics) [PSYoungGen: 134144K->123462K(153600K)] [ParOldGen: 349410K->349410K(349696K)] 483554K->472872K(503296K), [Metaspace: 78689K->78689K(1118208K)], 0.4473717 secs] [Times: user=2.58 sys=0.01, real=0.45 secs] 
1206.882: [Full GC (Ergonomics) [PSYoungGen: 134144K->122717K(153600K)] [ParOldGen: 349410K->349410K(349696K)] 483554K->472127K(503296K), [Metaspace: 78689K->78689K(1118208K)], 0.3804857 secs] [Times: user=2.12 sys=0.00, real=0.38 secs] 
1207.268: [Full GC (Ergonomics) [PSYoungGen: 134144K->120739K(153600K)] [ParOldGen: 349410K->349410K(349696K)] 483554K->470150K(503296K), [Metaspace: 78689K->78689K(1118208K)], 0.3871778 secs] [Times: user=2.14 sys=0.00, real=0.39 secs] 
1207.660: [Full GC (Ergonomics) [PSYoungGen: 134143K->121182K(153600K)] [ParOldGen: 349410K->349410K(349696K)] 483554K->470593K(503296K), [Metaspace: 78689K->78689K(1118208K)], 0.4337893 secs] [Times: user=2.47 sys=0.00, real=0.43 secs] 
1208.097: [Full GC (Ergonomics) [PSYoungGen: 134144K->122759K(153600K)] [ParOldGen: 349410K->349410K(349696K)] 483554K->472170K(503296K), [Metaspace: 78689K->78689K(1118208K)], 0.3997035 secs] [Times: user=2.19 sys=0.01, real=0.40 secs] 
1208.500: [Full GC (Ergonomics) [PSYoungGen: 134144K->124478K(153600K)] [ParOldGen: 349410K->349410K(349696K)] 483554K->473889K(503296K), [Metaspace: 78689K->78689K(1118208K)], 0.4242696 secs] [Times: user=2.27 sys=0.01, real=0.42 secs] 
1208.928: [Full GC (Ergonomics) [PSYoungGen: 134144K->124937K(153600K)] [ParOldGen: 349410K->349410K(349696K)] 483554K->474348K(503296K), [Metaspace: 78689K->78689K(1118208K)], 0.3965565 secs] [Times: user=2.20 sys=0.00, real=0.39 secs] 
1209.328: [Full GC (Ergonomics) [PSYoungGen: 134144K->123324K(153600K)] [ParOldGen: 349410K->349410K(349696K)] 483554K->472735K(503296K), [Metaspace: 78689K->78689K(1118208K)], 0.4453438 secs] [Times: user=2.18 sys=0.01, real=0.44 secs] 
1209.780: [Full GC (Ergonomics) [PSYoungGen: 134144K->124596K(153600K)] [ParOldGen: 349410K->349410K(349696K)] 483554K->474007K(503296K), [Metaspace: 78689K->78689K(1118208K)], 0.3881498 secs] [Times: user=2.15 sys=0.00, real=0.39 secs] 
1210.172: [Full GC (Ergonomics) [PSYoungGen: 134144K->125142K(153600K)] [ParOldGen: 349410K->349410K(349696K)] 483554K->474553K(503296K), [Metaspace: 78689K->78689K(1118208K)], 0.3788060 secs] [Times: user=2.12 sys=0.01, real=0.38 secs] 
1210.555: [Full GC (Ergonomics) [PSYoungGen: 134144K->125649K(153600K)] [ParOldGen: 349410K->349410K(349696K)] 483554K->475060K(503296K), [Metaspace: 78689K->78689K(1118208K)], 0.4635668 secs] [Times: user=2.23 sys=0.06, real=0.46 secs] 
1211.023: [Full GC (Ergonomics) [PSYoungGen: 134144K->125835K(153600K)] [ParOldGen: 349410K->349410K(349696K)] 483554K->475246K(503296K), [Metaspace: 78689K->78689K(1118208K)], 0.4126881 secs] [Times: user=2.28 sys=0.03, real=0.42 secs] 
1211.439: [Full GC (Ergonomics) [PSYoungGen: 134144K->126035K(153600K)] [ParOldGen: 349410K->349410K(349696K)] 483554K->475446K(503296K), [Metaspace: 78689K->78689K(1118208K)], 0.3903401 secs] [Times: user=2.19 sys=0.02, real=0.39 secs] 
1211.832: [Full GC (Ergonomics) [PSYoungGen: 134144K->126404K(153600K)] [ParOldGen: 349410K->349410K(349696K)] 483554K->475815K(503296K), [Metaspace: 78689K->78689K(1118208K)], 0.3612292 secs] [Times: user=2.12 sys=0.05, real=0.36 secs] 
1212.196: [Full GC (Ergonomics) [PSYoungGen: 134144K->126741K(153600K)] [ParOldGen: 349410K->349410K(349696K)] 483554K->476152K(503296K), [Metaspace: 78689K->78689K(1118208K)], 0.3716055 secs] [Times: user=2.15 sys=0.02, real=0.37 secs] 
1212.571: [Full GC (Ergonomics) [PSYoungGen: 134144K->127046K(153600K)] [ParOldGen: 349423K->349412K(349696K)] 483567K->476458K(503296K), [Metaspace: 78690K->78690K(1118208K)], 0.9162137 secs] [Times: user=5.84 sys=0.14, real=0.92 secs] 
1213.490: [Full GC (Ergonomics) [PSYoungGen: 134144K->127225K(153600K)] [ParOldGen: 349432K->349412K(349696K)] 483576K->476638K(503296K), [Metaspace: 78692K->78692K(1118208K)], 0.8661986 secs] [Times: user=5.72 sys=0.11, real=0.87 secs] 
1214.358: [Full GC (Ergonomics) [PSYoungGen: 134144K->127254K(153600K)] [ParOldGen: 349412K->349412K(349696K)] 483556K->476666K(503296K), [Metaspace: 78693K->78693K(1118208K)], 0.9121021 secs] [Times: user=5.47 sys=0.09, real=0.91 secs] 
1215.273: [Full GC (Ergonomics) [PSYoungGen: 134144K->127321K(153600K)] [ParOldGen: 349412K->349412K(349696K)] 483556K->476733K(503296K), [Metaspace: 78693K->78693K(1118208K)], 0.9296032 secs] [Times: user=5.66 sys=0.13, real=0.93 secs] 
1216.204: [Full GC (Ergonomics) [PSYoungGen: 134144K->127660K(153600K)] [ParOldGen: 349412K->349412K(349696K)] 483556K->477072K(503296K), [Metaspace: 78693K->78693K(1118208K)], 0.3608429 secs] [Times: user=2.15 sys=0.02, real=0.36 secs] 
1216.567: [Full GC (Ergonomics) [PSYoungGen: 134144K->127529K(153600K)] [ParOldGen: 349446K->349412K(349696K)] 483590K->476942K(503296K), [Metaspace: 78696K->78696K(1118208K)], 0.3600037 secs] [Times: user=2.12 sys=0.02, real=0.36 secs] 
1216.930: [Full GC (Ergonomics) [PSYoungGen: 134144K->124502K(153600K)] [ParOldGen: 349412K->349411K(349696K)] 483556K->473913K(503296K), [Metaspace: 78696K->78696K(1118208K)], 0.3953762 secs] [Times: user=2.16 sys=0.01, real=0.40 secs] 
1217.328: [Full GC (Ergonomics) [PSYoungGen: 134144K->125580K(153600K)] [ParOldGen: 349411K->349411K(349696K)] 483555K->474991K(503296K), [Metaspace: 78710K->78710K(1118208K)], 0.3694872 secs] [Times: user=2.10 sys=0.00, real=0.37 secs] 
1217.701: [Full GC (Ergonomics) [PSYoungGen: 134144K->121701K(153600K)] [ParOldGen: 349411K->349411K(349696K)] 483555K->471112K(503296K), [Metaspace: 78710K->78710K(1118208K)], 0.3724069 secs] [Times: user=2.17 sys=0.00, real=0.37 secs] 
1218.078: [Full GC (Ergonomics) [PSYoungGen: 134144K->119861K(153600K)] [ParOldGen: 349411K->349410K(349696K)] 483555K->469272K(503296K), [Metaspace: 78710K->78710K(1118208K)], 0.3773398 secs] [Times: user=2.15 sys=0.01, real=0.37 secs] 
1218.459: [Full GC (Ergonomics) [PSYoungGen: 134144K->119952K(153600K)] [ParOldGen: 349410K->349410K(349696K)] 483554K->469363K(503296K), [Metaspace: 78710K->78710K(1118208K)], 0.4326960 secs] [Times: user=2.60 sys=0.01, real=0.43 secs] 
1218.896: [Full GC (Ergonomics) [PSYoungGen: 134144K->120734K(153600K)] [ParOldGen: 349410K->349410K(349696K)] 483554K->470145K(503296K), [Metaspace: 78744K->78744K(1118208K)], 0.3947175 secs] [Times: user=2.38 sys=0.01, real=0.39 secs] 
1219.294: [Full GC (Ergonomics) [PSYoungGen: 134144K->120968K(153600K)] [ParOldGen: 349410K->349410K(349696K)] 483554K->470378K(503296K), [Metaspace: 78752K->78752K(1118208K)], 0.3617516 secs] [Times: user=2.26 sys=0.00, real=0.37 secs] 
1219.660: [Full GC (Ergonomics) [PSYoungGen: 134144K->121902K(153600K)] [ParOldGen: 349410K->349410K(349696K)] 483554K->471313K(503296K), [Metaspace: 78762K->78762K(1118208K)], 0.3573911 secs] [Times: user=2.15 sys=0.01, real=0.36 secs] 
1220.021: [Full GC (Ergonomics) [PSYoungGen: 134144K->122688K(153600K)] [ParOldGen: 349410K->349410K(349696K)] 483554K->472099K(503296K), [Metaspace: 78762K->78762K(1118208K)], 0.3850870 secs] [Times: user=2.19 sys=0.01, real=0.39 secs] 
1220.412: [Full GC (Ergonomics) [PSYoungGen: 134144K->123784K(153600K)] [ParOldGen: 349410K->349410K(349696K)] 483554K->473195K(503296K), [Metaspace: 78772K->78772K(1118208K)], 0.3441643 secs] [Times: user=2.14 sys=0.00, real=0.35 secs] 
1220.762: [Full GC (Ergonomics) [PSYoungGen: 134144K->124070K(153600K)] [ParOldGen: 349455K->349414K(349696K)] 483599K->473485K(503296K), [Metaspace: 78779K->78779K(1118208K)], 0.3586069 secs] [Times: user=2.16 sys=0.01, real=0.36 secs] 
1221.126: [Full GC (Ergonomics) [PSYoungGen: 134144K->124566K(153600K)] [ParOldGen: 349420K->349414K(349696K)] 483564K->473981K(503296K), [Metaspace: 78785K->78785K(1118208K)], 0.8368522 secs] [Times: user=5.69 sys=0.03, real=0.83 secs] 
1221.967: [Full GC (Ergonomics) [PSYoungGen: 134144K->124951K(153600K)] [ParOldGen: 349414K->349412K(349696K)] 483558K->474364K(503296K), [Metaspace: 78807K->78807K(1118208K)], 0.3917845 secs] [Times: user=2.15 sys=0.00, real=0.39 secs] 
1222.363: [Full GC (Ergonomics) [PSYoungGen: 134144K->125586K(153600K)] [ParOldGen: 349412K->349412K(349696K)] 483556K->474999K(503296K), [Metaspace: 78824K->78824K(1118208K)], 0.3567648 secs] [Times: user=2.14 sys=0.01, real=0.36 secs] 
1222.723: [Full GC (Ergonomics) [PSYoungGen: 134144K->127177K(153600K)] [ParOldGen: 349412K->349412K(349696K)] 483556K->476589K(503296K), [Metaspace: 78832K->78832K(1118208K)], 0.3539207 secs] [Times: user=2.16 sys=0.01, real=0.36 secs] 
1223.079: [Full GC (Ergonomics) [PSYoungGen: 134144K->127336K(153600K)] [ParOldGen: 349412K->349412K(349696K)] 483556K->476748K(503296K), [Metaspace: 78835K->78835K(1118208K)], 0.8611413 secs] [Times: user=5.80 sys=0.04, real=0.86 secs] 
1223.942: [Full GC (Ergonomics) [PSYoungGen: 134144K->127390K(153600K)] [ParOldGen: 349412K->349412K(349696K)] 483556K->476803K(503296K), [Metaspace: 78835K->78835K(1118208K)], 0.3736777 secs] [Times: user=2.12 sys=0.00, real=0.37 secs] 
1224.322: [Full GC (Ergonomics) [PSYoungGen: 134144K->127181K(153600K)] [ParOldGen: 349412K->349412K(349696K)] 483556K->476594K(503296K), [Metaspace: 78835K->78835K(1118208K)], 0.8581063 secs] [Times: user=5.86 sys=0.02, real=0.86 secs] 
1225.182: [Full GC (Ergonomics) [PSYoungGen: 134144K->126305K(153600K)] [ParOldGen: 349412K->349412K(349696K)] 483556K->475717K(503296K), [Metaspace: 78839K->78839K(1118208K)], 0.8659432 secs] [Times: user=5.95 sys=0.03, real=0.87 secs] 
1226.051: [Full GC (Ergonomics) [PSYoungGen: 134144K->126583K(153600K)] [ParOldGen: 349412K->349412K(349696K)] 483556K->475996K(503296K), [Metaspace: 78841K->78841K(1118208K)], 0.3564462 secs] [Times: user=2.13 sys=0.00, real=0.36 secs] 
1226.410: [Full GC (Ergonomics) [PSYoungGen: 134144K->124596K(153600K)] [ParOldGen: 349412K->349412K(349696K)] 483556K->474008K(503296K), [Metaspace: 78847K->78847K(1118208K)], 0.3481417 secs] [Times: user=2.15 sys=0.01, real=0.35 secs] 
1226.760: [Full GC (Ergonomics) [PSYoungGen: 134144K->122795K(153600K)] [ParOldGen: 349412K->349411K(349696K)] 483556K->472206K(503296K), [Metaspace: 78856K->78856K(1118208K)], 0.3482815 secs] [Times: user=2.14 sys=0.00, real=0.35 secs] 
1227.112: [Full GC (Ergonomics) [PSYoungGen: 134144K->120734K(153600K)] [ParOldGen: 349411K->349410K(349696K)] 483555K->470144K(503296K), [Metaspace: 78862K->78862K(1118208K)], 0.3381802 secs] [Times: user=2.11 sys=0.01, real=0.34 secs] 
1227.454: [Full GC (Ergonomics) [PSYoungGen: 134144K->120935K(153600K)] [ParOldGen: 349410K->349410K(349696K)] 483554K->470345K(503296K), [Metaspace: 78862K->78862K(1118208K)], 0.3485810 secs] [Times: user=2.09 sys=0.00, real=0.35 secs] 
1227.807: [Full GC (Ergonomics) [PSYoungGen: 134144K->120572K(153600K)] [ParOldGen: 349410K->349410K(349696K)] 483554K->469982K(503296K), [Metaspace: 78863K->78863K(1118208K)], 0.3428810 secs] [Times: user=2.10 sys=0.00, real=0.35 secs] 
1228.155: [Full GC (Ergonomics) [PSYoungGen: 134144K->120578K(153600K)] [ParOldGen: 349410K->349410K(349696K)] 483554K->469989K(503296K), [Metaspace: 78877K->78877K(1118208K)], 0.3791121 secs] [Times: user=2.10 sys=0.00, real=0.38 secs] 
1228.537: [Full GC (Ergonomics) [PSYoungGen: 134144K->120782K(153600K)] [ParOldGen: 349410K->349410K(349696K)] 483554K->470193K(503296K), [Metaspace: 78877K->78877K(1118208K)], 0.3594154 secs] [Times: user=2.20 sys=0.01, real=0.36 secs] 
1228.900: [Full GC (Ergonomics) [PSYoungGen: 134144K->120804K(153600K)] [ParOldGen: 349410K->349410K(349696K)] 483554K->470214K(503296K), [Metaspace: 78892K->78892K(1118208K)], 0.4000496 secs] [Times: user=2.45 sys=0.01, real=0.40 secs] 
1229.304: [Full GC (Ergonomics) [PSYoungGen: 134144K->121364K(153600K)] [ParOldGen: 349410K->349410K(349696K)] 483554K->470775K(503296K), [Metaspace: 78892K->78892K(1118208K)], 0.3712959 secs] [Times: user=2.21 sys=0.01, real=0.37 secs] 
1229.681: [Full GC (Ergonomics) [PSYoungGen: 134144K->122570K(153600K)] [ParOldGen: 349410K->349410K(349696K)] 483554K->471981K(503296K), [Metaspace: 78901K->78901K(1118208K)], 0.8767325 secs] [Times: user=5.82 sys=0.04, real=0.88 secs] 
1230.562: [Full GC (Ergonomics) [PSYoungGen: 134144K->124345K(153600K)] [ParOldGen: 349410K->349410K(349696K)] 483554K->473756K(503296K), [Metaspace: 78901K->78901K(1118208K)], 0.3771120 secs] [Times: user=2.34 sys=0.00, real=0.38 secs] 
1230.943: [Full GC (Ergonomics) [PSYoungGen: 134144K->125555K(153600K)] [ParOldGen: 349410K->349410K(349696K)] 483554K->474965K(503296K), [Metaspace: 78932K->78932K(1118208K)], 0.8939947 secs] [Times: user=5.95 sys=0.03, real=0.89 secs] 
1231.842: [Full GC (Ergonomics) [PSYoungGen: 134144K->122424K(153600K)] [ParOldGen: 349410K->349410K(349696K)] 483554K->471834K(503296K), [Metaspace: 78943K->78943K(1118208K)], 0.3989377 secs] [Times: user=2.27 sys=0.00, real=0.40 secs] 
1232.245: [Full GC (Ergonomics) [PSYoungGen: 134144K->122904K(153600K)] [ParOldGen: 349410K->349410K(349696K)] 483554K->472315K(503296K), [Metaspace: 78943K->78943K(1118208K)], 0.3432949 secs] [Times: user=2.11 sys=0.00, real=0.35 secs] 
1232.594: [Full GC (Ergonomics) [PSYoungGen: 134144K->123791K(153600K)] [ParOldGen: 349410K->349410K(349696K)] 483554K->473202K(503296K), [Metaspace: 79006K->79006K(1118208K)], 0.3487260 secs] [Times: user=2.13 sys=0.01, real=0.35 secs] 
1232.947: [Full GC (Ergonomics) [PSYoungGen: 134144K->124420K(153600K)] [ParOldGen: 349410K->349410K(349696K)] 483554K->473830K(503296K), [Metaspace: 79006K->79006K(1118208K)], 0.3688539 secs] [Times: user=2.14 sys=0.01, real=0.37 secs] 
1233.322: [Full GC (Ergonomics) [PSYoungGen: 134144K->124759K(153600K)] [ParOldGen: 349410K->349410K(349696K)] 483554K->474169K(503296K), [Metaspace: 79006K->79006K(1118208K)], 0.3447933 secs] [Times: user=2.11 sys=0.00, real=0.34 secs] 
1233.670: [Full GC (Ergonomics) [PSYoungGen: 134144K->125164K(153600K)] [ParOldGen: 349410K->349410K(349696K)] 483554K->474574K(503296K), [Metaspace: 79006K->79006K(1118208K)], 0.3449072 secs] [Times: user=2.14 sys=0.01, real=0.34 secs] 
1234.018: [Full GC (Ergonomics) [PSYoungGen: 134144K->125357K(153600K)] [ParOldGen: 349410K->349410K(349696K)] 483554K->474768K(503296K), [Metaspace: 79009K->79009K(1118208K)], 0.3906245 secs] [Times: user=2.16 sys=0.00, real=0.39 secs] 
1234.412: [Full GC (Ergonomics) [PSYoungGen: 134144K->125442K(153600K)] [ParOldGen: 349410K->349410K(349696K)] 483554K->474853K(503296K), [Metaspace: 79012K->79012K(1118208K)], 0.3581907 secs] [Times: user=2.12 sys=0.00, real=0.36 secs] 
1234.776: [Full GC (Ergonomics) [PSYoungGen: 134144K->125820K(153600K)] [ParOldGen: 349410K->349410K(349696K)] 483554K->475230K(503296K), [Metaspace: 79015K->79015K(1118208K)], 0.3602357 secs] [Times: user=2.12 sys=0.01, real=0.36 secs] 
1235.139: [Full GC (Ergonomics) [PSYoungGen: 134144K->126015K(153600K)] [ParOldGen: 349410K->349410K(349696K)] 483554K->475425K(503296K), [Metaspace: 79019K->79019K(1118208K)], 0.3701742 secs] [Times: user=2.16 sys=0.01, real=0.37 secs] 
1235.512: [Full GC (Ergonomics) [PSYoungGen: 134144K->125711K(153600K)] [ParOldGen: 349410K->349410K(349696K)] 483554K->475122K(503296K), [Metaspace: 79019K->79019K(1118208K)], 0.3442558 secs] [Times: user=2.13 sys=0.00, real=0.34 secs] 
1235.859: [Full GC (Ergonomics) [PSYoungGen: 134144K->124299K(153600K)] [ParOldGen: 349410K->349410K(349696K)] 483554K->473709K(503296K), [Metaspace: 79042K->79042K(1118208K)], 0.3603563 secs] [Times: user=2.12 sys=0.00, real=0.36 secs] 
1236.222: [Full GC (Ergonomics) [PSYoungGen: 134136K->124445K(153600K)] [ParOldGen: 349410K->349410K(349696K)] 483546K->473855K(503296K), [Metaspace: 79044K->79044K(1118208K)], 0.3503060 secs] [Times: user=2.15 sys=0.01, real=0.35 secs] 
1236.577: [Full GC (Ergonomics) [PSYoungGen: 134144K->124413K(153600K)] [ParOldGen: 349410K->349410K(349696K)] 483554K->473824K(503296K), [Metaspace: 79049K->79049K(1118208K)], 0.3670483 secs] [Times: user=2.25 sys=0.01, real=0.37 secs] 
1236.950: [Full GC (Ergonomics) [PSYoungGen: 134144K->121605K(153600K)] [ParOldGen: 349410K->349410K(349696K)] 483554K->471016K(503296K), [Metaspace: 79099K->79099K(1118208K)], 0.4068667 secs] [Times: user=2.23 sys=0.00, real=0.40 secs] 
1237.361: [Full GC (Ergonomics) [PSYoungGen: 134144K->120484K(153600K)] [ParOldGen: 349410K->349410K(349696K)] 483554K->469895K(503296K), [Metaspace: 79120K->79120K(1118208K)], 0.4428835 secs] [Times: user=2.26 sys=0.01, real=0.44 secs] 
1237.808: [Full GC (Ergonomics) [PSYoungGen: 134144K->120435K(153600K)] [ParOldGen: 349410K->349410K(349696K)] 483554K->469846K(503296K), [Metaspace: 79128K->79128K(1118208K)], 0.3960785 secs] [Times: user=2.28 sys=0.00, real=0.40 secs] 
1238.211: [Full GC (Ergonomics) [PSYoungGen: 134144K->121204K(153600K)] [ParOldGen: 349410K->349410K(349696K)] 483554K->470614K(503296K), [Metaspace: 79145K->79145K(1118208K)], 0.5061090 secs] [Times: user=2.78 sys=0.01, real=0.50 secs] 
1238.722: [Full GC (Ergonomics) [PSYoungGen: 134144K->121569K(153600K)] [ParOldGen: 349410K->349370K(349696K)] 483554K->470939K(503296K), [Metaspace: 79157K->79157K(1118208K)], 0.8769238 secs] [Times: user=5.85 sys=0.04, real=0.88 secs] 
1239.603: [Full GC (Ergonomics) [PSYoungGen: 134144K->122243K(153600K)] [ParOldGen: 349370K->349370K(349696K)] 483514K->471614K(503296K), [Metaspace: 79161K->79161K(1118208K)], 0.3790722 secs] [Times: user=2.19 sys=0.01, real=0.38 secs] 
1239.987: [Full GC (Ergonomics) [PSYoungGen: 134144K->123110K(153600K)] [ParOldGen: 349370K->349370K(349696K)] 483514K->472481K(503296K), [Metaspace: 79166K->79166K(1118208K)], 0.3930756 secs] [Times: user=2.39 sys=0.00, real=0.40 secs] 
1240.385: [Full GC (Ergonomics) [PSYoungGen: 134144K->124137K(153600K)] [ParOldGen: 349370K->349369K(349696K)] 483514K->473506K(503296K), [Metaspace: 79179K->79179K(1118208K)], 0.8921878 secs] [Times: user=5.88 sys=0.03, real=0.89 secs] 
1241.282: [Full GC (Ergonomics) [PSYoungGen: 134144K->124578K(153600K)] [ParOldGen: 349369K->349369K(349696K)] 483513K->473947K(503296K), [Metaspace: 79182K->79182K(1118208K)], 0.3547429 secs] [Times: user=2.12 sys=0.01, real=0.35 secs] 
1241.640: [Full GC (Ergonomics) [PSYoungGen: 134144K->125085K(153600K)] [ParOldGen: 349369K->349369K(349696K)] 483513K->474454K(503296K), [Metaspace: 79187K->79187K(1118208K)], 0.3975337 secs] [Times: user=2.22 sys=0.00, real=0.39 secs] 
1242.042: [Full GC (Ergonomics) [PSYoungGen: 134144K->125624K(153600K)] [ParOldGen: 349369K->349369K(349696K)] 483513K->474993K(503296K), [Metaspace: 79197K->79197K(1118208K)], 0.4255333 secs] [Times: user=2.23 sys=0.01, real=0.42 secs] 
1242.471: [Full GC (Ergonomics) [PSYoungGen: 134144K->126204K(153600K)] [ParOldGen: 349369K->349369K(349696K)] 483513K->475574K(503296K), [Metaspace: 79214K->79214K(1118208K)], 1.1074914 secs] [Times: user=5.37 sys=0.03, real=1.10 secs] 
1243.582: [Full GC (Ergonomics) [PSYoungGen: 134144K->126084K(153600K)] [ParOldGen: 349369K->349369K(349696K)] 483513K->475453K(503296K), [Metaspace: 79214K->79214K(1118208K)], 0.5109373 secs] [Times: user=2.36 sys=0.01, real=0.51 secs] 
1244.095: [Full GC (Ergonomics) [PSYoungGen: 134144K->126176K(153600K)] [ParOldGen: 349369K->349369K(349696K)] 483513K->475545K(503296K), [Metaspace: 79214K->79214K(1118208K)], 0.4484061 secs] [Times: user=2.22 sys=0.00, real=0.45 secs] 
1244.552: [Full GC (Ergonomics) [PSYoungGen: 134144K->125878K(153600K)] [ParOldGen: 349369K->349369K(349696K)] 483513K->475247K(503296K), [Metaspace: 79244K->79244K(1118208K)], 0.4417599 secs] [Times: user=2.24 sys=0.01, real=0.44 secs] 
1244.998: [Full GC (Ergonomics) [PSYoungGen: 134144K->124133K(153600K)] [ParOldGen: 349369K->349369K(349696K)] 483513K->473502K(503296K), [Metaspace: 79246K->79246K(1118208K)], 0.4812820 secs] [Times: user=2.13 sys=0.01, real=0.49 secs] 
1245.483: [Full GC (Ergonomics) [PSYoungGen: 134144K->122389K(153600K)] [ParOldGen: 349369K->349369K(349696K)] 483513K->471758K(503296K), [Metaspace: 79246K->79246K(1118208K)], 0.5299475 secs] [Times: user=2.36 sys=0.00, real=0.53 secs] 
1246.020: [Full GC (Ergonomics) [PSYoungGen: 134144K->122307K(153600K)] [ParOldGen: 349369K->349369K(349696K)] 483513K->471676K(503296K), [Metaspace: 79262K->79262K(1118208K)], 0.5605723 secs] [Times: user=2.37 sys=0.01, real=0.56 secs] 
1246.584: [Full GC (Ergonomics) [PSYoungGen: 134144K->121167K(153600K)] [ParOldGen: 349369K->349369K(349696K)] 483513K->470536K(503296K), [Metaspace: 79262K->79262K(1118208K)], 0.5934191 secs] [Times: user=2.69 sys=0.01, real=0.59 secs] 
1247.184: [Full GC (Ergonomics) [PSYoungGen: 134144K->122220K(153600K)] [ParOldGen: 349369K->349369K(349696K)] 483513K->471589K(503296K), [Metaspace: 79264K->79264K(1118208K)], 0.4959783 secs] [Times: user=2.14 sys=0.00, real=0.49 secs] 
1247.696: [Full GC (Ergonomics) [PSYoungGen: 134144K->123263K(153600K)] [ParOldGen: 349369K->349369K(349696K)] 483513K->472632K(503296K), [Metaspace: 79313K->79313K(1120256K)], 1.0412269 secs] [Times: user=5.42 sys=0.02, real=1.04 secs] 
1248.741: [Full GC (Ergonomics) [PSYoungGen: 134144K->123831K(153600K)] [ParOldGen: 349369K->349369K(349696K)] 483513K->473201K(503296K), [Metaspace: 79316K->79316K(1120256K)], 0.3818231 secs] [Times: user=2.19 sys=0.01, real=0.38 secs] 
1249.128: [Full GC (Ergonomics) [PSYoungGen: 134144K->124516K(153600K)] [ParOldGen: 349369K->349369K(349696K)] 483513K->473885K(503296K), [Metaspace: 79321K->79321K(1120256K)], 0.4132231 secs] [Times: user=2.40 sys=0.00, real=0.42 secs] 
1249.545: [Full GC (Ergonomics) [PSYoungGen: 134144K->125194K(153600K)] [ParOldGen: 349369K->349369K(349696K)] 483513K->474563K(503296K), [Metaspace: 79330K->79330K(1120256K)], 0.9336366 secs] [Times: user=5.77 sys=0.04, real=0.93 secs] 
1250.483: [Full GC (Ergonomics) [PSYoungGen: 134144K->125944K(153600K)] [ParOldGen: 349369K->349369K(349696K)] 483513K->475313K(503296K), [Metaspace: 79331K->79331K(1120256K)], 0.3828072 secs] [Times: user=2.38 sys=0.01, real=0.38 secs] 
1250.870: [Full GC (Ergonomics) [PSYoungGen: 134144K->126617K(153600K)] [ParOldGen: 349369K->349369K(349696K)] 483513K->475986K(503296K), [Metaspace: 79362K->79362K(1120256K)], 0.3983033 secs] [Times: user=2.38 sys=0.01, real=0.40 secs] 
1251.275: [Full GC (Ergonomics) [PSYoungGen: 134144K->126899K(153600K)] [ParOldGen: 349369K->349369K(349696K)] 483513K->476268K(503296K), [Metaspace: 79368K->79368K(1120256K)], 0.3585632 secs] [Times: user=2.12 sys=0.00, real=0.36 secs] 
1251.636: [Full GC (Ergonomics) [PSYoungGen: 134144K->127623K(153600K)] [ParOldGen: 349369K->349369K(349696K)] 483513K->476992K(503296K), [Metaspace: 79377K->79377K(1120256K)], 0.3891859 secs] [Times: user=2.21 sys=0.01, real=0.39 secs] 
1252.029: [Full GC (Ergonomics) [PSYoungGen: 134144K->126348K(153600K)] [ParOldGen: 349369K->349369K(349696K)] 483513K->475717K(503296K), [Metaspace: 79381K->79381K(1120256K)], 0.3674785 secs] [Times: user=2.18 sys=0.00, real=0.37 secs] 
1252.399: [Full GC (Ergonomics) [PSYoungGen: 134144K->127335K(153600K)] [ParOldGen: 349369K->349369K(349696K)] 483513K->476704K(503296K), [Metaspace: 79383K->79383K(1120256K)], 0.3474118 secs] [Times: user=2.13 sys=0.01, real=0.35 secs] 
1252.750: [Full GC (Ergonomics) [PSYoungGen: 134144K->123902K(153600K)] [ParOldGen: 349369K->349369K(349696K)] 483513K->473271K(503296K), [Metaspace: 79389K->79389K(1120256K)], 0.3883120 secs] [Times: user=2.15 sys=0.00, real=0.39 secs] 
1253.141: [Full GC (Ergonomics) [PSYoungGen: 134144K->122424K(153600K)] [ParOldGen: 349369K->349369K(349696K)] 483513K->471793K(503296K), [Metaspace: 79396K->79396K(1120256K)], 0.3847102 secs] [Times: user=2.21 sys=0.00, real=0.38 secs] 
1253.530: [Full GC (Ergonomics) [PSYoungGen: 134144K->122706K(153600K)] [ParOldGen: 349369K->349369K(349696K)] 483513K->472075K(503296K), [Metaspace: 79403K->79403K(1120256K)], 0.3734131 secs] [Times: user=2.35 sys=0.01, real=0.38 secs] 
1253.906: [Full GC (Ergonomics) [PSYoungGen: 134144K->122929K(153600K)] [ParOldGen: 349369K->349369K(349696K)] 483513K->472298K(503296K), [Metaspace: 79410K->79410K(1120256K)], 0.3513953 secs] [Times: user=2.15 sys=0.00, real=0.35 secs] 
1254.261: [Full GC (Ergonomics) [PSYoungGen: 134144K->123338K(153600K)] [ParOldGen: 349369K->349369K(349696K)] 483513K->472707K(503296K), [Metaspace: 79413K->79413K(1120256K)], 0.3917481 secs] [Times: user=2.40 sys=0.01, real=0.40 secs] 
1254.656: [Full GC (Ergonomics) [PSYoungGen: 134144K->123195K(153600K)] [ParOldGen: 349369K->349369K(349696K)] 483513K->472564K(503296K), [Metaspace: 79417K->79417K(1120256K)], 0.4015827 secs] [Times: user=2.25 sys=0.00, real=0.40 secs] 
1255.062: [Full GC (Ergonomics) [PSYoungGen: 134144K->122412K(153600K)] [ParOldGen: 349369K->349368K(349696K)] 483513K->471781K(503296K), [Metaspace: 79426K->79426K(1120256K)], 0.8911691 secs] [Times: user=6.01 sys=0.02, real=0.89 secs] 
1255.956: [Full GC (Ergonomics) [PSYoungGen: 134144K->122644K(153600K)] [ParOldGen: 349368K->349368K(349696K)] 483512K->472013K(503296K), [Metaspace: 79430K->79430K(1120256K)], 0.3490907 secs] [Times: user=2.11 sys=0.00, real=0.35 secs] 
1256.309: [Full GC (Ergonomics) [PSYoungGen: 134144K->122784K(153600K)] [ParOldGen: 349368K->349368K(349696K)] 483512K->472153K(503296K), [Metaspace: 79430K->79430K(1120256K)], 0.9296160 secs] [Times: user=5.31 sys=0.03, real=0.93 secs] 
1257.246: [Full GC (Ergonomics) [PSYoungGen: 134144K->124371K(153600K)] [ParOldGen: 349368K->349368K(349696K)] 483512K->473740K(503296K), [Metaspace: 79438K->79438K(1120256K)], 0.4096417 secs] [Times: user=2.39 sys=0.00, real=0.41 secs] 
1257.660: [Full GC (Ergonomics) [PSYoungGen: 134144K->124756K(153600K)] [ParOldGen: 349373K->349369K(349696K)] 483517K->474126K(503296K), [Metaspace: 79475K->79475K(1120256K)], 0.3671301 secs] [Times: user=2.15 sys=0.01, real=0.37 secs] 
1258.030: [Full GC (Ergonomics) [PSYoungGen: 134144K->125184K(153600K)] [ParOldGen: 349369K->349369K(349696K)] 483513K->474553K(503296K), [Metaspace: 79475K->79475K(1120256K)], 0.9065675 secs] [Times: user=6.01 sys=0.03, real=0.91 secs] 
1258.940: [Full GC (Ergonomics) [PSYoungGen: 134144K->125321K(153600K)] [ParOldGen: 349369K->349369K(349696K)] 483513K->474690K(503296K), [Metaspace: 79475K->79475K(1120256K)], 0.3480202 secs] [Times: user=2.14 sys=0.00, real=0.35 secs] 
1259.294: [Full GC (Ergonomics) [PSYoungGen: 134144K->123999K(153600K)] [ParOldGen: 349369K->349368K(349696K)] 483513K->473368K(503296K), [Metaspace: 79494K->79494K(1120256K)], 0.8630797 secs] [Times: user=5.74 sys=0.02, real=0.86 secs] 
1260.160: [Full GC (Ergonomics) [PSYoungGen: 134144K->124263K(153600K)] [ParOldGen: 349368K->349368K(349696K)] 483512K->473631K(503296K), [Metaspace: 79495K->79495K(1120256K)], 0.4251518 secs] [Times: user=2.19 sys=0.00, real=0.43 secs] 
1260.590: [Full GC (Ergonomics) [PSYoungGen: 134144K->124393K(153600K)] [ParOldGen: 349368K->349368K(349696K)] 483512K->473762K(503296K), [Metaspace: 79504K->79504K(1120256K)], 0.3484255 secs] [Times: user=2.10 sys=0.01, real=0.35 secs] 
1260.941: [Full GC (Ergonomics) [PSYoungGen: 134144K->124704K(153600K)] [ParOldGen: 349368K->349368K(349696K)] 483512K->474073K(503296K), [Metaspace: 79504K->79504K(1120256K)], 0.4306395 secs] [Times: user=2.70 sys=0.01, real=0.43 secs] 
1261.380: [Full GC (Ergonomics) [PSYoungGen: 134144K->125008K(153600K)] [ParOldGen: 349368K->349368K(349696K)] 483512K->474377K(503296K), [Metaspace: 79504K->79504K(1120256K)], 0.3574183 secs] [Times: user=2.18 sys=0.00, real=0.36 secs] 
1261.741: [Full GC (Ergonomics) [PSYoungGen: 134144K->123001K(153600K)] [ParOldGen: 349368K->349368K(349696K)] 483512K->472370K(503296K), [Metaspace: 79504K->79504K(1120256K)], 0.3833346 secs] [Times: user=2.32 sys=0.01, real=0.39 secs] 
1262.129: [Full GC (Ergonomics) [PSYoungGen: 134144K->123372K(153600K)] [ParOldGen: 349368K->349368K(349696K)] 483512K->472741K(503296K), [Metaspace: 79512K->79512K(1120256K)], 0.3945710 secs] [Times: user=2.23 sys=0.01, real=0.40 secs] 
1262.527: [Full GC (Ergonomics) [PSYoungGen: 134144K->123932K(153600K)] [ParOldGen: 349368K->349368K(349696K)] 483512K->473301K(503296K), [Metaspace: 79519K->79519K(1120256K)], 0.3810288 secs] [Times: user=2.34 sys=0.01, real=0.38 secs] 
1262.912: [Full GC (Ergonomics) [PSYoungGen: 134144K->124286K(153600K)] [ParOldGen: 349368K->349368K(349696K)] 483512K->473655K(503296K), [Metaspace: 79521K->79521K(1120256K)], 0.3771394 secs] [Times: user=2.16 sys=0.00, real=0.38 secs] 
1263.293: [Full GC (Ergonomics) [PSYoungGen: 134144K->124472K(153600K)] [ParOldGen: 349368K->349368K(349696K)] 483512K->473841K(503296K), [Metaspace: 79521K->79521K(1120256K)], 0.3731414 secs] [Times: user=2.32 sys=0.01, real=0.37 secs] 
1263.671: [Full GC (Ergonomics) [PSYoungGen: 134144K->123265K(153600K)] [ParOldGen: 349370K->349368K(349696K)] 483514K->472634K(503296K), [Metaspace: 79526K->79526K(1120256K)], 0.3748572 secs] [Times: user=2.22 sys=0.00, real=0.38 secs] 
1264.054: [Full GC (Ergonomics) [PSYoungGen: 134144K->123477K(153600K)] [ParOldGen: 349376K->349371K(349696K)] 483520K->472849K(503296K), [Metaspace: 79533K->79533K(1120256K)], 0.4347754 secs] [Times: user=2.73 sys=0.02, real=0.43 secs] 
1264.492: [Full GC (Ergonomics) [PSYoungGen: 134144K->124223K(153600K)] [ParOldGen: 349371K->349371K(349696K)] 483515K->473594K(503296K), [Metaspace: 79546K->79546K(1120256K)], 0.3571926 secs] [Times: user=2.14 sys=0.00, real=0.36 secs] 
1264.853: [Full GC (Ergonomics) [PSYoungGen: 134144K->125053K(153600K)] [ParOldGen: 349371K->349369K(349696K)] 483515K->474422K(503296K), [Metaspace: 79546K->79546K(1120256K)], 0.3569679 secs] [Times: user=2.18 sys=0.00, real=0.35 secs] 
1265.214: [Full GC (Ergonomics) [PSYoungGen: 134144K->125099K(153600K)] [ParOldGen: 349369K->349369K(349696K)] 483513K->474468K(503296K), [Metaspace: 79546K->79546K(1120256K)], 0.3955331 secs] [Times: user=2.20 sys=0.01, real=0.39 secs] 
1265.613: [Full GC (Ergonomics) [PSYoungGen: 134144K->125200K(153600K)] [ParOldGen: 349369K->349369K(349696K)] 483513K->474569K(503296K), [Metaspace: 79546K->79546K(1120256K)], 0.3970165 secs] [Times: user=2.34 sys=0.00, real=0.39 secs] 
1266.014: [Full GC (Ergonomics) [PSYoungGen: 134144K->124151K(153600K)] [ParOldGen: 349369K->349369K(349696K)] 483513K->473520K(503296K), [Metaspace: 79561K->79561K(1120256K)], 0.3482078 secs] [Times: user=2.14 sys=0.01, real=0.35 secs] 
1266.367: [Full GC (Ergonomics) [PSYoungGen: 134144K->124448K(153600K)] [ParOldGen: 349369K->349369K(349696K)] 483513K->473817K(503296K), [Metaspace: 79561K->79561K(1120256K)], 0.4003392 secs] [Times: user=2.15 sys=0.00, real=0.40 secs] 
1266.771: [Full GC (Ergonomics) [PSYoungGen: 134144K->124973K(153600K)] [ParOldGen: 349369K->349369K(349696K)] 483513K->474343K(503296K), [Metaspace: 79561K->79561K(1120256K)], 0.3813912 secs] [Times: user=2.14 sys=0.00, real=0.38 secs] 
1267.155: [Full GC (Ergonomics) [PSYoungGen: 134144K->125058K(153600K)] [ParOldGen: 349369K->349369K(349696K)] 483513K->474427K(503296K), [Metaspace: 79561K->79561K(1120256K)], 0.4087309 secs] [Times: user=2.46 sys=0.01, real=0.41 secs] 
1267.567: [Full GC (Ergonomics) [PSYoungGen: 134144K->125322K(153600K)] [ParOldGen: 349369K->349369K(349696K)] 483513K->474692K(503296K), [Metaspace: 79561K->79561K(1120256K)], 0.4209061 secs] [Times: user=2.57 sys=0.01, real=0.42 secs] 
1267.991: [Full GC (Ergonomics) [PSYoungGen: 134144K->125336K(153600K)] [ParOldGen: 349369K->349369K(349696K)] 483513K->474705K(503296K), [Metaspace: 79563K->79563K(1120256K)], 0.3711824 secs] [Times: user=2.18 sys=0.01, real=0.37 secs] 
1268.365: [Full GC (Ergonomics) [PSYoungGen: 134144K->125174K(153600K)] [ParOldGen: 349369K->349369K(349696K)] 483513K->474543K(503296K), [Metaspace: 79563K->79563K(1120256K)], 0.3498925 secs] [Times: user=2.12 sys=0.00, real=0.35 secs] 
1268.719: [Full GC (Ergonomics) [PSYoungGen: 134144K->125639K(153600K)] [ParOldGen: 349369K->349369K(349696K)] 483513K->475009K(503296K), [Metaspace: 79580K->79580K(1120256K)], 0.3568929 secs] [Times: user=2.16 sys=0.01, real=0.36 secs] 
1269.081: [Full GC (Ergonomics) [PSYoungGen: 134144K->123803K(153600K)] [ParOldGen: 349369K->349369K(349696K)] 483513K->473172K(503296K), [Metaspace: 79580K->79580K(1120256K)], 0.3848784 secs] [Times: user=2.22 sys=0.00, real=0.39 secs] 
1269.472: [Full GC (Ergonomics) [PSYoungGen: 134144K->124573K(153600K)] [ParOldGen: 349369K->349369K(349696K)] 483513K->473942K(503296K), [Metaspace: 79588K->79588K(1120256K)], 0.3952721 secs] [Times: user=2.45 sys=0.01, real=0.40 secs] 
1269.873: [Full GC (Ergonomics) [PSYoungGen: 134143K->123496K(153600K)] [ParOldGen: 349369K->349369K(349696K)] 483512K->472865K(503296K), [Metaspace: 79588K->79588K(1120256K)], 0.3750541 secs] [Times: user=2.18 sys=0.01, real=0.38 secs] 
1270.252: [Full GC (Ergonomics) [PSYoungGen: 134144K->123797K(153600K)] [ParOldGen: 349369K->349369K(349696K)] 483513K->473166K(503296K), [Metaspace: 79588K->79588K(1120256K)], 0.4114366 secs] [Times: user=2.30 sys=0.00, real=0.41 secs] 
1270.668: [Full GC (Ergonomics) [PSYoungGen: 134144K->124709K(153600K)] [ParOldGen: 349369K->349369K(349696K)] 483513K->474078K(503296K), [Metaspace: 79593K->79593K(1120256K)], 0.4001264 secs] [Times: user=2.35 sys=0.01, real=0.40 secs] 
1271.072: [Full GC (Ergonomics) [PSYoungGen: 134144K->125201K(153600K)] [ParOldGen: 349369K->349369K(349696K)] 483513K->474570K(503296K), [Metaspace: 79598K->79598K(1120256K)], 0.3955236 secs] [Times: user=2.16 sys=0.01, real=0.40 secs] 
1271.472: [Full GC (Ergonomics) [PSYoungGen: 134144K->125455K(153600K)] [ParOldGen: 349369K->349369K(349696K)] 483513K->474824K(503296K), [Metaspace: 79605K->79605K(1120256K)], 0.4538701 secs] [Times: user=2.43 sys=0.00, real=0.46 secs] 
1271.931: [Full GC (Ergonomics) [PSYoungGen: 134144K->126062K(153600K)] [ParOldGen: 349369K->349369K(349696K)] 483513K->475431K(503296K), [Metaspace: 79605K->79605K(1120256K)], 0.3642971 secs] [Times: user=2.15 sys=0.00, real=0.37 secs] 
1272.301: [Full GC (Ergonomics) [PSYoungGen: 134144K->126478K(153600K)] [ParOldGen: 349369K->349369K(349696K)] 483513K->475847K(503296K), [Metaspace: 79605K->79605K(1120256K)], 0.3618154 secs] [Times: user=2.16 sys=0.01, real=0.36 secs] 
1272.667: [Full GC (Ergonomics) [PSYoungGen: 134144K->127808K(153600K)] [ParOldGen: 349369K->349369K(349696K)] 483513K->477177K(503296K), [Metaspace: 79612K->79612K(1120256K)], 0.3853492 secs] [Times: user=2.26 sys=0.01, real=0.38 secs] 
1273.057: [Full GC (Ergonomics) [PSYoungGen: 134144K->128814K(153600K)] [ParOldGen: 349369K->349369K(349696K)] 483513K->478183K(503296K), [Metaspace: 79614K->79614K(1120256K)], 0.3935924 secs] [Times: user=2.24 sys=0.01, real=0.39 secs] 
1273.453: [Full GC (Ergonomics) [PSYoungGen: 134144K->130011K(153600K)] [ParOldGen: 349369K->349369K(349696K)] 483513K->479380K(503296K), [Metaspace: 79617K->79617K(1120256K)], 0.3434790 secs] [Times: user=2.14 sys=0.00, real=0.35 secs] 
1273.802: [Full GC (Ergonomics) [PSYoungGen: 134144K->130245K(153600K)] [ParOldGen: 349369K->349369K(349696K)] 483513K->479614K(503296K), [Metaspace: 79617K->79617K(1120256K)], 0.3706915 secs] [Times: user=2.20 sys=0.00, real=0.37 secs] 
1274.176: [Full GC (Ergonomics) [PSYoungGen: 134144K->129986K(153600K)] [ParOldGen: 349369K->349369K(349696K)] 483513K->479355K(503296K), [Metaspace: 79627K->79627K(1120256K)], 0.3669735 secs] [Times: user=2.17 sys=0.01, real=0.36 secs] 
1274.546: [Full GC (Ergonomics) [PSYoungGen: 134144K->129665K(153600K)] [ParOldGen: 349371K->349369K(349696K)] 483515K->479034K(503296K), [Metaspace: 79627K->79627K(1120256K)], 0.3492883 secs] [Times: user=2.14 sys=0.00, real=0.35 secs] 
1274.897: [Full GC (Ergonomics) [PSYoungGen: 134144K->126122K(153600K)] [ParOldGen: 349379K->349370K(349696K)] 483523K->475492K(503296K), [Metaspace: 79632K->79632K(1120256K)], 0.3657246 secs] [Times: user=2.16 sys=0.01, real=0.36 secs] 
1275.267: [Full GC (Ergonomics) [PSYoungGen: 134144K->126340K(153600K)] [ParOldGen: 349370K->349369K(349696K)] 483514K->475709K(503296K), [Metaspace: 79645K->79645K(1120256K)], 0.3654722 secs] [Times: user=2.20 sys=0.00, real=0.36 secs] 
1275.636: [Full GC (Ergonomics) [PSYoungGen: 134144K->126445K(153600K)] [ParOldGen: 349369K->349369K(349696K)] 483513K->475814K(503296K), [Metaspace: 79656K->79656K(1120256K)], 0.3925230 secs] [Times: user=2.34 sys=0.01, real=0.39 secs] 
1276.031: [Full GC (Ergonomics) [PSYoungGen: 134144K->126122K(153600K)] [ParOldGen: 349369K->349369K(349696K)] 483513K->475491K(503296K), [Metaspace: 79660K->79660K(1120256K)], 0.3801193 secs] [Times: user=2.25 sys=0.01, real=0.38 secs] 
1276.414: [Full GC (Ergonomics) [PSYoungGen: 134144K->124586K(153600K)] [ParOldGen: 349369K->349369K(349696K)] 483513K->473955K(503296K), [Metaspace: 79660K->79660K(1120256K)], 0.3944184 secs] [Times: user=2.45 sys=0.01, real=0.40 secs] 
1276.812: [Full GC (Ergonomics) [PSYoungGen: 134144K->124787K(153600K)] [ParOldGen: 349369K->349368K(349696K)] 483513K->474156K(503296K), [Metaspace: 79665K->79665K(1120256K)], 0.8574095 secs] [Times: user=5.70 sys=0.02, real=0.86 secs] 
1277.673: [Full GC (Ergonomics) [PSYoungGen: 134144K->125362K(153600K)] [ParOldGen: 349368K->349368K(349696K)] 483512K->474731K(503296K), [Metaspace: 79665K->79665K(1120256K)], 0.3676334 secs] [Times: user=2.18 sys=0.00, real=0.37 secs] 
1278.046: [Full GC (Ergonomics) [PSYoungGen: 134144K->127663K(153600K)] [ParOldGen: 349368K->349368K(349696K)] 483512K->477032K(503296K), [Metaspace: 79665K->79665K(1120256K)], 0.3853209 secs] [Times: user=2.30 sys=0.01, real=0.38 secs] 
1278.435: [Full GC (Ergonomics) [PSYoungGen: 134144K->126080K(153600K)] [ParOldGen: 349368K->349368K(349696K)] 483512K->475449K(503296K), [Metaspace: 79665K->79665K(1120256K)], 0.3632511 secs] [Times: user=2.17 sys=0.01, real=0.36 secs] 
1278.801: [Full GC (Ergonomics) [PSYoungGen: 134144K->127371K(153600K)] [ParOldGen: 349368K->349368K(349696K)] 483512K->476740K(503296K), [Metaspace: 79665K->79665K(1120256K)], 0.3529607 secs] [Times: user=2.12 sys=0.00, real=0.35 secs] 
1279.158: [Full GC (Ergonomics) [PSYoungGen: 134144K->127530K(153600K)] [ParOldGen: 349368K->349368K(349696K)] 483512K->476899K(503296K), [Metaspace: 79668K->79668K(1120256K)], 0.8667574 secs] [Times: user=5.83 sys=0.02, real=0.86 secs] 
1280.030: [Full GC (Ergonomics) [PSYoungGen: 134144K->128788K(153600K)] [ParOldGen: 349368K->349368K(349696K)] 483512K->478157K(503296K), [Metaspace: 79675K->79675K(1120256K)], 0.3747855 secs] [Times: user=2.16 sys=0.01, real=0.38 secs] 
1280.408: [Full GC (Ergonomics) [PSYoungGen: 134144K->130309K(153600K)] [ParOldGen: 349368K->349368K(349696K)] 483512K->479677K(503296K), [Metaspace: 79678K->79678K(1120256K)], 0.9428272 secs] [Times: user=6.33 sys=0.03, real=0.94 secs] 
1281.355: [Full GC (Ergonomics) [PSYoungGen: 134143K->129924K(153600K)] [ParOldGen: 349368K->349368K(349696K)] 483512K->479292K(503296K), [Metaspace: 79678K->79678K(1120256K)], 0.3832680 secs] [Times: user=2.30 sys=0.01, real=0.39 secs] 
1281.742: [Full GC (Ergonomics) [PSYoungGen: 134144K->130421K(153600K)] [ParOldGen: 349368K->349368K(349696K)] 483512K->479790K(503296K), [Metaspace: 79678K->79678K(1120256K)], 0.3537761 secs] [Times: user=2.16 sys=0.00, real=0.35 secs] 
1282.098: [Full GC (Ergonomics) [PSYoungGen: 134144K->128225K(153600K)] [ParOldGen: 349368K->349368K(349696K)] 483512K->477594K(503296K), [Metaspace: 79678K->79678K(1120256K)], 0.3533798 secs] [Times: user=2.11 sys=0.01, real=0.35 secs] 
1282.456: [Full GC (Ergonomics) [PSYoungGen: 134144K->128254K(153600K)] [ParOldGen: 349368K->349368K(349696K)] 483512K->477623K(503296K), [Metaspace: 79686K->79686K(1120256K)], 0.3644887 secs] [Times: user=2.16 sys=0.01, real=0.36 secs] 
1282.825: [Full GC (Ergonomics) [PSYoungGen: 134144K->128522K(153600K)] [ParOldGen: 349368K->349368K(349696K)] 483512K->477891K(503296K), [Metaspace: 79693K->79693K(1120256K)], 0.3814030 secs] [Times: user=2.23 sys=0.00, real=0.39 secs] 
1283.211: [Full GC (Ergonomics) [PSYoungGen: 134144K->129010K(153600K)] [ParOldGen: 349368K->349368K(349696K)] 483512K->478378K(503296K), [Metaspace: 79695K->79695K(1120256K)], 0.3568774 secs] [Times: user=2.13 sys=0.00, real=0.36 secs] 
1283.571: [Full GC (Ergonomics) [PSYoungGen: 134144K->129222K(153600K)] [ParOldGen: 349368K->349368K(349696K)] 483512K->478591K(503296K), [Metaspace: 79695K->79695K(1120256K)], 0.3780740 secs] [Times: user=2.19 sys=0.00, real=0.38 secs] 
1283.952: [Full GC (Ergonomics) [PSYoungGen: 134144K->129299K(153600K)] [ParOldGen: 349368K->349368K(349696K)] 483512K->478668K(503296K), [Metaspace: 79713K->79713K(1120256K)], 0.3819818 secs] [Times: user=2.23 sys=0.00, real=0.38 secs] 
1284.338: [Full GC (Ergonomics) [PSYoungGen: 134144K->129410K(153600K)] [ParOldGen: 349368K->349368K(349696K)] 483512K->478779K(503296K), [Metaspace: 79713K->79713K(1120256K)], 0.8832985 secs] [Times: user=5.93 sys=0.03, real=0.88 secs] 
1285.225: [Full GC (Ergonomics) [PSYoungGen: 134144K->129505K(153600K)] [ParOldGen: 349368K->349368K(349696K)] 483512K->478874K(503296K), [Metaspace: 79719K->79719K(1120256K)], 0.4135630 secs] [Times: user=2.19 sys=0.00, real=0.42 secs] 
1285.641: [Full GC (Ergonomics) [PSYoungGen: 134144K->130030K(153600K)] [ParOldGen: 349368K->349368K(349696K)] 483512K->479399K(503296K), [Metaspace: 79725K->79725K(1120256K)], 0.9375894 secs] [Times: user=6.18 sys=0.03, real=0.94 secs] 
1286.582: [Full GC (Ergonomics) [PSYoungGen: 134144K->130768K(153600K)] [ParOldGen: 349368K->349368K(349696K)] 483512K->480137K(503296K), [Metaspace: 79725K->79725K(1120256K)], 0.3571554 secs] [Times: user=2.16 sys=0.01, real=0.36 secs] 
1286.941: [Full GC (Ergonomics) [PSYoungGen: 134144K->131324K(153600K)] [ParOldGen: 349368K->349368K(349696K)] 483512K->480693K(503296K), [Metaspace: 79725K->79725K(1120256K)], 0.3619950 secs] [Times: user=2.17 sys=0.00, real=0.36 secs] 
1287.306: [Full GC (Ergonomics) [PSYoungGen: 134144K->131598K(153600K)] [ParOldGen: 349368K->349368K(349696K)] 483512K->480967K(503296K), [Metaspace: 79727K->79727K(1120256K)], 0.3808714 secs] [Times: user=2.32 sys=0.01, real=0.38 secs] 
1287.690: [Full GC (Ergonomics) [PSYoungGen: 134144K->131623K(153600K)] [ParOldGen: 349368K->349368K(349696K)] 483512K->480991K(503296K), [Metaspace: 79732K->79732K(1120256K)], 0.3713003 secs] [Times: user=2.26 sys=0.01, real=0.37 secs] 
1288.064: [Full GC (Ergonomics) [PSYoungGen: 134144K->131657K(153600K)] [ParOldGen: 349368K->349368K(349696K)] 483512K->481026K(503296K), [Metaspace: 79735K->79735K(1120256K)], 0.3693660 secs] [Times: user=2.17 sys=0.00, real=0.37 secs] 
1288.435: [Full GC (Ergonomics) [PSYoungGen: 134144K->132180K(153600K)] [ParOldGen: 349368K->349368K(349696K)] 483512K->481549K(503296K), [Metaspace: 79735K->79735K(1120256K)], 0.3617071 secs] [Times: user=2.17 sys=0.00, real=0.37 secs] 
1288.799: [Full GC (Ergonomics) [PSYoungGen: 134144K->128977K(153600K)] [ParOldGen: 349368K->349368K(349696K)] 483512K->478346K(503296K), [Metaspace: 79735K->79735K(1120256K)], 0.3662277 secs] [Times: user=2.18 sys=0.01, real=0.36 secs] 
1289.168: [Full GC (Ergonomics) [PSYoungGen: 134144K->129108K(153600K)] [ParOldGen: 349368K->349368K(349696K)] 483512K->478477K(503296K), [Metaspace: 79735K->79735K(1120256K)], 0.3839681 secs] [Times: user=2.20 sys=0.00, real=0.38 secs] 
1289.554: [Full GC (Ergonomics) [PSYoungGen: 134144K->128981K(153600K)] [ParOldGen: 349368K->349368K(349696K)] 483512K->478350K(503296K), [Metaspace: 79739K->79739K(1120256K)], 0.3722195 secs] [Times: user=2.16 sys=0.01, real=0.38 secs] 
1289.929: [Full GC (Ergonomics) [PSYoungGen: 134144K->129535K(153600K)] [ParOldGen: 349368K->349368K(349696K)] 483512K->478904K(503296K), [Metaspace: 79739K->79739K(1120256K)], 0.3577579 secs] [Times: user=2.18 sys=0.00, real=0.36 secs] 
1290.289: [Full GC (Ergonomics) [PSYoungGen: 134144K->127568K(153600K)] [ParOldGen: 349368K->349368K(349696K)] 483512K->476937K(503296K), [Metaspace: 79739K->79739K(1120256K)], 0.3740409 secs] [Times: user=2.17 sys=0.01, real=0.37 secs] 
1290.665: [Full GC (Ergonomics) [PSYoungGen: 134144K->127908K(153600K)] [ParOldGen: 349368K->349368K(349696K)] 483512K->477277K(503296K), [Metaspace: 79739K->79739K(1120256K)], 0.4022498 secs] [Times: user=2.28 sys=0.00, real=0.41 secs] 
1291.070: [Full GC (Ergonomics) [PSYoungGen: 134144K->129031K(153600K)] [ParOldGen: 349368K->349368K(349696K)] 483512K->478400K(503296K), [Metaspace: 79739K->79739K(1120256K)], 0.4813086 secs] [Times: user=2.31 sys=0.01, real=0.48 secs] 
1291.557: [Full GC (Ergonomics) [PSYoungGen: 134144K->126778K(153600K)] [ParOldGen: 349368K->349368K(349696K)] 483512K->476146K(503296K), [Metaspace: 79746K->79746K(1120256K)], 0.4593831 secs] [Times: user=2.20 sys=0.01, real=0.45 secs] 
1292.019: [Full GC (Ergonomics) [PSYoungGen: 134144K->126772K(153600K)] [ParOldGen: 349368K->349368K(349696K)] 483512K->476141K(503296K), [Metaspace: 79746K->79746K(1120256K)], 0.4601263 secs] [Times: user=2.21 sys=0.01, real=0.46 secs] 
1292.483: [Full GC (Ergonomics) [PSYoungGen: 134144K->126777K(153600K)] [ParOldGen: 349368K->349368K(349696K)] 483512K->476146K(503296K), [Metaspace: 79746K->79746K(1120256K)], 0.4532923 secs] [Times: user=2.23 sys=0.01, real=0.46 secs] 
1292.941: [Full GC (Ergonomics) [PSYoungGen: 134144K->126790K(153600K)] [ParOldGen: 349368K->349368K(349696K)] 483512K->476158K(503296K), [Metaspace: 79746K->79746K(1120256K)], 0.4104106 secs] [Times: user=2.40 sys=0.01, real=0.41 secs] 
1293.355: [Full GC (Ergonomics) [PSYoungGen: 134144K->126962K(153600K)] [ParOldGen: 349368K->349368K(349696K)] 483512K->476331K(503296K), [Metaspace: 79753K->79753K(1120256K)], 0.4146844 secs] [Times: user=2.22 sys=0.00, real=0.42 secs] 
1293.772: [Full GC (Ergonomics) [PSYoungGen: 134144K->124927K(153600K)] [ParOldGen: 349368K->349368K(349696K)] 483512K->474296K(503296K), [Metaspace: 79753K->79753K(1120256K)], 0.3647887 secs] [Times: user=2.20 sys=0.00, real=0.36 secs] 
1294.141: [Full GC (Ergonomics) [PSYoungGen: 134144K->125325K(153600K)] [ParOldGen: 349368K->349368K(349696K)] 483512K->474694K(503296K), [Metaspace: 79759K->79759K(1120256K)], 1.2380903 secs] [Times: user=8.26 sys=0.06, real=1.24 secs] 
1295.384: [Full GC (Ergonomics) [PSYoungGen: 134144K->125574K(153600K)] [ParOldGen: 349368K->349368K(349696K)] 483512K->474943K(503296K), [Metaspace: 79764K->79764K(1120256K)], 0.3914624 secs] [Times: user=2.36 sys=0.01, real=0.39 secs] 
1295.780: [Full GC (Ergonomics) [PSYoungGen: 134144K->125635K(153600K)] [ParOldGen: 349368K->349368K(349696K)] 483512K->475003K(503296K), [Metaspace: 79770K->79770K(1120256K)], 0.3728099 secs] [Times: user=2.19 sys=0.00, real=0.37 secs] 
1296.156: [Full GC (Ergonomics) [PSYoungGen: 134144K->126162K(153600K)] [ParOldGen: 349368K->349368K(349696K)] 483512K->475530K(503296K), [Metaspace: 79775K->79775K(1120256K)], 0.4242783 secs] [Times: user=2.60 sys=0.01, real=0.43 secs] 
1296.584: [Full GC (Ergonomics) [PSYoungGen: 134144K->126676K(153600K)] [ParOldGen: 349368K->349368K(349696K)] 483512K->476045K(503296K), [Metaspace: 79778K->79778K(1120256K)], 0.3864531 secs] [Times: user=2.17 sys=0.01, real=0.39 secs] 
1296.975: [Full GC (Ergonomics) [PSYoungGen: 134144K->128619K(153600K)] [ParOldGen: 349368K->349368K(349696K)] 483512K->477987K(503296K), [Metaspace: 79778K->79778K(1120256K)], 0.3865433 secs] [Times: user=2.15 sys=0.00, real=0.39 secs] 
1297.366: [Full GC (Ergonomics) [PSYoungGen: 134144K->129537K(153600K)] [ParOldGen: 349368K->349368K(349696K)] 483512K->478906K(503296K), [Metaspace: 79779K->79779K(1120256K)], 0.4033519 secs] [Times: user=2.23 sys=0.01, real=0.41 secs] 
1297.772: [Full GC (Ergonomics) [PSYoungGen: 134144K->126654K(153600K)] [ParOldGen: 349368K->349368K(349696K)] 483512K->476023K(503296K), [Metaspace: 79784K->79784K(1120256K)], 0.3755318 secs] [Times: user=2.20 sys=0.00, real=0.38 secs] 
1298.151: [Full GC (Ergonomics) [PSYoungGen: 134144K->127402K(153600K)] [ParOldGen: 349368K->349368K(349696K)] 483512K->476771K(503296K), [Metaspace: 79784K->79784K(1120256K)], 0.4182379 secs] [Times: user=2.21 sys=0.01, real=0.42 secs] 
1298.573: [Full GC (Ergonomics) [PSYoungGen: 134144K->127406K(153600K)] [ParOldGen: 349368K->349368K(349696K)] 483512K->476775K(503296K), [Metaspace: 79789K->79789K(1120256K)], 0.3828031 secs] [Times: user=2.19 sys=0.01, real=0.38 secs] 
1298.959: [Full GC (Ergonomics) [PSYoungGen: 134144K->127802K(153600K)] [ParOldGen: 349368K->349368K(349696K)] 483512K->477171K(503296K), [Metaspace: 79789K->79789K(1120256K)], 0.4243764 secs] [Times: user=2.29 sys=0.00, real=0.42 secs] 
1299.388: [Full GC (Ergonomics) [PSYoungGen: 134144K->128238K(153600K)] [ParOldGen: 349368K->349368K(349696K)] 483512K->477607K(503296K), [Metaspace: 79792K->79792K(1120256K)], 0.4659795 secs] [Times: user=2.27 sys=0.01, real=0.46 secs] 
1299.859: [Full GC (Ergonomics) [PSYoungGen: 134144K->128812K(153600K)] [ParOldGen: 349368K->349368K(349696K)] 483512K->478181K(503296K), [Metaspace: 79804K->79804K(1120256K)], 0.4175343 secs] [Times: user=2.39 sys=0.00, real=0.41 secs] 
1300.279: [Full GC (Ergonomics) [PSYoungGen: 134144K->128884K(153600K)] [ParOldGen: 349368K->349368K(349696K)] 483512K->478253K(503296K), [Metaspace: 79808K->79808K(1120256K)], 0.3749521 secs] [Times: user=2.23 sys=0.01, real=0.37 secs] 
1300.657: [Full GC (Ergonomics) [PSYoungGen: 134144K->129277K(153600K)] [ParOldGen: 349368K->349368K(349696K)] 483512K->478645K(503296K), [Metaspace: 79808K->79808K(1120256K)], 0.3723611 secs] [Times: user=2.14 sys=0.00, real=0.38 secs] 
1301.032: [Full GC (Ergonomics) [PSYoungGen: 134144K->129309K(153600K)] [ParOldGen: 349368K->349368K(349696K)] 483512K->478677K(503296K), [Metaspace: 79808K->79808K(1120256K)], 0.3984910 secs] [Times: user=2.22 sys=0.01, real=0.40 secs] 
1301.433: [Full GC (Ergonomics) [PSYoungGen: 134144K->129543K(153600K)] [ParOldGen: 349368K->349368K(349696K)] 483512K->478912K(503296K), [Metaspace: 79810K->79810K(1120256K)], 0.3674106 secs] [Times: user=2.19 sys=0.00, real=0.37 secs] 
1301.803: [Full GC (Ergonomics) [PSYoungGen: 134144K->129832K(153600K)] [ParOldGen: 349368K->349368K(349696K)] 483512K->479201K(503296K), [Metaspace: 79810K->79810K(1120256K)], 0.3787987 secs] [Times: user=2.27 sys=0.01, real=0.38 secs] 
1302.184: [Full GC (Ergonomics) [PSYoungGen: 134144K->129946K(153600K)] [ParOldGen: 349368K->349368K(349696K)] 483512K->479315K(503296K), [Metaspace: 79813K->79813K(1120256K)], 0.3718732 secs] [Times: user=2.16 sys=0.01, real=0.37 secs] 
1302.559: [Full GC (Ergonomics) [PSYoungGen: 134144K->130326K(153600K)] [ParOldGen: 349368K->349368K(349696K)] 483512K->479695K(503296K), [Metaspace: 79813K->79813K(1120256K)], 0.3921965 secs] [Times: user=2.18 sys=0.01, real=0.39 secs] 
1302.954: [Full GC (Ergonomics) [PSYoungGen: 134142K->130325K(153600K)] [ParOldGen: 349368K->349368K(349696K)] 483510K->479694K(503296K), [Metaspace: 79813K->79813K(1120256K)], 0.4312853 secs] [Times: user=2.25 sys=0.00, real=0.43 secs] 
1303.388: [Full GC (Ergonomics) [PSYoungGen: 134144K->129932K(153600K)] [ParOldGen: 349368K->349368K(349696K)] 483512K->479301K(503296K), [Metaspace: 79815K->79815K(1120256K)], 0.3677200 secs] [Times: user=2.17 sys=0.01, real=0.37 secs] 
1303.758: [Full GC (Ergonomics) [PSYoungGen: 134144K->130069K(153600K)] [ParOldGen: 349368K->349368K(349696K)] 483512K->479437K(503296K), [Metaspace: 79822K->79822K(1120256K)], 0.4544579 secs] [Times: user=2.38 sys=0.00, real=0.46 secs] 
1304.214: [Full GC (Ergonomics) [PSYoungGen: 134144K->127857K(153600K)] [ParOldGen: 349368K->349368K(349696K)] 483512K->477225K(503296K), [Metaspace: 79822K->79822K(1120256K)], 0.4152155 secs] [Times: user=2.14 sys=0.01, real=0.42 secs] 
1304.632: [Full GC (Ergonomics) [PSYoungGen: 134144K->127952K(153600K)] [ParOldGen: 349368K->349368K(349696K)] 483512K->477320K(503296K), [Metaspace: 79824K->79824K(1120256K)], 0.4853803 secs] [Times: user=2.18 sys=0.01, real=0.48 secs] 
1305.120: [Full GC (Ergonomics) [PSYoungGen: 134144K->128206K(153600K)] [ParOldGen: 349368K->349368K(349696K)] 483512K->477575K(503296K), [Metaspace: 79824K->79824K(1120256K)], 0.3887482 secs] [Times: user=2.13 sys=0.00, real=0.39 secs] 
1305.512: [Full GC (Ergonomics) [PSYoungGen: 134144K->128205K(153600K)] [ParOldGen: 349368K->349368K(349696K)] 483512K->477574K(503296K), [Metaspace: 79824K->79824K(1120256K)], 0.4029291 secs] [Times: user=2.22 sys=0.01, real=0.40 secs] 
1305.917: [Full GC (Ergonomics) [PSYoungGen: 134144K->128204K(153600K)] [ParOldGen: 349368K->349368K(349696K)] 483512K->477572K(503296K), [Metaspace: 79824K->79824K(1120256K)], 0.3896534 secs] [Times: user=2.24 sys=0.00, real=0.39 secs] 
1306.309: [Full GC (Ergonomics) [PSYoungGen: 134144K->127944K(153600K)] [ParOldGen: 349368K->349368K(349696K)] 483512K->477313K(503296K), [Metaspace: 79824K->79824K(1120256K)], 0.3878655 secs] [Times: user=2.31 sys=0.01, real=0.38 secs] 
1306.700: [Full GC (Ergonomics) [PSYoungGen: 134144K->126146K(153600K)] [ParOldGen: 349368K->349368K(349696K)] 483512K->475514K(503296K), [Metaspace: 79829K->79829K(1120256K)], 0.7075845 secs] [Times: user=4.38 sys=0.02, real=0.70 secs] 
1307.410: [Full GC (Ergonomics) [PSYoungGen: 134144K->126452K(153600K)] [ParOldGen: 349368K->349368K(349696K)] 483512K->475821K(503296K), [Metaspace: 79829K->79829K(1120256K)], 0.3760212 secs] [Times: user=2.15 sys=0.00, real=0.37 secs] 
1307.788: [Full GC (Ergonomics) [PSYoungGen: 134144K->126676K(153600K)] [ParOldGen: 349368K->349368K(349696K)] 483512K->476045K(503296K), [Metaspace: 79829K->79829K(1120256K)], 0.4325317 secs] [Times: user=2.18 sys=0.01, real=0.44 secs] 
1308.230: [Full GC (Ergonomics) [PSYoungGen: 134144K->127507K(153600K)] [ParOldGen: 349368K->349368K(349696K)] 483512K->476876K(503296K), [Metaspace: 79832K->79832K(1120256K)], 0.4690881 secs] [Times: user=2.52 sys=0.00, real=0.46 secs] 
1308.705: [Full GC (Ergonomics) [PSYoungGen: 134144K->126872K(153600K)] [ParOldGen: 349368K->349368K(349696K)] 483512K->476241K(503296K), [Metaspace: 79851K->79851K(1120256K)], 0.4057959 secs] [Times: user=2.25 sys=0.01, real=0.41 secs] 
1309.114: [Full GC (Ergonomics) [PSYoungGen: 134144K->127004K(153600K)] [ParOldGen: 349368K->349368K(349696K)] 483512K->476373K(503296K), [Metaspace: 79856K->79856K(1120256K)], 0.5242021 secs] [Times: user=2.60 sys=0.01, real=0.52 secs] 
1309.647: [Full GC (Ergonomics) [PSYoungGen: 134144K->127128K(153600K)] [ParOldGen: 349368K->349368K(349696K)] 483512K->476497K(503296K), [Metaspace: 79859K->79859K(1120256K)], 0.5095064 secs] [Times: user=2.23 sys=0.01, real=0.51 secs] 
1310.160: [Full GC (Ergonomics) [PSYoungGen: 134144K->127551K(153600K)] [ParOldGen: 349368K->349368K(349696K)] 483512K->476920K(503296K), [Metaspace: 79864K->79864K(1120256K)], 0.4584843 secs] [Times: user=2.28 sys=0.00, real=0.45 secs] 
1310.623: [Full GC (Ergonomics) [PSYoungGen: 134144K->127456K(153600K)] [ParOldGen: 349368K->349368K(349696K)] 483512K->476825K(503296K), [Metaspace: 79871K->79871K(1120256K)], 0.5665105 secs] [Times: user=2.54 sys=0.02, real=0.57 secs] 
1311.194: [Full GC (Ergonomics) [PSYoungGen: 134144K->128128K(153600K)] [ParOldGen: 349368K->349368K(349696K)] 483512K->477497K(503296K), [Metaspace: 79871K->79871K(1120256K)], 0.4718001 secs] [Times: user=2.41 sys=0.03, real=0.47 secs] 
1311.670: [Full GC (Ergonomics) [PSYoungGen: 134144K->128994K(153600K)] [ParOldGen: 349368K->349368K(349696K)] 483512K->478362K(503296K), [Metaspace: 79871K->79871K(1120256K)], 0.5148929 secs] [Times: user=2.51 sys=0.01, real=0.51 secs] 
1312.188: [Full GC (Ergonomics) [PSYoungGen: 134144K->129069K(153600K)] [ParOldGen: 349368K->349368K(349696K)] 483512K->478437K(503296K), [Metaspace: 79874K->79874K(1120256K)], 0.5750604 secs] [Times: user=2.19 sys=0.05, real=0.58 secs] 
1312.769: [Full GC (Ergonomics) [PSYoungGen: 134144K->129067K(153600K)] [ParOldGen: 349368K->349368K(349696K)] 483512K->478435K(503296K), [Metaspace: 79874K->79874K(1120256K)], 0.4830811 secs] [Times: user=2.25 sys=0.07, real=0.49 secs] 
1313.255: [Full GC (Ergonomics) [PSYoungGen: 134144K->129285K(153600K)] [ParOldGen: 349368K->349368K(349696K)] 483512K->478654K(503296K), [Metaspace: 79880K->79880K(1120256K)], 0.3622552 secs] [Times: user=2.17 sys=0.01, real=0.36 secs] 
1313.620: [Full GC (Ergonomics) [PSYoungGen: 134144K->129720K(153600K)] [ParOldGen: 349368K->349368K(349696K)] 483512K->479089K(503296K), [Metaspace: 79886K->79886K(1120256K)], 0.3823330 secs] [Times: user=2.25 sys=0.00, real=0.39 secs] 
1314.005: [Full GC (Ergonomics) [PSYoungGen: 134144K->129851K(153600K)] [ParOldGen: 349368K->349368K(349696K)] 483512K->479220K(503296K), [Metaspace: 79886K->79886K(1120256K)], 0.3706741 secs] [Times: user=2.13 sys=0.01, real=0.37 secs] 
1314.378: [Full GC (Ergonomics) [PSYoungGen: 134144K->130124K(153600K)] [ParOldGen: 349368K->349368K(349696K)] 483512K->479493K(503296K), [Metaspace: 79886K->79886K(1120256K)], 0.3616057 secs] [Times: user=2.18 sys=0.00, real=0.36 secs] 
1314.742: [Full GC (Ergonomics) [PSYoungGen: 134144K->130308K(153600K)] [ParOldGen: 349368K->349368K(349696K)] 483512K->479677K(503296K), [Metaspace: 79886K->79886K(1120256K)], 0.3589699 secs] [Times: user=2.12 sys=0.01, real=0.36 secs] 
1315.104: [Full GC (Ergonomics) [PSYoungGen: 134144K->130351K(153600K)] [ParOldGen: 349368K->349368K(349696K)] 483512K->479720K(503296K), [Metaspace: 79888K->79888K(1120256K)], 0.3795125 secs] [Times: user=2.28 sys=0.00, real=0.38 secs] 
1315.485: [Full GC (Ergonomics) [PSYoungGen: 134144K->130368K(153600K)] [ParOldGen: 349368K->349368K(349696K)] 483512K->479737K(503296K), [Metaspace: 79888K->79888K(1120256K)], 0.3592595 secs] [Times: user=2.17 sys=0.01, real=0.36 secs] 
1315.847: [Full GC (Ergonomics) [PSYoungGen: 134144K->130641K(153600K)] [ParOldGen: 349368K->349368K(349696K)] 483512K->480010K(503296K), [Metaspace: 79891K->79891K(1120256K)], 0.3508478 secs] [Times: user=2.12 sys=0.00, real=0.35 secs] 
1316.200: [Full GC (Ergonomics) [PSYoungGen: 134144K->130701K(153600K)] [ParOldGen: 349368K->349368K(349696K)] 483512K->480070K(503296K), [Metaspace: 79891K->79891K(1120256K)], 0.3781343 secs] [Times: user=2.17 sys=0.00, real=0.38 secs] 
1316.581: [Full GC (Ergonomics) [PSYoungGen: 134144K->130523K(153600K)] [ParOldGen: 349368K->349368K(349696K)] 483512K->479891K(503296K), [Metaspace: 79891K->79891K(1120256K)], 0.3656579 secs] [Times: user=2.16 sys=0.01, real=0.36 secs] 
1316.949: [Full GC (Ergonomics) [PSYoungGen: 134144K->130645K(153600K)] [ParOldGen: 349368K->349368K(349696K)] 483512K->480014K(503296K), [Metaspace: 79891K->79891K(1120256K)], 0.3715520 secs] [Times: user=2.20 sys=0.00, real=0.38 secs] 
1317.323: [Full GC (Ergonomics) [PSYoungGen: 134144K->130973K(153600K)] [ParOldGen: 349368K->349368K(349696K)] 483512K->480342K(503296K), [Metaspace: 79893K->79893K(1120256K)], 0.3851674 secs] [Times: user=2.22 sys=0.01, real=0.38 secs] 
1317.710: [Full GC (Ergonomics) [PSYoungGen: 134144K->131099K(153600K)] [ParOldGen: 349368K->349368K(349696K)] 483512K->480468K(503296K), [Metaspace: 79894K->79894K(1120256K)], 0.3637182 secs] [Times: user=2.21 sys=0.01, real=0.37 secs] 
1318.076: [Full GC (Ergonomics) [PSYoungGen: 134144K->131100K(153600K)] [ParOldGen: 349368K->349368K(349696K)] 483512K->480469K(503296K), [Metaspace: 79896K->79896K(1120256K)], 0.3684326 secs] [Times: user=2.18 sys=0.00, real=0.37 secs] 
1318.447: [Full GC (Ergonomics) [PSYoungGen: 134144K->129068K(153600K)] [ParOldGen: 349368K->349368K(349696K)] 483512K->478436K(503296K), [Metaspace: 79903K->79903K(1120256K)], 0.4323919 secs] [Times: user=2.43 sys=0.01, real=0.43 secs] 
1318.882: [Full GC (Ergonomics) [PSYoungGen: 134144K->129122K(153600K)] [ParOldGen: 349368K->349368K(349696K)] 483512K->478491K(503296K), [Metaspace: 79909K->79909K(1120256K)], 0.4471996 secs] [Times: user=2.36 sys=0.01, real=0.44 secs] 
1319.332: [Full GC (Ergonomics) [PSYoungGen: 134144K->129250K(153600K)] [ParOldGen: 349368K->349368K(349696K)] 483512K->478619K(503296K), [Metaspace: 79917K->79917K(1120256K)], 0.8755275 secs] [Times: user=5.64 sys=0.04, real=0.87 secs] 
1320.209: [Full GC (Ergonomics) [PSYoungGen: 134144K->129479K(153600K)] [ParOldGen: 349368K->349368K(349696K)] 483512K->478847K(503296K), [Metaspace: 79917K->79917K(1120256K)], 0.3497177 secs] [Times: user=2.14 sys=0.00, real=0.35 secs] 
1320.561: [Full GC (Ergonomics) [PSYoungGen: 134144K->129606K(153600K)] [ParOldGen: 349368K->349368K(349696K)] 483512K->478975K(503296K), [Metaspace: 79928K->79928K(1120256K)], 0.3610155 secs] [Times: user=2.20 sys=0.01, real=0.37 secs] 
1320.925: [Full GC (Ergonomics) [PSYoungGen: 134144K->129602K(153600K)] [ParOldGen: 349368K->349368K(349696K)] 483512K->478971K(503296K), [Metaspace: 79928K->79928K(1120256K)], 0.3830848 secs] [Times: user=2.18 sys=0.00, real=0.38 secs] 
1321.310: [Full GC (Ergonomics) [PSYoungGen: 134144K->129189K(153600K)] [ParOldGen: 349368K->349368K(349696K)] 483512K->478558K(503296K), [Metaspace: 79930K->79930K(1120256K)], 0.4133004 secs] [Times: user=2.60 sys=0.00, real=0.42 secs] 
1321.726: [Full GC (Ergonomics) [PSYoungGen: 134144K->129326K(153600K)] [ParOldGen: 349368K->349368K(349696K)] 483512K->478695K(503296K), [Metaspace: 79930K->79930K(1120256K)], 0.3914428 secs] [Times: user=2.22 sys=0.01, real=0.39 secs] 
1322.124: [Full GC (Ergonomics) [PSYoungGen: 134144K->127621K(153600K)] [ParOldGen: 349368K->349368K(349696K)] 483512K->476990K(503296K), [Metaspace: 79935K->79935K(1120256K)], 0.3766103 secs] [Times: user=2.16 sys=0.00, real=0.37 secs] 
1322.503: [Full GC (Ergonomics) [PSYoungGen: 134144K->127711K(153600K)] [ParOldGen: 349368K->349368K(349696K)] 483512K->477079K(503296K), [Metaspace: 79935K->79935K(1120256K)], 0.3395803 secs] [Times: user=2.11 sys=0.00, real=0.34 secs] 
1322.846: [Full GC (Ergonomics) [PSYoungGen: 134144K->128271K(153600K)] [ParOldGen: 349368K->349368K(349696K)] 483512K->477640K(503296K), [Metaspace: 79936K->79936K(1120256K)], 0.3733333 secs] [Times: user=2.17 sys=0.00, real=0.37 secs] 
1323.222: [Full GC (Ergonomics) [PSYoungGen: 134144K->128528K(153600K)] [ParOldGen: 349368K->349368K(349696K)] 483512K->477897K(503296K), [Metaspace: 79942K->79942K(1120256K)], 0.3956122 secs] [Times: user=2.43 sys=0.01, real=0.39 secs] 
1323.619: [Full GC (Ergonomics) [PSYoungGen: 134144K->128558K(153600K)] [ParOldGen: 349368K->349368K(349696K)] 483512K->477927K(503296K), [Metaspace: 79942K->79942K(1120256K)], 0.3903010 secs] [Times: user=2.46 sys=0.01, real=0.39 secs] 
1324.012: [Full GC (Ergonomics) [PSYoungGen: 134144K->128697K(153600K)] [ParOldGen: 349368K->349368K(349696K)] 483512K->478065K(503296K), [Metaspace: 79948K->79948K(1120256K)], 0.3792411 secs] [Times: user=2.15 sys=0.00, real=0.37 secs] 
1324.397: [Full GC (Ergonomics) [PSYoungGen: 134144K->128801K(153600K)] [ParOldGen: 349368K->349368K(349696K)] 483512K->478170K(503296K), [Metaspace: 79953K->79953K(1120256K)], 0.3619029 secs] [Times: user=2.17 sys=0.01, real=0.36 secs] 
1324.761: [Full GC (Ergonomics) [PSYoungGen: 134144K->128532K(153600K)] [ParOldGen: 349368K->349368K(349696K)] 483512K->477901K(503296K), [Metaspace: 79953K->79953K(1120256K)], 0.3679525 secs] [Times: user=2.19 sys=0.00, real=0.37 secs] 
1325.132: [Full GC (Ergonomics) [PSYoungGen: 134144K->128757K(153600K)] [ParOldGen: 349368K->349368K(349696K)] 483512K->478125K(503296K), [Metaspace: 79955K->79955K(1120256K)], 0.3728269 secs] [Times: user=2.17 sys=0.00, real=0.37 secs] 
1325.506: [Full GC (Ergonomics) [PSYoungGen: 134144K->129056K(153600K)] [ParOldGen: 349368K->349368K(349696K)] 483512K->478425K(503296K), [Metaspace: 79955K->79955K(1120256K)], 0.3595871 secs] [Times: user=2.23 sys=0.01, real=0.36 secs] 
1325.868: [Full GC (Ergonomics) [PSYoungGen: 134144K->129223K(153600K)] [ParOldGen: 349368K->349368K(349696K)] 483512K->478591K(503296K), [Metaspace: 79955K->79955K(1120256K)], 0.3776662 secs] [Times: user=2.17 sys=0.00, real=0.38 secs] 
1326.247: [Full GC (Ergonomics) [PSYoungGen: 134144K->127191K(153600K)] [ParOldGen: 349368K->349368K(349696K)] 483512K->476560K(503296K), [Metaspace: 79955K->79955K(1120256K)], 0.3996017 secs] [Times: user=2.22 sys=0.00, real=0.40 secs] 
1326.649: [Full GC (Ergonomics) [PSYoungGen: 134144K->127305K(153600K)] [ParOldGen: 349368K->349368K(349696K)] 483512K->476674K(503296K), [Metaspace: 79955K->79955K(1120256K)], 0.3716448 secs] [Times: user=2.12 sys=0.01, real=0.37 secs] 
1327.025: [Full GC (Ergonomics) [PSYoungGen: 134144K->127911K(153600K)] [ParOldGen: 349368K->349368K(349696K)] 483512K->477280K(503296K), [Metaspace: 79957K->79957K(1120256K)], 0.3872601 secs] [Times: user=2.20 sys=0.00, real=0.38 secs] 
1327.414: [Full GC (Ergonomics) [PSYoungGen: 134144K->127767K(153600K)] [ParOldGen: 349368K->349368K(349696K)] 483512K->477136K(503296K), [Metaspace: 79957K->79957K(1120256K)], 0.3543486 secs] [Times: user=2.16 sys=0.00, real=0.35 secs] 
1327.772: [Full GC (Ergonomics) [PSYoungGen: 134144K->128008K(153600K)] [ParOldGen: 349368K->349368K(349696K)] 483512K->477377K(503296K), [Metaspace: 79957K->79957K(1120256K)], 0.3968050 secs] [Times: user=2.22 sys=0.00, real=0.40 secs] 
1328.172: [Full GC (Ergonomics) [PSYoungGen: 134144K->128331K(153600K)] [ParOldGen: 349368K->349368K(349696K)] 483512K->477699K(503296K), [Metaspace: 79964K->79964K(1120256K)], 0.4124024 secs] [Times: user=2.31 sys=0.01, real=0.42 secs] 
1328.589: [Full GC (Ergonomics) [PSYoungGen: 134144K->128605K(153600K)] [ParOldGen: 349368K->349368K(349696K)] 483512K->477974K(503296K), [Metaspace: 79989K->79989K(1120256K)], 0.4034433 secs] [Times: user=2.40 sys=0.00, real=0.40 secs] 
1328.995: [Full GC (Ergonomics) [PSYoungGen: 134144K->128602K(153600K)] [ParOldGen: 349368K->349368K(349696K)] 483512K->477971K(503296K), [Metaspace: 79993K->79993K(1120256K)], 0.3879483 secs] [Times: user=2.36 sys=0.01, real=0.39 secs] 
1329.386: [Full GC (Ergonomics) [PSYoungGen: 134144K->128756K(153600K)] [ParOldGen: 349368K->349368K(349696K)] 483512K->478125K(503296K), [Metaspace: 79993K->79993K(1120256K)], 1.4126787 secs] [Times: user=9.79 sys=0.05, real=1.41 secs] 
1330.801: [Full GC (Ergonomics) [PSYoungGen: 134144K->129020K(153600K)] [ParOldGen: 349368K->349368K(349696K)] 483512K->478389K(503296K), [Metaspace: 79995K->79995K(1120256K)], 0.9001335 secs] [Times: user=5.78 sys=0.02, real=0.90 secs] 
1331.705: [Full GC (Ergonomics) [PSYoungGen: 134144K->129194K(153600K)] [ParOldGen: 349368K->349368K(349696K)] 483512K->478562K(503296K), [Metaspace: 79997K->79997K(1120256K)], 0.4519055 secs] [Times: user=2.41 sys=0.01, real=0.45 secs] 
1332.160: [Full GC (Ergonomics) [PSYoungGen: 134144K->129336K(153600K)] [ParOldGen: 349368K->349368K(349696K)] 483512K->478705K(503296K), [Metaspace: 79997K->79997K(1120256K)], 0.4906790 secs] [Times: user=2.58 sys=0.01, real=0.49 secs] 
1332.654: [Full GC (Ergonomics) [PSYoungGen: 134144K->129605K(153600K)] [ParOldGen: 349368K->349368K(349696K)] 483512K->478974K(503296K), [Metaspace: 80000K->80000K(1120256K)], 0.4656397 secs] [Times: user=2.43 sys=0.00, real=0.46 secs] 
1333.122: [Full GC (Ergonomics) [PSYoungGen: 134144K->129605K(153600K)] [ParOldGen: 349368K->349368K(349696K)] 483512K->478974K(503296K), [Metaspace: 80003K->80003K(1120256K)], 0.4056718 secs] [Times: user=2.15 sys=0.01, real=0.41 secs] 
1333.532: [Full GC (Ergonomics) [PSYoungGen: 134144K->129595K(153600K)] [ParOldGen: 349368K->349368K(349696K)] 483512K->478964K(503296K), [Metaspace: 80006K->80006K(1120256K)], 0.3805842 secs] [Times: user=2.23 sys=0.00, real=0.38 secs] 
1333.915: [Full GC (Ergonomics) [PSYoungGen: 134144K->129660K(153600K)] [ParOldGen: 349368K->349368K(349696K)] 483512K->479028K(503296K), [Metaspace: 80006K->80006K(1120256K)], 0.3593960 secs] [Times: user=2.15 sys=0.01, real=0.36 secs] 
1334.277: [Full GC (Ergonomics) [PSYoungGen: 134144K->129847K(153600K)] [ParOldGen: 349368K->349368K(349696K)] 483512K->479216K(503296K), [Metaspace: 80006K->80006K(1120256K)], 0.3600347 secs] [Times: user=2.17 sys=0.00, real=0.36 secs] 
1334.640: [Full GC (Ergonomics) [PSYoungGen: 134144K->129941K(153600K)] [ParOldGen: 349368K->349368K(349696K)] 483512K->479310K(503296K), [Metaspace: 80007K->80007K(1120256K)], 0.3594434 secs] [Times: user=2.16 sys=0.00, real=0.36 secs] 
1335.002: [Full GC (Ergonomics) [PSYoungGen: 134144K->130088K(153600K)] [ParOldGen: 349368K->349368K(349696K)] 483512K->479456K(503296K), [Metaspace: 80007K->80007K(1120256K)], 0.3677631 secs] [Times: user=2.19 sys=0.00, real=0.37 secs] 
1335.372: [Full GC (Ergonomics) [PSYoungGen: 134144K->130372K(153600K)] [ParOldGen: 349368K->349368K(349696K)] 483512K->479741K(503296K), [Metaspace: 80007K->80007K(1120256K)], 0.3790535 secs] [Times: user=2.17 sys=0.01, real=0.38 secs] 
1335.753: [Full GC (Ergonomics) [PSYoungGen: 134144K->130445K(153600K)] [ParOldGen: 349368K->349368K(349696K)] 483512K->479814K(503296K), [Metaspace: 80007K->80007K(1120256K)], 0.3529145 secs] [Times: user=2.17 sys=0.00, real=0.36 secs] 
1336.109: [Full GC (Ergonomics) [PSYoungGen: 134144K->130683K(153600K)] [ParOldGen: 349368K->349368K(349696K)] 483512K->480052K(503296K), [Metaspace: 80007K->80007K(1120256K)], 0.3551305 secs] [Times: user=2.16 sys=0.00, real=0.36 secs] 
1336.466: [Full GC (Ergonomics) [PSYoungGen: 134144K->130860K(153600K)] [ParOldGen: 349368K->349368K(349696K)] 483512K->480228K(503296K), [Metaspace: 80007K->80007K(1120256K)], 0.3712931 secs] [Times: user=2.21 sys=0.01, real=0.37 secs] 
1336.840: [Full GC (Ergonomics) [PSYoungGen: 134144K->130900K(153600K)] [ParOldGen: 349368K->349368K(349696K)] 483512K->480269K(503296K), [Metaspace: 80007K->80007K(1120256K)], 0.3535384 secs] [Times: user=2.13 sys=0.00, real=0.35 secs] 
1337.196: [Full GC (Ergonomics) [PSYoungGen: 134144K->131109K(153600K)] [ParOldGen: 349368K->349368K(349696K)] 483512K->480478K(503296K), [Metaspace: 80007K->80007K(1120256K)], 0.3611522 secs] [Times: user=2.17 sys=0.00, real=0.36 secs] 
1337.560: [Full GC (Ergonomics) [PSYoungGen: 134144K->131156K(153600K)] [ParOldGen: 349368K->349368K(349696K)] 483512K->480524K(503296K), [Metaspace: 80007K->80007K(1120256K)], 0.3586904 secs] [Times: user=2.17 sys=0.01, real=0.36 secs] 
1337.921: [Full GC (Ergonomics) [PSYoungGen: 134144K->131274K(153600K)] [ParOldGen: 349368K->349368K(349696K)] 483512K->480642K(503296K), [Metaspace: 80007K->80007K(1120256K)], 0.3624438 secs] [Times: user=2.17 sys=0.00, real=0.36 secs] 
1338.285: [Full GC (Ergonomics) [PSYoungGen: 134144K->131304K(153600K)] [ParOldGen: 349368K->349368K(349696K)] 483512K->480673K(503296K), [Metaspace: 80007K->80007K(1120256K)], 0.3460938 secs] [Times: user=2.15 sys=0.01, real=0.34 secs] 
1338.634: [Full GC (Ergonomics) [PSYoungGen: 134144K->131376K(153600K)] [ParOldGen: 349368K->349368K(349696K)] 483512K->480745K(503296K), [Metaspace: 80007K->80007K(1120256K)], 0.3530900 secs] [Times: user=2.19 sys=0.00, real=0.35 secs] 
1338.989: [Full GC (Ergonomics) [PSYoungGen: 134144K->131421K(153600K)] [ParOldGen: 349368K->349368K(349696K)] 483512K->480790K(503296K), [Metaspace: 80007K->80007K(1120256K)], 0.3573580 secs] [Times: user=2.20 sys=0.01, real=0.36 secs] 
1339.349: [Full GC (Ergonomics) [PSYoungGen: 134144K->131460K(153600K)] [ParOldGen: 349368K->349368K(349696K)] 483512K->480829K(503296K), [Metaspace: 80007K->80007K(1120256K)], 0.3713631 secs] [Times: user=2.16 sys=0.00, real=0.37 secs] 
1339.724: [Full GC (Ergonomics) [PSYoungGen: 134144K->131482K(153600K)] [ParOldGen: 349368K->349368K(349696K)] 483512K->480851K(503296K), [Metaspace: 80007K->80007K(1120256K)], 0.3701082 secs] [Times: user=2.17 sys=0.01, real=0.37 secs] 
1340.096: [Full GC (Ergonomics) [PSYoungGen: 134144K->131567K(153600K)] [ParOldGen: 349368K->349368K(349696K)] 483512K->480936K(503296K), [Metaspace: 80007K->80007K(1120256K)], 0.3699388 secs] [Times: user=2.14 sys=0.00, real=0.37 secs] 
1340.468: [Full GC (Ergonomics) [PSYoungGen: 134144K->131937K(153600K)] [ParOldGen: 349368K->349368K(349696K)] 483512K->481306K(503296K), [Metaspace: 80007K->80007K(1120256K)], 0.3613379 secs] [Times: user=2.18 sys=0.01, real=0.36 secs] 
1340.832: [Full GC (Ergonomics) [PSYoungGen: 134144K->129882K(153600K)] [ParOldGen: 349368K->349368K(349696K)] 483512K->479251K(503296K), [Metaspace: 80007K->80007K(1120256K)], 0.3550555 secs] [Times: user=2.15 sys=0.00, real=0.36 secs] 
1341.189: [Full GC (Ergonomics) [PSYoungGen: 134144K->131018K(153600K)] [ParOldGen: 349368K->349368K(349696K)] 483512K->480387K(503296K), [Metaspace: 80008K->80008K(1120256K)], 0.3853426 secs] [Times: user=2.15 sys=0.00, real=0.38 secs] 
1341.577: [Full GC (Ergonomics) [PSYoungGen: 134144K->130150K(153600K)] [ParOldGen: 349368K->349368K(349696K)] 483512K->479519K(503296K), [Metaspace: 80008K->80008K(1120256K)], 0.4219155 secs] [Times: user=2.43 sys=0.01, real=0.42 secs] 
1342.001: [Full GC (Ergonomics) [PSYoungGen: 134144K->130518K(153600K)] [ParOldGen: 349368K->349368K(349696K)] 483512K->479886K(503296K), [Metaspace: 80009K->80009K(1120256K)], 0.3767801 secs] [Times: user=2.16 sys=0.00, real=0.38 secs] 
1342.381: [Full GC (Ergonomics) [PSYoungGen: 134144K->130481K(153600K)] [ParOldGen: 349368K->349368K(349696K)] 483512K->479850K(503296K), [Metaspace: 80010K->80010K(1120256K)], 0.3487133 secs] [Times: user=2.14 sys=0.01, real=0.35 secs] 
1342.732: [Full GC (Ergonomics) [PSYoungGen: 134144K->131378K(153600K)] [ParOldGen: 349368K->349368K(349696K)] 483512K->480747K(503296K), [Metaspace: 80010K->80010K(1120256K)], 0.3628977 secs] [Times: user=2.18 sys=0.00, real=0.37 secs] 
1343.097: [Full GC (Ergonomics) [PSYoungGen: 134144K->131290K(153600K)] [ParOldGen: 349368K->349368K(349696K)] 483512K->480658K(503296K), [Metaspace: 80010K->80010K(1120256K)], 0.3636386 secs] [Times: user=2.17 sys=0.00, real=0.36 secs] 
1343.463: [Full GC (Ergonomics) [PSYoungGen: 134144K->131499K(153600K)] [ParOldGen: 349368K->349368K(349696K)] 483512K->480867K(503296K), [Metaspace: 80010K->80010K(1120256K)], 0.3982210 secs] [Times: user=2.17 sys=0.01, real=0.40 secs] 
1343.863: [Full GC (Ergonomics) [PSYoungGen: 134144K->131565K(153600K)] [ParOldGen: 349368K->349368K(349696K)] 483512K->480933K(503296K), [Metaspace: 80010K->80010K(1120256K)], 0.3551406 secs] [Times: user=2.13 sys=0.00, real=0.36 secs] 
1344.220: [Full GC (Ergonomics) [PSYoungGen: 134144K->131681K(153600K)] [ParOldGen: 349368K->349368K(349696K)] 483512K->481050K(503296K), [Metaspace: 80010K->80010K(1120256K)], 0.4054987 secs] [Times: user=2.30 sys=0.01, real=0.41 secs] 
1344.628: [Full GC (Ergonomics) [PSYoungGen: 134144K->131734K(153600K)] [ParOldGen: 349368K->349368K(349696K)] 483512K->481102K(503296K), [Metaspace: 80010K->80010K(1120256K)], 0.3483642 secs] [Times: user=2.15 sys=0.00, real=0.35 secs] 
1344.978: [Full GC (Ergonomics) [PSYoungGen: 134144K->131754K(153600K)] [ParOldGen: 349368K->349368K(349696K)] 483512K->481122K(503296K), [Metaspace: 80010K->80010K(1120256K)], 0.3910600 secs] [Times: user=2.35 sys=0.00, real=0.39 secs] 
1345.372: [Full GC (Ergonomics) [PSYoungGen: 134144K->131827K(153600K)] [ParOldGen: 349368K->349368K(349696K)] 483512K->481196K(503296K), [Metaspace: 80011K->80011K(1120256K)], 0.3582321 secs] [Times: user=2.17 sys=0.01, real=0.36 secs] 
1345.732: [Full GC (Ergonomics) [PSYoungGen: 134144K->131854K(153600K)] [ParOldGen: 349368K->349368K(349696K)] 483512K->481223K(503296K), [Metaspace: 80011K->80011K(1120256K)], 0.3516151 secs] [Times: user=2.16 sys=0.01, real=0.35 secs] 
1346.085: [Full GC (Ergonomics) [PSYoungGen: 134144K->131836K(153600K)] [ParOldGen: 349368K->349368K(349696K)] 483512K->481205K(503296K), [Metaspace: 80011K->80011K(1120256K)], 0.3508701 secs] [Times: user=2.14 sys=0.00, real=0.35 secs] 
1346.438: [Full GC (Ergonomics) [PSYoungGen: 134144K->131882K(153600K)] [ParOldGen: 349368K->349368K(349696K)] 483512K->481250K(503296K), [Metaspace: 80011K->80011K(1120256K)], 0.3419150 secs] [Times: user=2.13 sys=0.00, real=0.34 secs] 
1346.782: [Full GC (Ergonomics) [PSYoungGen: 134144K->131963K(153600K)] [ParOldGen: 349368K->349368K(349696K)] 483512K->481332K(503296K), [Metaspace: 80011K->80011K(1120256K)], 0.3993217 secs] [Times: user=2.39 sys=0.01, real=0.40 secs] 
1347.183: [Full GC (Ergonomics) [PSYoungGen: 134144K->131669K(153600K)] [ParOldGen: 349368K->349368K(349696K)] 483512K->481038K(503296K), [Metaspace: 80011K->80011K(1120256K)], 0.4592303 secs] [Times: user=2.76 sys=0.01, real=0.46 secs] 
1347.645: [Full GC (Ergonomics) [PSYoungGen: 134144K->131694K(153600K)] [ParOldGen: 349368K->349368K(349696K)] 483512K->481063K(503296K), [Metaspace: 80011K->80011K(1120256K)], 0.3958045 secs] [Times: user=2.19 sys=0.00, real=0.40 secs] 
1348.043: [Full GC (Ergonomics) [PSYoungGen: 134144K->131744K(153600K)] [ParOldGen: 349368K->349368K(349696K)] 483512K->481113K(503296K), [Metaspace: 80011K->80011K(1120256K)], 0.4158018 secs] [Times: user=2.20 sys=0.01, real=0.42 secs] 
1348.460: [Full GC (Ergonomics) [PSYoungGen: 134144K->130141K(153600K)] [ParOldGen: 349368K->349368K(349696K)] 483512K->479510K(503296K), [Metaspace: 80011K->80011K(1120256K)], 0.3556220 secs] [Times: user=2.18 sys=0.00, real=0.36 secs] 
1348.818: [Full GC (Ergonomics) [PSYoungGen: 134144K->130237K(153600K)] [ParOldGen: 349368K->349368K(349696K)] 483512K->479606K(503296K), [Metaspace: 80011K->80011K(1120256K)], 0.3608122 secs] [Times: user=2.18 sys=0.00, real=0.36 secs] 
1349.181: [Full GC (Ergonomics) [PSYoungGen: 134144K->130299K(153600K)] [ParOldGen: 349368K->349368K(349696K)] 483512K->479668K(503296K), [Metaspace: 80011K->80011K(1120256K)], 0.3448667 secs] [Times: user=2.14 sys=0.01, real=0.35 secs] 
1349.528: [Full GC (Ergonomics) [PSYoungGen: 134144K->130588K(153600K)] [ParOldGen: 349368K->349368K(349696K)] 483512K->479957K(503296K), [Metaspace: 80011K->80011K(1120256K)], 0.3847335 secs] [Times: user=2.22 sys=0.00, real=0.38 secs] 
1349.915: [Full GC (Ergonomics) [PSYoungGen: 134144K->130612K(153600K)] [ParOldGen: 349368K->349368K(349696K)] 483512K->479981K(503296K), [Metaspace: 80011K->80011K(1120256K)], 0.3623791 secs] [Times: user=2.20 sys=0.00, real=0.37 secs] 
1350.279: [Full GC (Ergonomics) [PSYoungGen: 134144K->131107K(153600K)] [ParOldGen: 349368K->349368K(349696K)] 483512K->480475K(503296K), [Metaspace: 80011K->80011K(1120256K)], 0.3909754 secs] [Times: user=2.17 sys=0.00, real=0.39 secs] 
1350.672: [Full GC (Ergonomics) [PSYoungGen: 134144K->131194K(153600K)] [ParOldGen: 349368K->349368K(349696K)] 483512K->480563K(503296K), [Metaspace: 80011K->80011K(1120256K)], 0.3474591 secs] [Times: user=2.14 sys=0.01, real=0.35 secs] 
1351.021: [Full GC (Ergonomics) [PSYoungGen: 134144K->131995K(153600K)] [ParOldGen: 349368K->349368K(349696K)] 483512K->481364K(503296K), [Metaspace: 80011K->80011K(1120256K)], 0.4055434 secs] [Times: user=2.54 sys=0.00, real=0.41 secs] 
1351.428: [Full GC (Ergonomics) [PSYoungGen: 134144K->132194K(153600K)] [ParOldGen: 349368K->349368K(349696K)] 483512K->481563K(503296K), [Metaspace: 80011K->80011K(1120256K)], 0.3466632 secs] [Times: user=2.15 sys=0.00, real=0.34 secs] 
1351.776: [Full GC (Ergonomics) [PSYoungGen: 134144K->132441K(153600K)] [ParOldGen: 349368K->349368K(349696K)] 483512K->481810K(503296K), [Metaspace: 80011K->80011K(1120256K)], 0.3814755 secs] [Times: user=2.21 sys=0.00, real=0.38 secs] 
1352.159: [Full GC (Ergonomics) [PSYoungGen: 134144K->132653K(153600K)] [ParOldGen: 349368K->349368K(349696K)] 483512K->482021K(503296K), [Metaspace: 80011K->80011K(1120256K)], 0.3547308 secs] [Times: user=2.13 sys=0.01, real=0.35 secs] 
1352.515: [Full GC (Ergonomics) [PSYoungGen: 134144K->132840K(153600K)] [ParOldGen: 349368K->349368K(349696K)] 483512K->482209K(503296K), [Metaspace: 80011K->80011K(1120256K)], 0.3608633 secs] [Times: user=2.11 sys=0.00, real=0.36 secs] 
1352.878: [Full GC (Ergonomics) [PSYoungGen: 134144K->133177K(153600K)] [ParOldGen: 349368K->349368K(349696K)] 483512K->482546K(503296K), [Metaspace: 80011K->80011K(1120256K)], 0.3861861 secs] [Times: user=2.18 sys=0.00, real=0.38 secs] 
1353.265: [Full GC (Ergonomics) [PSYoungGen: 134144K->133217K(153600K)] [ParOldGen: 349368K->349368K(349696K)] 483512K->482585K(503296K), [Metaspace: 80011K->80011K(1120256K)], 0.3520024 secs] [Times: user=2.13 sys=0.00, real=0.36 secs] 
1353.618: [Full GC (Ergonomics) [PSYoungGen: 134144K->133429K(153600K)] [ParOldGen: 349368K->349368K(349696K)] 483512K->482797K(503296K), [Metaspace: 80011K->80011K(1120256K)], 0.3531985 secs] [Times: user=2.17 sys=0.01, real=0.35 secs] 
1353.973: [Full GC (Ergonomics) [PSYoungGen: 134144K->133515K(153600K)] [ParOldGen: 349368K->349368K(349696K)] 483512K->482884K(503296K), [Metaspace: 80011K->80011K(1120256K)], 0.3586467 secs] [Times: user=2.18 sys=0.00, real=0.36 secs] 
1354.332: [Full GC (Ergonomics) [PSYoungGen: 134144K->133471K(153600K)] [ParOldGen: 349368K->349368K(349696K)] 483512K->482839K(503296K), [Metaspace: 80011K->80011K(1120256K)], 0.3889060 secs] [Times: user=2.14 sys=0.01, real=0.39 secs] 
1354.723: [Full GC (Ergonomics) [PSYoungGen: 134144K->133471K(153600K)] [ParOldGen: 349368K->349368K(349696K)] 483512K->482840K(503296K), [Metaspace: 80011K->80011K(1120256K)], 0.3628497 secs] [Times: user=2.19 sys=0.01, real=0.36 secs] 
1355.087: [Full GC (Ergonomics) [PSYoungGen: 134144K->133501K(153600K)] [ParOldGen: 349368K->349368K(349696K)] 483512K->482869K(503296K), [Metaspace: 80011K->80011K(1120256K)], 0.3579309 secs] [Times: user=2.14 sys=0.00, real=0.36 secs] 
1355.446: [Full GC (Ergonomics) [PSYoungGen: 134144K->130144K(153600K)] [ParOldGen: 349368K->349368K(349696K)] 483512K->479513K(503296K), [Metaspace: 80011K->80011K(1120256K)], 0.3857846 secs] [Times: user=2.14 sys=0.01, real=0.39 secs] 
1355.833: [Full GC (Ergonomics) [PSYoungGen: 134144K->130179K(153600K)] [ParOldGen: 349368K->349368K(349696K)] 483512K->479548K(503296K), [Metaspace: 80011K->80011K(1120256K)], 0.3891704 secs] [Times: user=2.29 sys=0.01, real=0.39 secs] 
1356.225: [Full GC (Ergonomics) [PSYoungGen: 134144K->130228K(153600K)] [ParOldGen: 349368K->349368K(349696K)] 483512K->479597K(503296K), [Metaspace: 80011K->80011K(1120256K)], 0.3555841 secs] [Times: user=2.15 sys=0.00, real=0.36 secs] 
1356.583: [Full GC (Ergonomics) [PSYoungGen: 134144K->129869K(153600K)] [ParOldGen: 349368K->349368K(349696K)] 483512K->479238K(503296K), [Metaspace: 80011K->80011K(1120256K)], 0.4115836 secs] [Times: user=2.39 sys=0.00, real=0.41 secs] 
1356.996: [Full GC (Ergonomics) [PSYoungGen: 134144K->130113K(153600K)] [ParOldGen: 349368K->349368K(349696K)] 483512K->479482K(503296K), [Metaspace: 80011K->80011K(1120256K)], 0.3661055 secs] [Times: user=2.20 sys=0.00, real=0.37 secs] 
1357.364: [Full GC (Ergonomics) [PSYoungGen: 134144K->128092K(153600K)] [ParOldGen: 349368K->349368K(349696K)] 483512K->477461K(503296K), [Metaspace: 80011K->80011K(1120256K)], 0.3471524 secs] [Times: user=2.13 sys=0.01, real=0.35 secs] 
1357.714: [Full GC (Ergonomics) [PSYoungGen: 134144K->128415K(153600K)] [ParOldGen: 349368K->349368K(349696K)] 483512K->477784K(503296K), [Metaspace: 80011K->80011K(1120256K)], 0.3483278 secs] [Times: user=2.12 sys=0.00, real=0.35 secs] 
1358.064: [Full GC (Ergonomics) [PSYoungGen: 134144K->128541K(153600K)] [ParOldGen: 349368K->349368K(349696K)] 483512K->477910K(503296K), [Metaspace: 80011K->80011K(1120256K)], 0.3676052 secs] [Times: user=2.19 sys=0.00, real=0.37 secs] 
1358.434: [Full GC (Ergonomics) [PSYoungGen: 134144K->128574K(153600K)] [ParOldGen: 349368K->349368K(349696K)] 483512K->477942K(503296K), [Metaspace: 80011K->80011K(1120256K)], 0.3602773 secs] [Times: user=2.16 sys=0.01, real=0.36 secs] 
1358.796: [Full GC (Ergonomics) [PSYoungGen: 134144K->128584K(153600K)] [ParOldGen: 349368K->349368K(349696K)] 483512K->477953K(503296K), [Metaspace: 80012K->80012K(1120256K)], 0.3598372 secs] [Times: user=2.16 sys=0.00, real=0.36 secs] 
1359.160: [Full GC (Ergonomics) [PSYoungGen: 134144K->128886K(153600K)] [ParOldGen: 349368K->349368K(349696K)] 483512K->478254K(503296K), [Metaspace: 80012K->80012K(1120256K)], 0.3674108 secs] [Times: user=2.34 sys=0.01, real=0.36 secs] 
1359.530: [Full GC (Ergonomics) [PSYoungGen: 134144K->129161K(153600K)] [ParOldGen: 349368K->349368K(349696K)] 483512K->478530K(503296K), [Metaspace: 80012K->80012K(1120256K)], 0.4111726 secs] [Times: user=2.18 sys=0.01, real=0.41 secs] 
1359.944: [Full GC (Ergonomics) [PSYoungGen: 134144K->129947K(153600K)] [ParOldGen: 349368K->349368K(349696K)] 483512K->479316K(503296K), [Metaspace: 80013K->80013K(1120256K)], 0.3665023 secs] [Times: user=2.18 sys=0.00, real=0.37 secs] 
1360.313: [Full GC (Ergonomics) [PSYoungGen: 134144K->130013K(153600K)] [ParOldGen: 349368K->349368K(349696K)] 483512K->479381K(503296K), [Metaspace: 80013K->80013K(1120256K)], 0.3581991 secs] [Times: user=2.22 sys=0.01, real=0.36 secs] 
1360.674: [Full GC (Ergonomics) [PSYoungGen: 134144K->130067K(153600K)] [ParOldGen: 349368K->349368K(349696K)] 483512K->479436K(503296K), [Metaspace: 80013K->80013K(1120256K)], 0.4033757 secs] [Times: user=2.41 sys=0.00, real=0.40 secs] 
1361.079: [Full GC (Ergonomics) [PSYoungGen: 134144K->130067K(153600K)] [ParOldGen: 349368K->349368K(349696K)] 483512K->479436K(503296K), [Metaspace: 80013K->80013K(1120256K)], 0.4122396 secs] [Times: user=2.22 sys=0.01, real=0.41 secs] 
1361.494: [Full GC (Ergonomics) [PSYoungGen: 134144K->130180K(153600K)] [ParOldGen: 349368K->349368K(349696K)] 483512K->479548K(503296K), [Metaspace: 80013K->80013K(1120256K)], 0.4062262 secs] [Times: user=2.17 sys=0.01, real=0.41 secs] 
1361.903: [Full GC (Ergonomics) [PSYoungGen: 134144K->130302K(153600K)] [ParOldGen: 349368K->349368K(349696K)] 483512K->479671K(503296K), [Metaspace: 80013K->80013K(1120256K)], 0.4084405 secs] [Times: user=2.20 sys=0.00, real=0.41 secs] 
1362.317: [Full GC (Ergonomics) [PSYoungGen: 134144K->130970K(153600K)] [ParOldGen: 349368K->349368K(349696K)] 483512K->480339K(503296K), [Metaspace: 80013K->80013K(1120256K)], 0.4154427 secs] [Times: user=2.41 sys=0.01, real=0.42 secs] 
1362.735: [Full GC (Ergonomics) [PSYoungGen: 134144K->130978K(153600K)] [ParOldGen: 349368K->349368K(349696K)] 483512K->480347K(503296K), [Metaspace: 80013K->80013K(1120256K)], 0.3955142 secs] [Times: user=2.18 sys=0.00, real=0.40 secs] 
1363.134: [Full GC (Ergonomics) [PSYoungGen: 134144K->130977K(153600K)] [ParOldGen: 349368K->349368K(349696K)] 483512K->480346K(503296K), [Metaspace: 80013K->80013K(1120256K)], 0.4036198 secs] [Times: user=2.21 sys=0.00, real=0.41 secs] 
1363.540: [Full GC (Ergonomics) [PSYoungGen: 134144K->131187K(153600K)] [ParOldGen: 349368K->349368K(349696K)] 483512K->480556K(503296K), [Metaspace: 80013K->80013K(1120256K)], 0.3692581 secs] [Times: user=2.15 sys=0.00, real=0.37 secs] 
1363.912: [Full GC (Ergonomics) [PSYoungGen: 134144K->131328K(153600K)] [ParOldGen: 349368K->349368K(349696K)] 483512K->480696K(503296K), [Metaspace: 80013K->80013K(1120256K)], 0.3682604 secs] [Times: user=2.16 sys=0.01, real=0.37 secs] 
1364.283: [Full GC (Ergonomics) [PSYoungGen: 134144K->131373K(153600K)] [ParOldGen: 349368K->349368K(349696K)] 483512K->480742K(503296K), [Metaspace: 80013K->80013K(1120256K)], 0.3478284 secs] [Times: user=2.16 sys=0.00, real=0.35 secs] 
1364.634: [Full GC (Ergonomics) [PSYoungGen: 134144K->131482K(153600K)] [ParOldGen: 349368K->349368K(349696K)] 483512K->480851K(503296K), [Metaspace: 80013K->80013K(1120256K)], 0.3641084 secs] [Times: user=2.15 sys=0.00, real=0.37 secs] 
1365.001: [Full GC (Ergonomics) [PSYoungGen: 134144K->131532K(153600K)] [ParOldGen: 349368K->349368K(349696K)] 483512K->480901K(503296K), [Metaspace: 80013K->80013K(1120256K)], 0.3569998 secs] [Times: user=2.14 sys=0.00, real=0.35 secs] 
1365.360: [Full GC (Ergonomics) [PSYoungGen: 134144K->131583K(153600K)] [ParOldGen: 349368K->349368K(349696K)] 483512K->480952K(503296K), [Metaspace: 80013K->80013K(1120256K)], 0.3627603 secs] [Times: user=2.19 sys=0.00, real=0.36 secs] 
1365.726: [Full GC (Ergonomics) [PSYoungGen: 134144K->131767K(153600K)] [ParOldGen: 349368K->349368K(349696K)] 483512K->481136K(503296K), [Metaspace: 80013K->80013K(1120256K)], 0.3574278 secs] [Times: user=2.14 sys=0.00, real=0.36 secs] 
1366.086: [Full GC (Ergonomics) [PSYoungGen: 134144K->131796K(153600K)] [ParOldGen: 349368K->349368K(349696K)] 483512K->481165K(503296K), [Metaspace: 80013K->80013K(1120256K)], 0.3712762 secs] [Times: user=2.21 sys=0.01, real=0.37 secs] 
1366.460: [Full GC (Ergonomics) [PSYoungGen: 134144K->131909K(153600K)] [ParOldGen: 349368K->349368K(349696K)] 483512K->481278K(503296K), [Metaspace: 80013K->80013K(1120256K)], 0.3606372 secs] [Times: user=2.21 sys=0.00, real=0.36 secs] 
1366.823: [Full GC (Ergonomics) [PSYoungGen: 134144K->132176K(153600K)] [ParOldGen: 349368K->349368K(349696K)] 483512K->481545K(503296K), [Metaspace: 80013K->80013K(1120256K)], 0.3579439 secs] [Times: user=2.15 sys=0.00, real=0.36 secs] 
1367.184: [Full GC (Ergonomics) [PSYoungGen: 134144K->132218K(153600K)] [ParOldGen: 349368K->349368K(349696K)] 483512K->481587K(503296K), [Metaspace: 80016K->80016K(1120256K)], 0.3528430 secs] [Times: user=2.15 sys=0.01, real=0.35 secs] 
1367.539: [Full GC (Ergonomics) [PSYoungGen: 134144K->132374K(153600K)] [ParOldGen: 349368K->349368K(349696K)] 483512K->481743K(503296K), [Metaspace: 80016K->80016K(1120256K)], 0.3634807 secs] [Times: user=2.14 sys=0.00, real=0.36 secs] 
1367.905: [Full GC (Ergonomics) [PSYoungGen: 134144K->132396K(153600K)] [ParOldGen: 349368K->349368K(349696K)] 483512K->481765K(503296K), [Metaspace: 80016K->80016K(1120256K)], 0.3634687 secs] [Times: user=2.17 sys=0.01, real=0.37 secs] 
1368.271: [Full GC (Ergonomics) [PSYoungGen: 134144K->132424K(153600K)] [ParOldGen: 349368K->349368K(349696K)] 483512K->481792K(503296K), [Metaspace: 80016K->80016K(1120256K)], 0.3521755 secs] [Times: user=2.13 sys=0.00, real=0.35 secs] 
1368.626: [Full GC (Ergonomics) [PSYoungGen: 134144K->132663K(153600K)] [ParOldGen: 349368K->349368K(349696K)] 483512K->482032K(503296K), [Metaspace: 80016K->80016K(1120256K)], 0.3634041 secs] [Times: user=2.24 sys=0.00, real=0.37 secs] 
1368.992: [Full GC (Ergonomics) [PSYoungGen: 134144K->132719K(153600K)] [ParOldGen: 349368K->349368K(349696K)] 483512K->482088K(503296K), [Metaspace: 80016K->80016K(1120256K)], 0.3597845 secs] [Times: user=2.22 sys=0.01, real=0.36 secs] 
1369.354: [Full GC (Ergonomics) [PSYoungGen: 134144K->132753K(153600K)] [ParOldGen: 349368K->349368K(349696K)] 483512K->482122K(503296K), [Metaspace: 80016K->80016K(1120256K)], 0.3502908 secs] [Times: user=2.14 sys=0.00, real=0.35 secs] 
1369.706: [Full GC (Ergonomics) [PSYoungGen: 134144K->132785K(153600K)] [ParOldGen: 349368K->349368K(349696K)] 483512K->482154K(503296K), [Metaspace: 80016K->80016K(1120256K)], 0.3821625 secs] [Times: user=2.16 sys=0.01, real=0.38 secs] 
1370.091: [Full GC (Ergonomics) [PSYoungGen: 134144K->132860K(153600K)] [ParOldGen: 349368K->349368K(349696K)] 483512K->482229K(503296K), [Metaspace: 80016K->80016K(1120256K)], 0.3562378 secs] [Times: user=2.16 sys=0.00, real=0.35 secs] 
1370.449: [Full GC (Ergonomics) [PSYoungGen: 134144K->132878K(153600K)] [ParOldGen: 349368K->349368K(349696K)] 483512K->482247K(503296K), [Metaspace: 80016K->80016K(1120256K)], 0.3649864 secs] [Times: user=2.22 sys=0.01, real=0.36 secs] 
1370.816: [Full GC (Ergonomics) [PSYoungGen: 134144K->132874K(153600K)] [ParOldGen: 349368K->349368K(349696K)] 483512K->482243K(503296K), [Metaspace: 80016K->80016K(1120256K)], 0.3606189 secs] [Times: user=2.22 sys=0.00, real=0.36 secs] 
1371.179: [Full GC (Ergonomics) [PSYoungGen: 134144K->132949K(153600K)] [ParOldGen: 349368K->349368K(349696K)] 483512K->482318K(503296K), [Metaspace: 80016K->80016K(1120256K)], 0.3655167 secs] [Times: user=2.17 sys=0.00, real=0.36 secs] 
1371.547: [Full GC (Ergonomics) [PSYoungGen: 134144K->132950K(153600K)] [ParOldGen: 349368K->349368K(349696K)] 483512K->482319K(503296K), [Metaspace: 80016K->80016K(1120256K)], 0.4124632 secs] [Times: user=2.24 sys=0.00, real=0.42 secs] 
1371.963: [Full GC (Ergonomics) [PSYoungGen: 134144K->132959K(153600K)] [ParOldGen: 349368K->349368K(349696K)] 483512K->482327K(503296K), [Metaspace: 80016K->80016K(1120256K)], 0.4263602 secs] [Times: user=2.25 sys=0.00, real=0.43 secs] 
1372.392: [Full GC (Ergonomics) [PSYoungGen: 134144K->132959K(153600K)] [ParOldGen: 349368K->349368K(349696K)] 483512K->482328K(503296K), [Metaspace: 80016K->80016K(1120256K)], 0.4015119 secs] [Times: user=2.22 sys=0.01, real=0.40 secs] 
1372.796: [Full GC (Ergonomics) [PSYoungGen: 134144K->133162K(153600K)] [ParOldGen: 349368K->349368K(349696K)] 483512K->482531K(503296K), [Metaspace: 80016K->80016K(1120256K)], 0.4679464 secs] [Times: user=2.30 sys=0.01, real=0.47 secs] 
1373.266: [Full GC (Ergonomics) [PSYoungGen: 134144K->133132K(153600K)] [ParOldGen: 349368K->349368K(349696K)] 483512K->482500K(503296K), [Metaspace: 80016K->80016K(1120256K)], 0.4401968 secs] [Times: user=2.26 sys=0.01, real=0.44 secs] 
1373.711: [Full GC (Ergonomics) [PSYoungGen: 134144K->133192K(153600K)] [ParOldGen: 349368K->349368K(349696K)] 483512K->482561K(503296K), [Metaspace: 80016K->80016K(1120256K)], 0.4034016 secs] [Times: user=2.21 sys=0.00, real=0.40 secs] 
1374.117: [Full GC (Ergonomics) [PSYoungGen: 134144K->133194K(153600K)] [ParOldGen: 349368K->349368K(349696K)] 483512K->482562K(503296K), [Metaspace: 80016K->80016K(1120256K)], 0.4217868 secs] [Times: user=2.18 sys=0.00, real=0.42 secs] 
1374.541: [Full GC (Ergonomics) [PSYoungGen: 134144K->133221K(153600K)] [ParOldGen: 349368K->349368K(349696K)] 483512K->482589K(503296K), [Metaspace: 80016K->80016K(1120256K)], 0.4495048 secs] [Times: user=2.23 sys=0.01, real=0.45 secs] 
1374.992: [Full GC (Ergonomics) [PSYoungGen: 134144K->133268K(153600K)] [ParOldGen: 349368K->349368K(349696K)] 483512K->482637K(503296K), [Metaspace: 80016K->80016K(1120256K)], 0.4265872 secs] [Times: user=2.25 sys=0.00, real=0.42 secs] 
1375.421: [Full GC (Ergonomics) [PSYoungGen: 134144K->133268K(153600K)] [ParOldGen: 349368K->349368K(349696K)] 483512K->482637K(503296K), [Metaspace: 80016K->80016K(1120256K)], 0.4248416 secs] [Times: user=2.22 sys=0.01, real=0.42 secs] 
1375.848: [Full GC (Ergonomics) [PSYoungGen: 134144K->133271K(153600K)] [ParOldGen: 349368K->349368K(349696K)] 483512K->482640K(503296K), [Metaspace: 80016K->80016K(1120256K)], 0.4345053 secs] [Times: user=2.28 sys=0.00, real=0.44 secs] 
1376.286: [Full GC (Ergonomics) [PSYoungGen: 134143K->133270K(153600K)] [ParOldGen: 349368K->349368K(349696K)] 483512K->482639K(503296K), [Metaspace: 80016K->80016K(1120256K)], 0.4870262 secs] [Times: user=2.34 sys=0.01, real=0.49 secs] 
1376.776: [Full GC (Ergonomics) [PSYoungGen: 134144K->133270K(153600K)] [ParOldGen: 349368K->349368K(349696K)] 483512K->482639K(503296K), [Metaspace: 80016K->80016K(1120256K)], 0.4533126 secs] [Times: user=2.22 sys=0.00, real=0.45 secs] 
1377.232: [Full GC (Ergonomics) [PSYoungGen: 134144K->133275K(153600K)] [ParOldGen: 349368K->349368K(349696K)] 483512K->482643K(503296K), [Metaspace: 80016K->80016K(1120256K)], 0.4159278 secs] [Times: user=2.17 sys=0.01, real=0.41 secs] 
1377.650: [Full GC (Ergonomics) [PSYoungGen: 134144K->133289K(153600K)] [ParOldGen: 349368K->349368K(349696K)] 483512K->482658K(503296K), [Metaspace: 80016K->80016K(1120256K)], 0.3831343 secs] [Times: user=2.28 sys=0.00, real=0.38 secs] 
1378.035: [Full GC (Ergonomics) [PSYoungGen: 134144K->133304K(153600K)] [ParOldGen: 349368K->349368K(349696K)] 483512K->482673K(503296K), [Metaspace: 80016K->80016K(1120256K)], 0.4072532 secs] [Times: user=2.31 sys=0.00, real=0.41 secs] 
1378.444: [Full GC (Ergonomics) [PSYoungGen: 134144K->133303K(153600K)] [ParOldGen: 349368K->349276K(349696K)] 483512K->482579K(503296K), [Metaspace: 80016K->79882K(1120256K)], 0.9935189 secs] [Times: user=6.63 sys=0.03, real=0.99 secs] 
1379.441: [Full GC (Ergonomics) [PSYoungGen: 134144K->132732K(153600K)] [ParOldGen: 349276K->349276K(349696K)] 483420K->482008K(503296K), [Metaspace: 79882K->79882K(1120256K)], 0.3727245 secs] [Times: user=2.28 sys=0.01, real=0.37 secs] 
1379.816: [Full GC (Ergonomics) [PSYoungGen: 134144K->132765K(153600K)] [ParOldGen: 349276K->349276K(349696K)] 483420K->482041K(503296K), [Metaspace: 79884K->79884K(1120256K)], 0.8924933 secs] [Times: user=5.62 sys=0.02, real=0.89 secs] 
1380.711: [Full GC (Ergonomics) [PSYoungGen: 134144K->132802K(153600K)] [ParOldGen: 349276K->349276K(349696K)] 483420K->482078K(503296K), [Metaspace: 79884K->79884K(1120256K)], 0.4048279 secs] [Times: user=2.21 sys=0.00, real=0.40 secs] 
1381.118: [Full GC (Ergonomics) [PSYoungGen: 134144K->132830K(153600K)] [ParOldGen: 349276K->349276K(349696K)] 483420K->482106K(503296K), [Metaspace: 79884K->79884K(1120256K)], 0.4080267 secs] [Times: user=2.18 sys=0.01, real=0.41 secs] 
1381.530: [Full GC (Ergonomics) [PSYoungGen: 134144K->133167K(153600K)] [ParOldGen: 349276K->349275K(349696K)] 483420K->482443K(503296K), [Metaspace: 79884K->79884K(1120256K)], 0.8862291 secs] [Times: user=5.89 sys=0.03, real=0.89 secs] 
1382.418: [Full GC (Ergonomics) [PSYoungGen: 134144K->133184K(153600K)] [ParOldGen: 349275K->349275K(349696K)] 483419K->482460K(503296K), [Metaspace: 79884K->79884K(1120256K)], 0.4430422 secs] [Times: user=2.48 sys=0.01, real=0.45 secs] 
1382.865: [Full GC (Ergonomics) [PSYoungGen: 134144K->133294K(153600K)] [ParOldGen: 349275K->349275K(349696K)] 483419K->482569K(503296K), [Metaspace: 79888K->79888K(1120256K)], 0.8926403 secs] [Times: user=6.02 sys=0.03, real=0.89 secs] 
1383.764: [Full GC (Ergonomics) [PSYoungGen: 134144K->133390K(153600K)] [ParOldGen: 349275K->349275K(349696K)] 483419K->482665K(503296K), [Metaspace: 79888K->79888K(1120256K)], 0.9089847 secs] [Times: user=6.18 sys=0.03, real=0.91 secs] 
1384.675: [Full GC (Ergonomics) [PSYoungGen: 134144K->133422K(153600K)] [ParOldGen: 349275K->349275K(349696K)] 483419K->482697K(503296K), [Metaspace: 79891K->79891K(1120256K)], 0.8514387 secs] [Times: user=5.65 sys=0.03, real=0.85 secs] 
1385.529: [Full GC (Ergonomics) [PSYoungGen: 134144K->131042K(153600K)] [ParOldGen: 349275K->349274K(349696K)] 483419K->480317K(503296K), [Metaspace: 79892K->79892K(1120256K)], 0.8721590 secs] [Times: user=5.83 sys=0.03, real=0.87 secs] 
1386.404: [Full GC (Ergonomics) [PSYoungGen: 134144K->129728K(153600K)] [ParOldGen: 349274K->349274K(349696K)] 483418K->479003K(503296K), [Metaspace: 79905K->79905K(1120256K)], 0.3852289 secs] [Times: user=2.31 sys=0.05, real=0.38 secs] 
1386.792: [Full GC (Ergonomics) [PSYoungGen: 134144K->129745K(153600K)] [ParOldGen: 349274K->349274K(349696K)] 483418K->479019K(503296K), [Metaspace: 79907K->79907K(1120256K)], 0.3533434 secs] [Times: user=2.17 sys=0.03, real=0.35 secs] 
1387.151: [Full GC (Ergonomics) [PSYoungGen: 134144K->129658K(153600K)] [ParOldGen: 349274K->349274K(349696K)] 483418K->478932K(503296K), [Metaspace: 79917K->79899K(1120256K)], 0.9336620 secs] [Times: user=5.99 sys=0.14, real=0.94 secs] 
1388.090: [Full GC (Ergonomics) [PSYoungGen: 134144K->125824K(153600K)] [ParOldGen: 349274K->349274K(349696K)] 483418K->475098K(503296K), [Metaspace: 79901K->79901K(1120256K)], 0.9234048 secs] [Times: user=6.13 sys=0.09, real=0.93 secs] 
1389.018: [Full GC (Ergonomics) [PSYoungGen: 134144K->125963K(153600K)] [ParOldGen: 349274K->349273K(349696K)] 483418K->475236K(503296K), [Metaspace: 79908K->79908K(1120256K)], 0.8606413 secs] [Times: user=5.78 sys=0.04, real=0.86 secs] 
1389.884: [Full GC (Ergonomics) [PSYoungGen: 134144K->126256K(153600K)] [ParOldGen: 349273K->349273K(349696K)] 483417K->475529K(503296K), [Metaspace: 79914K->79912K(1120256K)], 0.8712780 secs] [Times: user=5.82 sys=0.03, real=0.87 secs] 
1390.766: [Full GC (Ergonomics) [PSYoungGen: 134144K->126226K(153600K)] [ParOldGen: 349273K->349272K(349696K)] 483417K->475499K(503296K), [Metaspace: 79940K->79934K(1120256K)], 1.1260136 secs] [Times: user=7.37 sys=0.05, real=1.13 secs] 
1391.897: [Full GC (Ergonomics) [PSYoungGen: 134144K->126210K(153600K)] [ParOldGen: 349272K->349272K(349696K)] 483416K->475483K(503296K), [Metaspace: 79936K->79936K(1120256K)], 0.3396323 secs] [Times: user=2.13 sys=0.00, real=0.34 secs] 
1392.247: [Full GC (Ergonomics) [PSYoungGen: 134144K->126208K(153600K)] [ParOldGen: 349272K->349270K(349696K)] 483416K->475478K(503296K), [Metaspace: 79983K->79960K(1120256K)], 0.9242655 secs] [Times: user=5.96 sys=0.03, real=0.92 secs] 
1393.180: [Full GC (Ergonomics) [PSYoungGen: 134144K->123494K(153600K)] [ParOldGen: 349270K->349516K(349696K)] 483414K->473010K(503296K), [Metaspace: 79972K->79462K(1120256K)], 1.5807287 secs] [Times: user=10.57 sys=0.06, real=1.58 secs] 
1394.766: [Full GC (Ergonomics) [PSYoungGen: 134144K->123485K(153600K)] [ParOldGen: 349516K->349516K(349696K)] 483660K->473001K(503296K), [Metaspace: 79471K->79471K(1120256K)], 0.8238920 secs] [Times: user=5.32 sys=0.03, real=0.82 secs] 
1395.596: [Full GC (Ergonomics) [PSYoungGen: 134144K->123546K(153600K)] [ParOldGen: 349516K->349513K(349696K)] 483660K->473060K(503296K), [Metaspace: 79502K->79502K(1120256K)], 0.9267271 secs] [Times: user=6.05 sys=0.02, real=0.93 secs] 
1396.535: [Full GC (Ergonomics) [PSYoungGen: 134144K->123704K(153600K)] [ParOldGen: 349513K->349510K(349696K)] 483657K->473215K(503296K), [Metaspace: 79557K->79520K(1120256K)], 0.9049398 secs] [Times: user=5.99 sys=0.04, real=0.90 secs] 
1397.446: [Full GC (Ergonomics) [PSYoungGen: 134144K->123953K(153600K)] [ParOldGen: 349510K->349508K(349696K)] 483654K->473462K(503296K), [Metaspace: 79582K->79575K(1120256K)], 1.1171108 secs] [Times: user=4.96 sys=0.03, real=1.12 secs] 
1398.574: [Full GC (Ergonomics) [PSYoungGen: 134144K->123808K(153600K)] [ParOldGen: 349508K->349508K(349696K)] 483652K->473317K(503296K), [Metaspace: 79582K->79582K(1120256K)], 0.9921969 secs] [Times: user=5.65 sys=0.04, real=0.99 secs] 
1399.573: [Full GC (Ergonomics) [PSYoungGen: 134144K->123742K(153600K)] [ParOldGen: 349508K->349507K(349696K)] 483652K->473250K(503296K), [Metaspace: 79630K->79592K(1120256K)], 0.9238196 secs] [Times: user=6.05 sys=0.05, real=0.93 secs] 
1400.505: [Full GC (Ergonomics) [PSYoungGen: 134144K->123833K(153600K)] [ParOldGen: 349507K->349505K(349696K)] 483651K->473339K(503296K), [Metaspace: 79631K->79625K(1120256K)], 0.8766956 secs] [Times: user=5.87 sys=0.03, real=0.87 secs] 
1401.394: [Full GC (Ergonomics) [PSYoungGen: 134144K->123879K(153600K)] [ParOldGen: 349505K->349502K(349696K)] 483649K->473382K(503296K), [Metaspace: 79689K->79614K(1120256K)], 0.9292330 secs] [Times: user=6.28 sys=0.03, real=0.92 secs] 
1402.329: [Full GC (Ergonomics) [PSYoungGen: 134144K->123809K(153600K)] [ParOldGen: 349502K->349501K(349696K)] 483646K->473310K(503296K), [Metaspace: 79648K->79648K(1120256K)], 0.8320699 secs] [Times: user=5.61 sys=0.03, real=0.83 secs] 
1403.166: [Full GC (Ergonomics) [PSYoungGen: 134144K->123781K(153600K)] [ParOldGen: 349501K->349499K(349696K)] 483645K->473280K(503296K), [Metaspace: 79666K->79666K(1120256K)], 0.9446327 secs] [Times: user=6.48 sys=0.02, real=0.94 secs] 
1404.116: [Full GC (Ergonomics) [PSYoungGen: 134144K->123853K(153600K)] [ParOldGen: 349499K->349499K(349696K)] 483643K->473353K(503296K), [Metaspace: 79683K->79680K(1120256K)], 0.8706550 secs] [Times: user=5.83 sys=0.04, real=0.87 secs] 
1404.992: [Full GC (Ergonomics) [PSYoungGen: 134144K->123859K(153600K)] [ParOldGen: 349499K->349499K(349696K)] 483643K->473359K(503296K), [Metaspace: 79731K->79727K(1120256K)], 0.4323603 secs] [Times: user=2.32 sys=0.00, real=0.43 secs] 
1405.431: [Full GC (Ergonomics) [PSYoungGen: 134144K->123865K(153600K)] [ParOldGen: 349499K->349499K(349696K)] 483643K->473364K(503296K), [Metaspace: 79734K->79734K(1120256K)], 0.9927656 secs] [Times: user=4.83 sys=0.03, real=0.99 secs] 
1406.436: [Full GC (Ergonomics) [PSYoungGen: 134144K->123834K(153600K)] [ParOldGen: 349499K->349499K(349696K)] 483643K->473333K(503296K), [Metaspace: 79746K->79709K(1120256K)], 0.9885128 secs] [Times: user=5.93 sys=0.03, real=0.98 secs] 
1407.451: [Full GC (Ergonomics) [PSYoungGen: 134144K->123948K(153600K)] [ParOldGen: 349499K->349498K(349696K)] 483643K->473447K(503296K), [Metaspace: 79820K->79717K(1120256K)], 0.8968677 secs] [Times: user=5.82 sys=0.03, real=0.90 secs] 
1408.358: [Full GC (Ergonomics) [PSYoungGen: 134144K->123965K(153600K)] [ParOldGen: 349498K->349497K(349696K)] 483642K->473462K(503296K), [Metaspace: 79783K->79753K(1120256K)], 0.9280432 secs] [Times: user=6.23 sys=0.04, real=0.93 secs] 
1409.295: [Full GC (Ergonomics) [PSYoungGen: 134144K->124062K(153600K)] [ParOldGen: 349497K->349495K(349696K)] 483641K->473557K(503296K), [Metaspace: 79794K->79757K(1120256K)], 0.8990986 secs] [Times: user=5.96 sys=0.02, real=0.89 secs] 
1410.201: [Full GC (Ergonomics) [PSYoungGen: 134144K->124128K(153600K)] [ParOldGen: 349495K->349491K(349696K)] 483639K->473620K(503296K), [Metaspace: 79795K->79795K(1120256K)], 0.8884618 secs] [Times: user=5.99 sys=0.04, real=0.89 secs] 
1411.106: [Full GC (Ergonomics) [PSYoungGen: 134144K->124132K(153600K)] [ParOldGen: 349491K->349489K(349696K)] 483635K->473622K(503296K), [Metaspace: 79834K->79834K(1120256K)], 0.9572924 secs] [Times: user=5.62 sys=0.03, real=0.95 secs] 
1412.082: [Full GC (Ergonomics) [PSYoungGen: 134144K->119512K(153600K)] [ParOldGen: 349489K->349486K(349696K)] 483633K->468998K(503296K), [Metaspace: 79874K->79870K(1120256K)], 1.6839166 secs] [Times: user=9.72 sys=0.04, real=1.69 secs] 
1413.778: [Full GC (Ergonomics) [PSYoungGen: 134144K->120472K(153600K)] [ParOldGen: 349486K->349455K(349696K)] 483630K->469927K(503296K), [Metaspace: 79924K->79911K(1120256K)], 0.9769499 secs] [Times: user=6.59 sys=0.03, real=0.97 secs] 
1414.765: [Full GC (Ergonomics) [PSYoungGen: 134144K->120425K(153600K)] [ParOldGen: 349455K->349441K(349696K)] 483599K->469867K(503296K), [Metaspace: 79926K->79926K(1120256K)], 1.2343630 secs] [Times: user=8.42 sys=0.03, real=1.24 secs] 
1416.006: [Full GC (Ergonomics) [PSYoungGen: 134143K->120518K(153600K)] [ParOldGen: 349441K->349441K(349696K)] 483585K->469960K(503296K), [Metaspace: 79926K->79922K(1120256K)], 0.4096327 secs] [Times: user=2.31 sys=0.00, real=0.41 secs] 
1416.421: [Full GC (Ergonomics) [PSYoungGen: 134144K->120469K(153600K)] [ParOldGen: 349441K->349440K(349696K)] 483585K->469910K(503296K), [Metaspace: 79933K->79929K(1120256K)], 0.9206709 secs] [Times: user=6.00 sys=0.03, real=0.92 secs] 
1417.347: [Full GC (Ergonomics) [PSYoungGen: 134144K->120485K(153600K)] [ParOldGen: 349440K->349439K(349696K)] 483584K->469924K(503296K), [Metaspace: 79944K->79940K(1120256K)], 0.9440576 secs] [Times: user=5.57 sys=0.03, real=0.94 secs] 
1418.300: [Full GC (Ergonomics) [PSYoungGen: 134144K->120444K(153600K)] [ParOldGen: 349439K->349436K(349696K)] 483583K->469880K(503296K), [Metaspace: 79948K->79946K(1120256K)], 0.9606157 secs] [Times: user=6.14 sys=0.04, real=0.96 secs] 
1419.268: [Full GC (Ergonomics) [PSYoungGen: 134144K->120523K(153600K)] [ParOldGen: 349436K->349434K(349696K)] 483580K->469957K(503296K), [Metaspace: 79958K->79958K(1120256K)], 0.8743331 secs] [Times: user=5.77 sys=0.03, real=0.87 secs] 
1420.149: [Full GC (Ergonomics) [PSYoungGen: 134144K->120550K(153600K)] [ParOldGen: 349447K->349434K(349696K)] 483591K->469985K(503296K), [Metaspace: 79969K->79969K(1120256K)], 0.8890909 secs] [Times: user=5.74 sys=0.03, real=0.89 secs] 
1421.047: [Full GC (Ergonomics) [PSYoungGen: 134144K->120584K(153600K)] [ParOldGen: 349434K->349431K(349696K)] 483578K->470016K(503296K), [Metaspace: 79984K->79981K(1120256K)], 0.9021433 secs] [Times: user=5.74 sys=0.03, real=0.91 secs] 
1421.958: [Full GC (Ergonomics) [PSYoungGen: 134144K->120606K(153600K)] [ParOldGen: 349431K->349428K(349696K)] 483575K->470034K(503296K), [Metaspace: 79999K->79999K(1120256K)], 0.9364210 secs] [Times: user=4.96 sys=0.04, real=0.93 secs] 
1422.905: [Full GC (Ergonomics) [PSYoungGen: 134144K->120623K(153600K)] [ParOldGen: 349428K->349427K(349696K)] 483572K->470051K(503296K), [Metaspace: 80023K->80023K(1120256K)], 0.9574691 secs] [Times: user=5.54 sys=0.03, real=0.96 secs] 
1423.871: [Full GC (Ergonomics) [PSYoungGen: 134144K->121651K(153600K)] [ParOldGen: 349427K->349425K(349696K)] 483571K->471076K(503296K), [Metaspace: 80034K->80034K(1120256K)], 0.9789554 secs] [Times: user=5.42 sys=0.04, real=0.98 secs] 
1424.855: [Full GC (Ergonomics) [PSYoungGen: 134144K->120589K(153600K)] [ParOldGen: 349425K->349425K(349696K)] 483569K->470015K(503296K), [Metaspace: 80038K->80038K(1120256K)], 0.9736767 secs] [Times: user=5.39 sys=0.25, real=0.98 secs] 
1425.836: [Full GC (Ergonomics) [PSYoungGen: 134144K->120642K(153600K)] [ParOldGen: 349425K->349423K(349696K)] 483569K->470066K(503296K), [Metaspace: 80049K->80049K(1120256K)], 0.8796829 secs] [Times: user=5.72 sys=0.24, real=0.88 secs] 
1426.722: [Full GC (Ergonomics) [PSYoungGen: 134144K->120694K(153600K)] [ParOldGen: 349423K->349422K(349696K)] 483567K->470116K(503296K), [Metaspace: 80073K->80065K(1120256K)], 1.0145026 secs] [Times: user=6.27 sys=0.24, real=1.01 secs] 
1427.742: [Full GC (Ergonomics) [PSYoungGen: 134144K->120692K(153600K)] [ParOldGen: 349422K->349421K(349696K)] 483566K->470113K(503296K), [Metaspace: 80070K->80070K(1120256K)], 0.8623189 secs] [Times: user=5.46 sys=0.23, real=0.86 secs] 
1428.611: [Full GC (Ergonomics) [PSYoungGen: 134144K->120765K(153600K)] [ParOldGen: 349421K->349420K(349696K)] 483565K->470185K(503296K), [Metaspace: 80082K->80082K(1120256K)], 1.0617657 secs] [Times: user=7.00 sys=0.27, real=1.06 secs] 
1429.680: [Full GC (Ergonomics) [PSYoungGen: 134144K->120794K(153600K)] [ParOldGen: 349420K->349419K(349696K)] 483564K->470213K(503296K), [Metaspace: 80093K->80093K(1120256K)], 0.8630606 secs] [Times: user=5.64 sys=0.27, real=0.86 secs] 
1430.550: [Full GC (Ergonomics) [PSYoungGen: 134144K->121095K(153600K)] [ParOldGen: 349419K->349414K(349696K)] 483563K->470509K(503296K), [Metaspace: 80105K->80105K(1120256K)], 0.9378752 secs] [Times: user=5.96 sys=0.25, real=0.94 secs] 
1431.500: [Full GC (Ergonomics) [PSYoungGen: 134144K->123939K(153600K)] [ParOldGen: 349414K->349414K(349696K)] 483558K->473354K(503296K), [Metaspace: 80111K->80111K(1120256K)], 0.3868908 secs] [Times: user=2.34 sys=0.08, real=0.38 secs] 
1431.892: [Full GC (Ergonomics) [PSYoungGen: 134144K->121549K(153600K)] [ParOldGen: 349414K->349413K(349696K)] 483558K->470962K(503296K), [Metaspace: 80126K->80126K(1120256K)], 0.9148066 secs] [Times: user=6.02 sys=0.26, real=0.91 secs] 
1432.814: [Full GC (Ergonomics) [PSYoungGen: 134144K->123376K(153600K)] [ParOldGen: 349413K->349413K(349696K)] 483557K->472789K(503296K), [Metaspace: 80127K->80127K(1120256K)], 0.4620827 secs] [Times: user=2.43 sys=0.09, real=0.46 secs] 
1433.281: [Full GC (Ergonomics) [PSYoungGen: 134144K->123416K(153600K)] [ParOldGen: 349413K->349408K(349696K)] 483557K->472825K(503296K), [Metaspace: 80131K->80131K(1120256K)], 1.2043890 secs] [Times: user=5.20 sys=0.22, real=1.20 secs] 
1434.495: [Full GC (Ergonomics) [PSYoungGen: 134144K->124169K(153600K)] [ParOldGen: 349408K->349408K(349696K)] 483552K->473578K(503296K), [Metaspace: 80133K->80133K(1120256K)], 0.5278704 secs] [Times: user=2.28 sys=0.07, real=0.53 secs] 
1435.033: [Full GC (Ergonomics) [PSYoungGen: 134144K->125034K(153600K)] [ParOldGen: 349408K->349408K(349696K)] 483552K->474443K(503296K), [Metaspace: 80135K->80135K(1120256K)], 0.4948987 secs] [Times: user=2.22 sys=0.01, real=0.49 secs] 
1435.535: [Full GC (Ergonomics) [PSYoungGen: 134144K->125374K(153600K)] [ParOldGen: 349408K->349408K(349696K)] 483552K->474783K(503296K), [Metaspace: 80136K->80136K(1120256K)], 0.5283789 secs] [Times: user=2.22 sys=0.07, real=0.53 secs] 
1436.075: [Full GC (Ergonomics) [PSYoungGen: 134144K->126055K(153600K)] [ParOldGen: 349408K->349408K(349696K)] 483552K->475464K(503296K), [Metaspace: 80139K->80139K(1120256K)], 0.5403312 secs] [Times: user=2.33 sys=0.03, real=0.54 secs] 
1436.623: [Full GC (Ergonomics) [PSYoungGen: 134144K->126232K(153600K)] [ParOldGen: 349408K->349408K(349696K)] 483552K->475640K(503296K), [Metaspace: 80143K->80143K(1120256K)], 1.1129735 secs] [Times: user=4.88 sys=0.22, real=1.11 secs] 
1437.744: [Full GC (Ergonomics) [PSYoungGen: 134144K->126290K(153600K)] [ParOldGen: 349408K->349408K(349696K)] 483552K->475698K(503296K), [Metaspace: 80143K->80143K(1120256K)], 1.1484541 secs] [Times: user=5.00 sys=0.15, real=1.15 secs] 
1438.900: [Full GC (Ergonomics) [PSYoungGen: 134144K->126291K(153600K)] [ParOldGen: 349408K->349408K(349696K)] 483552K->475699K(503296K), [Metaspace: 80145K->80145K(1120256K)], 0.6005852 secs] [Times: user=2.49 sys=0.10, real=0.60 secs] 
1439.509: [Full GC (Ergonomics) [PSYoungGen: 134144K->126702K(153600K)] [ParOldGen: 349408K->349408K(349696K)] 483552K->476111K(503296K), [Metaspace: 80145K->80145K(1120256K)], 0.6296813 secs] [Times: user=2.34 sys=0.03, real=0.63 secs] 
1440.148: [Full GC (Ergonomics) [PSYoungGen: 134144K->126970K(153600K)] [ParOldGen: 349408K->349408K(349696K)] 483552K->476378K(503296K), [Metaspace: 80145K->80145K(1120256K)], 0.7960335 secs] [Times: user=3.09 sys=0.14, real=0.80 secs] 
1440.952: [Full GC (Ergonomics) [PSYoungGen: 134144K->127397K(153600K)] [ParOldGen: 349408K->349407K(349696K)] 483552K->476805K(503296K), [Metaspace: 80153K->80153K(1120256K)], 0.8861385 secs] [Times: user=5.58 sys=0.20, real=0.88 secs] 
1441.844: [Full GC (Ergonomics) [PSYoungGen: 134144K->128235K(153600K)] [ParOldGen: 349407K->349407K(349696K)] 483551K->477643K(503296K), [Metaspace: 80156K->80156K(1120256K)], 0.9024971 secs] [Times: user=5.45 sys=0.21, real=0.90 secs] 
1442.755: [Full GC (Ergonomics) [PSYoungGen: 134144K->130766K(153600K)] [ParOldGen: 349407K->349407K(349696K)] 483551K->480173K(503296K), [Metaspace: 80158K->80158K(1120256K)], 0.4951462 secs] [Times: user=2.33 sys=0.11, real=0.50 secs] 
1443.255: [Full GC (Ergonomics) [PSYoungGen: 134144K->130782K(153600K)] [ParOldGen: 349407K->349407K(349696K)] 483551K->480189K(503296K), [Metaspace: 80158K->80158K(1120256K)], 0.4944308 secs] [Times: user=2.28 sys=0.10, real=0.49 secs] 
1443.754: [Full GC (Ergonomics) [PSYoungGen: 134144K->128069K(153600K)] [ParOldGen: 349407K->349407K(349696K)] 483551K->477476K(503296K), [Metaspace: 80159K->80159K(1120256K)], 0.4319977 secs] [Times: user=2.22 sys=0.09, real=0.43 secs] 
1444.192: [Full GC (Ergonomics) [PSYoungGen: 134144K->128400K(153600K)] [ParOldGen: 349407K->349407K(349696K)] 483551K->477808K(503296K), [Metaspace: 80159K->80159K(1120256K)], 0.4045360 secs] [Times: user=2.24 sys=0.09, real=0.40 secs] 
1444.604: [Full GC (Ergonomics) [PSYoungGen: 134144K->128628K(153600K)] [ParOldGen: 349407K->349406K(349696K)] 483551K->478034K(503296K), [Metaspace: 80159K->80159K(1120256K)], 1.0032922 secs] [Times: user=6.21 sys=0.26, real=1.00 secs] 
1445.613: [Full GC (Ergonomics) [PSYoungGen: 134144K->128599K(153600K)] [ParOldGen: 349406K->349406K(349696K)] 483550K->478005K(503296K), [Metaspace: 80165K->80165K(1120256K)], 0.3982796 secs] [Times: user=2.26 sys=0.05, real=0.40 secs] 
1446.018: [Full GC (Ergonomics) [PSYoungGen: 134144K->128619K(153600K)] [ParOldGen: 349406K->349406K(349696K)] 483550K->478026K(503296K), [Metaspace: 80166K->80166K(1120256K)], 0.3769167 secs] [Times: user=2.18 sys=0.07, real=0.38 secs] 
1446.400: [Full GC (Ergonomics) [PSYoungGen: 134144K->128613K(153600K)] [ParOldGen: 349406K->349406K(349696K)] 483550K->478019K(503296K), [Metaspace: 80166K->80166K(1120256K)], 0.3862741 secs] [Times: user=2.24 sys=0.06, real=0.39 secs] 
1446.793: [Full GC (Ergonomics) [PSYoungGen: 134144K->128621K(153600K)] [ParOldGen: 349406K->349406K(349696K)] 483550K->478027K(503296K), [Metaspace: 80166K->80166K(1120256K)], 0.8890101 secs] [Times: user=5.44 sys=0.17, real=0.89 secs] 
1447.688: [Full GC (Ergonomics) [PSYoungGen: 134144K->128618K(153600K)] [ParOldGen: 349406K->349406K(349696K)] 483550K->478024K(503296K), [Metaspace: 80171K->80171K(1120256K)], 0.4466636 secs] [Times: user=2.37 sys=0.06, real=0.45 secs] 
1448.140: [Full GC (Ergonomics) [PSYoungGen: 134144K->128625K(153600K)] [ParOldGen: 349406K->349406K(349696K)] 483550K->478031K(503296K), [Metaspace: 80172K->80172K(1120256K)], 0.4406436 secs] [Times: user=2.47 sys=0.07, real=0.45 secs] 
1448.586: [Full GC (Ergonomics) [PSYoungGen: 134144K->128624K(153600K)] [ParOldGen: 349406K->349405K(349696K)] 483550K->478030K(503296K), [Metaspace: 80172K->80172K(1120256K)], 0.9442181 secs] [Times: user=6.08 sys=0.11, real=0.94 secs] 
1449.536: [Full GC (Ergonomics) [PSYoungGen: 134144K->128628K(153600K)] [ParOldGen: 349405K->349405K(349696K)] 483549K->478034K(503296K), [Metaspace: 80175K->80175K(1120256K)], 0.4030380 secs] [Times: user=2.21 sys=0.06, real=0.40 secs] 
1449.944: [Full GC (Ergonomics) [PSYoungGen: 134144K->128662K(153600K)] [ParOldGen: 349405K->349405K(349696K)] 483549K->478067K(503296K), [Metaspace: 80175K->80175K(1120256K)], 0.8899321 secs] [Times: user=5.73 sys=0.12, real=0.89 secs] 
1450.839: [Full GC (Ergonomics) [PSYoungGen: 134144K->128914K(153600K)] [ParOldGen: 349405K->349405K(349696K)] 483549K->478319K(503296K), [Metaspace: 80178K->80178K(1120256K)], 0.3804984 secs] [Times: user=2.19 sys=0.01, real=0.38 secs] 
1451.224: [Full GC (Ergonomics) [PSYoungGen: 134144K->128912K(153600K)] [ParOldGen: 349405K->349405K(349696K)] 483549K->478318K(503296K), [Metaspace: 80179K->80179K(1120256K)], 0.4094174 secs] [Times: user=2.23 sys=0.00, real=0.41 secs] 
1451.639: [Full GC (Ergonomics) [PSYoungGen: 134144K->128985K(153600K)] [ParOldGen: 349405K->349405K(349696K)] 483549K->478391K(503296K), [Metaspace: 80179K->80179K(1120256K)], 0.4475976 secs] [Times: user=2.31 sys=0.01, real=0.45 secs] 
1452.094: [Full GC (Ergonomics) [PSYoungGen: 134144K->129029K(153600K)] [ParOldGen: 349405K->349405K(349696K)] 483549K->478434K(503296K), [Metaspace: 80179K->80179K(1120256K)], 0.4650382 secs] [Times: user=2.23 sys=0.01, real=0.46 secs] 
1452.570: [Full GC (Ergonomics) [PSYoungGen: 134144K->130393K(153600K)] [ParOldGen: 349405K->349405K(349696K)] 483549K->479798K(503296K), [Metaspace: 80180K->80180K(1120256K)], 0.5711911 secs] [Times: user=2.53 sys=0.01, real=0.58 secs] 
1453.147: [Full GC (Ergonomics) [PSYoungGen: 134144K->131491K(153600K)] [ParOldGen: 349405K->349405K(349696K)] 483549K->480896K(503296K), [Metaspace: 80184K->80184K(1120256K)], 0.5177081 secs] [Times: user=2.37 sys=0.01, real=0.52 secs] 
1453.673: [Full GC (Ergonomics) [PSYoungGen: 134144K->131478K(153600K)] [ParOldGen: 349405K->349405K(349696K)] 483549K->480883K(503296K), [Metaspace: 80188K->80188K(1120256K)], 0.4496582 secs] [Times: user=2.26 sys=0.00, real=0.45 secs] 
1454.125: [Full GC (Ergonomics) [PSYoungGen: 134144K->131531K(153600K)] [ParOldGen: 349405K->349405K(349696K)] 483549K->480936K(503296K), [Metaspace: 80188K->80188K(1120256K)], 0.5069059 secs] [Times: user=2.26 sys=0.00, real=0.51 secs] 
1454.636: [Full GC (Ergonomics) [PSYoungGen: 134144K->131752K(153600K)] [ParOldGen: 349405K->349405K(349696K)] 483549K->481158K(503296K), [Metaspace: 80188K->80188K(1120256K)], 0.4784345 secs] [Times: user=2.40 sys=0.01, real=0.48 secs] 
1455.117: [Full GC (Ergonomics) [PSYoungGen: 134144K->132022K(153600K)] [ParOldGen: 349405K->349405K(349696K)] 483549K->481428K(503296K), [Metaspace: 80195K->80195K(1120256K)], 0.4683676 secs] [Times: user=2.24 sys=0.01, real=0.47 secs] 
1455.591: [Full GC (Ergonomics) [PSYoungGen: 134144K->132284K(153600K)] [ParOldGen: 349405K->349405K(349696K)] 483549K->481689K(503296K), [Metaspace: 80207K->80207K(1120256K)], 0.4333016 secs] [Times: user=2.25 sys=0.00, real=0.44 secs] 
1456.032: [Full GC (Ergonomics) [PSYoungGen: 134144K->130585K(153600K)] [ParOldGen: 349405K->349405K(349696K)] 483549K->479990K(503296K), [Metaspace: 80208K->80208K(1120256K)], 0.3681296 secs] [Times: user=2.20 sys=0.00, real=0.36 secs] 
1456.402: [Full GC (Ergonomics) [PSYoungGen: 134144K->130606K(153600K)] [ParOldGen: 349405K->349405K(349696K)] 483549K->480012K(503296K), [Metaspace: 80208K->80208K(1120256K)], 0.3485258 secs] [Times: user=2.17 sys=0.00, real=0.34 secs] 
1456.753: [Full GC (Ergonomics) [PSYoungGen: 134144K->129018K(153600K)] [ParOldGen: 349405K->349405K(349696K)] 483549K->478424K(503296K), [Metaspace: 80208K->80208K(1120256K)], 0.8487007 secs] [Times: user=5.88 sys=0.02, real=0.85 secs] 
1457.604: [Full GC (Ergonomics) [PSYoungGen: 134144K->129022K(153600K)] [ParOldGen: 349405K->349405K(349696K)] 483549K->478427K(503296K), [Metaspace: 80208K->80208K(1120256K)], 0.3488866 secs] [Times: user=2.20 sys=0.01, real=0.35 secs] 
1457.955: [Full GC (Ergonomics) [PSYoungGen: 134144K->128351K(153600K)] [ParOldGen: 349405K->349402K(349696K)] 483549K->477754K(503296K), [Metaspace: 80208K->79774K(1120256K)], 0.9202488 secs] [Times: user=5.79 sys=0.03, real=0.92 secs] 
1458.878: [Full GC (Ergonomics) [PSYoungGen: 134144K->128329K(153600K)] [ParOldGen: 349402K->349402K(349696K)] 483546K->477732K(503296K), [Metaspace: 79774K->79774K(1120256K)], 0.3583246 secs] [Times: user=2.17 sys=0.00, real=0.36 secs] 
1459.239: [Full GC (Ergonomics) [PSYoungGen: 134144K->128087K(153600K)] [ParOldGen: 349402K->349402K(349696K)] 483546K->477490K(503296K), [Metaspace: 79777K->79777K(1120256K)], 0.4506227 secs] [Times: user=2.55 sys=0.01, real=0.45 secs] 
1459.692: [Full GC (Ergonomics) [PSYoungGen: 134144K->128080K(153600K)] [ParOldGen: 349402K->349402K(349696K)] 483546K->477483K(503296K), [Metaspace: 79777K->79777K(1120256K)], 0.3775113 secs] [Times: user=2.15 sys=0.01, real=0.38 secs] 
1460.072: [Full GC (Ergonomics) [PSYoungGen: 134144K->128112K(153600K)] [ParOldGen: 349402K->349402K(349696K)] 483546K->477515K(503296K), [Metaspace: 79777K->79777K(1120256K)], 0.3498991 secs] [Times: user=2.15 sys=0.00, real=0.35 secs] 
1460.423: [Full GC (Ergonomics) [PSYoungGen: 134144K->128127K(153600K)] [ParOldGen: 349402K->349402K(349696K)] 483546K->477530K(503296K), [Metaspace: 79781K->79781K(1120256K)], 0.4214067 secs] [Times: user=2.18 sys=0.01, real=0.42 secs] 
1460.847: [Full GC (Ergonomics) [PSYoungGen: 134144K->128266K(153600K)] [ParOldGen: 349402K->349402K(349696K)] 483546K->477669K(503296K), [Metaspace: 79788K->79788K(1120256K)], 0.3879726 secs] [Times: user=2.22 sys=0.01, real=0.39 secs] 
1461.237: [Full GC (Ergonomics) [PSYoungGen: 134144K->128567K(153600K)] [ParOldGen: 349402K->349402K(349696K)] 483546K->477970K(503296K), [Metaspace: 79791K->79788K(1120256K)], 0.9268418 secs] [Times: user=5.38 sys=0.03, real=0.93 secs] 
1462.167: [Full GC (Ergonomics) [PSYoungGen: 134144K->128540K(153600K)] [ParOldGen: 349402K->349402K(349696K)] 483546K->477943K(503296K), [Metaspace: 79788K->79788K(1120256K)], 0.4342107 secs] [Times: user=2.28 sys=0.01, real=0.43 secs] 
1462.603: [Full GC (Ergonomics) [PSYoungGen: 134144K->128526K(153600K)] [ParOldGen: 349402K->349402K(349696K)] 483546K->477928K(503296K), [Metaspace: 79791K->79791K(1120256K)], 0.3883640 secs] [Times: user=2.47 sys=0.00, real=0.38 secs] 
1462.993: [Full GC (Ergonomics) [PSYoungGen: 134144K->128376K(153600K)] [ParOldGen: 349402K->349402K(349696K)] 483546K->477778K(503296K), [Metaspace: 79791K->79784K(1120256K)], 0.3894907 secs] [Times: user=2.28 sys=0.00, real=0.39 secs] 
1463.386: [Full GC (Ergonomics) [PSYoungGen: 134144K->128377K(153600K)] [ParOldGen: 349402K->349402K(349696K)] 483546K->477780K(503296K), [Metaspace: 79784K->79784K(1120256K)], 0.3708830 secs] [Times: user=2.18 sys=0.00, real=0.37 secs] 
1463.758: [Full GC (Ergonomics) [PSYoungGen: 134144K->123411K(153600K)] [ParOldGen: 349402K->349402K(349696K)] 483546K->472814K(503296K), [Metaspace: 79784K->79784K(1120256K)], 0.3603175 secs] [Times: user=2.23 sys=0.01, real=0.36 secs] 
1464.122: [Full GC (Ergonomics) [PSYoungGen: 134144K->121071K(153600K)] [ParOldGen: 349402K->349402K(349696K)] 483546K->470473K(503296K), [Metaspace: 79803K->79792K(1120256K)], 0.8529141 secs] [Times: user=5.68 sys=0.02, real=0.86 secs] 
1464.979: [Full GC (Ergonomics) [PSYoungGen: 134144K->120769K(153600K)] [ParOldGen: 349402K->349402K(349696K)] 483546K->470172K(503296K), [Metaspace: 79809K->79809K(1120256K)], 0.3888458 secs] [Times: user=2.20 sys=0.01, real=0.39 secs] 
1465.371: [Full GC (Ergonomics) [PSYoungGen: 134144K->120456K(153600K)] [ParOldGen: 349402K->349402K(349696K)] 483546K->469859K(503296K), [Metaspace: 79809K->79794K(1120256K)], 0.3860023 secs] [Times: user=2.19 sys=0.01, real=0.39 secs] 
1465.762: [Full GC (Ergonomics) [PSYoungGen: 134144K->120455K(153600K)] [ParOldGen: 349402K->349402K(349696K)] 483546K->469857K(503296K), [Metaspace: 79794K->79794K(1120256K)], 0.4751871 secs] [Times: user=2.28 sys=0.00, real=0.48 secs] 
1466.241: [Full GC (Ergonomics) [PSYoungGen: 134144K->120458K(153600K)] [ParOldGen: 349402K->349402K(349696K)] 483546K->469861K(503296K), [Metaspace: 79794K->79790K(1120256K)], 0.4873939 secs] [Times: user=2.19 sys=0.01, real=0.49 secs] 
1466.732: [Full GC (Ergonomics) [PSYoungGen: 134144K->120503K(153600K)] [ParOldGen: 349402K->349402K(349696K)] 483546K->469905K(503296K), [Metaspace: 79798K->79794K(1120256K)], 0.4064921 secs] [Times: user=2.38 sys=0.02, real=0.41 secs] 
1467.143: [Full GC (Ergonomics) [PSYoungGen: 134144K->120702K(153600K)] [ParOldGen: 349402K->349402K(349696K)] 483546K->470104K(503296K), [Metaspace: 79797K->79797K(1120256K)], 0.3630054 secs] [Times: user=2.12 sys=0.00, real=0.37 secs] 
1467.510: [Full GC (Ergonomics) [PSYoungGen: 134144K->120704K(153600K)] [ParOldGen: 349402K->349402K(349696K)] 483546K->470107K(503296K), [Metaspace: 79804K->79804K(1120256K)], 0.3565809 secs] [Times: user=2.20 sys=0.01, real=0.36 secs] 
1467.871: [Full GC (Ergonomics) [PSYoungGen: 134144K->120242K(153600K)] [ParOldGen: 349402K->349402K(349696K)] 483546K->469644K(503296K), [Metaspace: 79804K->79804K(1120256K)], 0.3849617 secs] [Times: user=2.28 sys=0.00, real=0.39 secs] 
1468.261: [Full GC (Ergonomics) [PSYoungGen: 134144K->118733K(153600K)] [ParOldGen: 349402K->349402K(349696K)] 483546K->468136K(503296K), [Metaspace: 79807K->79802K(1120256K)], 0.3912652 secs] [Times: user=2.18 sys=0.02, real=0.39 secs] 
1468.660: [Full GC (Ergonomics) [PSYoungGen: 134144K->118311K(153600K)] [ParOldGen: 349402K->349402K(349696K)] 483546K->467713K(503296K), [Metaspace: 79811K->79804K(1120256K)], 0.3544981 secs] [Times: user=2.15 sys=0.01, real=0.36 secs] 
1469.024: [Full GC (Ergonomics) [PSYoungGen: 134144K->117079K(153600K)] [ParOldGen: 349402K->349402K(349696K)] 483546K->466482K(503296K), [Metaspace: 79812K->79805K(1120256K)], 0.4078621 secs] [Times: user=2.20 sys=0.00, real=0.40 secs] 
1469.442: [Full GC (Ergonomics) [PSYoungGen: 134144K->117661K(153600K)] [ParOldGen: 349402K->349402K(349696K)] 483546K->467063K(503296K), [Metaspace: 79805K->79805K(1120256K)], 0.3691526 secs] [Times: user=2.19 sys=0.01, real=0.37 secs] 
1469.832: [Full GC (Ergonomics) [PSYoungGen: 134144K->119011K(153600K)] [ParOldGen: 349403K->349402K(349696K)] 483547K->468414K(503296K), [Metaspace: 79810K->79810K(1120256K)], 0.3503820 secs] [Times: user=2.15 sys=0.00, real=0.35 secs] 
1470.235: [Full GC (Ergonomics) [PSYoungGen: 134144K->120511K(153600K)] [ParOldGen: 349404K->349402K(349696K)] 483548K->469913K(503296K), [Metaspace: 80003K->79984K(1120256K)], 0.9121891 secs] [Times: user=6.02 sys=0.02, real=0.91 secs] 
1471.188: [Full GC (Ergonomics) [PSYoungGen: 134144K->120683K(153600K)] [ParOldGen: 349402K->349402K(349696K)] 483546K->470085K(503296K), [Metaspace: 80191K->80178K(1120256K)], 0.8947525 secs] [Times: user=5.94 sys=0.03, real=0.89 secs] 
1472.109: [Full GC (Ergonomics) [PSYoungGen: 134144K->121168K(153600K)] [ParOldGen: 349402K->349402K(349696K)] 483546K->470570K(503296K), [Metaspace: 80331K->80132K(1120256K)], 0.4016912 secs] [Times: user=2.42 sys=0.00, real=0.40 secs] 
1472.538: [Full GC (Ergonomics) [PSYoungGen: 134039K->121585K(153600K)] [ParOldGen: 349402K->349402K(349696K)] 483441K->470987K(503296K), [Metaspace: 80309K->80276K(1120256K)], 0.4198949 secs] [Times: user=2.38 sys=0.00, real=0.42 secs] 
1472.969: [Full GC (Ergonomics) [PSYoungGen: 134133K->128017K(153600K)] [ParOldGen: 349402K->349402K(349696K)] 483535K->477419K(503296K), [Metaspace: 80301K->80282K(1120256K)], 0.9541105 secs] [Times: user=5.68 sys=0.18, real=0.95 secs] 
1473.929: [Full GC (Ergonomics) [PSYoungGen: 133545K->131543K(153600K)] [ParOldGen: 349402K->349402K(349696K)] 482947K->480945K(503296K), [Metaspace: 80288K->80288K(1120256K)], 0.6422453 secs] [Times: user=2.38 sys=0.07, real=0.64 secs] 
1474.574: [Full GC (Ergonomics) [PSYoungGen: 133526K->132500K(153600K)] [ParOldGen: 349402K->349402K(349696K)] 482928K->481902K(503296K), [Metaspace: 80288K->80288K(1120256K)], 0.5477955 secs] [Times: user=2.28 sys=0.10, real=0.55 secs] 
1475.140: [Full GC (Ergonomics) [PSYoungGen: 134144K->132493K(153600K)] [ParOldGen: 349402K->349402K(349696K)] 483546K->481895K(503296K), [Metaspace: 80292K->80284K(1120256K)], 0.5026222 secs] [Times: user=2.73 sys=0.11, real=0.50 secs] 
1475.651: [Full GC (Ergonomics) [PSYoungGen: 133880K->132630K(153600K)] [ParOldGen: 349402K->349402K(349696K)] 483282K->482032K(503296K), [Metaspace: 80294K->80285K(1120256K)], 0.4060031 secs] [Times: user=2.36 sys=0.09, real=0.41 secs] 
1476.059: [Full GC (Ergonomics) [PSYoungGen: 133928K->133716K(153600K)] [ParOldGen: 349402K->349402K(349696K)] 483330K->483118K(503296K), [Metaspace: 80285K->80285K(1120256K)], 0.4030128 secs] [Times: user=2.30 sys=0.10, real=0.40 secs] 
1476.462: [Full GC (Allocation Failure) [PSYoungGen: 133716K->133716K(153600K)] [ParOldGen: 349402K->349402K(349696K)] 483118K->483118K(503296K), [Metaspace: 80285K->80285K(1120256K)], 1.1152950 secs] [Times: user=6.88 sys=0.33, real=1.12 secs] 
1477.581: [Full GC (Ergonomics) [PSYoungGen: 134144K->131282K(153600K)] [ParOldGen: 349408K->349407K(349696K)] 483552K->480690K(503296K), [Metaspace: 80289K->80289K(1120256K)], 0.9221106 secs] [Times: user=5.78 sys=0.30, real=0.92 secs] 
1478.516: [Full GC (Ergonomics) [PSYoungGen: 134144K->131682K(153600K)] [ParOldGen: 349407K->349401K(349696K)] 483551K->481084K(503296K), [Metaspace: 80305K->80298K(1120256K)], 0.4042235 secs] [Times: user=2.36 sys=0.09, real=0.40 secs] 
1478.931: [Full GC (Ergonomics) [PSYoungGen: 133384K->131798K(153600K)] [ParOldGen: 349401K->349401K(349696K)] 482785K->481199K(503296K), [Metaspace: 80308K->80296K(1120256K)], 0.4102178 secs] [Times: user=2.25 sys=0.09, real=0.41 secs] 
1479.350: [Full GC (Ergonomics) [PSYoungGen: 134144K->132352K(153600K)] [ParOldGen: 349401K->349401K(349696K)] 483545K->481753K(503296K), [Metaspace: 80317K->80308K(1120256K)], 0.4025458 secs] [Times: user=2.19 sys=0.06, real=0.40 secs] 
1479.759: [Full GC (Ergonomics) [PSYoungGen: 134144K->131709K(153600K)] [ParOldGen: 349401K->349401K(349696K)] 483545K->481110K(503296K), [Metaspace: 80317K->80308K(1120256K)], 0.4460070 secs] [Times: user=2.26 sys=0.07, real=0.44 secs] 
1480.209: [Full GC (Ergonomics) [PSYoungGen: 134144K->133051K(153600K)] [ParOldGen: 349401K->349401K(349696K)] 483545K->482452K(503296K), [Metaspace: 80319K->80319K(1120256K)], 0.3931353 secs] [Times: user=2.23 sys=0.08, real=0.39 secs] 
1480.604: [Full GC (Ergonomics) [PSYoungGen: 134144K->133655K(153600K)] [ParOldGen: 349401K->349401K(349696K)] 483545K->483056K(503296K), [Metaspace: 80319K->80319K(1120256K)], 0.3944706 secs] [Times: user=2.22 sys=0.07, real=0.40 secs] 
1481.000: [Full GC (Ergonomics) [PSYoungGen: 134144K->130422K(153600K)] [ParOldGen: 349401K->349401K(349696K)] 483545K->479824K(503296K), [Metaspace: 80319K->80319K(1120256K)], 0.4136120 secs] [Times: user=2.35 sys=0.11, real=0.41 secs] 
1481.417: [Full GC (Ergonomics) [PSYoungGen: 134144K->131395K(153600K)] [ParOldGen: 349401K->349401K(349696K)] 483545K->480797K(503296K), [Metaspace: 80319K->80319K(1120256K)], 0.4201554 secs] [Times: user=2.41 sys=0.07, real=0.42 secs] 
1481.840: [Full GC (Ergonomics) [PSYoungGen: 134144K->131749K(153600K)] [ParOldGen: 349401K->349401K(349696K)] 483545K->481150K(503296K), [Metaspace: 80319K->80319K(1120256K)], 0.4191218 secs] [Times: user=2.30 sys=0.08, real=0.42 secs] 
1482.261: [Full GC (Ergonomics) [PSYoungGen: 134144K->132322K(153600K)] [ParOldGen: 349401K->349401K(349696K)] 483545K->481724K(503296K), [Metaspace: 80319K->80319K(1120256K)], 0.3817808 secs] [Times: user=2.19 sys=0.09, real=0.38 secs] 
1482.645: [Full GC (Ergonomics) [PSYoungGen: 134144K->132741K(153600K)] [ParOldGen: 349401K->349401K(349696K)] 483545K->482142K(503296K), [Metaspace: 80322K->80322K(1120256K)], 0.4101690 secs] [Times: user=2.14 sys=0.13, real=0.41 secs] 
1483.057: [Full GC (Ergonomics) [PSYoungGen: 134144K->133092K(153600K)] [ParOldGen: 349401K->349401K(349696K)] 483545K->482494K(503296K), [Metaspace: 80323K->80323K(1120256K)], 0.4094480 secs] [Times: user=2.19 sys=0.12, real=0.41 secs] 
1483.468: [Full GC (Ergonomics) [PSYoungGen: 134144K->133365K(153600K)] [ParOldGen: 349401K->349401K(349696K)] 483545K->482766K(503296K), [Metaspace: 80323K->80323K(1120256K)], 0.3729070 secs] [Times: user=2.19 sys=0.07, real=0.37 secs] 
1483.842: [Full GC (Ergonomics) [PSYoungGen: 134144K->133559K(153600K)] [ParOldGen: 349401K->349401K(349696K)] 483545K->482960K(503296K), [Metaspace: 80323K->80323K(1120256K)], 0.3871619 secs] [Times: user=2.18 sys=0.12, real=0.39 secs] 
1484.231: [Full GC (Ergonomics) [PSYoungGen: 134144K->133624K(153600K)] [ParOldGen: 349401K->349401K(349696K)] 483545K->483026K(503296K), [Metaspace: 80323K->80323K(1120256K)], 0.3825010 secs] [Times: user=2.14 sys=0.10, real=0.38 secs] 
1484.615: [Full GC (Ergonomics) [PSYoungGen: 134144K->132757K(153600K)] [ParOldGen: 349401K->349401K(349696K)] 483545K->482159K(503296K), [Metaspace: 80323K->80323K(1120256K)], 0.3803438 secs] [Times: user=2.18 sys=0.09, real=0.38 secs] 
1484.997: [Full GC (Ergonomics) [PSYoungGen: 134144K->130436K(153600K)] [ParOldGen: 349401K->349401K(349696K)] 483545K->479838K(503296K), [Metaspace: 80323K->80323K(1120256K)], 0.4332439 secs] [Times: user=2.29 sys=0.08, real=0.43 secs] 
1485.433: [Full GC (Ergonomics) [PSYoungGen: 134144K->130465K(153600K)] [ParOldGen: 349401K->349401K(349696K)] 483545K->479866K(503296K), [Metaspace: 80323K->80323K(1120256K)], 0.4196184 secs] [Times: user=2.13 sys=0.10, real=0.42 secs] 
1485.854: [Full GC (Ergonomics) [PSYoungGen: 134144K->130445K(153600K)] [ParOldGen: 349401K->349401K(349696K)] 483545K->479847K(503296K), [Metaspace: 80323K->80323K(1120256K)], 0.4458074 secs] [Times: user=2.19 sys=0.09, real=0.45 secs] 
1486.303: [Full GC (Ergonomics) [PSYoungGen: 134144K->130433K(153600K)] [ParOldGen: 349401K->349401K(349696K)] 483545K->479835K(503296K), [Metaspace: 80323K->80316K(1120256K)], 0.4102318 secs] [Times: user=2.26 sys=0.10, real=0.41 secs] 
1486.715: [Full GC (Ergonomics) [PSYoungGen: 134144K->130785K(153600K)] [ParOldGen: 349401K->349401K(349696K)] 483545K->480186K(503296K), [Metaspace: 80319K->80319K(1120256K)], 0.3742461 secs] [Times: user=2.17 sys=0.07, real=0.38 secs] 
1487.091: [Full GC (Ergonomics) [PSYoungGen: 134144K->131283K(153600K)] [ParOldGen: 349401K->349401K(349696K)] 483545K->480684K(503296K), [Metaspace: 80319K->80319K(1120256K)], 0.3773235 secs] [Times: user=2.21 sys=0.08, real=0.38 secs] 
1487.470: [Full GC (Ergonomics) [PSYoungGen: 134144K->131688K(153600K)] [ParOldGen: 349401K->349401K(349696K)] 483545K->481090K(503296K), [Metaspace: 80319K->80319K(1120256K)], 0.3896908 secs] [Times: user=2.32 sys=0.11, real=0.39 secs] 
1487.861: [Full GC (Ergonomics) [PSYoungGen: 134144K->132058K(153600K)] [ParOldGen: 349401K->349401K(349696K)] 483545K->481460K(503296K), [Metaspace: 80319K->80319K(1120256K)], 0.3968812 secs] [Times: user=2.21 sys=0.07, real=0.40 secs] 
1488.260: [Full GC (Ergonomics) [PSYoungGen: 134144K->132314K(153600K)] [ParOldGen: 349401K->349401K(349696K)] 483545K->481715K(503296K), [Metaspace: 80319K->80319K(1120256K)], 0.3836420 secs] [Times: user=2.18 sys=0.09, real=0.38 secs] 
1488.645: [Full GC (Ergonomics) [PSYoungGen: 134144K->132746K(153600K)] [ParOldGen: 349401K->349401K(349696K)] 483545K->482148K(503296K), [Metaspace: 80319K->80319K(1120256K)], 0.3717623 secs] [Times: user=2.19 sys=0.08, real=0.38 secs] 
1489.018: [Full GC (Ergonomics) [PSYoungGen: 134144K->132765K(153600K)] [ParOldGen: 349401K->349401K(349696K)] 483545K->482167K(503296K), [Metaspace: 80319K->80319K(1120256K)], 0.3849984 secs] [Times: user=2.29 sys=0.08, real=0.38 secs] 
1489.408: [Full GC (Ergonomics) [PSYoungGen: 134144K->132759K(153600K)] [ParOldGen: 349401K->349401K(349696K)] 483545K->482160K(503296K), [Metaspace: 80320K->80320K(1120256K)], 0.3904741 secs] [Times: user=2.29 sys=0.10, real=0.39 secs] 
1489.800: [Full GC (Ergonomics) [PSYoungGen: 134144K->132743K(153600K)] [ParOldGen: 349401K->349401K(349696K)] 483545K->482145K(503296K), [Metaspace: 80320K->80320K(1120256K)], 0.3912888 secs] [Times: user=2.23 sys=0.10, real=0.39 secs] 
1490.193: [Full GC (Ergonomics) [PSYoungGen: 134144K->129468K(153600K)] [ParOldGen: 349401K->349401K(349696K)] 483545K->478870K(503296K), [Metaspace: 80324K->80324K(1120256K)], 0.3979254 secs] [Times: user=2.22 sys=0.11, real=0.40 secs] 
1490.595: [Full GC (Ergonomics) [PSYoungGen: 134144K->129484K(153600K)] [ParOldGen: 349401K->349401K(349696K)] 483545K->478886K(503296K), [Metaspace: 80324K->80324K(1120256K)], 0.4058618 secs] [Times: user=2.44 sys=0.06, real=0.41 secs] 
1491.003: [Full GC (Ergonomics) [PSYoungGen: 134144K->129485K(153600K)] [ParOldGen: 349401K->349401K(349696K)] 483545K->478886K(503296K), [Metaspace: 80324K->80324K(1120256K)], 0.3748908 secs] [Times: user=2.19 sys=0.07, real=0.38 secs] 
1491.380: [Full GC (Ergonomics) [PSYoungGen: 134144K->129476K(153600K)] [ParOldGen: 349401K->349401K(349696K)] 483545K->478878K(503296K), [Metaspace: 80332K->80332K(1120256K)], 0.3852199 secs] [Times: user=2.15 sys=0.09, real=0.38 secs] 
1491.767: [Full GC (Ergonomics) [PSYoungGen: 134144K->129509K(153600K)] [ParOldGen: 349401K->349401K(349696K)] 483545K->478910K(503296K), [Metaspace: 80334K->80324K(1120256K)], 0.4175868 secs] [Times: user=2.22 sys=0.08, real=0.42 secs] 
1492.187: [Full GC (Ergonomics) [PSYoungGen: 134144K->129526K(153600K)] [ParOldGen: 349401K->349401K(349696K)] 483545K->478928K(503296K), [Metaspace: 80328K->80328K(1120256K)], 0.3971625 secs] [Times: user=2.18 sys=0.08, real=0.40 secs] 
1492.586: [Full GC (Ergonomics) [PSYoungGen: 134144K->129528K(153600K)] [ParOldGen: 349401K->349401K(349696K)] 483545K->478930K(503296K), [Metaspace: 80328K->80328K(1120256K)], 0.4242410 secs] [Times: user=2.25 sys=0.09, real=0.43 secs] 
1493.012: [Full GC (Ergonomics) [PSYoungGen: 134144K->129513K(153600K)] [ParOldGen: 349401K->349401K(349696K)] 483545K->478914K(503296K), [Metaspace: 80328K->80328K(1120256K)], 0.4064723 secs] [Times: user=2.27 sys=0.08, real=0.41 secs] 
1493.421: [Full GC (Ergonomics) [PSYoungGen: 134144K->129540K(153600K)] [ParOldGen: 349401K->349401K(349696K)] 483545K->478942K(503296K), [Metaspace: 80328K->80328K(1120256K)], 0.3811491 secs] [Times: user=2.21 sys=0.06, real=0.38 secs] 
1493.804: [Full GC (Ergonomics) [PSYoungGen: 134144K->129523K(153600K)] [ParOldGen: 349401K->349401K(349696K)] 483545K->478925K(503296K), [Metaspace: 80332K->80332K(1120256K)], 0.3970209 secs] [Times: user=2.23 sys=0.07, real=0.40 secs] 
1494.203: [Full GC (Ergonomics) [PSYoungGen: 134144K->129515K(153600K)] [ParOldGen: 349401K->349401K(349696K)] 483545K->478916K(503296K), [Metaspace: 80332K->80332K(1120256K)], 0.3742762 secs] [Times: user=2.17 sys=0.06, real=0.38 secs] 
1494.581: [Full GC (Ergonomics) [PSYoungGen: 134144K->129523K(153600K)] [ParOldGen: 349401K->349401K(349696K)] 483545K->478925K(503296K), [Metaspace: 80332K->80332K(1120256K)], 0.4093319 secs] [Times: user=2.20 sys=0.07, real=0.41 secs] 
1494.993: [Full GC (Ergonomics) [PSYoungGen: 134144K->129513K(153600K)] [ParOldGen: 349401K->349401K(349696K)] 483545K->478915K(503296K), [Metaspace: 80332K->80324K(1120256K)], 0.3812846 secs] [Times: user=2.14 sys=0.07, real=0.38 secs] 
1495.376: [Full GC (Ergonomics) [PSYoungGen: 134144K->129514K(153600K)] [ParOldGen: 349401K->349401K(349696K)] 483545K->478915K(503296K), [Metaspace: 80328K->80328K(1120256K)], 0.3694905 secs] [Times: user=2.21 sys=0.06, real=0.37 secs] 
1495.747: [Full GC (Ergonomics) [PSYoungGen: 134144K->129519K(153600K)] [ParOldGen: 349401K->349401K(349696K)] 483545K->478921K(503296K), [Metaspace: 80328K->80328K(1120256K)], 0.4232412 secs] [Times: user=2.25 sys=0.08, real=0.43 secs] 
1496.173: [Full GC (Ergonomics) [PSYoungGen: 134144K->129527K(153600K)] [ParOldGen: 349401K->349401K(349696K)] 483545K->478929K(503296K), [Metaspace: 80328K->80328K(1120256K)], 0.4056991 secs] [Times: user=2.23 sys=0.10, real=0.41 secs] 
1496.581: [Full GC (Ergonomics) [PSYoungGen: 134144K->129516K(153600K)] [ParOldGen: 349401K->349401K(349696K)] 483545K->478918K(503296K), [Metaspace: 80331K->80331K(1120256K)], 0.4462487 secs] [Times: user=2.22 sys=0.07, real=0.44 secs] 
1497.030: [Full GC (Ergonomics) [PSYoungGen: 134144K->129526K(153600K)] [ParOldGen: 349401K->349401K(349696K)] 483545K->478928K(503296K), [Metaspace: 80332K->80332K(1120256K)], 0.4686702 secs] [Times: user=2.30 sys=0.04, real=0.47 secs] 
1497.501: [Full GC (Ergonomics) [PSYoungGen: 134144K->129517K(153600K)] [ParOldGen: 349401K->349401K(349696K)] 483545K->478918K(503296K), [Metaspace: 80332K->80332K(1120256K)], 0.3887084 secs] [Times: user=2.20 sys=0.05, real=0.39 secs] 
1497.892: [Full GC (Ergonomics) [PSYoungGen: 134143K->129526K(153600K)] [ParOldGen: 349401K->349401K(349696K)] 483545K->478928K(503296K), [Metaspace: 80332K->80332K(1120256K)], 0.4431122 secs] [Times: user=2.28 sys=0.05, real=0.44 secs] 
1498.337: [Full GC (Ergonomics) [PSYoungGen: 134144K->129529K(153600K)] [ParOldGen: 349401K->349401K(349696K)] 483545K->478931K(503296K), [Metaspace: 80332K->80332K(1120256K)], 0.4978399 secs] [Times: user=2.32 sys=0.06, real=0.50 secs] 
1498.837: [Full GC (Ergonomics) [PSYoungGen: 134144K->129516K(153600K)] [ParOldGen: 349401K->349401K(349696K)] 483545K->478918K(503296K), [Metaspace: 80332K->80324K(1120256K)], 0.4157087 secs] [Times: user=2.21 sys=0.02, real=0.42 secs] 
1499.255: [Full GC (Ergonomics) [PSYoungGen: 134144K->129518K(153600K)] [ParOldGen: 349401K->349401K(349696K)] 483545K->478919K(503296K), [Metaspace: 80328K->80328K(1120256K)], 0.3616772 secs] [Times: user=2.19 sys=0.02, real=0.36 secs] 
1499.618: [Full GC (Ergonomics) [PSYoungGen: 134144K->129518K(153600K)] [ParOldGen: 349401K->349401K(349696K)] 483545K->478919K(503296K), [Metaspace: 80328K->80328K(1120256K)], 0.3640840 secs] [Times: user=2.13 sys=0.01, real=0.37 secs] 
1499.985: [Full GC (Ergonomics) [PSYoungGen: 134144K->129529K(153600K)] [ParOldGen: 349401K->349401K(349696K)] 483545K->478931K(503296K), [Metaspace: 80328K->80328K(1120256K)], 0.3852389 secs] [Times: user=2.31 sys=0.00, real=0.39 secs] 
1500.372: [Full GC (Ergonomics) [PSYoungGen: 134144K->129537K(153600K)] [ParOldGen: 349401K->349401K(349696K)] 483545K->478939K(503296K), [Metaspace: 80328K->80328K(1120256K)], 0.3813579 secs] [Times: user=2.23 sys=0.01, real=0.38 secs] 
1500.756: [Full GC (Ergonomics) [PSYoungGen: 134144K->129550K(153600K)] [ParOldGen: 349401K->349401K(349696K)] 483545K->478952K(503296K), [Metaspace: 80328K->80328K(1120256K)], 0.3797270 secs] [Times: user=2.18 sys=0.00, real=0.38 secs] 
1501.137: [Full GC (Ergonomics) [PSYoungGen: 134144K->129528K(153600K)] [ParOldGen: 349401K->349401K(349696K)] 483545K->478930K(503296K), [Metaspace: 80332K->80332K(1120256K)], 0.3825833 secs] [Times: user=2.18 sys=0.01, real=0.39 secs] 
1501.523: [Full GC (Ergonomics) [PSYoungGen: 134144K->129543K(153600K)] [ParOldGen: 349401K->349401K(349696K)] 483545K->478945K(503296K), [Metaspace: 80332K->80332K(1120256K)], 0.3788072 secs] [Times: user=2.17 sys=0.00, real=0.38 secs] 
1501.904: [Full GC (Ergonomics) [PSYoungGen: 134144K->129539K(153600K)] [ParOldGen: 349401K->349401K(349696K)] 483545K->478941K(503296K), [Metaspace: 80332K->80332K(1120256K)], 0.3734627 secs] [Times: user=2.15 sys=0.01, real=0.37 secs] 
1502.280: [Full GC (Ergonomics) [PSYoungGen: 134144K->129525K(153600K)] [ParOldGen: 349401K->349401K(349696K)] 483545K->478927K(503296K), [Metaspace: 80332K->80324K(1120256K)], 0.3732385 secs] [Times: user=2.17 sys=0.00, real=0.37 secs] 
1502.655: [Full GC (Ergonomics) [PSYoungGen: 134144K->129529K(153600K)] [ParOldGen: 349401K->349401K(349696K)] 483545K->478931K(503296K), [Metaspace: 80328K->80328K(1120256K)], 0.3695665 secs] [Times: user=2.19 sys=0.00, real=0.37 secs] 
1503.027: [Full GC (Ergonomics) [PSYoungGen: 134144K->129532K(153600K)] [ParOldGen: 349401K->349401K(349696K)] 483545K->478934K(503296K), [Metaspace: 80328K->80328K(1120256K)], 0.3677807 secs] [Times: user=2.18 sys=0.01, real=0.37 secs] 
1503.397: [Full GC (Ergonomics) [PSYoungGen: 134144K->129545K(153600K)] [ParOldGen: 349401K->349401K(349696K)] 483545K->478947K(503296K), [Metaspace: 80328K->80328K(1120256K)], 0.3614345 secs] [Times: user=2.19 sys=0.01, real=0.36 secs] 
1503.760: [Full GC (Ergonomics) [PSYoungGen: 134144K->129531K(153600K)] [ParOldGen: 349401K->349401K(349696K)] 483545K->478933K(503296K), [Metaspace: 80331K->80331K(1120256K)], 0.3628080 secs] [Times: user=2.18 sys=0.00, real=0.36 secs] 
1504.125: [Full GC (Ergonomics) [PSYoungGen: 134144K->129544K(153600K)] [ParOldGen: 349401K->349401K(349696K)] 483545K->478945K(503296K), [Metaspace: 80332K->80332K(1120256K)], 0.3493773 secs] [Times: user=2.15 sys=0.00, real=0.35 secs] 
1504.476: [Full GC (Ergonomics) [PSYoungGen: 134143K->129549K(153600K)] [ParOldGen: 349401K->349401K(349696K)] 483545K->478951K(503296K), [Metaspace: 80332K->80332K(1120256K)], 0.3491393 secs] [Times: user=2.15 sys=0.00, real=0.35 secs] 
1504.827: [Full GC (Ergonomics) [PSYoungGen: 134144K->129532K(153600K)] [ParOldGen: 349401K->349401K(349696K)] 483545K->478933K(503296K), [Metaspace: 80332K->80332K(1120256K)], 0.3803104 secs] [Times: user=2.22 sys=0.01, real=0.38 secs] 
1505.210: [Full GC (Ergonomics) [PSYoungGen: 134144K->129553K(153600K)] [ParOldGen: 349401K->349401K(349696K)] 483545K->478954K(503296K), [Metaspace: 80332K->80324K(1120256K)], 0.4167293 secs] [Times: user=2.22 sys=0.00, real=0.41 secs] 
1505.629: [Full GC (Ergonomics) [PSYoungGen: 134144K->129560K(153600K)] [ParOldGen: 349401K->349401K(349696K)] 483545K->478962K(503296K), [Metaspace: 80324K->80324K(1120256K)], 0.4128209 secs] [Times: user=2.17 sys=0.00, real=0.42 secs] 
1506.044: [Full GC (Ergonomics) [PSYoungGen: 134144K->129569K(153600K)] [ParOldGen: 349401K->349401K(349696K)] 483545K->478971K(503296K), [Metaspace: 80328K->80328K(1120256K)], 0.3885336 secs] [Times: user=2.16 sys=0.01, real=0.39 secs] 
1506.434: [Full GC (Ergonomics) [PSYoungGen: 134144K->129554K(153600K)] [ParOldGen: 349401K->349401K(349696K)] 483545K->478955K(503296K), [Metaspace: 80328K->80328K(1120256K)], 0.3550964 secs] [Times: user=2.16 sys=0.00, real=0.36 secs] 
1506.791: [Full GC (Ergonomics) [PSYoungGen: 134144K->129555K(153600K)] [ParOldGen: 349401K->349401K(349696K)] 483545K->478957K(503296K), [Metaspace: 80328K->80328K(1120256K)], 0.3659672 secs] [Times: user=2.16 sys=0.00, real=0.36 secs] 
1507.159: [Full GC (Ergonomics) [PSYoungGen: 134144K->129564K(153600K)] [ParOldGen: 349401K->349401K(349696K)] 483545K->478965K(503296K), [Metaspace: 80332K->80332K(1120256K)], 0.3625819 secs] [Times: user=2.17 sys=0.01, real=0.37 secs] 
1507.524: [Full GC (Ergonomics) [PSYoungGen: 134144K->129560K(153600K)] [ParOldGen: 349401K->349401K(349696K)] 483545K->478962K(503296K), [Metaspace: 80332K->80332K(1120256K)], 0.3467409 secs] [Times: user=2.14 sys=0.00, real=0.35 secs] 
1507.873: [Full GC (Ergonomics) [PSYoungGen: 134144K->129570K(153600K)] [ParOldGen: 349401K->349401K(349696K)] 483545K->478971K(503296K), [Metaspace: 80332K->80332K(1120256K)], 0.3782492 secs] [Times: user=2.17 sys=0.00, real=0.38 secs] 
1508.253: [Full GC (Ergonomics) [PSYoungGen: 134144K->129569K(153600K)] [ParOldGen: 349401K->349401K(349696K)] 483545K->478970K(503296K), [Metaspace: 80332K->80332K(1120256K)], 0.4068138 secs] [Times: user=2.43 sys=0.01, real=0.41 secs] 
1508.662: [Full GC (Ergonomics) [PSYoungGen: 134144K->129577K(153600K)] [ParOldGen: 349401K->349401K(349696K)] 483545K->478978K(503296K), [Metaspace: 80332K->80332K(1120256K)], 0.3661252 secs] [Times: user=2.17 sys=0.00, real=0.36 secs] 
1509.030: [Full GC (Ergonomics) [PSYoungGen: 134144K->129558K(153600K)] [ParOldGen: 349401K->349401K(349696K)] 483545K->478960K(503296K), [Metaspace: 80333K->80333K(1120256K)], 0.4051186 secs] [Times: user=2.25 sys=0.00, real=0.40 secs] 
1509.437: [Full GC (Ergonomics) [PSYoungGen: 134144K->129561K(153600K)] [ParOldGen: 349401K->349401K(349696K)] 483545K->478962K(503296K), [Metaspace: 80334K->80324K(1120256K)], 0.3675197 secs] [Times: user=2.14 sys=0.01, real=0.37 secs] 
1509.807: [Full GC (Ergonomics) [PSYoungGen: 134144K->129582K(153600K)] [ParOldGen: 349401K->349401K(349696K)] 483545K->478984K(503296K), [Metaspace: 80330K->80330K(1120256K)], 0.3617286 secs] [Times: user=2.17 sys=0.01, real=0.36 secs] 
1510.171: [Full GC (Ergonomics) [PSYoungGen: 134144K->129595K(153600K)] [ParOldGen: 349401K->349401K(349696K)] 483545K->478996K(503296K), [Metaspace: 80330K->80330K(1120256K)], 0.3874009 secs] [Times: user=2.31 sys=0.00, real=0.38 secs] 
1510.561: [Full GC (Ergonomics) [PSYoungGen: 134144K->129581K(153600K)] [ParOldGen: 349401K->349401K(349696K)] 483545K->478983K(503296K), [Metaspace: 80330K->80330K(1120256K)], 0.3683615 secs] [Times: user=2.22 sys=0.01, real=0.36 secs] 
1510.931: [Full GC (Ergonomics) [PSYoungGen: 134143K->130531K(153600K)] [ParOldGen: 349401K->349401K(349696K)] 483545K->479932K(503296K), [Metaspace: 80332K->80332K(1120256K)], 0.3681738 secs] [Times: user=2.17 sys=0.01, real=0.36 secs] 
1511.301: [Full GC (Ergonomics) [PSYoungGen: 134144K->130531K(153600K)] [ParOldGen: 349401K->349401K(349696K)] 483545K->479933K(503296K), [Metaspace: 80335K->80335K(1120256K)], 0.3720070 secs] [Times: user=2.14 sys=0.00, real=0.37 secs] 
1511.675: [Full GC (Ergonomics) [PSYoungGen: 134144K->130551K(153600K)] [ParOldGen: 349401K->349401K(349696K)] 483545K->479953K(503296K), [Metaspace: 80336K->80336K(1120256K)], 0.3585475 secs] [Times: user=2.16 sys=0.01, real=0.36 secs] 
1512.035: [Full GC (Ergonomics) [PSYoungGen: 134144K->130534K(153600K)] [ParOldGen: 349401K->349391K(349696K)] 483545K->479926K(503296K), [Metaspace: 80336K->80336K(1120256K)], 0.9239528 secs] [Times: user=6.13 sys=0.11, real=0.92 secs] 
1512.964: [Full GC (Ergonomics) [PSYoungGen: 134144K->130528K(153600K)] [ParOldGen: 349636K->349405K(349696K)] 483780K->479934K(503296K), [Metaspace: 80338K->80338K(1120256K)], 0.8921693 secs] [Times: user=5.89 sys=0.10, real=0.89 secs] 
1513.859: [Full GC (Ergonomics) [PSYoungGen: 134144K->130530K(153600K)] [ParOldGen: 349440K->349392K(349696K)] 483584K->479923K(503296K), [Metaspace: 80341K->80332K(1120256K)], 0.3780156 secs] [Times: user=2.16 sys=0.05, real=0.38 secs] 
1514.239: [Full GC (Ergonomics) [PSYoungGen: 134144K->130540K(153600K)] [ParOldGen: 349392K->349391K(349696K)] 483536K->479931K(503296K), [Metaspace: 80335K->80335K(1120256K)], 0.3911270 secs] [Times: user=2.18 sys=0.07, real=0.39 secs] 
1514.632: [Full GC (Ergonomics) [PSYoungGen: 134144K->130545K(153600K)] [ParOldGen: 349391K->349391K(349696K)] 483535K->479936K(503296K), [Metaspace: 80343K->80343K(1120256K)], 0.4302008 secs] [Times: user=2.16 sys=0.03, real=0.43 secs] 
1515.065: [Full GC (Ergonomics) [PSYoungGen: 134144K->130539K(153600K)] [ParOldGen: 349391K->349391K(349696K)] 483535K->479931K(503296K), [Metaspace: 80343K->80343K(1120256K)], 0.3819990 secs] [Times: user=2.17 sys=0.06, real=0.38 secs] 
1515.449: [Full GC (Ergonomics) [PSYoungGen: 134144K->130541K(153600K)] [ParOldGen: 349391K->349391K(349696K)] 483535K->479932K(503296K), [Metaspace: 80343K->80343K(1120256K)], 0.4243402 secs] [Times: user=2.46 sys=0.07, real=0.43 secs] 
1515.876: [Full GC (Ergonomics) [PSYoungGen: 134144K->130547K(153600K)] [ParOldGen: 349391K->349391K(349696K)] 483535K->479939K(503296K), [Metaspace: 80343K->80343K(1120256K)], 0.4095439 secs] [Times: user=2.24 sys=0.09, real=0.41 secs] 
1516.289: [Full GC (Ergonomics) [PSYoungGen: 134144K->130859K(153600K)] [ParOldGen: 349391K->349391K(349696K)] 483535K->480251K(503296K), [Metaspace: 80361K->80361K(1120256K)], 0.3674665 secs] [Times: user=2.20 sys=0.07, real=0.37 secs] 
1516.658: [Full GC (Ergonomics) [PSYoungGen: 134144K->130874K(153600K)] [ParOldGen: 349391K->349391K(349696K)] 483535K->480266K(503296K), [Metaspace: 80377K->80377K(1120256K)], 0.3796622 secs] [Times: user=2.17 sys=0.06, real=0.38 secs] 
1517.040: [Full GC (Ergonomics) [PSYoungGen: 134144K->131158K(153600K)] [ParOldGen: 349391K->349391K(349696K)] 483535K->480550K(503296K), [Metaspace: 80378K->80378K(1120256K)], 0.4046620 secs] [Times: user=2.29 sys=0.06, real=0.41 secs] 
1517.446: [Full GC (Ergonomics) [PSYoungGen: 134144K->131713K(153600K)] [ParOldGen: 349391K->349391K(349696K)] 483535K->481104K(503296K), [Metaspace: 80384K->80384K(1120256K)], 0.3909272 secs] [Times: user=2.19 sys=0.06, real=0.39 secs] 
1517.839: [Full GC (Ergonomics) [PSYoungGen: 134144K->132070K(153600K)] [ParOldGen: 349391K->349391K(349696K)] 483535K->481462K(503296K), [Metaspace: 80385K->80385K(1120256K)], 0.3778844 secs] [Times: user=2.23 sys=0.06, real=0.38 secs] 
1518.219: [Full GC (Ergonomics) [PSYoungGen: 134144K->132449K(153600K)] [ParOldGen: 349391K->349391K(349696K)] 483535K->481841K(503296K), [Metaspace: 80385K->80385K(1120256K)], 0.3872067 secs] [Times: user=2.18 sys=0.07, real=0.39 secs] 
1518.607: [Full GC (Ergonomics) [PSYoungGen: 134144K->132456K(153600K)] [ParOldGen: 349391K->349391K(349696K)] 483535K->481847K(503296K), [Metaspace: 80385K->80385K(1120256K)], 0.3535697 secs] [Times: user=2.15 sys=0.06, real=0.35 secs] 
1518.962: [Full GC (Ergonomics) [PSYoungGen: 134144K->132446K(153600K)] [ParOldGen: 349391K->349391K(349696K)] 483535K->481838K(503296K), [Metaspace: 80385K->80385K(1120256K)], 0.3933052 secs] [Times: user=2.19 sys=0.07, real=0.39 secs] 
1519.358: [Full GC (Ergonomics) [PSYoungGen: 134144K->132440K(153600K)] [ParOldGen: 349391K->349391K(349696K)] 483535K->481832K(503296K), [Metaspace: 80385K->80385K(1120256K)], 0.3978304 secs] [Times: user=2.18 sys=0.05, real=0.40 secs] 
1519.757: [Full GC (Ergonomics) [PSYoungGen: 134144K->132727K(153600K)] [ParOldGen: 349391K->349391K(349696K)] 483535K->482118K(503296K), [Metaspace: 80385K->80385K(1120256K)], 0.4171957 secs] [Times: user=2.22 sys=0.05, real=0.42 secs] 
1520.175: [Full GC (Ergonomics) [PSYoungGen: 134144K->132727K(153600K)] [ParOldGen: 349391K->349391K(349696K)] 483535K->482119K(503296K), [Metaspace: 80385K->80385K(1120256K)], 0.4149396 secs] [Times: user=2.33 sys=0.07, real=0.41 secs] 
1520.592: [Full GC (Ergonomics) [PSYoungGen: 134144K->132914K(153600K)] [ParOldGen: 349391K->349391K(349696K)] 483535K->482306K(503296K), [Metaspace: 80385K->80385K(1120256K)], 0.3789762 secs] [Times: user=2.20 sys=0.04, real=0.37 secs] 
1520.972: [Full GC (Ergonomics) [PSYoungGen: 134144K->129684K(153600K)] [ParOldGen: 349391K->349391K(349696K)] 483535K->479076K(503296K), [Metaspace: 80385K->80385K(1120256K)], 0.3674062 secs] [Times: user=2.20 sys=0.06, real=0.36 secs] 
1521.342: [Full GC (Ergonomics) [PSYoungGen: 134144K->129648K(153600K)] [ParOldGen: 349391K->349391K(349696K)] 483535K->479040K(503296K), [Metaspace: 80390K->80382K(1120256K)], 0.4007235 secs] [Times: user=2.30 sys=0.07, real=0.40 secs] 
1521.746: [Full GC (Ergonomics) [PSYoungGen: 134144K->129672K(153600K)] [ParOldGen: 349391K->349391K(349696K)] 483535K->479064K(503296K), [Metaspace: 80385K->80385K(1120256K)], 0.3862872 secs] [Times: user=2.17 sys=0.06, real=0.39 secs] 
1522.134: [Full GC (Ergonomics) [PSYoungGen: 134144K->129643K(153600K)] [ParOldGen: 349391K->349391K(349696K)] 483535K->479034K(503296K), [Metaspace: 80386K->80386K(1120256K)], 0.3850459 secs] [Times: user=2.17 sys=0.07, real=0.38 secs] 
1522.521: [Full GC (Ergonomics) [PSYoungGen: 134144K->129655K(153600K)] [ParOldGen: 349391K->349391K(349696K)] 483535K->479046K(503296K), [Metaspace: 80386K->80386K(1120256K)], 0.3910607 secs] [Times: user=2.18 sys=0.07, real=0.40 secs] 
1522.914: [Full GC (Ergonomics) [PSYoungGen: 134144K->129660K(153600K)] [ParOldGen: 349391K->349391K(349696K)] 483535K->479051K(503296K), [Metaspace: 80390K->80390K(1120256K)], 0.4365193 secs] [Times: user=2.25 sys=0.07, real=0.43 secs] 
1523.354: [Full GC (Ergonomics) [PSYoungGen: 134144K->129657K(153600K)] [ParOldGen: 349391K->349391K(349696K)] 483535K->479049K(503296K), [Metaspace: 80390K->80390K(1120256K)], 0.4779997 secs] [Times: user=2.85 sys=0.07, real=0.48 secs] 
1523.835: [Full GC (Ergonomics) [PSYoungGen: 134144K->129656K(153600K)] [ParOldGen: 349391K->349391K(349696K)] 483535K->479048K(503296K), [Metaspace: 80390K->80390K(1120256K)], 0.3552155 secs] [Times: user=2.14 sys=0.06, real=0.35 secs] 
1524.192: [Full GC (Ergonomics) [PSYoungGen: 134144K->129673K(153600K)] [ParOldGen: 349391K->349391K(349696K)] 483535K->479064K(503296K), [Metaspace: 80393K->80393K(1120256K)], 0.3655184 secs] [Times: user=2.20 sys=0.06, real=0.37 secs] 
1524.560: [Full GC (Ergonomics) [PSYoungGen: 134144K->129679K(153600K)] [ParOldGen: 349391K->349391K(349696K)] 483535K->479071K(503296K), [Metaspace: 80393K->80393K(1120256K)], 0.4835069 secs] [Times: user=3.04 sys=0.09, real=0.49 secs] 
1525.049: [Full GC (Ergonomics) [PSYoungGen: 134144K->129660K(153600K)] [ParOldGen: 349391K->349386K(349696K)] 483535K->479046K(503296K), [Metaspace: 80398K->80398K(1120256K)], 0.8795949 secs] [Times: user=5.62 sys=0.18, real=0.88 secs] 
1525.930: [Full GC (Ergonomics) [PSYoungGen: 134143K->129659K(153600K)] [ParOldGen: 349386K->349386K(349696K)] 483529K->479045K(503296K), [Metaspace: 80398K->80398K(1120256K)], 0.6735396 secs] [Times: user=4.10 sys=0.11, real=0.68 secs] 
1526.607: [Full GC (Ergonomics) [PSYoungGen: 134144K->129688K(153600K)] [ParOldGen: 349386K->349386K(349696K)] 483530K->479074K(503296K), [Metaspace: 80401K->80401K(1120256K)], 0.3879180 secs] [Times: user=2.19 sys=0.03, real=0.39 secs] 
1526.997: [Full GC (Ergonomics) [PSYoungGen: 134144K->129680K(153600K)] [ParOldGen: 349430K->349387K(349696K)] 483574K->479067K(503296K), [Metaspace: 80401K->80401K(1120256K)], 0.3659946 secs] [Times: user=2.17 sys=0.06, real=0.37 secs] 
1527.365: [Full GC (Ergonomics) [PSYoungGen: 134144K->129665K(153600K)] [ParOldGen: 349387K->349386K(349696K)] 483531K->479051K(503296K), [Metaspace: 80401K->80401K(1120256K)], 0.3601232 secs] [Times: user=2.15 sys=0.02, real=0.36 secs] 
1527.727: [Full GC (Ergonomics) [PSYoungGen: 134144K->129660K(153600K)] [ParOldGen: 349386K->349386K(349696K)] 483530K->479046K(503296K), [Metaspace: 80401K->80401K(1120256K)], 0.3656647 secs] [Times: user=2.22 sys=0.02, real=0.37 secs] 
1528.095: [Full GC (Ergonomics) [PSYoungGen: 134144K->129664K(153600K)] [ParOldGen: 349386K->349386K(349696K)] 483530K->479050K(503296K), [Metaspace: 80405K->80405K(1120256K)], 0.3991585 secs] [Times: user=2.25 sys=0.03, real=0.40 secs] 
1528.495: [Full GC (Ergonomics) [PSYoungGen: 134144K->129677K(153600K)] [ParOldGen: 349386K->349386K(349696K)] 483530K->479064K(503296K), [Metaspace: 80405K->80405K(1120256K)], 0.3914763 secs] [Times: user=2.25 sys=0.01, real=0.39 secs] 
1528.889: [Full GC (Ergonomics) [PSYoungGen: 134144K->129665K(153600K)] [ParOldGen: 349386K->349386K(349696K)] 483530K->479051K(503296K), [Metaspace: 80405K->80405K(1120256K)], 0.3665032 secs] [Times: user=2.15 sys=0.01, real=0.37 secs] 
1529.257: [Full GC (Ergonomics) [PSYoungGen: 134144K->129664K(153600K)] [ParOldGen: 349386K->349386K(349696K)] 483530K->479050K(503296K), [Metaspace: 80405K->80405K(1120256K)], 0.5296822 secs] [Times: user=2.28 sys=0.01, real=0.53 secs] 
1529.791: [Full GC (Ergonomics) [PSYoungGen: 134144K->129668K(153600K)] [ParOldGen: 349386K->349386K(349696K)] 483530K->479054K(503296K), [Metaspace: 80405K->80405K(1120256K)], 0.5105884 secs] [Times: user=2.24 sys=0.01, real=0.51 secs] 
1530.311: [Full GC (Ergonomics) [PSYoungGen: 134144K->129665K(153600K)] [ParOldGen: 349386K->349386K(349696K)] 483530K->479051K(503296K), [Metaspace: 80405K->80405K(1120256K)], 0.4590115 secs] [Times: user=2.24 sys=0.01, real=0.46 secs] 
1530.773: [Full GC (Ergonomics) [PSYoungGen: 134144K->129675K(153600K)] [ParOldGen: 349386K->349386K(349696K)] 483530K->479061K(503296K), [Metaspace: 80405K->80405K(1120256K)], 0.4357258 secs] [Times: user=2.25 sys=0.01, real=0.44 secs] 
1531.211: [Full GC (Ergonomics) [PSYoungGen: 134144K->129670K(153600K)] [ParOldGen: 349386K->349386K(349696K)] 483530K->479056K(503296K), [Metaspace: 80405K->80398K(1120256K)], 0.4338991 secs] [Times: user=2.45 sys=0.00, real=0.44 secs] 
1531.646: [Full GC (Ergonomics) [PSYoungGen: 134144K->129677K(153600K)] [ParOldGen: 349386K->349386K(349696K)] 483530K->479063K(503296K), [Metaspace: 80398K->80398K(1120256K)], 0.3553014 secs] [Times: user=2.19 sys=0.01, real=0.35 secs] 
1532.003: [Full GC (Ergonomics) [PSYoungGen: 134144K->129673K(153600K)] [ParOldGen: 349386K->349386K(349696K)] 483530K->479060K(503296K), [Metaspace: 80400K->80400K(1120256K)], 0.3669927 secs] [Times: user=2.15 sys=0.00, real=0.37 secs] 
1532.372: [Full GC (Ergonomics) [PSYoungGen: 134144K->129679K(153600K)] [ParOldGen: 349386K->349386K(349696K)] 483530K->479065K(503296K), [Metaspace: 80401K->80401K(1120256K)], 0.3676683 secs] [Times: user=2.15 sys=0.01, real=0.37 secs] 
1532.741: [Full GC (Ergonomics) [PSYoungGen: 134144K->129672K(153600K)] [ParOldGen: 349386K->349386K(349696K)] 483530K->479058K(503296K), [Metaspace: 80401K->80401K(1120256K)], 0.3530720 secs] [Times: user=2.14 sys=0.00, real=0.36 secs] 
1533.096: [Full GC (Ergonomics) [PSYoungGen: 134144K->129673K(153600K)] [ParOldGen: 349386K->349386K(349696K)] 483530K->479059K(503296K), [Metaspace: 80405K->80405K(1120256K)], 0.4029607 secs] [Times: user=2.20 sys=0.01, real=0.40 secs] 
1533.501: [Full GC (Ergonomics) [PSYoungGen: 134144K->129684K(153600K)] [ParOldGen: 349386K->349386K(349696K)] 483530K->479070K(503296K), [Metaspace: 80405K->80405K(1120256K)], 0.3764877 secs] [Times: user=2.14 sys=0.00, real=0.38 secs] 
1533.880: [Full GC (Ergonomics) [PSYoungGen: 134144K->129678K(153600K)] [ParOldGen: 349386K->349386K(349696K)] 483530K->479064K(503296K), [Metaspace: 80408K->80408K(1120256K)], 0.3503127 secs] [Times: user=2.16 sys=0.00, real=0.35 secs] 
1534.232: [Full GC (Ergonomics) [PSYoungGen: 134144K->129687K(153600K)] [ParOldGen: 349386K->349380K(349696K)] 483530K->479067K(503296K), [Metaspace: 80409K->80409K(1120256K)], 0.9423675 secs] [Times: user=6.00 sys=0.03, real=0.95 secs] 
1535.176: [Full GC (Ergonomics) [PSYoungGen: 134144K->129707K(153600K)] [ParOldGen: 349380K->349380K(349696K)] 483524K->479088K(503296K), [Metaspace: 80412K->80412K(1120256K)], 0.5873670 secs] [Times: user=3.38 sys=0.01, real=0.59 secs] 
1535.765: [Full GC (Ergonomics) [PSYoungGen: 134144K->129681K(153600K)] [ParOldGen: 349380K->349380K(349696K)] 483524K->479062K(503296K), [Metaspace: 80412K->80412K(1120256K)], 0.3446763 secs] [Times: user=2.14 sys=0.01, real=0.34 secs] 
1536.112: [Full GC (Ergonomics) [PSYoungGen: 134144K->129676K(153600K)] [ParOldGen: 349380K->349380K(349696K)] 483524K->479057K(503296K), [Metaspace: 80412K->80412K(1120256K)], 0.3650009 secs] [Times: user=2.18 sys=0.00, real=0.37 secs] 
1536.479: [Full GC (Ergonomics) [PSYoungGen: 134144K->129678K(153600K)] [ParOldGen: 349380K->349380K(349696K)] 483524K->479059K(503296K), [Metaspace: 80413K->80413K(1120256K)], 0.5097255 secs] [Times: user=2.35 sys=0.01, real=0.51 secs] 
1536.990: [Full GC (Ergonomics) [PSYoungGen: 134144K->129679K(153600K)] [ParOldGen: 349380K->349380K(349696K)] 483524K->479059K(503296K), [Metaspace: 80413K->80413K(1120256K)], 0.4725078 secs] [Times: user=2.38 sys=0.01, real=0.47 secs] 
1537.465: [Full GC (Ergonomics) [PSYoungGen: 134144K->129699K(153600K)] [ParOldGen: 349380K->349380K(349696K)] 483524K->479080K(503296K), [Metaspace: 80416K->80416K(1120256K)], 0.4758430 secs] [Times: user=2.20 sys=0.01, real=0.47 secs] 
1537.942: [Full GC (Ergonomics) [PSYoungGen: 134144K->129700K(153600K)] [ParOldGen: 349380K->349375K(349696K)] 483524K->479075K(503296K), [Metaspace: 80416K->80416K(1120256K)], 0.9949533 secs] [Times: user=5.95 sys=0.03, real=1.00 secs] 
1538.939: [Full GC (Ergonomics) [PSYoungGen: 134144K->129688K(153600K)] [ParOldGen: 349375K->349375K(349696K)] 483519K->479063K(503296K), [Metaspace: 80416K->80416K(1120256K)], 0.6135418 secs] [Times: user=3.75 sys=0.01, real=0.61 secs] 
1539.560: [Full GC (Ergonomics) [PSYoungGen: 134144K->129684K(153600K)] [ParOldGen: 349375K->349375K(349696K)] 483519K->479059K(503296K), [Metaspace: 80416K->80416K(1120256K)], 0.3933120 secs] [Times: user=2.23 sys=0.01, real=0.39 secs] 
1539.955: [Full GC (Ergonomics) [PSYoungGen: 134144K->129703K(153600K)] [ParOldGen: 349375K->349375K(349696K)] 483519K->479079K(503296K), [Metaspace: 80416K->80409K(1120256K)], 0.3785533 secs] [Times: user=2.15 sys=0.01, real=0.37 secs] 
1540.335: [Full GC (Ergonomics) [PSYoungGen: 134144K->129686K(153600K)] [ParOldGen: 349375K->349375K(349696K)] 483519K->479061K(503296K), [Metaspace: 80409K->80409K(1120256K)], 0.3735941 secs] [Times: user=2.28 sys=0.00, real=0.37 secs] 
1540.710: [Full GC (Ergonomics) [PSYoungGen: 134144K->129706K(153600K)] [ParOldGen: 349375K->349375K(349696K)] 483519K->479081K(503296K), [Metaspace: 80413K->80413K(1120256K)], 0.3596699 secs] [Times: user=2.18 sys=0.01, real=0.36 secs] 
1541.072: [Full GC (Ergonomics) [PSYoungGen: 134144K->129688K(153600K)] [ParOldGen: 349375K->349375K(349696K)] 483519K->479063K(503296K), [Metaspace: 80413K->80413K(1120256K)], 0.3923214 secs] [Times: user=2.30 sys=0.01, real=0.39 secs] 
1541.466: [Full GC (Ergonomics) [PSYoungGen: 134144K->129700K(153600K)] [ParOldGen: 349375K->349375K(349696K)] 483519K->479075K(503296K), [Metaspace: 80413K->80413K(1120256K)], 0.3652103 secs] [Times: user=2.23 sys=0.00, real=0.36 secs] 
1541.833: [Full GC (Ergonomics) [PSYoungGen: 134144K->129691K(153600K)] [ParOldGen: 349375K->349375K(349696K)] 483519K->479066K(503296K), [Metaspace: 80413K->80413K(1120256K)], 0.3636797 secs] [Times: user=2.17 sys=0.01, real=0.37 secs] 
1542.198: [Full GC (Ergonomics) [PSYoungGen: 134144K->129692K(153600K)] [ParOldGen: 349375K->349375K(349696K)] 483519K->479067K(503296K), [Metaspace: 80413K->80413K(1120256K)], 0.3890405 secs] [Times: user=2.15 sys=0.01, real=0.39 secs] 
1542.589: [Full GC (Ergonomics) [PSYoungGen: 134144K->129691K(153600K)] [ParOldGen: 349375K->349375K(349696K)] 483519K->479066K(503296K), [Metaspace: 80416K->80416K(1120256K)], 0.4051854 secs] [Times: user=2.22 sys=0.01, real=0.40 secs] 
1542.996: [Full GC (Ergonomics) [PSYoungGen: 134144K->129712K(153600K)] [ParOldGen: 349375K->349375K(349696K)] 483519K->479087K(503296K), [Metaspace: 80417K->80417K(1120256K)], 0.4045482 secs] [Times: user=2.20 sys=0.00, real=0.40 secs] 
1543.403: [Full GC (Ergonomics) [PSYoungGen: 134144K->129698K(153600K)] [ParOldGen: 349375K->349375K(349696K)] 483519K->479073K(503296K), [Metaspace: 80417K->80417K(1120256K)], 0.4126753 secs] [Times: user=2.20 sys=0.01, real=0.41 secs] 
1543.817: [Full GC (Ergonomics) [PSYoungGen: 134144K->129697K(153600K)] [ParOldGen: 349375K->349375K(349696K)] 483519K->479072K(503296K), [Metaspace: 80417K->80417K(1120256K)], 0.3868175 secs] [Times: user=2.12 sys=0.00, real=0.38 secs] 
1544.206: [Full GC (Ergonomics) [PSYoungGen: 134144K->129696K(153600K)] [ParOldGen: 349375K->349375K(349696K)] 483519K->479071K(503296K), [Metaspace: 80417K->80417K(1120256K)], 0.4098470 secs] [Times: user=2.18 sys=0.01, real=0.41 secs] 
1544.620: [Full GC (Ergonomics) [PSYoungGen: 134144K->129691K(153600K)] [ParOldGen: 349375K->349375K(349696K)] 483519K->479067K(503296K), [Metaspace: 80418K->80418K(1120256K)], 0.3956920 secs] [Times: user=2.14 sys=0.00, real=0.40 secs] 
1545.019: [Full GC (Ergonomics) [PSYoungGen: 134144K->129694K(153600K)] [ParOldGen: 349375K->349375K(349696K)] 483519K->479069K(503296K), [Metaspace: 80419K->80419K(1120256K)], 0.4105957 secs] [Times: user=2.13 sys=0.01, real=0.41 secs] 
1545.431: [Full GC (Ergonomics) [PSYoungGen: 134144K->129693K(153600K)] [ParOldGen: 349375K->349375K(349696K)] 483519K->479068K(503296K), [Metaspace: 80419K->80419K(1120256K)], 0.3846551 secs] [Times: user=2.25 sys=0.01, real=0.39 secs] 
1545.817: [Full GC (Ergonomics) [PSYoungGen: 134144K->129689K(153600K)] [ParOldGen: 349375K->349375K(349696K)] 483519K->479065K(503296K), [Metaspace: 80419K->80410K(1120256K)], 0.5029476 secs] [Times: user=2.33 sys=0.00, real=0.50 secs] 
1546.323: [Full GC (Ergonomics) [PSYoungGen: 134144K->129689K(153600K)] [ParOldGen: 349375K->349375K(349696K)] 483519K->479064K(503296K), [Metaspace: 80410K->80410K(1120256K)], 0.4540321 secs] [Times: user=2.22 sys=0.01, real=0.46 secs] 
1546.779: [Full GC (Ergonomics) [PSYoungGen: 134144K->129691K(153600K)] [ParOldGen: 349375K->349375K(349696K)] 483519K->479066K(503296K), [Metaspace: 80413K->80413K(1120256K)], 0.3792019 secs] [Times: user=2.14 sys=0.00, real=0.38 secs] 
1547.161: [Full GC (Ergonomics) [PSYoungGen: 134144K->129692K(153600K)] [ParOldGen: 349375K->349375K(349696K)] 483519K->479068K(503296K), [Metaspace: 80413K->80413K(1120256K)], 0.3887127 secs] [Times: user=2.23 sys=0.01, real=0.39 secs] 
1547.554: [Full GC (Ergonomics) [PSYoungGen: 134144K->129694K(153600K)] [ParOldGen: 349375K->349375K(349696K)] 483519K->479069K(503296K), [Metaspace: 80425K->80425K(1120256K)], 0.4048876 secs] [Times: user=2.16 sys=0.01, real=0.41 secs] 
1547.961: [Full GC (Ergonomics) [PSYoungGen: 134144K->129712K(153600K)] [ParOldGen: 349375K->349375K(349696K)] 483519K->479087K(503296K), [Metaspace: 80427K->80427K(1120256K)], 0.7598393 secs] [Times: user=4.23 sys=0.00, real=0.76 secs] 
1548.723: [Full GC (Ergonomics) [PSYoungGen: 134144K->129714K(153600K)] [ParOldGen: 349375K->349375K(349696K)] 483519K->479089K(503296K), [Metaspace: 80433K->80433K(1120256K)], 0.3854121 secs] [Times: user=2.25 sys=0.01, real=0.39 secs] 
1549.111: [Full GC (Ergonomics) [PSYoungGen: 134144K->129733K(153600K)] [ParOldGen: 349375K->349375K(349696K)] 483519K->479108K(503296K), [Metaspace: 80433K->80433K(1120256K)], 0.4018276 secs] [Times: user=2.16 sys=0.00, real=0.40 secs] 
1549.514: [Full GC (Ergonomics) [PSYoungGen: 134144K->129697K(153600K)] [ParOldGen: 349375K->349375K(349696K)] 483519K->479072K(503296K), [Metaspace: 80433K->80433K(1120256K)], 0.3635450 secs] [Times: user=2.17 sys=0.01, real=0.37 secs] 
1549.880: [Full GC (Ergonomics) [PSYoungGen: 134144K->129716K(153600K)] [ParOldGen: 349375K->349375K(349696K)] 483519K->479091K(503296K), [Metaspace: 80433K->80433K(1120256K)], 0.3568320 secs] [Times: user=2.14 sys=0.00, real=0.36 secs] 
1550.239: [Full GC (Ergonomics) [PSYoungGen: 134144K->129709K(153600K)] [ParOldGen: 349375K->349375K(349696K)] 483519K->479084K(503296K), [Metaspace: 80433K->80433K(1120256K)], 0.3599290 secs] [Times: user=2.15 sys=0.01, real=0.36 secs] 
1550.601: [Full GC (Ergonomics) [PSYoungGen: 134144K->129703K(153600K)] [ParOldGen: 349375K->349375K(349696K)] 483519K->479078K(503296K), [Metaspace: 80435K->80425K(1120256K)], 0.3784192 secs] [Times: user=2.29 sys=0.00, real=0.38 secs] 
1550.981: [Full GC (Ergonomics) [PSYoungGen: 134144K->129703K(153600K)] [ParOldGen: 349375K->349375K(349696K)] 483519K->479078K(503296K), [Metaspace: 80428K->80428K(1120256K)], 0.4129038 secs] [Times: user=2.29 sys=0.01, real=0.41 secs] 
1551.396: [Full GC (Ergonomics) [PSYoungGen: 134144K->129702K(153600K)] [ParOldGen: 349375K->349375K(349696K)] 483519K->479077K(503296K), [Metaspace: 80429K->80429K(1120256K)], 0.4440990 secs] [Times: user=2.26 sys=0.00, real=0.45 secs] 
1551.842: [Full GC (Ergonomics) [PSYoungGen: 134144K->129721K(153600K)] [ParOldGen: 349375K->349375K(349696K)] 483519K->479097K(503296K), [Metaspace: 80429K->80429K(1120256K)], 0.4010064 secs] [Times: user=2.21 sys=0.01, real=0.40 secs] 
1552.245: [Full GC (Ergonomics) [PSYoungGen: 134144K->129721K(153600K)] [ParOldGen: 349375K->349375K(349696K)] 483519K->479096K(503296K), [Metaspace: 80429K->80429K(1120256K)], 0.3886156 secs] [Times: user=2.23 sys=0.00, real=0.39 secs] 
1552.635: [Full GC (Ergonomics) [PSYoungGen: 134144K->129717K(153600K)] [ParOldGen: 349375K->349375K(349696K)] 483519K->479092K(503296K), [Metaspace: 80429K->80429K(1120256K)], 0.3654738 secs] [Times: user=2.17 sys=0.01, real=0.37 secs] 
1553.004: [Full GC (Ergonomics) [PSYoungGen: 134144K->129720K(153600K)] [ParOldGen: 349375K->349375K(349696K)] 483519K->479096K(503296K), [Metaspace: 80433K->80433K(1120256K)], 0.3645977 secs] [Times: user=2.19 sys=0.00, real=0.37 secs] 
1553.371: [Full GC (Ergonomics) [PSYoungGen: 134144K->129713K(153600K)] [ParOldGen: 349375K->349375K(349696K)] 483519K->479088K(503296K), [Metaspace: 80433K->80433K(1120256K)], 0.3569162 secs] [Times: user=2.15 sys=0.00, real=0.36 secs] 
1553.730: [Full GC (Ergonomics) [PSYoungGen: 134144K->129708K(153600K)] [ParOldGen: 349375K->349375K(349696K)] 483519K->479083K(503296K), [Metaspace: 80433K->80433K(1120256K)], 0.3557797 secs] [Times: user=2.18 sys=0.01, real=0.35 secs] 
1554.087: [Full GC (Ergonomics) [PSYoungGen: 134144K->129712K(153600K)] [ParOldGen: 349375K->349375K(349696K)] 483519K->479088K(503296K), [Metaspace: 80433K->80433K(1120256K)], 0.3631630 secs] [Times: user=2.15 sys=0.00, real=0.36 secs] 
1554.452: [Full GC (Ergonomics) [PSYoungGen: 134144K->129732K(153600K)] [ParOldGen: 349375K->349375K(349696K)] 483519K->479107K(503296K), [Metaspace: 80433K->80433K(1120256K)], 0.3708853 secs] [Times: user=2.25 sys=0.01, real=0.37 secs] 
1554.826: [Full GC (Ergonomics) [PSYoungGen: 134144K->129705K(153600K)] [ParOldGen: 349375K->349375K(349696K)] 483519K->479080K(503296K), [Metaspace: 80435K->80426K(1120256K)], 0.3894127 secs] [Times: user=2.24 sys=0.01, real=0.39 secs] 
1555.217: [Full GC (Ergonomics) [PSYoungGen: 134144K->129707K(153600K)] [ParOldGen: 349375K->349375K(349696K)] 483519K->479082K(503296K), [Metaspace: 80429K->80429K(1120256K)], 0.3704781 secs] [Times: user=2.25 sys=0.01, real=0.37 secs] 
1555.589: [Full GC (Ergonomics) [PSYoungGen: 134144K->129704K(153600K)] [ParOldGen: 349375K->349375K(349696K)] 483519K->479079K(503296K), [Metaspace: 80430K->80430K(1120256K)], 0.3540425 secs] [Times: user=2.12 sys=0.00, real=0.35 secs] 
1555.945: [Full GC (Ergonomics) [PSYoungGen: 134144K->129707K(153600K)] [ParOldGen: 349375K->349375K(349696K)] 483519K->479083K(503296K), [Metaspace: 80430K->80430K(1120256K)], 0.3470875 secs] [Times: user=2.18 sys=0.00, real=0.35 secs] 
1556.294: [Full GC (Ergonomics) [PSYoungGen: 134144K->129715K(153600K)] [ParOldGen: 349375K->349375K(349696K)] 483519K->479091K(503296K), [Metaspace: 80430K->80430K(1120256K)], 0.4856874 secs] [Times: user=2.27 sys=0.02, real=0.49 secs] 
1556.782: [Full GC (Ergonomics) [PSYoungGen: 134144K->129712K(153600K)] [ParOldGen: 349375K->349375K(349696K)] 483519K->479087K(503296K), [Metaspace: 80430K->80430K(1120256K)], 0.4959125 secs] [Times: user=2.23 sys=0.12, real=0.50 secs] 
1557.280: [Full GC (Ergonomics) [PSYoungGen: 134144K->129730K(153600K)] [ParOldGen: 349375K->349375K(349696K)] 483519K->479105K(503296K), [Metaspace: 80430K->80430K(1120256K)], 0.3849365 secs] [Times: user=2.14 sys=0.07, real=0.38 secs] 
1557.666: [Full GC (Ergonomics) [PSYoungGen: 134144K->129729K(153600K)] [ParOldGen: 349375K->349375K(349696K)] 483519K->479104K(503296K), [Metaspace: 80430K->80430K(1120256K)], 0.4143325 secs] [Times: user=2.18 sys=0.09, real=0.42 secs] 
1558.083: [Full GC (Ergonomics) [PSYoungGen: 134144K->129709K(153600K)] [ParOldGen: 349375K->349375K(349696K)] 483519K->479084K(503296K), [Metaspace: 80433K->80433K(1120256K)], 0.3838449 secs] [Times: user=2.17 sys=0.08, real=0.38 secs] 
1558.468: [Full GC (Ergonomics) [PSYoungGen: 134144K->129721K(153600K)] [ParOldGen: 349375K->349375K(349696K)] 483519K->479096K(503296K), [Metaspace: 80433K->80433K(1120256K)], 0.3679370 secs] [Times: user=2.15 sys=0.09, real=0.36 secs] 
1558.840: [Full GC (Ergonomics) [PSYoungGen: 134144K->129718K(153600K)] [ParOldGen: 349375K->349375K(349696K)] 483519K->479093K(503296K), [Metaspace: 80434K->80434K(1120256K)], 0.3724571 secs] [Times: user=2.19 sys=0.11, real=0.37 secs] 
1559.214: [Full GC (Ergonomics) [PSYoungGen: 134144K->129711K(153600K)] [ParOldGen: 349375K->349375K(349696K)] 483519K->479087K(503296K), [Metaspace: 80434K->80434K(1120256K)], 0.4194237 secs] [Times: user=2.24 sys=0.09, real=0.42 secs] 
1559.637: [Full GC (Ergonomics) [PSYoungGen: 134144K->129705K(153600K)] [ParOldGen: 349375K->349375K(349696K)] 483519K->479081K(503296K), [Metaspace: 80434K->80426K(1120256K)], 0.5250969 secs] [Times: user=2.34 sys=0.09, real=0.53 secs] 
1560.164: [Full GC (Ergonomics) [PSYoungGen: 134144K->129725K(153600K)] [ParOldGen: 349375K->349375K(349696K)] 483519K->479100K(503296K), [Metaspace: 80430K->80430K(1120256K)], 0.5001577 secs] [Times: user=2.25 sys=0.17, real=0.50 secs] 
1560.666: [Full GC (Ergonomics) [PSYoungGen: 134144K->129725K(153600K)] [ParOldGen: 349375K->349375K(349696K)] 483519K->479100K(503296K), [Metaspace: 80430K->80430K(1120256K)], 0.4817110 secs] [Times: user=2.86 sys=0.11, real=0.49 secs] 
1561.149: [Full GC (Ergonomics) [PSYoungGen: 134144K->129731K(153600K)] [ParOldGen: 349375K->349375K(349696K)] 483519K->479106K(503296K), [Metaspace: 80430K->80430K(1120256K)], 0.3961124 secs] [Times: user=2.14 sys=0.07, real=0.39 secs] 
1561.549: [Full GC (Ergonomics) [PSYoungGen: 134144K->129739K(153600K)] [ParOldGen: 349375K->349375K(349696K)] 483519K->479114K(503296K), [Metaspace: 80434K->80434K(1120256K)], 0.3938599 secs] [Times: user=2.20 sys=0.09, real=0.39 secs] 
1561.945: [Full GC (Ergonomics) [PSYoungGen: 134144K->129724K(153600K)] [ParOldGen: 349375K->349375K(349696K)] 483519K->479099K(503296K), [Metaspace: 80434K->80434K(1120256K)], 0.4287562 secs] [Times: user=2.20 sys=0.08, real=0.43 secs] 
1562.376: [Full GC (Ergonomics) [PSYoungGen: 134144K->129738K(153600K)] [ParOldGen: 349375K->349375K(349696K)] 483519K->479113K(503296K), [Metaspace: 80434K->80434K(1120256K)], 0.4009564 secs] [Times: user=2.23 sys=0.06, real=0.40 secs] 
1562.778: [Full GC (Ergonomics) [PSYoungGen: 134144K->129741K(153600K)] [ParOldGen: 349375K->349375K(349696K)] 483519K->479116K(503296K), [Metaspace: 80434K->80434K(1120256K)], 0.3848616 secs] [Times: user=2.23 sys=0.08, real=0.38 secs] 
1563.165: [Full GC (Ergonomics) [PSYoungGen: 134144K->129723K(153600K)] [ParOldGen: 349375K->349375K(349696K)] 483519K->479098K(503296K), [Metaspace: 80436K->80436K(1120256K)], 0.3709715 secs] [Times: user=2.16 sys=0.09, real=0.37 secs] 
1563.540: [Full GC (Ergonomics) [PSYoungGen: 134144K->129717K(153600K)] [ParOldGen: 349375K->349375K(349696K)] 483519K->479092K(503296K), [Metaspace: 80436K->80426K(1120256K)], 0.4009785 secs] [Times: user=2.21 sys=0.08, real=0.40 secs] 
1563.942: [Full GC (Ergonomics) [PSYoungGen: 134144K->129728K(153600K)] [ParOldGen: 349375K->349375K(349696K)] 483519K->479104K(503296K), [Metaspace: 80430K->80430K(1120256K)], 0.3874831 secs] [Times: user=2.13 sys=0.08, real=0.39 secs] 
1564.332: [Full GC (Ergonomics) [PSYoungGen: 134144K->129723K(153600K)] [ParOldGen: 349375K->349375K(349696K)] 483519K->479098K(503296K), [Metaspace: 80430K->80430K(1120256K)], 0.4327011 secs] [Times: user=2.39 sys=0.12, real=0.43 secs] 
1564.767: [Full GC (Ergonomics) [PSYoungGen: 134143K->129723K(153600K)] [ParOldGen: 349375K->349375K(349696K)] 483518K->479099K(503296K), [Metaspace: 80430K->80430K(1120256K)], 0.4314686 secs] [Times: user=2.18 sys=0.08, real=0.43 secs] 
1565.200: [Full GC (Ergonomics) [PSYoungGen: 134144K->129754K(153600K)] [ParOldGen: 349375K->349375K(349696K)] 483519K->479129K(503296K), [Metaspace: 80430K->80430K(1120256K)], 0.4396581 secs] [Times: user=2.13 sys=0.07, real=0.44 secs] 
1565.641: [Full GC (Ergonomics) [PSYoungGen: 134144K->129753K(153600K)] [ParOldGen: 349375K->349375K(349696K)] 483519K->479128K(503296K), [Metaspace: 80430K->80430K(1120256K)], 0.4782821 secs] [Times: user=2.27 sys=0.07, real=0.48 secs] 
1566.122: [Full GC (Ergonomics) [PSYoungGen: 134144K->129737K(153600K)] [ParOldGen: 349375K->349375K(349696K)] 483519K->479112K(503296K), [Metaspace: 80430K->80430K(1120256K)], 0.4057800 secs] [Times: user=2.17 sys=0.10, real=0.40 secs] 
1566.529: [Full GC (Ergonomics) [PSYoungGen: 134144K->129728K(153600K)] [ParOldGen: 349375K->349375K(349696K)] 483519K->479103K(503296K), [Metaspace: 80430K->80430K(1120256K)], 0.4997571 secs] [Times: user=2.68 sys=0.11, real=0.50 secs] 
1567.031: [Full GC (Ergonomics) [PSYoungGen: 134144K->129728K(153600K)] [ParOldGen: 349375K->349375K(349696K)] 483519K->479103K(503296K), [Metaspace: 80430K->80430K(1120256K)], 0.4537506 secs] [Times: user=2.29 sys=0.06, real=0.45 secs] 
1567.489: [Full GC (Ergonomics) [PSYoungGen: 134144K->129724K(153600K)] [ParOldGen: 349375K->349375K(349696K)] 483519K->479100K(503296K), [Metaspace: 80434K->80434K(1120256K)], 0.4424466 secs] [Times: user=2.36 sys=0.09, real=0.44 secs] 
1567.935: [Full GC (Ergonomics) [PSYoungGen: 134142K->130668K(153600K)] [ParOldGen: 349375K->349375K(349696K)] 483517K->480043K(503296K), [Metaspace: 80434K->80434K(1120256K)], 0.4767581 secs] [Times: user=2.33 sys=0.07, real=0.48 secs] 
1568.415: [Full GC (Ergonomics) [PSYoungGen: 134142K->129723K(153600K)] [ParOldGen: 349375K->349375K(349696K)] 483518K->479098K(503296K), [Metaspace: 80434K->80426K(1120256K)], 0.3990996 secs] [Times: user=2.23 sys=0.08, real=0.40 secs] 
1568.817: [Full GC (Ergonomics) [PSYoungGen: 134144K->129742K(153600K)] [ParOldGen: 349375K->349375K(349696K)] 483519K->479117K(503296K), [Metaspace: 80426K->80426K(1120256K)], 0.4027847 secs] [Times: user=2.15 sys=0.10, real=0.41 secs] 
1569.223: [Full GC (Ergonomics) [PSYoungGen: 134144K->129759K(153600K)] [ParOldGen: 349375K->349375K(349696K)] 483519K->479134K(503296K), [Metaspace: 80430K->80430K(1120256K)], 0.3886389 secs] [Times: user=2.19 sys=0.06, real=0.39 secs] 
1569.613: [Full GC (Ergonomics) [PSYoungGen: 134144K->129789K(153600K)] [ParOldGen: 349375K->349375K(349696K)] 483519K->479164K(503296K), [Metaspace: 80431K->80431K(1120256K)], 0.3619906 secs] [Times: user=2.14 sys=0.08, real=0.36 secs] 
1569.977: [Full GC (Ergonomics) [PSYoungGen: 134144K->129817K(153600K)] [ParOldGen: 349375K->349375K(349696K)] 483519K->479193K(503296K), [Metaspace: 80431K->80431K(1120256K)], 0.3826588 secs] [Times: user=2.23 sys=0.10, real=0.39 secs] 
1570.362: [Full GC (Ergonomics) [PSYoungGen: 134144K->129926K(153600K)] [ParOldGen: 349375K->349375K(349696K)] 483519K->479301K(503296K), [Metaspace: 80435K->80435K(1120256K)], 0.3884785 secs] [Times: user=2.25 sys=0.08, real=0.39 secs] 
1570.753: [Full GC (Ergonomics) [PSYoungGen: 134144K->130895K(153600K)] [ParOldGen: 349375K->349375K(349696K)] 483519K->480270K(503296K), [Metaspace: 80435K->80435K(1120256K)], 0.3686873 secs] [Times: user=2.17 sys=0.09, real=0.37 secs] 
1571.124: [Full GC (Ergonomics) [PSYoungGen: 134144K->129957K(153600K)] [ParOldGen: 349375K->349375K(349696K)] 483519K->479332K(503296K), [Metaspace: 80435K->80435K(1120256K)], 0.3712671 secs] [Times: user=2.21 sys=0.08, real=0.37 secs] 
1571.499: [Full GC (Ergonomics) [PSYoungGen: 134144K->128476K(153600K)] [ParOldGen: 349375K->349375K(349696K)] 483519K->477852K(503296K), [Metaspace: 80436K->80427K(1120256K)], 0.3849672 secs] [Times: user=2.19 sys=0.07, real=0.39 secs] 
1571.894: [Full GC (Ergonomics) [PSYoungGen: 134144K->128426K(153600K)] [ParOldGen: 349375K->349375K(349696K)] 483519K->477801K(503296K), [Metaspace: 80440K->80427K(1120256K)], 0.3754580 secs] [Times: user=2.18 sys=0.08, real=0.37 secs] 
1572.279: [Full GC (Ergonomics) [PSYoungGen: 132194K->128453K(153600K)] [ParOldGen: 349375K->349375K(349696K)] 481569K->477828K(503296K), [Metaspace: 80454K->80021K(1120256K)], 0.4551441 secs] [Times: user=2.26 sys=0.10, real=0.46 secs] 
1572.743: [Full GC (Ergonomics) [PSYoungGen: 134144K->128684K(153600K)] [ParOldGen: 349375K->349375K(349696K)] 483519K->478059K(503296K), [Metaspace: 80033K->80033K(1120256K)], 0.3782381 secs] [Times: user=2.26 sys=0.10, real=0.38 secs] 
1573.141: [Full GC (Ergonomics) [PSYoungGen: 134144K->128781K(153600K)] [ParOldGen: 349375K->349375K(349696K)] 483519K->478156K(503296K), [Metaspace: 80126K->80068K(1120256K)], 0.4784814 secs] [Times: user=2.77 sys=0.09, real=0.48 secs] 
1573.631: [Full GC (Ergonomics) [PSYoungGen: 134143K->129803K(153600K)] [ParOldGen: 349375K->349375K(349696K)] 483518K->479178K(503296K), [Metaspace: 80084K->80036K(1120256K)], 0.4398039 secs] [Times: user=2.47 sys=0.10, real=0.44 secs] 
1574.078: [Full GC (Ergonomics) [PSYoungGen: 134144K->126732K(153600K)] [ParOldGen: 349375K->349375K(349696K)] 483519K->476107K(503296K), [Metaspace: 80061K->80061K(1120256K)], 0.3717620 secs] [Times: user=2.21 sys=0.11, real=0.37 secs] 
1574.455: [Full GC (Ergonomics) [PSYoungGen: 134144K->126753K(153600K)] [ParOldGen: 349375K->349375K(349696K)] 483519K->476128K(503296K), [Metaspace: 80091K->80091K(1120256K)], 0.3839742 secs] [Times: user=2.26 sys=0.07, real=0.38 secs] 
1574.844: [Full GC (Ergonomics) [PSYoungGen: 134144K->126786K(153600K)] [ParOldGen: 349375K->349375K(349696K)] 483519K->476161K(503296K), [Metaspace: 80099K->80099K(1120256K)], 0.3673998 secs] [Times: user=2.15 sys=0.09, real=0.37 secs] 
1575.216: [Full GC (Ergonomics) [PSYoungGen: 134144K->126837K(153600K)] [ParOldGen: 349375K->349375K(349696K)] 483519K->476213K(503296K), [Metaspace: 80127K->80090K(1120256K)], 0.4207558 secs] [Times: user=2.22 sys=0.09, real=0.42 secs] 
1575.640: [Full GC (Ergonomics) [PSYoungGen: 134144K->127659K(153600K)] [ParOldGen: 349375K->349375K(349696K)] 483519K->477034K(503296K), [Metaspace: 80094K->80094K(1120256K)], 0.3817526 secs] [Times: user=2.18 sys=0.09, real=0.38 secs] 
1576.026: [Full GC (Ergonomics) [PSYoungGen: 134144K->128722K(153600K)] [ParOldGen: 349375K->349375K(349696K)] 483519K->478098K(503296K), [Metaspace: 80101K->80052K(1120256K)], 0.3804101 secs] [Times: user=2.17 sys=0.10, real=0.38 secs] 
1576.411: [Full GC (Ergonomics) [PSYoungGen: 134144K->125791K(153600K)] [ParOldGen: 349375K->349375K(349696K)] 483519K->475166K(503296K), [Metaspace: 80068K->80068K(1120256K)], 0.3804939 secs] [Times: user=2.15 sys=0.09, real=0.38 secs] 
1576.795: [Full GC (Ergonomics) [PSYoungGen: 134144K->125797K(153600K)] [ParOldGen: 349375K->349375K(349696K)] 483519K->475172K(503296K), [Metaspace: 80083K->80083K(1120256K)], 0.3861470 secs] [Times: user=2.22 sys=0.07, real=0.39 secs] 
1577.185: [Full GC (Ergonomics) [PSYoungGen: 134144K->125808K(153600K)] [ParOldGen: 349375K->349375K(349696K)] 483519K->475183K(503296K), [Metaspace: 80095K->80095K(1120256K)], 0.4103884 secs] [Times: user=2.31 sys=0.08, real=0.41 secs] 
1577.599: [Full GC (Ergonomics) [PSYoungGen: 134144K->125820K(153600K)] [ParOldGen: 349375K->349375K(349696K)] 483519K->475195K(503296K), [Metaspace: 80107K->80107K(1120256K)], 0.3920737 secs] [Times: user=2.34 sys=0.06, real=0.40 secs] 
1578.003: [Full GC (Ergonomics) [PSYoungGen: 134144K->125825K(153600K)] [ParOldGen: 349375K->349375K(349696K)] 483519K->475201K(503296K), [Metaspace: 80121K->80121K(1120256K)], 0.4533699 secs] [Times: user=2.60 sys=0.11, real=0.45 secs] 
1578.460: [Full GC (Ergonomics) [PSYoungGen: 134144K->125849K(153600K)] [ParOldGen: 349375K->349375K(349696K)] 483519K->475224K(503296K), [Metaspace: 80128K->80128K(1120256K)], 0.4319824 secs] [Times: user=2.37 sys=0.11, real=0.44 secs] 
1578.895: [Full GC (Ergonomics) [PSYoungGen: 134144K->125848K(153600K)] [ParOldGen: 349375K->349375K(349696K)] 483519K->475223K(503296K), [Metaspace: 80140K->80140K(1120256K)], 0.3626816 secs] [Times: user=2.18 sys=0.07, real=0.36 secs] 
1579.261: [Full GC (Ergonomics) [PSYoungGen: 134144K->125920K(153600K)] [ParOldGen: 349375K->349375K(349696K)] 483519K->475295K(503296K), [Metaspace: 80152K->80152K(1120256K)], 0.3784737 secs] [Times: user=2.17 sys=0.09, real=0.37 secs] 
1579.643: [Full GC (Ergonomics) [PSYoungGen: 134144K->125925K(153600K)] [ParOldGen: 349375K->349375K(349696K)] 483519K->475300K(503296K), [Metaspace: 80154K->80154K(1120256K)], 0.3921760 secs] [Times: user=2.22 sys=0.08, real=0.39 secs] 
1580.039: [Full GC (Ergonomics) [PSYoungGen: 134144K->125971K(153600K)] [ParOldGen: 349375K->349375K(349696K)] 483519K->475346K(503296K), [Metaspace: 80159K->80159K(1120256K)], 0.3763684 secs] [Times: user=2.28 sys=0.08, real=0.38 secs] 
1580.419: [Full GC (Ergonomics) [PSYoungGen: 134144K->125965K(153600K)] [ParOldGen: 349375K->349375K(349696K)] 483519K->475340K(503296K), [Metaspace: 80163K->80163K(1120256K)], 0.3929524 secs] [Times: user=2.18 sys=0.09, real=0.40 secs] 
1580.815: [Full GC (Ergonomics) [PSYoungGen: 134144K->126012K(153600K)] [ParOldGen: 349375K->349375K(349696K)] 483519K->475387K(503296K), [Metaspace: 80163K->80163K(1120256K)], 0.3619637 secs] [Times: user=2.19 sys=0.09, real=0.36 secs] 
1581.181: [Full GC (Ergonomics) [PSYoungGen: 134144K->126047K(153600K)] [ParOldGen: 349375K->349375K(349696K)] 483519K->475422K(503296K), [Metaspace: 80167K->80167K(1120256K)], 0.3946989 secs] [Times: user=2.28 sys=0.09, real=0.40 secs] 
1581.579: [Full GC (Ergonomics) [PSYoungGen: 134144K->125971K(153600K)] [ParOldGen: 349375K->349375K(349696K)] 483519K->475346K(503296K), [Metaspace: 80181K->80181K(1120256K)], 0.4265181 secs] [Times: user=2.25 sys=0.10, real=0.43 secs] 
1582.009: [Full GC (Ergonomics) [PSYoungGen: 134144K->125989K(153600K)] [ParOldGen: 349375K->349375K(349696K)] 483519K->475364K(503296K), [Metaspace: 80197K->80197K(1120256K)], 0.3807464 secs] [Times: user=2.16 sys=0.09, real=0.38 secs] 
1582.393: [Full GC (Ergonomics) [PSYoungGen: 134144K->125991K(153600K)] [ParOldGen: 349375K->349375K(349696K)] 483519K->475366K(503296K), [Metaspace: 80200K->80200K(1120256K)], 0.4278648 secs] [Times: user=2.19 sys=0.10, real=0.43 secs] 
1582.827: [Full GC (Ergonomics) [PSYoungGen: 134144K->126017K(153600K)] [ParOldGen: 349375K->349375K(349696K)] 483519K->475393K(503296K), [Metaspace: 80215K->80215K(1120256K)], 0.3732395 secs] [Times: user=2.20 sys=0.08, real=0.37 secs] 
1583.203: [Full GC (Ergonomics) [PSYoungGen: 134144K->126029K(153600K)] [ParOldGen: 349375K->349375K(349696K)] 483519K->475404K(503296K), [Metaspace: 80225K->80225K(1120256K)], 0.4014972 secs] [Times: user=2.26 sys=0.08, real=0.40 secs] 
1583.608: [Full GC (Ergonomics) [PSYoungGen: 134144K->126036K(153600K)] [ParOldGen: 349375K->349375K(349696K)] 483519K->475411K(503296K), [Metaspace: 80230K->80230K(1120256K)], 0.3857344 secs] [Times: user=2.16 sys=0.10, real=0.39 secs] 
1583.998: [Full GC (Ergonomics) [PSYoungGen: 134142K->126035K(153600K)] [ParOldGen: 349375K->349375K(349696K)] 483517K->475410K(503296K), [Metaspace: 80240K->80240K(1120256K)], 0.3856231 secs] [Times: user=2.23 sys=0.07, real=0.39 secs] 
1584.386: [Full GC (Ergonomics) [PSYoungGen: 134144K->126053K(153600K)] [ParOldGen: 349375K->349375K(349696K)] 483519K->475428K(503296K), [Metaspace: 80251K->80249K(1120256K)], 0.3959907 secs] [Times: user=2.25 sys=0.09, real=0.40 secs] 
1584.786: [Full GC (Ergonomics) [PSYoungGen: 134144K->126035K(153600K)] [ParOldGen: 349375K->349375K(349696K)] 483519K->475410K(503296K), [Metaspace: 80249K->80249K(1120256K)], 0.4431377 secs] [Times: user=2.25 sys=0.04, real=0.44 secs] 
1585.233: [Full GC (Ergonomics) [PSYoungGen: 134144K->126061K(153600K)] [ParOldGen: 349375K->349375K(349696K)] 483519K->475436K(503296K), [Metaspace: 80256K->80256K(1120256K)], 0.3776056 secs] [Times: user=2.17 sys=0.06, real=0.37 secs] 
1585.614: [Full GC (Ergonomics) [PSYoungGen: 134144K->126068K(153600K)] [ParOldGen: 349375K->349375K(349696K)] 483519K->475443K(503296K), [Metaspace: 80265K->80265K(1120256K)], 0.4012498 secs] [Times: user=2.21 sys=0.09, real=0.40 secs] 
1586.020: [Full GC (Ergonomics) [PSYoungGen: 134144K->126078K(153600K)] [ParOldGen: 349375K->349375K(349696K)] 483519K->475453K(503296K), [Metaspace: 80269K->80269K(1120256K)], 0.3588943 secs] [Times: user=2.14 sys=0.06, real=0.36 secs] 
1586.382: [Full GC (Ergonomics) [PSYoungGen: 134144K->126064K(153600K)] [ParOldGen: 349375K->349375K(349696K)] 483519K->475440K(503296K), [Metaspace: 80269K->80269K(1120256K)], 0.3690987 secs] [Times: user=2.19 sys=0.09, real=0.36 secs] 
1586.755: [Full GC (Ergonomics) [PSYoungGen: 134144K->126076K(153600K)] [ParOldGen: 349375K->349375K(349696K)] 483519K->475451K(503296K), [Metaspace: 80277K->80277K(1120256K)], 0.4011494 secs] [Times: user=2.14 sys=0.06, real=0.40 secs] 
1587.159: [Full GC (Ergonomics) [PSYoungGen: 134144K->126079K(153600K)] [ParOldGen: 349375K->349375K(349696K)] 483519K->475454K(503296K), [Metaspace: 80284K->80284K(1120256K)], 0.4175732 secs] [Times: user=2.29 sys=0.07, real=0.42 secs] 
1587.580: [Full GC (Ergonomics) [PSYoungGen: 134144K->126086K(153600K)] [ParOldGen: 349375K->349375K(349696K)] 483519K->475461K(503296K), [Metaspace: 80289K->80289K(1120256K)], 0.3692662 secs] [Times: user=2.21 sys=0.07, real=0.37 secs] 
1587.953: [Full GC (Ergonomics) [PSYoungGen: 134144K->126094K(153600K)] [ParOldGen: 349375K->349375K(349696K)] 483519K->475470K(503296K), [Metaspace: 80295K->80295K(1120256K)], 0.3649617 secs] [Times: user=2.18 sys=0.03, real=0.36 secs] 
1588.321: [Full GC (Ergonomics) [PSYoungGen: 134144K->126095K(153600K)] [ParOldGen: 349375K->349375K(349696K)] 483519K->475470K(503296K), [Metaspace: 80305K->80305K(1120256K)], 0.3583051 secs] [Times: user=2.17 sys=0.06, real=0.36 secs] 
1588.683: [Full GC (Ergonomics) [PSYoungGen: 134144K->126108K(153600K)] [ParOldGen: 349375K->349375K(349696K)] 483519K->475483K(503296K), [Metaspace: 80312K->80312K(1120256K)], 0.3652857 secs] [Times: user=2.17 sys=0.02, real=0.36 secs] 
1589.051: [Full GC (Ergonomics) [PSYoungGen: 134144K->126137K(153600K)] [ParOldGen: 349375K->349375K(349696K)] 483519K->475512K(503296K), [Metaspace: 80315K->80315K(1120256K)], 0.3765519 secs] [Times: user=2.18 sys=0.01, real=0.38 secs] 
1589.431: [Full GC (Ergonomics) [PSYoungGen: 134144K->126146K(153600K)] [ParOldGen: 349375K->349375K(349696K)] 483519K->475521K(503296K), [Metaspace: 80320K->80320K(1120256K)], 0.3997167 secs] [Times: user=2.17 sys=0.01, real=0.40 secs] 
1589.834: [Full GC (Ergonomics) [PSYoungGen: 134144K->126146K(153600K)] [ParOldGen: 349375K->349375K(349696K)] 483519K->475521K(503296K), [Metaspace: 80323K->80323K(1120256K)], 0.3836015 secs] [Times: user=2.17 sys=0.01, real=0.38 secs] 
1590.221: [Full GC (Ergonomics) [PSYoungGen: 134144K->126165K(153600K)] [ParOldGen: 349375K->349375K(349696K)] 483519K->475540K(503296K), [Metaspace: 80327K->80327K(1120256K)], 0.4036925 secs] [Times: user=2.19 sys=0.01, real=0.41 secs] 
1590.628: [Full GC (Ergonomics) [PSYoungGen: 134144K->126166K(153600K)] [ParOldGen: 349375K->349375K(349696K)] 483519K->475541K(503296K), [Metaspace: 80332K->80332K(1120256K)], 0.3713771 secs] [Times: user=2.25 sys=0.01, real=0.37 secs] 
1591.004: [Full GC (Ergonomics) [PSYoungGen: 134144K->126179K(153600K)] [ParOldGen: 349375K->349375K(349696K)] 483519K->475554K(503296K), [Metaspace: 80338K->80338K(1120256K)], 0.3582365 secs] [Times: user=2.14 sys=0.00, real=0.35 secs] 
1591.365: [Full GC (Ergonomics) [PSYoungGen: 134144K->126211K(153600K)] [ParOldGen: 349375K->349375K(349696K)] 483519K->475586K(503296K), [Metaspace: 80353K->80353K(1120256K)], 0.9818644 secs] [Times: user=6.58 sys=0.04, real=0.98 secs] 
1592.350: [Full GC (Ergonomics) [PSYoungGen: 134144K->126237K(153600K)] [ParOldGen: 349375K->349375K(349696K)] 483519K->475612K(503296K), [Metaspace: 80358K->80358K(1120256K)], 0.3577584 secs] [Times: user=2.17 sys=0.00, real=0.36 secs] 
1592.711: [Full GC (Ergonomics) [PSYoungGen: 134144K->126227K(153600K)] [ParOldGen: 349375K->349374K(349696K)] 483519K->475602K(503296K), [Metaspace: 80383K->80383K(1120256K)], 0.9738009 secs] [Times: user=6.42 sys=0.03, real=0.98 secs] 
1593.688: [Full GC (Ergonomics) [PSYoungGen: 134144K->126233K(153600K)] [ParOldGen: 349374K->349374K(349696K)] 483518K->475608K(503296K), [Metaspace: 80401K->80401K(1120256K)], 0.3711896 secs] [Times: user=2.15 sys=0.00, real=0.37 secs] 
1594.063: [Full GC (Ergonomics) [PSYoungGen: 134144K->126242K(153600K)] [ParOldGen: 349374K->349374K(349696K)] 483518K->475617K(503296K), [Metaspace: 80426K->80426K(1120256K)], 0.3868658 secs] [Times: user=2.19 sys=0.01, real=0.38 secs] 
1594.455: [Full GC (Ergonomics) [PSYoungGen: 134144K->126257K(153600K)] [ParOldGen: 349374K->349374K(349696K)] 483518K->475632K(503296K), [Metaspace: 80462K->80462K(1120256K)], 0.3600519 secs] [Times: user=2.20 sys=0.00, real=0.36 secs] 
1594.818: [Full GC (Ergonomics) [PSYoungGen: 134144K->126249K(153600K)] [ParOldGen: 349374K->349374K(349696K)] 483518K->475624K(503296K), [Metaspace: 80467K->80467K(1120256K)], 0.3955774 secs] [Times: user=2.31 sys=0.01, real=0.40 secs] 
1595.217: [Full GC (Ergonomics) [PSYoungGen: 134144K->126268K(153600K)] [ParOldGen: 349374K->349374K(349696K)] 483518K->475643K(503296K), [Metaspace: 80494K->80494K(1120256K)], 0.3602877 secs] [Times: user=2.19 sys=0.01, real=0.36 secs] 
1595.582: [Full GC (Ergonomics) [PSYoungGen: 134144K->126256K(153600K)] [ParOldGen: 349374K->349374K(349696K)] 483518K->475631K(503296K), [Metaspace: 80500K->80500K(1120256K)], 0.4173709 secs] [Times: user=2.27 sys=0.00, real=0.42 secs] 
1596.002: [Full GC (Ergonomics) [PSYoungGen: 134144K->126264K(153600K)] [ParOldGen: 349374K->349374K(349696K)] 483518K->475639K(503296K), [Metaspace: 80514K->80514K(1120256K)], 0.3848209 secs] [Times: user=2.20 sys=0.00, real=0.39 secs] 
1596.390: [Full GC (Ergonomics) [PSYoungGen: 134144K->126271K(153600K)] [ParOldGen: 349374K->349374K(349696K)] 483518K->475646K(503296K), [Metaspace: 80526K->80526K(1120256K)], 0.4002519 secs] [Times: user=2.35 sys=0.00, real=0.40 secs] 
1596.794: [Full GC (Ergonomics) [PSYoungGen: 134144K->126286K(153600K)] [ParOldGen: 349374K->349374K(349696K)] 483518K->475661K(503296K), [Metaspace: 80533K->80533K(1120256K)], 0.3739069 secs] [Times: user=2.22 sys=0.01, real=0.37 secs] 
1597.171: [Full GC (Ergonomics) [PSYoungGen: 134144K->126372K(153600K)] [ParOldGen: 349374K->349374K(349696K)] 483518K->475747K(503296K), [Metaspace: 80542K->80542K(1120256K)], 0.3637090 secs] [Times: user=2.26 sys=0.00, real=0.37 secs] 
1597.538: [Full GC (Ergonomics) [PSYoungGen: 134144K->126465K(153600K)] [ParOldGen: 349374K->349374K(349696K)] 483518K->475840K(503296K), [Metaspace: 80546K->80546K(1120256K)], 0.3561637 secs] [Times: user=2.15 sys=0.00, real=0.36 secs] 
1597.897: [Full GC (Ergonomics) [PSYoungGen: 134144K->126530K(153600K)] [ParOldGen: 349374K->349374K(349696K)] 483518K->475905K(503296K), [Metaspace: 80550K->80550K(1120256K)], 0.3707844 secs] [Times: user=2.19 sys=0.00, real=0.37 secs] 
1598.271: [Full GC (Ergonomics) [PSYoungGen: 134144K->126566K(153600K)] [ParOldGen: 349374K->349374K(349696K)] 483518K->475941K(503296K), [Metaspace: 80553K->80553K(1120256K)], 0.3876627 secs] [Times: user=2.20 sys=0.01, real=0.39 secs] 
1598.662: [Full GC (Ergonomics) [PSYoungGen: 134144K->126358K(153600K)] [ParOldGen: 349374K->349374K(349696K)] 483518K->475733K(503296K), [Metaspace: 80561K->80557K(1120256K)], 0.3798885 secs] [Times: user=2.30 sys=0.01, real=0.38 secs] 
1599.046: [Full GC (Ergonomics) [PSYoungGen: 134144K->126363K(153600K)] [ParOldGen: 349374K->349374K(349696K)] 483518K->475738K(503296K), [Metaspace: 80561K->80561K(1120256K)], 0.3610983 secs] [Times: user=2.18 sys=0.00, real=0.36 secs] 
1599.412: [Full GC (Ergonomics) [PSYoungGen: 134144K->127366K(153600K)] [ParOldGen: 349374K->349374K(349696K)] 483518K->476741K(503296K), [Metaspace: 80571K->80571K(1120256K)], 0.3541429 secs] [Times: user=2.17 sys=0.01, real=0.36 secs] 
1599.771: [Full GC (Ergonomics) [PSYoungGen: 134144K->127401K(153600K)] [ParOldGen: 349374K->349374K(349696K)] 483518K->476776K(503296K), [Metaspace: 80597K->80597K(1120256K)], 0.3733663 secs] [Times: user=2.21 sys=0.00, real=0.38 secs] 
1600.149: [Full GC (Ergonomics) [PSYoungGen: 134144K->127638K(153600K)] [ParOldGen: 349374K->349374K(349696K)] 483518K->477013K(503296K), [Metaspace: 80626K->80622K(1120256K)], 0.3897764 secs] [Times: user=2.34 sys=0.00, real=0.39 secs] 
1600.544: [Full GC (Ergonomics) [PSYoungGen: 134144K->128210K(153600K)] [ParOldGen: 349374K->349374K(349696K)] 483518K->477585K(503296K), [Metaspace: 80642K->80642K(1120256K)], 0.8968983 secs] [Times: user=5.92 sys=0.04, real=0.89 secs] 
1601.450: [Full GC (Ergonomics) [PSYoungGen: 134144K->128312K(153600K)] [ParOldGen: 349374K->349374K(349696K)] 483518K->477687K(503296K), [Metaspace: 80651K->80643K(1120256K)], 0.3737110 secs] [Times: user=2.19 sys=0.00, real=0.38 secs] 
1601.828: [Full GC (Ergonomics) [PSYoungGen: 134144K->128863K(153600K)] [ParOldGen: 349374K->349374K(349696K)] 483518K->478238K(503296K), [Metaspace: 80647K->80647K(1120256K)], 0.8941643 secs] [Times: user=5.91 sys=0.02, real=0.89 secs] 
1602.729: [Full GC (Ergonomics) [PSYoungGen: 134144K->130589K(153600K)] [ParOldGen: 349374K->349374K(349696K)] 483518K->479964K(503296K), [Metaspace: 80656K->80656K(1120256K)], 0.4183499 secs] [Times: user=2.33 sys=0.01, real=0.42 secs] 
1603.153: [Full GC (Ergonomics) [PSYoungGen: 134144K->131715K(153600K)] [ParOldGen: 349374K->349374K(349696K)] 483518K->481090K(503296K), [Metaspace: 80658K->80658K(1120256K)], 0.3834463 secs] [Times: user=2.20 sys=0.00, real=0.39 secs] 
1603.542: [Full GC (Ergonomics) [PSYoungGen: 134144K->132511K(153600K)] [ParOldGen: 349374K->349374K(349696K)] 483518K->481886K(503296K), [Metaspace: 80683K->80683K(1120256K)], 0.3686472 secs] [Times: user=2.24 sys=0.00, real=0.37 secs] 
1603.915: [Full GC (Ergonomics) [PSYoungGen: 134144K->133121K(153600K)] [ParOldGen: 349374K->349374K(349696K)] 483518K->482496K(503296K), [Metaspace: 80685K->80685K(1120256K)], 0.3850551 secs] [Times: user=2.36 sys=0.00, real=0.38 secs] 
1604.303: [Full GC (Ergonomics) [PSYoungGen: 134144K->133615K(153600K)] [ParOldGen: 349374K->349374K(349696K)] 483518K->482990K(503296K), [Metaspace: 80685K->80685K(1120256K)], 0.3816478 secs] [Times: user=2.26 sys=0.00, real=0.39 secs] 
1604.688: [Full GC (Ergonomics) [PSYoungGen: 134144K->133859K(153600K)] [ParOldGen: 349374K->349374K(349696K)] 483518K->483234K(503296K), [Metaspace: 80690K->80690K(1120256K)], 0.3638583 secs] [Times: user=2.20 sys=0.00, real=0.36 secs] 
1605.054: [Full GC (Ergonomics) [PSYoungGen: 134144K->133981K(153600K)] [ParOldGen: 349374K->349374K(349696K)] 483518K->483356K(503296K), [Metaspace: 80690K->80690K(1120256K)], 0.3858227 secs] [Times: user=2.22 sys=0.01, real=0.39 secs] 
1605.442: [Full GC (Ergonomics) [PSYoungGen: 134144K->134057K(153600K)] [ParOldGen: 349374K->349374K(349696K)] 483518K->483432K(503296K), [Metaspace: 80691K->80691K(1120256K)], 0.3721661 secs] [Times: user=2.19 sys=0.01, real=0.37 secs] 
1605.817: [Full GC (Ergonomics) [PSYoungGen: 134144K->134104K(153600K)] [ParOldGen: 349374K->349374K(349696K)] 483518K->483479K(503296K), [Metaspace: 80691K->80691K(1120256K)], 0.4082285 secs] [Times: user=2.31 sys=0.00, real=0.41 secs] 
1606.227: [Full GC (Ergonomics) [PSYoungGen: 134144K->134128K(153600K)] [ParOldGen: 349374K->349374K(349696K)] 483518K->483502K(503296K), [Metaspace: 80691K->80691K(1120256K)], 0.3676508 secs] [Times: user=2.19 sys=0.01, real=0.37 secs] 
1606.598: [Full GC (Ergonomics) [PSYoungGen: 134144K->134134K(153600K)] [ParOldGen: 349374K->349374K(349696K)] 483518K->483509K(503296K), [Metaspace: 80691K->80691K(1120256K)], 0.3941004 secs] [Times: user=2.28 sys=0.01, real=0.39 secs] 
1606.995: [Full GC (Ergonomics) [PSYoungGen: 134144K->134138K(153600K)] [ParOldGen: 349374K->349374K(349696K)] 483518K->483512K(503296K), [Metaspace: 80691K->80691K(1120256K)], 0.5057629 secs] [Times: user=2.33 sys=0.01, real=0.50 secs] 
1607.503: [Full GC (Ergonomics) [PSYoungGen: 134144K->134141K(153600K)] [ParOldGen: 349374K->349374K(349696K)] 483518K->483516K(503296K), [Metaspace: 80691K->80691K(1120256K)], 0.4798011 secs] [Times: user=2.33 sys=0.00, real=0.48 secs] 
1607.985: [Full GC (Ergonomics) [PSYoungGen: 134144K->134142K(153600K)] [ParOldGen: 349374K->349374K(349696K)] 483518K->483517K(503296K), [Metaspace: 80691K->80691K(1120256K)], 0.4522518 secs] [Times: user=2.28 sys=0.01, real=0.45 secs] 
1608.439: [Full GC (Ergonomics) [PSYoungGen: 134144K->134143K(153600K)] [ParOldGen: 349374K->349374K(349696K)] 483518K->483518K(503296K), [Metaspace: 80691K->80691K(1120256K)], 0.4175765 secs] [Times: user=2.22 sys=0.00, real=0.42 secs] 
1608.859: [Full GC (Ergonomics) [PSYoungGen: 134144K->134143K(153600K)] [ParOldGen: 349374K->349374K(349696K)] 483518K->483518K(503296K), [Metaspace: 80691K->80691K(1120256K)], 0.4316276 secs] [Times: user=2.35 sys=0.01, real=0.43 secs] 
1609.293: [Full GC (Ergonomics) [PSYoungGen: 134144K->134143K(153600K)] [ParOldGen: 349374K->349374K(349696K)] 483518K->483518K(503296K), [Metaspace: 80691K->80691K(1120256K)], 0.3955055 secs] [Times: user=2.20 sys=0.00, real=0.40 secs] 
1609.695: [Full GC (Ergonomics) [PSYoungGen: 134144K->134143K(153600K)] [ParOldGen: 349379K->349377K(349696K)] 483523K->483520K(503296K), [Metaspace: 80691K->80691K(1120256K)], 0.5028461 secs] [Times: user=2.48 sys=0.01, real=0.51 secs] 
1610.200: [Full GC (Ergonomics) [PSYoungGen: 134144K->134143K(153600K)] [ParOldGen: 349377K->349376K(349696K)] 483521K->483520K(503296K), [Metaspace: 80691K->80691K(1120256K)], 0.4345336 secs] [Times: user=2.25 sys=0.00, real=0.43 secs] 
1610.637: [Full GC (Ergonomics) [PSYoungGen: 134144K->134143K(153600K)] [ParOldGen: 349381K->349380K(349696K)] 483525K->483523K(503296K), [Metaspace: 80691K->80691K(1120256K)], 0.3919851 secs] [Times: user=2.30 sys=0.00, real=0.39 secs] 
1611.033: [Full GC (Ergonomics) [PSYoungGen: 134144K->134143K(153600K)] [ParOldGen: 349380K->349380K(349696K)] 483524K->483524K(503296K), [Metaspace: 80691K->80691K(1120256K)], 0.4142308 secs] [Times: user=2.46 sys=0.01, real=0.42 secs] 
1611.449: [Full GC (Ergonomics) [PSYoungGen: 134143K->134143K(153600K)] [ParOldGen: 349384K->349383K(349696K)] 483528K->483526K(503296K), [Metaspace: 80691K->80691K(1120256K)], 0.3633534 secs] [Times: user=2.18 sys=0.00, real=0.36 secs] 
1611.815: [Full GC (Ergonomics) [PSYoungGen: 134144K->134143K(153600K)] [ParOldGen: 349383K->349383K(349696K)] 483527K->483526K(503296K), [Metaspace: 80691K->80691K(1120256K)], 0.3750789 secs] [Times: user=2.21 sys=0.01, real=0.38 secs] 
1612.193: [Full GC (Ergonomics) [PSYoungGen: 134144K->134143K(153600K)] [ParOldGen: 349388K->349388K(349696K)] 483532K->483532K(503296K), [Metaspace: 80691K->80691K(1120256K)], 0.3617494 secs] [Times: user=2.17 sys=0.00, real=0.36 secs] 
1612.557: [Full GC (Ergonomics) [PSYoungGen: 134144K->133015K(153600K)] [ParOldGen: 349392K->349378K(349696K)] 483536K->482393K(503296K), [Metaspace: 80691K->80691K(1120256K)], 0.3655308 secs] [Times: user=2.16 sys=0.00, real=0.36 secs] 
1612.928: [Full GC (Ergonomics) [PSYoungGen: 134144K->130892K(153600K)] [ParOldGen: 349378K->349375K(349696K)] 483522K->480267K(503296K), [Metaspace: 80701K->80701K(1120256K)], 0.3837646 secs] [Times: user=2.26 sys=0.01, real=0.38 secs] 
1613.317: [Full GC (Ergonomics) [PSYoungGen: 134144K->132195K(153600K)] [ParOldGen: 349375K->349374K(349696K)] 483519K->481570K(503296K), [Metaspace: 80713K->80713K(1120256K)], 0.9721504 secs] [Times: user=5.82 sys=0.03, real=0.97 secs] 
1614.292: [Full GC (Ergonomics) [PSYoungGen: 134144K->133705K(153600K)] [ParOldGen: 349374K->349374K(349696K)] 483518K->483080K(503296K), [Metaspace: 80715K->80715K(1120256K)], 0.5416613 secs] [Times: user=2.23 sys=0.00, real=0.54 secs] 
1614.837: [Full GC (Ergonomics) [PSYoungGen: 134144K->133969K(153600K)] [ParOldGen: 349374K->349374K(349696K)] 483518K->483343K(503296K), [Metaspace: 80715K->80715K(1120256K)], 0.4572382 secs] [Times: user=2.20 sys=0.00, real=0.45 secs] 
1615.297: [Full GC (Ergonomics) [PSYoungGen: 134144K->134056K(153600K)] [ParOldGen: 349374K->349374K(349696K)] 483518K->483430K(503296K), [Metaspace: 80715K->80715K(1120256K)], 0.3787818 secs] [Times: user=2.20 sys=0.01, real=0.38 secs] 
1615.678: [Full GC (Ergonomics) [PSYoungGen: 134144K->134106K(153600K)] [ParOldGen: 349374K->349374K(349696K)] 483518K->483481K(503296K), [Metaspace: 80716K->80716K(1120256K)], 0.3739209 secs] [Times: user=2.18 sys=0.00, real=0.37 secs] 
1616.055: [Full GC (Ergonomics) [PSYoungGen: 134144K->134126K(153600K)] [ParOldGen: 349374K->349374K(349696K)] 483518K->483500K(503296K), [Metaspace: 80716K->80716K(1120256K)], 0.4243818 secs] [Times: user=2.50 sys=0.01, real=0.43 secs] 
1616.483: [Full GC (Ergonomics) [PSYoungGen: 134144K->131562K(153600K)] [ParOldGen: 349374K->349374K(349696K)] 483518K->480936K(503296K), [Metaspace: 80716K->80716K(1120256K)], 0.3933065 secs] [Times: user=2.32 sys=0.00, real=0.39 secs] 
1616.890: [Full GC (Ergonomics) [PSYoungGen: 134144K->129777K(153600K)] [ParOldGen: 349374K->349374K(349696K)] 483518K->479152K(503296K), [Metaspace: 80751K->80751K(1120256K)], 0.3722652 secs] [Times: user=2.21 sys=0.00, real=0.37 secs] 
1617.271: [Full GC (Ergonomics) [PSYoungGen: 134144K->130780K(153600K)] [ParOldGen: 349550K->349550K(349696K)] 483694K->480330K(503296K), [Metaspace: 80752K->80752K(1120256K)], 0.3735169 secs] [Times: user=2.24 sys=0.01, real=0.37 secs] 
1617.651: [Full GC (Ergonomics) [PSYoungGen: 134144K->131535K(153600K)] [ParOldGen: 349560K->349550K(349696K)] 483704K->481086K(503296K), [Metaspace: 80766K->80766K(1120256K)], 0.3850754 secs] [Times: user=2.26 sys=0.00, real=0.38 secs] 
1618.040: [Full GC (Ergonomics) [PSYoungGen: 134144K->131341K(153600K)] [ParOldGen: 349550K->349374K(349696K)] 483694K->480716K(503296K), [Metaspace: 80773K->80381K(1120256K)], 0.4243744 secs] [Times: user=2.36 sys=0.01, real=0.42 secs] 
1618.468: [Full GC (Ergonomics) [PSYoungGen: 134144K->132560K(153600K)] [ParOldGen: 349374K->349374K(349696K)] 483518K->481935K(503296K), [Metaspace: 80381K->80377K(1120256K)], 0.3950474 secs] [Times: user=2.23 sys=0.01, real=0.39 secs] 
1618.866: [Full GC (Ergonomics) [PSYoungGen: 134144K->132561K(153600K)] [ParOldGen: 349374K->349374K(349696K)] 483518K->481935K(503296K), [Metaspace: 80377K->80377K(1120256K)], 0.3535516 secs] [Times: user=2.19 sys=0.00, real=0.36 secs] 
1619.222: [Full GC (Ergonomics) [PSYoungGen: 134144K->125928K(153600K)] [ParOldGen: 349374K->349374K(349696K)] 483518K->475302K(503296K), [Metaspace: 80377K->80377K(1120256K)], 0.3582737 secs] [Times: user=2.20 sys=0.00, real=0.36 secs] 
1619.586: [Full GC (Ergonomics) [PSYoungGen: 134144K->123858K(153600K)] [ParOldGen: 349374K->349374K(349696K)] 483518K->473232K(503296K), [Metaspace: 80401K->80392K(1120256K)], 0.9193488 secs] [Times: user=6.06 sys=0.02, real=0.92 secs] 
1620.512: [Full GC (Ergonomics) [PSYoungGen: 134144K->124064K(153600K)] [ParOldGen: 349374K->349374K(349696K)] 483518K->473438K(503296K), [Metaspace: 80420K->80416K(1120256K)], 1.0555173 secs] [Times: user=5.81 sys=0.02, real=1.06 secs] 
1621.578: [Full GC (Ergonomics) [PSYoungGen: 134144K->124382K(153600K)] [ParOldGen: 349374K->349374K(349696K)] 483518K->473756K(503296K), [Metaspace: 80429K->80427K(1120256K)], 0.4784502 secs] [Times: user=2.74 sys=0.01, real=0.48 secs] 
1622.062: [Full GC (Ergonomics) [PSYoungGen: 134144K->124168K(153600K)] [ParOldGen: 349374K->349374K(349696K)] 483518K->473542K(503296K), [Metaspace: 80459K->80446K(1120256K)], 0.5133991 secs] [Times: user=2.77 sys=0.00, real=0.51 secs] 
1622.582: [Full GC (Ergonomics) [PSYoungGen: 134144K->124283K(153600K)] [ParOldGen: 349374K->349374K(349696K)] 483518K->473657K(503296K), [Metaspace: 80468K->80423K(1120256K)], 0.4519387 secs] [Times: user=2.36 sys=0.00, real=0.45 secs] 
1623.040: [Full GC (Ergonomics) [PSYoungGen: 134144K->124342K(153600K)] [ParOldGen: 349376K->349375K(349696K)] 483520K->473718K(503296K), [Metaspace: 80465K->80461K(1120256K)], 0.4699151 secs] [Times: user=2.46 sys=0.00, real=0.47 secs] 
1623.516: [Full GC (Ergonomics) [PSYoungGen: 134144K->124436K(153600K)] [ParOldGen: 349375K->349374K(349696K)] 483519K->473811K(503296K), [Metaspace: 80485K->80434K(1120256K)], 0.6431081 secs] [Times: user=2.78 sys=0.00, real=0.65 secs] 
1624.173: [Full GC (Ergonomics) [PSYoungGen: 134144K->124433K(153600K)] [ParOldGen: 349374K->349374K(349696K)] 483518K->473807K(503296K), [Metaspace: 80434K->80392K(1120256K)], 0.6362433 secs] [Times: user=2.80 sys=0.00, real=0.64 secs] 
1624.815: [Full GC (Ergonomics) [PSYoungGen: 134144K->124439K(153600K)] [ParOldGen: 349374K->349374K(349696K)] 483518K->473814K(503296K), [Metaspace: 80411K->80406K(1120256K)], 0.5562172 secs] [Times: user=2.25 sys=0.00, real=0.56 secs] 
1625.377: [Full GC (Ergonomics) [PSYoungGen: 134144K->124454K(153600K)] [ParOldGen: 349374K->349374K(349696K)] 483518K->473829K(503296K), [Metaspace: 80421K->80417K(1120256K)], 0.5339960 secs] [Times: user=2.27 sys=0.01, real=0.54 secs] 
1625.920: [Full GC (Ergonomics) [PSYoungGen: 134144K->124465K(153600K)] [ParOldGen: 349374K->349374K(349696K)] 483518K->473840K(503296K), [Metaspace: 80428K->80420K(1120256K)], 0.5549981 secs] [Times: user=2.29 sys=0.00, real=0.55 secs] 
1626.481: [Full GC (Ergonomics) [PSYoungGen: 134144K->124504K(153600K)] [ParOldGen: 349374K->349374K(349696K)] 483518K->473879K(503296K), [Metaspace: 80448K->80448K(1120256K)], 0.4846976 secs] [Times: user=2.28 sys=0.01, real=0.48 secs] 
1626.972: [Full GC (Ergonomics) [PSYoungGen: 134144K->124512K(153600K)] [ParOldGen: 349374K->349374K(349696K)] 483518K->473887K(503296K), [Metaspace: 80469K->80469K(1120256K)], 0.5819616 secs] [Times: user=2.29 sys=0.00, real=0.58 secs] 
1627.564: [Full GC (Ergonomics) [PSYoungGen: 134144K->124608K(153600K)] [ParOldGen: 349374K->349374K(349696K)] 483518K->473983K(503296K), [Metaspace: 80492K->80492K(1120256K)], 0.6992282 secs] [Times: user=2.23 sys=0.00, real=0.70 secs] 
1628.291: [Full GC (Ergonomics) [PSYoungGen: 134144K->124641K(153600K)] [ParOldGen: 349374K->349374K(349696K)] 483518K->474016K(503296K), [Metaspace: 80502K->80502K(1120256K)], 0.6817826 secs] [Times: user=2.28 sys=0.11, real=0.68 secs] 
1628.978: [Full GC (Ergonomics) [PSYoungGen: 134144K->124656K(153600K)] [ParOldGen: 349374K->349374K(349696K)] 483518K->474031K(503296K), [Metaspace: 80524K->80524K(1120256K)], 0.5279058 secs] [Times: user=2.22 sys=0.11, real=0.52 secs] 
1629.512: [Full GC (Ergonomics) [PSYoungGen: 134144K->124660K(153600K)] [ParOldGen: 349374K->349374K(349696K)] 483518K->474035K(503296K), [Metaspace: 80536K->80536K(1120256K)], 0.6321907 secs] [Times: user=2.33 sys=0.11, real=0.63 secs] 
1630.151: [Full GC (Ergonomics) [PSYoungGen: 134144K->124698K(153600K)] [ParOldGen: 349374K->349374K(349696K)] 483518K->474073K(503296K), [Metaspace: 80562K->80562K(1120256K)], 0.7314176 secs] [Times: user=2.34 sys=0.14, real=0.73 secs] 
1630.890: [Full GC (Ergonomics) [PSYoungGen: 134144K->124715K(153600K)] [ParOldGen: 349374K->349374K(349696K)] 483518K->474090K(503296K), [Metaspace: 80577K->80575K(1120256K)], 0.6247571 secs] [Times: user=2.22 sys=0.05, real=0.62 secs] 
1631.520: [Full GC (Ergonomics) [PSYoungGen: 134144K->124735K(153600K)] [ParOldGen: 349374K->349374K(349696K)] 483518K->474110K(503296K), [Metaspace: 80583K->80583K(1120256K)], 0.4153862 secs] [Times: user=2.24 sys=0.13, real=0.41 secs] 
1631.941: [Full GC (Ergonomics) [PSYoungGen: 134144K->124753K(153600K)] [ParOldGen: 349374K->349374K(349696K)] 483518K->474127K(503296K), [Metaspace: 80595K->80595K(1120256K)], 0.3776270 secs] [Times: user=2.20 sys=0.07, real=0.38 secs] 
1632.324: [Full GC (Ergonomics) [PSYoungGen: 134144K->124774K(153600K)] [ParOldGen: 349374K->349374K(349696K)] 483518K->474149K(503296K), [Metaspace: 80610K->80610K(1120256K)], 0.3727513 secs] [Times: user=2.22 sys=0.08, real=0.37 secs] 
1632.703: [Full GC (Ergonomics) [PSYoungGen: 134144K->124822K(153600K)] [ParOldGen: 349374K->349374K(349696K)] 483518K->474197K(503296K), [Metaspace: 80621K->80621K(1120256K)], 0.3753776 secs] [Times: user=2.19 sys=0.10, real=0.37 secs] 
1633.084: [Full GC (Ergonomics) [PSYoungGen: 134144K->124866K(153600K)] [ParOldGen: 349374K->349374K(349696K)] 483518K->474241K(503296K), [Metaspace: 80632K->80632K(1120256K)], 0.3881928 secs] [Times: user=2.19 sys=0.08, real=0.39 secs] 
1633.478: [Full GC (Ergonomics) [PSYoungGen: 134144K->124898K(153600K)] [ParOldGen: 349374K->349374K(349696K)] 483518K->474273K(503296K), [Metaspace: 80644K->80644K(1120256K)], 0.3765157 secs] [Times: user=2.22 sys=0.09, real=0.38 secs] 
1633.860: [Full GC (Ergonomics) [PSYoungGen: 134144K->124872K(153600K)] [ParOldGen: 349374K->349374K(349696K)] 483518K->474247K(503296K), [Metaspace: 80659K->80659K(1120256K)], 0.3727479 secs] [Times: user=2.22 sys=0.09, real=0.37 secs] 
1634.241: [Full GC (Ergonomics) [PSYoungGen: 134144K->124884K(153600K)] [ParOldGen: 349374K->349374K(349696K)] 483518K->474258K(503296K), [Metaspace: 80674K->80674K(1120256K)], 0.3805395 secs] [Times: user=2.25 sys=0.10, real=0.38 secs] 
1634.628: [Full GC (Ergonomics) [PSYoungGen: 134144K->124882K(153600K)] [ParOldGen: 349374K->349374K(349696K)] 483518K->474257K(503296K), [Metaspace: 80678K->80678K(1120256K)], 0.4399616 secs] [Times: user=2.35 sys=0.10, real=0.44 secs] 
1635.074: [Full GC (Ergonomics) [PSYoungGen: 134144K->124929K(153600K)] [ParOldGen: 349374K->349374K(349696K)] 483518K->474304K(503296K), [Metaspace: 80689K->80689K(1120256K)], 0.4169885 secs] [Times: user=2.48 sys=0.09, real=0.42 secs] 
1635.507: [Full GC (Ergonomics) [PSYoungGen: 134144K->125953K(153600K)] [ParOldGen: 349374K->349374K(349696K)] 483518K->475327K(503296K), [Metaspace: 80744K->80736K(1120256K)], 0.4159496 secs] [Times: user=2.30 sys=0.09, real=0.42 secs] 
1635.937: [Full GC (Ergonomics) [PSYoungGen: 134144K->127499K(153600K)] [ParOldGen: 349374K->349374K(349696K)] 483518K->476874K(503296K), [Metaspace: 80767K->80763K(1120256K)], 0.4157481 secs] [Times: user=2.28 sys=0.10, real=0.42 secs] 
1636.361: [Full GC (Ergonomics) [PSYoungGen: 134144K->129286K(153600K)] [ParOldGen: 349374K->349374K(349696K)] 483518K->478661K(503296K), [Metaspace: 80769K->80769K(1120256K)], 0.4012213 secs] [Times: user=2.23 sys=0.10, real=0.40 secs] 
1636.770: [Full GC (Ergonomics) [PSYoungGen: 134143K->130556K(153600K)] [ParOldGen: 349374K->349374K(349696K)] 483518K->479931K(503296K), [Metaspace: 80777K->80777K(1120256K)], 0.4399771 secs] [Times: user=2.29 sys=0.12, real=0.44 secs] 
1637.219: [Full GC (Ergonomics) [PSYoungGen: 134144K->131035K(153600K)] [ParOldGen: 349374K->349374K(349696K)] 483518K->480410K(503296K), [Metaspace: 80793K->80793K(1120256K)], 0.4559925 secs] [Times: user=2.22 sys=0.15, real=0.46 secs] 
1637.684: [Full GC (Ergonomics) [PSYoungGen: 134144K->131749K(153600K)] [ParOldGen: 349374K->349374K(349696K)] 483518K->481123K(503296K), [Metaspace: 80804K->80804K(1120256K)], 0.3881654 secs] [Times: user=2.20 sys=0.11, real=0.39 secs] 
1638.080: [Full GC (Ergonomics) [PSYoungGen: 134144K->132759K(153600K)] [ParOldGen: 349374K->349374K(349696K)] 483518K->482134K(503296K), [Metaspace: 80813K->80813K(1120256K)], 0.4317560 secs] [Times: user=2.31 sys=0.11, real=0.43 secs] 
1638.518: [Full GC (Ergonomics) [PSYoungGen: 134144K->130145K(153600K)] [ParOldGen: 349374K->349374K(349696K)] 483518K->479519K(503296K), [Metaspace: 80823K->80823K(1120256K)], 0.4290024 secs] [Times: user=2.27 sys=0.08, real=0.43 secs] 
1638.952: [Full GC (Ergonomics) [PSYoungGen: 134144K->130341K(153600K)] [ParOldGen: 349374K->349374K(349696K)] 483518K->479716K(503296K), [Metaspace: 80823K->80823K(1120256K)], 0.3836720 secs] [Times: user=2.24 sys=0.07, real=0.38 secs] 
1639.341: [Full GC (Ergonomics) [PSYoungGen: 134144K->130770K(153600K)] [ParOldGen: 349374K->349374K(349696K)] 483518K->480145K(503296K), [Metaspace: 80823K->80823K(1120256K)], 0.3988152 secs] [Times: user=2.30 sys=0.08, real=0.40 secs] 
1639.746: [Full GC (Ergonomics) [PSYoungGen: 134144K->130979K(153600K)] [ParOldGen: 349374K->349374K(349696K)] 483518K->480354K(503296K), [Metaspace: 80852K->80852K(1120256K)], 0.4128585 secs] [Times: user=2.26 sys=0.10, real=0.41 secs] 
1640.163: [Full GC (Ergonomics) [PSYoungGen: 134144K->131473K(153600K)] [ParOldGen: 349374K->349374K(349696K)] 483518K->480848K(503296K), [Metaspace: 80852K->80852K(1120256K)], 0.3987952 secs] [Times: user=2.25 sys=0.09, real=0.40 secs] 
1640.565: [Full GC (Ergonomics) [PSYoungGen: 134144K->131937K(153600K)] [ParOldGen: 349374K->349374K(349696K)] 483518K->481311K(503296K), [Metaspace: 80856K->80856K(1120256K)], 0.5062171 secs] [Times: user=2.73 sys=0.13, real=0.51 secs] 
1641.076: [Full GC (Ergonomics) [PSYoungGen: 134144K->132133K(153600K)] [ParOldGen: 349374K->349374K(349696K)] 483518K->481508K(503296K), [Metaspace: 80864K->80864K(1120256K)], 0.3857829 secs] [Times: user=2.26 sys=0.11, real=0.39 secs] 
1641.465: [Full GC (Ergonomics) [PSYoungGen: 134144K->131384K(153600K)] [ParOldGen: 349374K->349374K(349696K)] 483518K->480759K(503296K), [Metaspace: 80873K->80854K(1120256K)], 0.4234514 secs] [Times: user=2.36 sys=0.09, real=0.42 secs] 
1641.891: [Full GC (Ergonomics) [PSYoungGen: 134144K->131393K(153600K)] [ParOldGen: 349374K->349374K(349696K)] 483518K->480768K(503296K), [Metaspace: 80854K->80854K(1120256K)], 0.5329322 secs] [Times: user=3.12 sys=0.11, real=0.53 secs] 
1642.426: [Full GC (Ergonomics) [PSYoungGen: 134144K->129930K(153600K)] [ParOldGen: 349374K->349374K(349696K)] 483518K->479305K(503296K), [Metaspace: 80854K->80854K(1120256K)], 0.4405091 secs] [Times: user=2.35 sys=0.13, real=0.44 secs] 
1642.871: [Full GC (Ergonomics) [PSYoungGen: 134144K->127967K(153600K)] [ParOldGen: 349374K->349374K(349696K)] 483518K->477342K(503296K), [Metaspace: 80876K->80876K(1120256K)], 0.4094180 secs] [Times: user=2.24 sys=0.12, real=0.41 secs] 
1643.287: [Full GC (Ergonomics) [PSYoungGen: 134144K->125366K(153600K)] [ParOldGen: 349374K->349374K(349696K)] 483518K->474741K(503296K), [Metaspace: 80881K->80479K(1120256K)], 0.4584518 secs] [Times: user=2.37 sys=0.10, real=0.46 secs] 
1643.753: [Full GC (Ergonomics) [PSYoungGen: 134144K->125381K(153600K)] [ParOldGen: 349374K->349374K(349696K)] 483518K->474755K(503296K), [Metaspace: 80561K->80532K(1120256K)], 0.4161316 secs] [Times: user=2.31 sys=0.10, real=0.41 secs] 
1644.178: [Full GC (Ergonomics) [PSYoungGen: 134144K->125502K(153600K)] [ParOldGen: 349374K->349374K(349696K)] 483518K->474877K(503296K), [Metaspace: 80573K->80524K(1120256K)], 0.4605768 secs] [Times: user=2.61 sys=0.07, real=0.46 secs] 
1644.644: [Full GC (Ergonomics) [PSYoungGen: 134144K->125666K(153600K)] [ParOldGen: 349374K->349374K(349696K)] 483518K->475041K(503296K), [Metaspace: 80545K->80537K(1120256K)], 0.4799276 secs] [Times: user=2.76 sys=0.10, real=0.48 secs] 
1645.130: [Full GC (Ergonomics) [PSYoungGen: 134144K->125767K(153600K)] [ParOldGen: 349374K->349374K(349696K)] 483518K->475142K(503296K), [Metaspace: 80552K->80491K(1120256K)], 0.4795154 secs] [Times: user=2.66 sys=0.11, real=0.48 secs] 
1645.620: [Full GC (Ergonomics) [PSYoungGen: 134144K->125644K(153600K)] [ParOldGen: 349374K->349374K(349696K)] 483518K->475019K(503296K), [Metaspace: 80517K->80517K(1120256K)], 0.3983937 secs] [Times: user=2.26 sys=0.08, real=0.40 secs] 
1646.024: [Full GC (Ergonomics) [PSYoungGen: 134144K->125679K(153600K)] [ParOldGen: 349374K->349374K(349696K)] 483518K->475054K(503296K), [Metaspace: 80544K->80544K(1120256K)], 0.3669732 secs] [Times: user=2.19 sys=0.07, real=0.37 secs] 
1646.399: [Full GC (Ergonomics) [PSYoungGen: 134144K->125701K(153600K)] [ParOldGen: 349374K->349374K(349696K)] 483518K->475076K(503296K), [Metaspace: 80559K->80559K(1120256K)], 0.4026288 secs] [Times: user=2.30 sys=0.08, real=0.41 secs] 
1646.808: [Full GC (Ergonomics) [PSYoungGen: 134144K->125714K(153600K)] [ParOldGen: 349374K->349374K(349696K)] 483518K->475089K(503296K), [Metaspace: 80578K->80578K(1120256K)], 0.4249212 secs] [Times: user=2.31 sys=0.08, real=0.43 secs] 
1647.239: [Full GC (Ergonomics) [PSYoungGen: 134144K->125727K(153600K)] [ParOldGen: 349374K->349374K(349696K)] 483518K->475102K(503296K), [Metaspace: 80585K->80585K(1120256K)], 0.4148182 secs] [Times: user=2.20 sys=0.12, real=0.42 secs] 
1647.660: [Full GC (Ergonomics) [PSYoungGen: 134144K->125840K(153600K)] [ParOldGen: 349374K->349374K(349696K)] 483518K->475215K(503296K), [Metaspace: 80629K->80625K(1120256K)], 0.3956805 secs] [Times: user=2.15 sys=0.10, real=0.40 secs] 
1648.066: [Full GC (Ergonomics) [PSYoungGen: 134144K->125867K(153600K)] [ParOldGen: 349374K->349374K(349696K)] 483518K->475242K(503296K), [Metaspace: 80634K->80634K(1120256K)], 0.4020433 secs] [Times: user=2.21 sys=0.10, real=0.40 secs] 
1648.473: [Full GC (Ergonomics) [PSYoungGen: 134144K->125849K(153600K)] [ParOldGen: 349374K->349374K(349696K)] 483518K->475224K(503296K), [Metaspace: 80645K->80645K(1120256K)], 0.4293314 secs] [Times: user=2.29 sys=0.07, real=0.43 secs] 
1648.908: [Full GC (Ergonomics) [PSYoungGen: 134144K->125854K(153600K)] [ParOldGen: 349374K->349374K(349696K)] 483518K->475229K(503296K), [Metaspace: 80658K->80658K(1120256K)], 0.3972504 secs] [Times: user=2.16 sys=0.11, real=0.40 secs] 
1649.310: [Full GC (Ergonomics) [PSYoungGen: 134144K->125900K(153600K)] [ParOldGen: 349374K->349374K(349696K)] 483518K->475275K(503296K), [Metaspace: 80665K->80665K(1120256K)], 0.4028453 secs] [Times: user=2.22 sys=0.13, real=0.41 secs] 
1649.718: [Full GC (Ergonomics) [PSYoungGen: 134144K->125897K(153600K)] [ParOldGen: 349374K->349374K(349696K)] 483518K->475272K(503296K), [Metaspace: 80676K->80676K(1120256K)], 0.4078638 secs] [Times: user=2.25 sys=0.08, real=0.41 secs] 
1650.132: [Full GC (Ergonomics) [PSYoungGen: 134144K->125941K(153600K)] [ParOldGen: 349374K->349374K(349696K)] 483518K->475316K(503296K), [Metaspace: 80699K->80697K(1120256K)], 0.4353089 secs] [Times: user=2.34 sys=0.09, real=0.43 secs] 
1650.573: [Full GC (Ergonomics) [PSYoungGen: 134144K->126012K(153600K)] [ParOldGen: 349374K->349374K(349696K)] 483518K->475387K(503296K), [Metaspace: 80701K->80701K(1120256K)], 0.3915508 secs] [Times: user=2.21 sys=0.10, real=0.39 secs] 
1650.969: [Full GC (Ergonomics) [PSYoungGen: 134144K->126007K(153600K)] [ParOldGen: 349374K->349374K(349696K)] 483518K->475382K(503296K), [Metaspace: 80716K->80716K(1120256K)], 0.3779697 secs] [Times: user=2.24 sys=0.09, real=0.38 secs] 
1651.352: [Full GC (Ergonomics) [PSYoungGen: 134144K->125964K(153600K)] [ParOldGen: 349374K->349374K(349696K)] 483518K->475339K(503296K), [Metaspace: 80724K->80724K(1120256K)], 0.3976830 secs] [Times: user=2.23 sys=0.10, real=0.39 secs] 
1651.755: [Full GC (Ergonomics) [PSYoungGen: 134144K->125999K(153600K)] [ParOldGen: 349374K->349374K(349696K)] 483518K->475374K(503296K), [Metaspace: 80744K->80744K(1120256K)], 0.3732591 secs] [Times: user=2.21 sys=0.09, real=0.37 secs] 
1652.133: [Full GC (Ergonomics) [PSYoungGen: 134144K->126061K(153600K)] [ParOldGen: 349374K->349374K(349696K)] 483518K->475435K(503296K), [Metaspace: 80753K->80753K(1120256K)], 0.4301625 secs] [Times: user=2.31 sys=0.08, real=0.43 secs] 
1652.568: [Full GC (Ergonomics) [PSYoungGen: 134144K->126023K(153600K)] [ParOldGen: 349374K->349374K(349696K)] 483518K->475397K(503296K), [Metaspace: 80760K->80760K(1120256K)], 0.3941167 secs] [Times: user=2.25 sys=0.08, real=0.40 secs] 
1652.968: [Full GC (Ergonomics) [PSYoungGen: 134144K->126045K(153600K)] [ParOldGen: 349374K->349374K(349696K)] 483518K->475419K(503296K), [Metaspace: 80768K->80768K(1120256K)], 0.3886064 secs] [Times: user=2.25 sys=0.08, real=0.39 secs] 
1653.362: [Full GC (Ergonomics) [PSYoungGen: 134144K->126058K(153600K)] [ParOldGen: 349374K->349374K(349696K)] 483518K->475433K(503296K), [Metaspace: 80775K->80775K(1120256K)], 0.4439163 secs] [Times: user=2.28 sys=0.09, real=0.44 secs] 
1653.813: [Full GC (Ergonomics) [PSYoungGen: 134144K->126093K(153600K)] [ParOldGen: 349374K->349374K(349696K)] 483518K->475468K(503296K), [Metaspace: 80837K->80837K(1120256K)], 0.4063794 secs] [Times: user=2.26 sys=0.07, real=0.40 secs] 
1654.225: [Full GC (Ergonomics) [PSYoungGen: 134144K->126083K(153600K)] [ParOldGen: 349374K->349374K(349696K)] 483518K->475458K(503296K), [Metaspace: 80844K->80844K(1120256K)], 0.4339072 secs] [Times: user=2.32 sys=0.10, real=0.43 secs] 
1654.664: [Full GC (Ergonomics) [PSYoungGen: 134144K->126099K(153600K)] [ParOldGen: 349374K->349374K(349696K)] 483518K->475474K(503296K), [Metaspace: 80863K->80863K(1120256K)], 0.4179890 secs] [Times: user=2.29 sys=0.09, real=0.42 secs] 
1655.088: [Full GC (Ergonomics) [PSYoungGen: 134144K->126120K(153600K)] [ParOldGen: 349374K->349374K(349696K)] 483518K->475495K(503296K), [Metaspace: 80871K->80871K(1120256K)], 0.4690028 secs] [Times: user=2.39 sys=0.06, real=0.47 secs] 
1655.566: [Full GC (Ergonomics) [PSYoungGen: 134144K->126145K(153600K)] [ParOldGen: 349374K->349374K(349696K)] 483518K->475520K(503296K), [Metaspace: 80878K->80878K(1120256K)], 0.4128760 secs] [Times: user=2.33 sys=0.06, real=0.41 secs] 
1655.986: [Full GC (Ergonomics) [PSYoungGen: 134144K->126146K(153600K)] [ParOldGen: 349374K->349374K(349696K)] 483518K->475521K(503296K), [Metaspace: 80890K->80890K(1120256K)], 0.4071562 secs] [Times: user=2.40 sys=0.09, real=0.41 secs] 
1656.399: [Full GC (Ergonomics) [PSYoungGen: 134144K->126160K(153600K)] [ParOldGen: 349374K->349374K(349696K)] 483518K->475535K(503296K), [Metaspace: 80902K->80902K(1120256K)], 0.3726655 secs] [Times: user=2.18 sys=0.07, real=0.37 secs] 
1656.777: [Full GC (Ergonomics) [PSYoungGen: 134144K->126193K(153600K)] [ParOldGen: 349374K->349374K(349696K)] 483518K->475568K(503296K), [Metaspace: 80913K->80913K(1120256K)], 0.3748056 secs] [Times: user=2.17 sys=0.05, real=0.37 secs] 
1657.165: [Full GC (Ergonomics) [PSYoungGen: 134144K->127585K(153600K)] [ParOldGen: 349374K->349374K(349696K)] 483518K->476960K(503296K), [Metaspace: 80974K->80952K(1120256K)], 0.3942114 secs] [Times: user=2.17 sys=0.06, real=0.39 secs] 
1657.567: [Full GC (Ergonomics) [PSYoungGen: 134134K->129302K(153600K)] [ParOldGen: 349374K->349374K(349696K)] 483509K->478677K(503296K), [Metaspace: 80968K->80961K(1120256K)], 0.4021477 secs] [Times: user=2.27 sys=0.04, real=0.40 secs] 
1657.976: [Full GC (Ergonomics) [PSYoungGen: 134144K->130634K(153600K)] [ParOldGen: 349374K->349374K(349696K)] 483518K->480009K(503296K), [Metaspace: 80962K->80962K(1120256K)], 0.4006137 secs] [Times: user=2.33 sys=0.01, real=0.40 secs] 
1658.382: [Full GC (Ergonomics) [PSYoungGen: 134144K->131629K(153600K)] [ParOldGen: 349374K->349374K(349696K)] 483518K->481004K(503296K), [Metaspace: 80965K->80965K(1120256K)], 0.3947525 secs] [Times: user=2.26 sys=0.01, real=0.40 secs] 
1658.782: [Full GC (Ergonomics) [PSYoungGen: 134144K->132254K(153600K)] [ParOldGen: 349374K->349374K(349696K)] 483518K->481628K(503296K), [Metaspace: 80966K->80966K(1120256K)], 0.4217068 secs] [Times: user=2.23 sys=0.02, real=0.43 secs] 
1659.212: [Full GC (Ergonomics) [PSYoungGen: 134144K->132313K(153600K)] [ParOldGen: 349374K->349374K(349696K)] 483518K->481688K(503296K), [Metaspace: 80981K->80981K(1120256K)], 0.3850448 secs] [Times: user=2.28 sys=0.00, real=0.39 secs] 
1659.604: [Full GC (Ergonomics) [PSYoungGen: 134144K->132323K(153600K)] [ParOldGen: 349374K->349374K(349696K)] 483518K->481698K(503296K), [Metaspace: 80985K->80985K(1120256K)], 0.3776538 secs] [Times: user=2.25 sys=0.02, real=0.37 secs] 
1659.988: [Full GC (Ergonomics) [PSYoungGen: 134144K->133285K(153600K)] [ParOldGen: 349374K->349374K(349696K)] 483518K->482660K(503296K), [Metaspace: 80985K->80985K(1120256K)], 0.4160834 secs] [Times: user=2.44 sys=0.00, real=0.42 secs] 
1660.407: [Full GC (Ergonomics) [PSYoungGen: 134144K->133689K(153600K)] [ParOldGen: 349374K->349374K(349696K)] 483518K->483064K(503296K), [Metaspace: 80985K->80985K(1120256K)], 0.3967970 secs] [Times: user=2.22 sys=0.01, real=0.40 secs] 
1660.807: [Full GC (Ergonomics) [PSYoungGen: 134144K->133940K(153600K)] [ParOldGen: 349374K->349374K(349696K)] 483518K->483315K(503296K), [Metaspace: 80985K->80985K(1120256K)], 0.3975821 secs] [Times: user=2.23 sys=0.00, real=0.40 secs] 
1661.208: [Full GC (Ergonomics) [PSYoungGen: 134144K->134044K(153600K)] [ParOldGen: 349374K->349374K(349696K)] 483518K->483419K(503296K), [Metaspace: 80985K->80985K(1120256K)], 0.3766292 secs] [Times: user=2.22 sys=0.01, real=0.38 secs] 
1661.587: [Full GC (Ergonomics) [PSYoungGen: 134144K->134077K(153600K)] [ParOldGen: 349374K->349374K(349696K)] 483518K->483452K(503296K), [Metaspace: 80985K->80985K(1120256K)], 0.3660889 secs] [Times: user=2.20 sys=0.01, real=0.37 secs] 
1661.956: [Full GC (Ergonomics) [PSYoungGen: 134144K->134103K(153600K)] [ParOldGen: 349374K->349374K(349696K)] 483518K->483478K(503296K), [Metaspace: 80985K->80985K(1120256K)], 0.3751697 secs] [Times: user=2.21 sys=0.00, real=0.37 secs] 
1662.333: [Full GC (Ergonomics) [PSYoungGen: 134144K->134119K(153600K)] [ParOldGen: 349374K->349374K(349696K)] 483518K->483494K(503296K), [Metaspace: 80985K->80985K(1120256K)], 0.3677404 secs] [Times: user=2.21 sys=0.00, real=0.37 secs] 
1662.703: [Full GC (Ergonomics) [PSYoungGen: 134144K->134129K(153600K)] [ParOldGen: 349374K->349374K(349696K)] 483518K->483504K(503296K), [Metaspace: 80985K->80985K(1120256K)], 0.3943768 secs] [Times: user=2.22 sys=0.01, real=0.40 secs] 
1663.100: [Full GC (Ergonomics) [PSYoungGen: 134144K->134133K(153600K)] [ParOldGen: 349374K->349374K(349696K)] 483518K->483508K(503296K), [Metaspace: 80985K->80985K(1120256K)], 0.3814159 secs] [Times: user=2.21 sys=0.00, real=0.38 secs] 
1663.483: [Full GC (Ergonomics) [PSYoungGen: 134144K->134137K(153600K)] [ParOldGen: 349374K->349374K(349696K)] 483518K->483512K(503296K), [Metaspace: 80985K->80985K(1120256K)], 0.3788403 secs] [Times: user=2.24 sys=0.02, real=0.38 secs] 
1663.864: [Full GC (Ergonomics) [PSYoungGen: 134144K->134141K(153600K)] [ParOldGen: 349374K->349374K(349696K)] 483518K->483516K(503296K), [Metaspace: 80985K->80985K(1120256K)], 0.3875609 secs] [Times: user=2.27 sys=0.00, real=0.38 secs] 
1664.255: [Full GC (Ergonomics) [PSYoungGen: 134144K->134143K(153600K)] [ParOldGen: 349374K->349374K(349696K)] 483518K->483518K(503296K), [Metaspace: 80985K->80985K(1120256K)], 0.4099159 secs] [Times: user=2.26 sys=0.01, real=0.41 secs] 
1664.668: [Full GC (Ergonomics) [PSYoungGen: 134143K->134143K(153600K)] [ParOldGen: 349374K->349374K(349696K)] 483518K->483518K(503296K), [Metaspace: 80985K->80985K(1120256K)], 0.3691343 secs] [Times: user=2.22 sys=0.01, real=0.37 secs] 
1665.039: [Full GC (Ergonomics) [PSYoungGen: 134144K->134143K(153600K)] [ParOldGen: 349374K->349374K(349696K)] 483518K->483518K(503296K), [Metaspace: 80985K->80985K(1120256K)], 0.4195216 secs] [Times: user=2.17 sys=0.01, real=0.42 secs] 
1665.461: [Full GC (Ergonomics) [PSYoungGen: 134144K->134143K(153600K)] [ParOldGen: 349381K->349379K(349696K)] 483525K->483523K(503296K), [Metaspace: 80985K->80985K(1120256K)], 0.3824918 secs] [Times: user=2.19 sys=0.01, real=0.38 secs] 
1665.847: [Full GC (Ergonomics) [PSYoungGen: 134144K->134143K(153600K)] [ParOldGen: 349379K->349379K(349696K)] 483523K->483523K(503296K), [Metaspace: 80985K->80985K(1120256K)], 0.3853784 secs] [Times: user=2.23 sys=0.00, real=0.38 secs] 
1666.235: [Full GC (Ergonomics) [PSYoungGen: 134144K->134143K(153600K)] [ParOldGen: 349379K->349379K(349696K)] 483523K->483523K(503296K), [Metaspace: 80985K->80985K(1120256K)], 0.3890933 secs] [Times: user=2.29 sys=0.00, real=0.39 secs] 
1666.626: [Full GC (Ergonomics) [PSYoungGen: 134144K->134143K(153600K)] [ParOldGen: 349379K->349379K(349696K)] 483523K->483523K(503296K), [Metaspace: 80985K->80985K(1120256K)], 0.4049970 secs] [Times: user=2.19 sys=0.00, real=0.40 secs] 
1667.035: [Full GC (Ergonomics) [PSYoungGen: 134144K->134143K(153600K)] [ParOldGen: 349379K->349379K(349696K)] 483523K->483523K(503296K), [Metaspace: 80985K->80985K(1120256K)], 0.4004889 secs] [Times: user=2.38 sys=0.01, real=0.40 secs] 
1667.439: [Full GC (Ergonomics) [PSYoungGen: 134144K->134143K(153600K)] [ParOldGen: 349379K->349379K(349696K)] 483523K->483523K(503296K), [Metaspace: 80985K->80985K(1120256K)], 0.3613219 secs] [Times: user=2.20 sys=0.01, real=0.36 secs] 
1667.802: [Full GC (Ergonomics) [PSYoungGen: 134144K->134144K(153600K)] [ParOldGen: 349379K->349379K(349696K)] 483523K->483523K(503296K), [Metaspace: 80985K->80985K(1120256K)], 0.3893646 secs] [Times: user=2.19 sys=0.00, real=0.39 secs] 
1668.194: [Full GC (Ergonomics) [PSYoungGen: 134144K->134143K(153600K)] [ParOldGen: 349383K->349383K(349696K)] 483527K->483526K(503296K), [Metaspace: 80985K->80985K(1120256K)], 0.3641164 secs] [Times: user=2.21 sys=0.00, real=0.36 secs] 
1668.560: [Full GC (Ergonomics) [PSYoungGen: 134144K->134143K(153600K)] [ParOldGen: 349383K->349383K(349696K)] 483527K->483526K(503296K), [Metaspace: 80985K->80985K(1120256K)], 0.3605199 secs] [Times: user=2.17 sys=0.00, real=0.36 secs] 
1668.923: [Full GC (Ergonomics) [PSYoungGen: 134144K->134143K(153600K)] [ParOldGen: 349383K->349383K(349696K)] 483527K->483526K(503296K), [Metaspace: 80985K->80985K(1120256K)], 0.4081442 secs] [Times: user=2.22 sys=0.01, real=0.41 secs] 
1669.334: [Full GC (Ergonomics) [PSYoungGen: 134144K->134133K(153600K)] [ParOldGen: 349383K->349376K(349696K)] 483527K->483509K(503296K), [Metaspace: 80985K->80985K(1120256K)], 0.3769271 secs] [Times: user=2.18 sys=0.01, real=0.38 secs] 
1669.713: [Full GC (Ergonomics) [PSYoungGen: 134144K->134139K(153600K)] [ParOldGen: 349376K->349375K(349696K)] 483520K->483515K(503296K), [Metaspace: 80985K->80985K(1120256K)], 0.4172758 secs] [Times: user=2.26 sys=0.01, real=0.42 secs] 
1670.132: [Full GC (Ergonomics) [PSYoungGen: 134144K->134142K(153600K)] [ParOldGen: 349375K->349375K(349696K)] 483519K->483518K(503296K), [Metaspace: 80985K->80985K(1120256K)], 0.3780895 secs] [Times: user=2.18 sys=0.01, real=0.38 secs] 
1670.513: [Full GC (Ergonomics) [PSYoungGen: 134144K->134142K(153600K)] [ParOldGen: 349375K->349375K(349696K)] 483519K->483518K(503296K), [Metaspace: 80985K->80985K(1120256K)], 0.3776851 secs] [Times: user=2.18 sys=0.00, real=0.38 secs] 
1670.893: [Full GC (Ergonomics) [PSYoungGen: 134144K->134143K(153600K)] [ParOldGen: 349375K->349375K(349696K)] 483519K->483519K(503296K), [Metaspace: 80985K->80985K(1120256K)], 0.4129084 secs] [Times: user=2.24 sys=0.01, real=0.42 secs] 
1671.308: [Full GC (Ergonomics) [PSYoungGen: 134144K->134143K(153600K)] [ParOldGen: 349375K->349375K(349696K)] 483519K->483519K(503296K), [Metaspace: 80985K->80985K(1120256K)], 0.3845204 secs] [Times: user=2.25 sys=0.00, real=0.38 secs] 
1671.694: [Full GC (Ergonomics) [PSYoungGen: 134144K->134143K(153600K)] [ParOldGen: 349375K->349375K(349696K)] 483519K->483519K(503296K), [Metaspace: 80985K->80985K(1120256K)], 0.4084403 secs] [Times: user=2.19 sys=0.01, real=0.41 secs] 
1672.105: [Full GC (Ergonomics) [PSYoungGen: 134144K->134143K(153600K)] [ParOldGen: 349375K->349375K(349696K)] 483519K->483519K(503296K), [Metaspace: 80985K->80985K(1120256K)], 0.4088261 secs] [Times: user=2.28 sys=0.00, real=0.40 secs] 
1672.516: [Full GC (Ergonomics) [PSYoungGen: 134144K->134143K(153600K)] [ParOldGen: 349375K->349375K(349696K)] 483519K->483519K(503296K), [Metaspace: 80985K->80985K(1120256K)], 0.4060410 secs] [Times: user=2.33 sys=0.01, real=0.40 secs] 
1672.925: [Full GC (Ergonomics) [PSYoungGen: 134143K->134135K(153600K)] [ParOldGen: 349382K->349382K(349696K)] 483526K->483517K(503296K), [Metaspace: 80985K->80985K(1120256K)], 0.3902509 secs] [Times: user=2.24 sys=0.00, real=0.39 secs] 
1673.319: [Full GC (Ergonomics) [PSYoungGen: 134144K->134138K(153600K)] [ParOldGen: 349382K->349375K(349696K)] 483526K->483514K(503296K), [Metaspace: 80985K->80985K(1120256K)], 0.4234933 secs] [Times: user=2.33 sys=0.00, real=0.42 secs] 
1673.745: [Full GC (Ergonomics) [PSYoungGen: 134144K->134143K(153600K)] [ParOldGen: 349375K->349375K(349696K)] 483519K->483519K(503296K), [Metaspace: 80985K->80985K(1120256K)], 0.3782734 secs] [Times: user=2.23 sys=0.01, real=0.37 secs] 
1674.126: [Full GC (Ergonomics) [PSYoungGen: 134144K->134143K(153600K)] [ParOldGen: 349380K->349378K(349696K)] 483524K->483522K(503296K), [Metaspace: 80985K->80985K(1120256K)], 0.3758697 secs] [Times: user=2.27 sys=0.01, real=0.37 secs] 
1674.504: [Full GC (Ergonomics) [PSYoungGen: 134144K->134143K(153600K)] [ParOldGen: 349378K->349378K(349696K)] 483522K->483522K(503296K), [Metaspace: 80985K->80985K(1120256K)], 0.3781653 secs] [Times: user=2.22 sys=0.00, real=0.38 secs] 
1674.885: [Full GC (Ergonomics) [PSYoungGen: 134144K->134143K(153600K)] [ParOldGen: 349382K->349381K(349696K)] 483526K->483525K(503296K), [Metaspace: 80985K->80985K(1120256K)], 0.3678507 secs] [Times: user=2.23 sys=0.00, real=0.36 secs] 
1675.255: [Full GC (Ergonomics) [PSYoungGen: 134144K->134143K(153600K)] [ParOldGen: 349381K->349381K(349696K)] 483525K->483525K(503296K), [Metaspace: 80985K->80985K(1120256K)], 0.3712841 secs] [Times: user=2.25 sys=0.01, real=0.38 secs] 
1675.629: [Full GC (Ergonomics) [PSYoungGen: 134144K->134143K(153600K)] [ParOldGen: 349381K->349381K(349696K)] 483525K->483525K(503296K), [Metaspace: 80985K->80985K(1120256K)], 0.3770312 secs] [Times: user=2.22 sys=0.00, real=0.38 secs] 
1676.008: [Full GC (Ergonomics) [PSYoungGen: 134144K->134143K(153600K)] [ParOldGen: 349381K->349381K(349696K)] 483525K->483525K(503296K), [Metaspace: 80985K->80985K(1120256K)], 0.3814233 secs] [Times: user=2.28 sys=0.01, real=0.38 secs] 
1676.394: [Full GC (Ergonomics) [PSYoungGen: 134144K->134143K(153600K)] [ParOldGen: 349381K->349381K(349696K)] 483525K->483525K(503296K), [Metaspace: 80985K->80985K(1120256K)], 0.4028311 secs] [Times: user=2.33 sys=0.01, real=0.41 secs] 
1676.801: [Full GC (Ergonomics) [PSYoungGen: 134144K->132475K(153600K)] [ParOldGen: 349381K->349375K(349696K)] 483525K->481851K(503296K), [Metaspace: 80985K->80985K(1120256K)], 0.3852772 secs] [Times: user=2.28 sys=0.00, real=0.39 secs] 
1677.193: [Full GC (Ergonomics) [PSYoungGen: 134144K->132624K(153600K)] [ParOldGen: 349375K->349375K(349696K)] 483519K->481999K(503296K), [Metaspace: 80989K->80989K(1120256K)], 0.4332626 secs] [Times: user=2.68 sys=0.00, real=0.44 secs] 
1677.633: [Full GC (Ergonomics) [PSYoungGen: 134144K->130210K(153600K)] [ParOldGen: 349375K->349375K(349696K)] 483519K->479585K(503296K), [Metaspace: 80996K->80996K(1120256K)], 0.3884308 secs] [Times: user=2.27 sys=0.00, real=0.39 secs] 
1678.029: [Full GC (Ergonomics) [PSYoungGen: 134144K->127113K(153600K)] [ParOldGen: 349375K->349375K(349696K)] 483519K->476488K(503296K), [Metaspace: 80996K->80996K(1120256K)], 0.3949242 secs] [Times: user=2.41 sys=0.01, real=0.39 secs] 
1678.441: [Full GC (Ergonomics) [PSYoungGen: 134144K->124895K(153600K)] [ParOldGen: 349375K->349374K(349696K)] 483519K->474270K(503296K), [Metaspace: 81021K->80616K(1120256K)], 0.4471475 secs] [Times: user=2.37 sys=0.01, real=0.45 secs] 
1678.913: [Full GC (Ergonomics) [PSYoungGen: 134144K->125000K(153600K)] [ParOldGen: 349374K->349374K(349696K)] 483518K->474375K(503296K), [Metaspace: 80738K->80660K(1120256K)], 0.4109143 secs] [Times: user=2.41 sys=0.00, real=0.41 secs] 
1679.349: [Full GC (Ergonomics) [PSYoungGen: 134144K->125118K(153600K)] [ParOldGen: 349374K->349374K(349696K)] 483518K->474493K(503296K), [Metaspace: 80756K->80753K(1120256K)], 0.3765163 secs] [Times: user=2.15 sys=0.00, real=0.38 secs] 
1679.748: [Full GC (Ergonomics) [PSYoungGen: 134144K->125225K(153600K)] [ParOldGen: 349374K->349374K(349696K)] 483518K->474600K(503296K), [Metaspace: 80837K->80833K(1120256K)], 0.3768818 secs] [Times: user=2.16 sys=0.01, real=0.37 secs] 
1680.148: [Full GC (Ergonomics) [PSYoungGen: 134144K->125315K(153600K)] [ParOldGen: 349374K->349374K(349696K)] 483518K->474690K(503296K), [Metaspace: 80919K->80919K(1120256K)], 0.3688810 secs] [Times: user=2.36 sys=0.00, real=0.37 secs] 
1680.535: [Full GC (Ergonomics) [PSYoungGen: 134144K->126141K(153600K)] [ParOldGen: 349374K->349374K(349696K)] 483518K->475515K(503296K), [Metaspace: 80963K->80963K(1120256K)], 0.3558204 secs] [Times: user=2.17 sys=0.01, real=0.36 secs] 
1680.904: [Full GC (Ergonomics) [PSYoungGen: 133745K->127934K(153600K)] [ParOldGen: 349374K->349374K(349696K)] 483120K->477309K(503296K), [Metaspace: 80987K->80987K(1120256K)], 0.3929647 secs] [Times: user=2.35 sys=0.00, real=0.40 secs] 
1681.306: [Full GC (Ergonomics) [PSYoungGen: 134144K->124836K(153600K)] [ParOldGen: 349374K->349374K(349696K)] 483518K->474211K(503296K), [Metaspace: 81016K->81016K(1120256K)], 0.4288331 secs] [Times: user=2.65 sys=0.01, real=0.42 secs] 
1681.748: [Full GC (Ergonomics) [PSYoungGen: 134144K->120502K(153600K)] [ParOldGen: 349374K->349374K(349696K)] 483518K->469876K(503296K), [Metaspace: 81032K->81032K(1120256K)], 0.4344280 secs] [Times: user=2.74 sys=0.01, real=0.43 secs] 
1682.212: [Full GC (Ergonomics) [PSYoungGen: 134135K->111675K(153600K)] [ParOldGen: 349374K->349373K(349696K)] 483509K->461049K(503296K), [Metaspace: 81157K->81045K(1120256K)], 0.9363780 secs] [Times: user=6.22 sys=0.03, real=0.94 secs] 
1683.228: [Full GC (Ergonomics) [PSYoungGen: 134131K->111079K(153600K)] [ParOldGen: 349373K->349373K(349696K)] 483505K->460453K(503296K), [Metaspace: 81168K->81054K(1120256K)], 0.5628599 secs] [Times: user=2.73 sys=0.02, real=0.56 secs] 
1683.879: [Full GC (Ergonomics) [PSYoungGen: 134144K->111032K(153600K)] [ParOldGen: 349373K->349373K(349696K)] 483517K->460405K(503296K), [Metaspace: 81175K->80797K(1120256K)], 0.5469097 secs] [Times: user=2.82 sys=0.01, real=0.54 secs] 
1684.542: [Full GC (Ergonomics) [PSYoungGen: 134144K->111076K(153600K)] [ParOldGen: 349373K->349373K(349696K)] 483517K->460450K(503296K), [Metaspace: 81170K->81052K(1120256K)], 0.5390197 secs] [Times: user=2.57 sys=0.00, real=0.54 secs] 
1685.163: [Full GC (Ergonomics) [PSYoungGen: 134144K->110971K(153600K)] [ParOldGen: 349373K->349373K(349696K)] 483517K->460344K(503296K), [Metaspace: 81171K->80778K(1120256K)], 0.3950037 secs] [Times: user=2.17 sys=0.00, real=0.40 secs] 
1685.675: [Full GC (Ergonomics) [PSYoungGen: 134144K->110976K(153600K)] [ParOldGen: 349373K->349373K(349696K)] 483517K->460350K(503296K), [Metaspace: 81167K->81053K(1120256K)], 0.4412794 secs] [Times: user=2.66 sys=0.01, real=0.44 secs] 
1686.195: [Full GC (Ergonomics) [PSYoungGen: 134144K->110863K(153600K)] [ParOldGen: 349373K->349373K(349696K)] 483517K->460237K(503296K), [Metaspace: 81172K->80701K(1120256K)], 0.4472584 secs] [Times: user=2.70 sys=0.01, real=0.45 secs] 
1686.763: [Full GC (Ergonomics) [PSYoungGen: 134144K->110937K(153600K)] [ParOldGen: 349373K->349373K(349696K)] 483517K->460311K(503296K), [Metaspace: 81117K->80710K(1120256K)], 0.3985629 secs] [Times: user=2.16 sys=0.00, real=0.40 secs] 
1687.280: [Full GC (Ergonomics) [PSYoungGen: 134144K->110674K(153600K)] [ParOldGen: 349373K->349373K(349696K)] 483517K->460047K(503296K), [Metaspace: 81166K->80665K(1120256K)], 0.4296224 secs] [Times: user=2.50 sys=0.00, real=0.43 secs] 
1687.828: [Full GC (Ergonomics) [PSYoungGen: 134144K->112929K(153600K)] [ParOldGen: 349373K->349373K(349696K)] 483517K->462303K(503296K), [Metaspace: 81160K->80665K(1120256K)], 0.4214187 secs] [Times: user=2.43 sys=0.00, real=0.42 secs] 
1688.367: [Full GC (Ergonomics) [PSYoungGen: 134144K->112785K(153600K)] [ParOldGen: 349373K->349373K(349696K)] 483517K->462159K(503296K), [Metaspace: 81141K->81077K(1120256K)], 0.4496073 secs] [Times: user=2.64 sys=0.01, real=0.45 secs] 
1688.889: [Full GC (Ergonomics) [PSYoungGen: 134144K->112531K(153600K)] [ParOldGen: 349373K->349373K(349696K)] 483517K->461905K(503296K), [Metaspace: 81171K->81057K(1120256K)], 0.4275216 secs] [Times: user=2.44 sys=0.00, real=0.42 secs] 
1689.395: [Full GC (Ergonomics) [PSYoungGen: 134144K->111675K(153600K)] [ParOldGen: 349373K->349373K(349696K)] 483517K->461049K(503296K), [Metaspace: 81176K->81062K(1120256K)], 0.4103225 secs] [Times: user=2.31 sys=0.01, real=0.41 secs] 
1689.888: [Full GC (Ergonomics) [PSYoungGen: 134144K->111110K(153600K)] [ParOldGen: 349373K->349373K(349696K)] 483517K->460484K(503296K), [Metaspace: 81178K->81064K(1120256K)], 0.6209206 secs] [Times: user=2.53 sys=0.01, real=0.62 secs] 
1690.598: [Full GC (Ergonomics) [PSYoungGen: 134144K->111073K(153600K)] [ParOldGen: 349373K->349373K(349696K)] 483517K->460446K(503296K), [Metaspace: 81179K->80800K(1120256K)], 0.5192617 secs] [Times: user=2.19 sys=0.01, real=0.51 secs] 
1691.253: [Full GC (Ergonomics) [PSYoungGen: 134144K->111122K(153600K)] [ParOldGen: 349373K->349373K(349696K)] 483517K->460495K(503296K), [Metaspace: 81175K->81057K(1120256K)], 0.4414764 secs] [Times: user=2.47 sys=0.00, real=0.44 secs] 
1691.774: [Full GC (Ergonomics) [PSYoungGen: 134144K->111090K(153600K)] [ParOldGen: 349373K->349373K(349696K)] 483517K->460464K(503296K), [Metaspace: 81175K->80813K(1120256K)], 0.5162423 secs] [Times: user=2.87 sys=0.02, real=0.52 secs] 
1692.397: [Full GC (Ergonomics) [PSYoungGen: 134144K->111334K(153600K)] [ParOldGen: 349373K->349373K(349696K)] 483517K->460708K(503296K), [Metaspace: 81172K->81058K(1120256K)], 0.4337302 secs] [Times: user=2.27 sys=0.00, real=0.44 secs] 
1692.913: [Full GC (Ergonomics) [PSYoungGen: 134144K->111178K(153600K)] [ParOldGen: 349373K->349373K(349696K)] 483517K->460552K(503296K), [Metaspace: 81177K->80881K(1120256K)], 0.4705655 secs] [Times: user=2.42 sys=0.01, real=0.47 secs] 
1693.497: [Full GC (Ergonomics) [PSYoungGen: 134144K->111945K(153600K)] [ParOldGen: 349373K->349373K(349696K)] 483517K->461318K(503296K), [Metaspace: 81182K->81068K(1120256K)], 0.4030475 secs] [Times: user=2.33 sys=0.01, real=0.41 secs] 
1693.978: [Full GC (Ergonomics) [PSYoungGen: 134144K->111367K(153600K)] [ParOldGen: 349373K->349373K(349696K)] 483517K->460740K(503296K), [Metaspace: 81186K->81071K(1120256K)], 0.3877230 secs] [Times: user=2.33 sys=0.01, real=0.38 secs] 
1694.442: [Full GC (Ergonomics) [PSYoungGen: 134144K->111166K(153600K)] [ParOldGen: 349373K->349373K(349696K)] 483517K->460540K(503296K), [Metaspace: 81189K->80858K(1120256K)], 0.4340515 secs] [Times: user=2.45 sys=0.01, real=0.43 secs] 
1694.983: [Full GC (Ergonomics) [PSYoungGen: 134144K->111600K(153600K)] [ParOldGen: 349373K->349373K(349696K)] 483517K->460973K(503296K), [Metaspace: 81187K->81068K(1120256K)], 0.4337558 secs] [Times: user=2.53 sys=0.00, real=0.43 secs] 
1695.490: [Full GC (Ergonomics) [PSYoungGen: 134144K->111292K(153600K)] [ParOldGen: 349373K->349373K(349696K)] 483517K->460665K(503296K), [Metaspace: 81185K->81071K(1120256K)], 0.4104902 secs] [Times: user=2.45 sys=0.01, real=0.41 secs] 
1695.976: [Full GC (Ergonomics) [PSYoungGen: 134144K->110780K(153600K)] [ParOldGen: 349373K->349373K(349696K)] 483517K->460154K(503296K), [Metaspace: 81189K->80704K(1120256K)], 0.4722229 secs] [Times: user=2.78 sys=0.01, real=0.47 secs] 
1696.579: [Full GC (Ergonomics) [PSYoungGen: 134144K->111001K(153600K)] [ParOldGen: 349373K->349373K(349696K)] 483517K->460374K(503296K), [Metaspace: 81167K->80704K(1120256K)], 0.4215085 secs] [Times: user=2.21 sys=0.01, real=0.42 secs] 
1697.129: [Full GC (Ergonomics) [PSYoungGen: 134144K->112729K(153600K)] [ParOldGen: 349373K->349373K(349696K)] 483517K->462102K(503296K), [Metaspace: 81167K->80666K(1120256K)], 0.4312123 secs] [Times: user=2.28 sys=0.01, real=0.43 secs] 
1697.676: [Full GC (Ergonomics) [PSYoungGen: 134144K->112806K(153600K)] [ParOldGen: 349373K->349373K(349696K)] 483517K->462180K(503296K), [Metaspace: 81143K->81079K(1120256K)], 0.4429960 secs] [Times: user=2.40 sys=0.01, real=0.45 secs] 
1698.196: [Full GC (Ergonomics) [PSYoungGen: 134144K->112469K(153600K)] [ParOldGen: 349373K->349373K(349696K)] 483517K->461842K(503296K), [Metaspace: 81169K->81055K(1120256K)], 0.5732371 secs] [Times: user=2.44 sys=0.01, real=0.58 secs] 
1698.854: [Full GC (Ergonomics) [PSYoungGen: 134144K->111702K(153600K)] [ParOldGen: 349373K->349373K(349696K)] 483517K->461076K(503296K), [Metaspace: 81176K->81062K(1120256K)], 0.6072322 secs] [Times: user=2.66 sys=0.00, real=0.61 secs] 
1699.542: [Full GC (Ergonomics) [PSYoungGen: 134114K->111188K(153600K)] [ParOldGen: 349373K->349373K(349696K)] 483488K->460561K(503296K), [Metaspace: 81180K->81066K(1120256K)], 0.4450431 secs] [Times: user=2.38 sys=0.00, real=0.44 secs] 
1700.061: [Full GC (Ergonomics) [PSYoungGen: 134140K->111138K(153600K)] [ParOldGen: 349373K->349373K(349696K)] 483514K->460512K(503296K), [Metaspace: 81180K->80836K(1120256K)], 0.4230950 secs] [Times: user=2.39 sys=0.00, real=0.42 secs] 
1700.592: [Full GC (Ergonomics) [PSYoungGen: 134144K->111502K(153600K)] [ParOldGen: 349373K->349373K(349696K)] 483517K->460876K(503296K), [Metaspace: 81172K->81058K(1120256K)], 0.4190187 secs] [Times: user=2.42 sys=0.01, real=0.42 secs] 
1701.086: [Full GC (Ergonomics) [PSYoungGen: 134144K->111245K(153600K)] [ParOldGen: 349373K->349373K(349696K)] 483517K->460619K(503296K), [Metaspace: 81177K->80889K(1120256K)], 0.4086439 secs] [Times: user=2.39 sys=0.00, real=0.41 secs] 
1701.600: [Full GC (Ergonomics) [PSYoungGen: 134141K->112070K(153600K)] [ParOldGen: 349373K->349373K(349696K)] 483515K->461444K(503296K), [Metaspace: 81175K->81060K(1120256K)], 0.4607680 secs] [Times: user=2.76 sys=0.01, real=0.47 secs] 
1702.136: [Full GC (Ergonomics) [PSYoungGen: 134144K->111456K(153600K)] [ParOldGen: 349373K->349373K(349696K)] 483517K->460830K(503296K), [Metaspace: 81178K->81064K(1120256K)], 0.4092282 secs] [Times: user=2.46 sys=0.00, real=0.41 secs] 
1702.623: [Full GC (Ergonomics) [PSYoungGen: 134144K->110942K(153600K)] [ParOldGen: 349373K->349373K(349696K)] 483517K->460316K(503296K), [Metaspace: 81191K->80934K(1120256K)], 0.4786924 secs] [Times: user=2.82 sys=0.01, real=0.48 secs] 
1703.197: [Full GC (Ergonomics) [PSYoungGen: 134144K->112690K(153600K)] [ParOldGen: 349373K->349373K(349696K)] 483517K->462063K(503296K), [Metaspace: 81189K->81072K(1120256K)], 0.4822948 secs] [Times: user=2.51 sys=0.00, real=0.48 secs] 
1703.749: [Full GC (Ergonomics) [PSYoungGen: 134144K->111857K(153600K)] [ParOldGen: 349373K->349373K(349696K)] 483517K->461230K(503296K), [Metaspace: 81188K->81074K(1120256K)], 0.4154385 secs] [Times: user=2.20 sys=0.00, real=0.42 secs] 
1704.239: [Full GC (Ergonomics) [PSYoungGen: 134144K->111294K(153600K)] [ParOldGen: 349373K->349373K(349696K)] 483517K->460667K(503296K), [Metaspace: 81192K->81077K(1120256K)], 0.4490308 secs] [Times: user=2.45 sys=0.00, real=0.45 secs] 
1704.768: [Full GC (Ergonomics) [PSYoungGen: 134144K->111200K(153600K)] [ParOldGen: 349373K->349373K(349696K)] 483517K->460574K(503296K), [Metaspace: 81192K->80840K(1120256K)], 0.5937428 secs] [Times: user=3.09 sys=0.01, real=0.60 secs] 
1705.476: [Full GC (Ergonomics) [PSYoungGen: 134144K->111510K(153600K)] [ParOldGen: 349373K->349373K(349696K)] 483517K->460884K(503296K), [Metaspace: 81184K->81070K(1120256K)], 0.4503334 secs] [Times: user=2.32 sys=0.01, real=0.45 secs] 
1706.033: [Full GC (Ergonomics) [PSYoungGen: 134144K->111189K(153600K)] [ParOldGen: 349373K->349373K(349696K)] 483517K->460563K(503296K), [Metaspace: 81187K->80949K(1120256K)], 0.5521946 secs] [Times: user=2.63 sys=0.01, real=0.55 secs] 
1706.679: [Full GC (Ergonomics) [PSYoungGen: 134144K->112866K(153600K)] [ParOldGen: 349373K->349373K(349696K)] 483517K->462240K(503296K), [Metaspace: 81186K->81103K(1120256K)], 0.4988386 secs] [Times: user=2.31 sys=0.00, real=0.50 secs] 
1707.245: [Full GC (Ergonomics) [PSYoungGen: 134144K->112616K(153600K)] [ParOldGen: 349373K->349373K(349696K)] 483517K->461990K(503296K), [Metaspace: 81189K->81075K(1120256K)], 0.5049861 secs] [Times: user=2.45 sys=0.00, real=0.51 secs] 
1707.824: [Full GC (Ergonomics) [PSYoungGen: 134144K->111810K(153600K)] [ParOldGen: 349373K->349373K(349696K)] 483517K->461183K(503296K), [Metaspace: 81192K->81078K(1120256K)], 0.4685239 secs] [Times: user=2.79 sys=0.00, real=0.47 secs] 
1708.364: [Full GC (Ergonomics) [PSYoungGen: 134144K->111174K(153600K)] [ParOldGen: 349373K->349373K(349696K)] 483517K->460548K(503296K), [Metaspace: 81193K->81079K(1120256K)], 0.4228852 secs] [Times: user=2.36 sys=0.00, real=0.42 secs] 
1708.863: [Full GC (Ergonomics) [PSYoungGen: 134144K->111050K(153600K)] [ParOldGen: 349373K->349373K(349696K)] 483517K->460424K(503296K), [Metaspace: 81198K->80742K(1120256K)], 0.4164211 secs] [Times: user=2.39 sys=0.00, real=0.41 secs] 
1709.392: [Full GC (Ergonomics) [PSYoungGen: 134144K->111070K(153600K)] [ParOldGen: 349373K->349373K(349696K)] 483517K->460444K(503296K), [Metaspace: 81141K->80673K(1120256K)], 0.4354076 secs] [Times: user=2.38 sys=0.01, real=0.43 secs] 
1709.957: [Full GC (Ergonomics) [PSYoungGen: 134144K->110916K(153600K)] [ParOldGen: 349373K->349373K(349696K)] 483517K->460290K(503296K), [Metaspace: 81146K->80707K(1120256K)], 0.4063950 secs] [Times: user=2.21 sys=0.00, real=0.41 secs] 
1710.481: [Full GC (Ergonomics) [PSYoungGen: 134144K->111062K(153600K)] [ParOldGen: 349373K->349373K(349696K)] 483517K->460436K(503296K), [Metaspace: 81167K->80703K(1120256K)], 0.3959444 secs] [Times: user=2.23 sys=0.00, real=0.39 secs] 
1711.000: [Full GC (Ergonomics) [PSYoungGen: 134144K->112829K(153600K)] [ParOldGen: 349373K->349373K(349696K)] 483517K->462203K(503296K), [Metaspace: 81167K->80669K(1120256K)], 0.4579533 secs] [Times: user=2.40 sys=0.00, real=0.46 secs] 
1711.583: [Full GC (Ergonomics) [PSYoungGen: 134144K->112833K(153600K)] [ParOldGen: 349373K->349373K(349696K)] 483517K->462207K(503296K), [Metaspace: 81147K->81083K(1120256K)], 0.4834306 secs] [Times: user=2.50 sys=0.01, real=0.48 secs] 
1712.150: [Full GC (Ergonomics) [PSYoungGen: 134144K->112454K(153600K)] [ParOldGen: 349373K->349373K(349696K)] 483517K->461827K(503296K), [Metaspace: 81174K->81060K(1120256K)], 0.4744879 secs] [Times: user=2.40 sys=0.00, real=0.48 secs] 
1712.697: [Full GC (Ergonomics) [PSYoungGen: 134144K->111698K(153600K)] [ParOldGen: 349373K->349373K(349696K)] 483517K->461072K(503296K), [Metaspace: 81181K->81066K(1120256K)], 0.5124439 secs] [Times: user=2.71 sys=0.00, real=0.51 secs] 
1713.288: [Full GC (Ergonomics) [PSYoungGen: 134144K->111269K(153600K)] [ParOldGen: 349373K->349373K(349696K)] 483517K->460643K(503296K), [Metaspace: 81183K->80878K(1120256K)], 0.4802820 secs] [Times: user=2.48 sys=0.00, real=0.48 secs] 
1713.876: [Full GC (Ergonomics) [PSYoungGen: 134144K->112046K(153600K)] [ParOldGen: 349373K->349373K(349696K)] 483517K->461419K(503296K), [Metaspace: 81176K->81063K(1120256K)], 0.5901077 secs] [Times: user=2.48 sys=0.00, real=0.59 secs] 
1714.549: [Full GC (Ergonomics) [PSYoungGen: 134144K->111438K(153600K)] [ParOldGen: 349373K->349373K(349696K)] 483517K->460812K(503296K), [Metaspace: 81181K->81067K(1120256K)], 0.6372501 secs] [Times: user=2.77 sys=0.01, real=0.64 secs] 
1715.269: [Full GC (Ergonomics) [PSYoungGen: 134144K->111206K(153600K)] [ParOldGen: 349373K->349373K(349696K)] 483517K->460580K(503296K), [Metaspace: 81185K->80907K(1120256K)], 0.4852336 secs] [Times: user=2.52 sys=0.01, real=0.49 secs] 
1715.852: [Full GC (Ergonomics) [PSYoungGen: 134144K->112437K(153600K)] [ParOldGen: 349373K->349373K(349696K)] 483517K->461811K(503296K), [Metaspace: 81184K->81067K(1120256K)], 0.4235199 secs] [Times: user=2.43 sys=0.00, real=0.42 secs] 
1716.349: [Full GC (Ergonomics) [PSYoungGen: 134144K->111664K(153600K)] [ParOldGen: 349373K->349373K(349696K)] 483517K->461037K(503296K), [Metaspace: 81183K->81069K(1120256K)], 0.3845915 secs] [Times: user=2.30 sys=0.01, real=0.39 secs] 
1716.809: [Full GC (Ergonomics) [PSYoungGen: 134144K->111407K(153600K)] [ParOldGen: 349373K->349373K(349696K)] 483517K->460781K(503296K), [Metaspace: 81199K->81062K(1120256K)], 0.5127619 secs] [Times: user=2.43 sys=0.04, real=0.52 secs] 
1717.409: [Full GC (Ergonomics) [PSYoungGen: 134144K->111092K(153600K)] [ParOldGen: 349373K->349373K(349696K)] 483517K->460466K(503296K), [Metaspace: 81200K->80708K(1120256K)], 0.6651671 secs] [Times: user=3.23 sys=0.06, real=0.67 secs] 
1718.231: [Full GC (Ergonomics) [PSYoungGen: 134144K->112880K(153600K)] [ParOldGen: 349373K->349373K(349696K)] 483517K->462253K(503296K), [Metaspace: 81170K->80670K(1120256K)], 0.4675339 secs] [Times: user=2.24 sys=0.11, real=0.47 secs] 
1718.817: [Full GC (Ergonomics) [PSYoungGen: 134144K->112875K(153600K)] [ParOldGen: 349373K->349373K(349696K)] 483517K->462248K(503296K), [Metaspace: 81145K->81081K(1120256K)], 0.4386619 secs] [Times: user=2.32 sys=0.12, real=0.44 secs] 
1719.321: [Full GC (Ergonomics) [PSYoungGen: 134144K->112590K(153600K)] [ParOldGen: 349373K->349373K(349696K)] 483517K->461963K(503296K), [Metaspace: 81174K->81060K(1120256K)], 0.5152629 secs] [Times: user=3.09 sys=0.15, real=0.52 secs] 
1719.911: [Full GC (Ergonomics) [PSYoungGen: 134144K->111752K(153600K)] [ParOldGen: 349373K->349373K(349696K)] 483517K->461125K(503296K), [Metaspace: 81180K->81066K(1120256K)], 0.4503537 secs] [Times: user=2.63 sys=0.11, real=0.46 secs] 
1720.437: [Full GC (Ergonomics) [PSYoungGen: 134144K->111474K(153600K)] [ParOldGen: 349373K->349373K(349696K)] 483517K->460848K(503296K), [Metaspace: 81183K->81069K(1120256K)], 0.4317677 secs] [Times: user=2.52 sys=0.11, real=0.43 secs] 
1720.942: [Full GC (Ergonomics) [PSYoungGen: 134144K->110908K(153600K)] [ParOldGen: 349373K->349373K(349696K)] 483517K->460282K(503296K), [Metaspace: 81185K->80674K(1120256K)], 0.4393482 secs] [Times: user=2.41 sys=0.10, real=0.43 secs] 
1721.500: [Full GC (Ergonomics) [PSYoungGen: 134144K->112899K(153600K)] [ParOldGen: 349373K->349373K(349696K)] 483517K->462273K(503296K), [Metaspace: 81169K->80678K(1120256K)], 0.5300238 secs] [Times: user=2.92 sys=0.11, real=0.53 secs] 
1722.163: [Full GC (Ergonomics) [PSYoungGen: 134144K->112942K(153600K)] [ParOldGen: 349373K->349373K(349696K)] 483517K->462316K(503296K), [Metaspace: 81154K->81083K(1120256K)], 0.4234722 secs] [Times: user=2.30 sys=0.10, real=0.42 secs] 
1722.656: [Full GC (Ergonomics) [PSYoungGen: 134144K->112641K(153600K)] [ParOldGen: 349373K->349373K(349696K)] 483517K->462015K(503296K), [Metaspace: 81174K->81059K(1120256K)], 0.4586080 secs] [Times: user=2.45 sys=0.12, real=0.46 secs] 
1723.189: [Full GC (Ergonomics) [PSYoungGen: 134144K->111712K(153600K)] [ParOldGen: 349373K->349373K(349696K)] 483517K->461085K(503296K), [Metaspace: 81180K->81066K(1120256K)], 0.4495303 secs] [Times: user=2.46 sys=0.11, real=0.45 secs] 
1723.715: [Full GC (Ergonomics) [PSYoungGen: 134144K->111428K(153600K)] [ParOldGen: 349373K->349373K(349696K)] 483517K->460802K(503296K), [Metaspace: 81183K->80934K(1120256K)], 0.4477895 secs] [Times: user=2.34 sys=0.11, real=0.45 secs] 
1724.265: [Full GC (Ergonomics) [PSYoungGen: 134144K->112834K(153600K)] [ParOldGen: 349373K->349373K(349696K)] 483517K->462208K(503296K), [Metaspace: 81178K->81065K(1120256K)], 0.4611185 secs] [Times: user=2.65 sys=0.11, real=0.46 secs] 
1724.798: [Full GC (Ergonomics) [PSYoungGen: 134144K->111969K(153600K)] [ParOldGen: 349373K->349373K(349696K)] 483517K->461343K(503296K), [Metaspace: 81183K->81069K(1120256K)], 0.4337790 secs] [Times: user=2.24 sys=0.10, real=0.43 secs] 
1725.308: [Full GC (Ergonomics) [PSYoungGen: 134144K->111376K(153600K)] [ParOldGen: 349373K->349373K(349696K)] 483517K->460749K(503296K), [Metaspace: 81186K->81071K(1120256K)], 0.5322109 secs] [Times: user=2.35 sys=0.03, real=0.53 secs] 
1725.924: [Full GC (Ergonomics) [PSYoungGen: 134144K->111231K(153600K)] [ParOldGen: 349373K->349373K(349696K)] 483517K->460605K(503296K), [Metaspace: 81188K->80891K(1120256K)], 0.6048121 secs] [Times: user=2.64 sys=0.10, real=0.60 secs] 
1726.660: [Full GC (Ergonomics) [PSYoungGen: 134144K->112073K(153600K)] [ParOldGen: 349373K->349373K(349696K)] 483517K->461446K(503296K), [Metaspace: 81181K->81067K(1120256K)], 0.4414106 secs] [Times: user=2.44 sys=0.08, real=0.44 secs] 
1727.173: [Full GC (Ergonomics) [PSYoungGen: 134144K->111703K(153600K)] [ParOldGen: 349373K->349373K(349696K)] 483517K->461077K(503296K), [Metaspace: 81195K->81081K(1120256K)], 0.6092096 secs] [Times: user=3.58 sys=0.17, real=0.61 secs] 
1727.855: [Full GC (Ergonomics) [PSYoungGen: 134144K->111061K(153600K)] [ParOldGen: 349373K->349373K(349696K)] 483517K->460435K(503296K), [Metaspace: 81198K->80712K(1120256K)], 0.5085053 secs] [Times: user=2.89 sys=0.13, real=0.50 secs] 
1728.488: [Full GC (Ergonomics) [PSYoungGen: 134144K->111184K(153600K)] [ParOldGen: 349373K->349373K(349696K)] 483517K->460558K(503296K), [Metaspace: 81175K->80708K(1120256K)], 0.4981024 secs] [Times: user=2.73 sys=0.15, real=0.50 secs] 
1729.098: [Full GC (Ergonomics) [PSYoungGen: 134144K->112951K(153600K)] [ParOldGen: 349373K->349373K(349696K)] 483517K->462324K(503296K), [Metaspace: 81169K->80674K(1120256K)], 0.5255484 secs] [Times: user=3.08 sys=0.16, real=0.53 secs] 
1729.736: [Full GC (Ergonomics) [PSYoungGen: 134144K->112949K(153600K)] [ParOldGen: 349373K->349373K(349696K)] 483517K->462323K(503296K), [Metaspace: 81151K->81083K(1120256K)], 0.4615294 secs] [Times: user=2.35 sys=0.13, real=0.46 secs] 
1730.260: [Full GC (Ergonomics) [PSYoungGen: 134144K->112577K(153600K)] [ParOldGen: 349373K->349373K(349696K)] 483517K->461950K(503296K), [Metaspace: 81179K->81065K(1120256K)], 0.4394248 secs] [Times: user=2.46 sys=0.13, real=0.44 secs] 
1730.768: [Full GC (Ergonomics) [PSYoungGen: 134144K->111556K(153600K)] [ParOldGen: 349373K->349373K(349696K)] 483517K->460930K(503296K), [Metaspace: 81185K->81071K(1120256K)], 0.4107701 secs] [Times: user=2.40 sys=0.11, real=0.41 secs] 
1731.251: [Full GC (Ergonomics) [PSYoungGen: 134144K->111364K(153600K)] [ParOldGen: 349373K->349373K(349696K)] 483517K->460737K(503296K), [Metaspace: 81188K->80849K(1120256K)], 0.4351479 secs] [Times: user=2.33 sys=0.12, real=0.44 secs] 
1731.787: [Full GC (Ergonomics) [PSYoungGen: 134125K->111692K(153600K)] [ParOldGen: 349373K->349373K(349696K)] 483498K->461065K(503296K), [Metaspace: 81182K->81068K(1120256K)], 0.4115655 secs] [Times: user=2.21 sys=0.12, real=0.41 secs] 
1732.274: [Full GC (Ergonomics) [PSYoungGen: 134144K->111395K(153600K)] [ParOldGen: 349373K->349373K(349696K)] 483517K->460769K(503296K), [Metaspace: 81188K->80837K(1120256K)], 0.4880201 secs] [Times: user=2.41 sys=0.11, real=0.48 secs] 
1732.872: [Full GC (Ergonomics) [PSYoungGen: 134144K->111664K(153600K)] [ParOldGen: 349373K->349373K(349696K)] 483517K->461037K(503296K), [Metaspace: 81184K->81070K(1120256K)], 0.4530336 secs] [Times: user=2.34 sys=0.12, real=0.46 secs] 
1733.399: [Full GC (Ergonomics) [PSYoungGen: 134144K->111378K(153600K)] [ParOldGen: 349373K->349373K(349696K)] 483517K->460751K(503296K), [Metaspace: 81188K->80829K(1120256K)], 0.5413367 secs] [Times: user=2.75 sys=0.09, real=0.54 secs] 
1734.054: [Full GC (Ergonomics) [PSYoungGen: 134144K->111608K(153600K)] [ParOldGen: 349373K->349373K(349696K)] 483517K->460982K(503296K), [Metaspace: 81186K->81072K(1120256K)], 0.4180198 secs] [Times: user=2.15 sys=0.04, real=0.41 secs] 
1734.546: [Full GC (Ergonomics) [PSYoungGen: 134143K->111196K(153600K)] [ParOldGen: 349373K->349373K(349696K)] 483516K->460570K(503296K), [Metaspace: 81189K->80726K(1120256K)], 0.5167376 secs] [Times: user=2.62 sys=0.09, real=0.51 secs] 
1735.188: [Full GC (Ergonomics) [PSYoungGen: 134144K->111214K(153600K)] [ParOldGen: 349373K->349373K(349696K)] 483517K->460588K(503296K), [Metaspace: 81166K->80725K(1120256K)], 0.4360236 secs] [Times: user=2.18 sys=0.13, real=0.43 secs] 
1735.736: [Full GC (Ergonomics) [PSYoungGen: 134144K->111276K(153600K)] [ParOldGen: 349373K->349373K(349696K)] 483517K->460650K(503296K), [Metaspace: 81181K->80718K(1120256K)], 0.4952215 secs] [Times: user=2.60 sys=0.12, real=0.49 secs] 
1736.345: [Full GC (Ergonomics) [PSYoungGen: 134144K->113000K(153600K)] [ParOldGen: 349373K->349373K(349696K)] 483517K->462374K(503296K), [Metaspace: 81182K->80678K(1120256K)], 0.5347733 secs] [Times: user=2.91 sys=0.13, real=0.53 secs] 
1737.010: [Full GC (Ergonomics) [PSYoungGen: 134144K->113003K(153600K)] [ParOldGen: 349373K->349373K(349696K)] 483517K->462376K(503296K), [Metaspace: 81155K->81091K(1120256K)], 0.5845161 secs] [Times: user=3.24 sys=0.16, real=0.59 secs] 
1737.663: [Full GC (Ergonomics) [PSYoungGen: 134144K->112643K(153600K)] [ParOldGen: 349373K->349368K(349696K)] 483517K->462011K(503296K), [Metaspace: 81183K->81069K(1120256K)], 0.8753696 secs] [Times: user=5.49 sys=0.24, real=0.88 secs] 
1738.616: [Full GC (Ergonomics) [PSYoungGen: 134144K->111808K(153600K)] [ParOldGen: 349368K->349368K(349696K)] 483512K->461176K(503296K), [Metaspace: 81190K->81075K(1120256K)], 0.5159167 secs] [Times: user=2.98 sys=0.08, real=0.51 secs] 
1739.207: [Full GC (Ergonomics) [PSYoungGen: 134144K->111424K(153600K)] [ParOldGen: 349368K->349368K(349696K)] 483512K->460792K(503296K), [Metaspace: 81192K->80978K(1120256K)], 0.4919071 secs] [Times: user=2.54 sys=0.09, real=0.49 secs] 
1739.838: [Full GC (Ergonomics) [PSYoungGen: 134144K->113269K(153600K)] [ParOldGen: 349368K->349368K(349696K)] 483512K->462638K(503296K), [Metaspace: 81188K->81105K(1120256K)], 0.5460344 secs] [Times: user=2.82 sys=0.14, real=0.54 secs] 
1740.443: [Full GC (Ergonomics) [PSYoungGen: 134144K->112842K(153600K)] [ParOldGen: 349368K->349368K(349696K)] 483512K->462210K(503296K), [Metaspace: 81194K->81080K(1120256K)], 0.7780323 secs] [Times: user=4.73 sys=0.23, real=0.78 secs] 
1741.289: [Full GC (Ergonomics) [PSYoungGen: 134144K->111961K(153600K)] [ParOldGen: 349368K->349368K(349696K)] 483512K->461329K(503296K), [Metaspace: 81196K->81082K(1120256K)], 0.4073292 secs] [Times: user=2.36 sys=0.12, real=0.41 secs] 
1741.769: [Full GC (Ergonomics) [PSYoungGen: 134144K->111375K(153600K)] [ParOldGen: 349368K->349368K(349696K)] 483512K->460743K(503296K), [Metaspace: 81198K->81083K(1120256K)], 0.5176057 secs] [Times: user=2.61 sys=0.13, real=0.52 secs] 
1742.363: [Full GC (Ergonomics) [PSYoungGen: 134144K->111182K(153600K)] [ParOldGen: 349368K->349368K(349696K)] 483512K->460550K(503296K), [Metaspace: 81199K->80721K(1120256K)], 0.5418203 secs] [Times: user=2.54 sys=0.11, real=0.54 secs] 
1743.015: [Full GC (Ergonomics) [PSYoungGen: 134144K->111043K(153600K)] [ParOldGen: 349368K->349368K(349696K)] 483512K->460411K(503296K), [Metaspace: 81158K->80680K(1120256K)], 0.4403190 secs] [Times: user=2.35 sys=0.11, real=0.44 secs] 
1743.571: [Full GC (Ergonomics) [PSYoungGen: 134144K->113034K(153600K)] [ParOldGen: 349368K->349368K(349696K)] 483512K->462402K(503296K), [Metaspace: 81185K->80686K(1120256K)], 0.5403830 secs] [Times: user=2.85 sys=0.11, real=0.54 secs] 
1744.228: [Full GC (Ergonomics) [PSYoungGen: 134144K->113035K(153600K)] [ParOldGen: 349368K->349368K(349696K)] 483512K->462403K(503296K), [Metaspace: 81164K->81100K(1120256K)], 0.4313498 secs] [Times: user=2.41 sys=0.12, real=0.43 secs] 
1744.724: [Full GC (Ergonomics) [PSYoungGen: 134144K->112691K(153600K)] [ParOldGen: 349368K->349368K(349696K)] 483512K->462059K(503296K), [Metaspace: 81192K->81078K(1120256K)], 0.4939313 secs] [Times: user=2.48 sys=0.13, real=0.50 secs] 
1745.293: [Full GC (Ergonomics) [PSYoungGen: 134144K->111832K(153600K)] [ParOldGen: 349368K->349368K(349696K)] 483512K->461201K(503296K), [Metaspace: 81198K->81084K(1120256K)], 0.4842858 secs] [Times: user=2.67 sys=0.11, real=0.49 secs] 
1745.851: [Full GC (Ergonomics) [PSYoungGen: 134144K->111451K(153600K)] [ParOldGen: 349368K->349368K(349696K)] 483512K->460819K(503296K), [Metaspace: 81201K->80860K(1120256K)], 0.4393727 secs] [Times: user=2.31 sys=0.08, real=0.44 secs] 
1746.393: [Full GC (Ergonomics) [PSYoungGen: 134144K->111846K(153600K)] [ParOldGen: 349368K->349368K(349696K)] 483512K->461214K(503296K), [Metaspace: 81192K->81079K(1120256K)], 0.4234651 secs] [Times: user=2.32 sys=0.08, real=0.43 secs] 
1746.911: [Full GC (Ergonomics) [PSYoungGen: 134144K->111354K(153600K)] [ParOldGen: 349368K->349368K(349696K)] 483512K->460723K(503296K), [Metaspace: 81198K->80857K(1120256K)], 0.5763707 secs] [Times: user=3.04 sys=0.16, real=0.58 secs] 
1747.598: [Full GC (Ergonomics) [PSYoungGen: 134144K->111829K(153600K)] [ParOldGen: 349368K->349368K(349696K)] 483512K->461198K(503296K), [Metaspace: 81193K->81081K(1120256K)], 0.4250155 secs] [Times: user=2.34 sys=0.10, real=0.42 secs] 
1748.105: [Full GC (Ergonomics) [PSYoungGen: 134144K->111351K(153600K)] [ParOldGen: 349368K->349368K(349696K)] 483512K->460720K(503296K), [Metaspace: 81197K->80834K(1120256K)], 0.5303580 secs] [Times: user=2.76 sys=0.09, real=0.53 secs] 
1748.746: [Full GC (Ergonomics) [PSYoungGen: 134144K->111724K(153600K)] [ParOldGen: 349368K->349368K(349696K)] 483512K->461092K(503296K), [Metaspace: 81193K->81081K(1120256K)], 0.4574255 secs] [Times: user=2.46 sys=0.08, real=0.46 secs] 
1749.283: [Full GC (Ergonomics) [PSYoungGen: 134144K->111404K(153600K)] [ParOldGen: 349368K->349368K(349696K)] 483512K->460772K(503296K), [Metaspace: 81202K->80800K(1120256K)], 0.4192151 secs] [Times: user=2.26 sys=0.10, real=0.42 secs] 
1749.850: [Full GC (Ergonomics) [PSYoungGen: 134144K->111268K(153600K)] [ParOldGen: 349368K->349368K(349696K)] 483512K->460637K(503296K), [Metaspace: 81198K->80959K(1120256K)], 0.5048716 secs] [Times: user=2.60 sys=0.11, real=0.50 secs] 
1750.448: [Full GC (Ergonomics) [PSYoungGen: 134144K->113119K(153600K)] [ParOldGen: 349368K->349368K(349696K)] 483512K->462487K(503296K), [Metaspace: 81201K->81119K(1120256K)], 0.4663710 secs] [Times: user=2.46 sys=0.10, real=0.46 secs] 
1750.980: [Full GC (Ergonomics) [PSYoungGen: 134144K->112687K(153600K)] [ParOldGen: 349368K->349368K(349696K)] 483512K->462056K(503296K), [Metaspace: 81207K->81093K(1120256K)], 0.4589809 secs] [Times: user=2.61 sys=0.14, real=0.46 secs] 
1751.514: [Full GC (Ergonomics) [PSYoungGen: 134144K->111837K(153600K)] [ParOldGen: 349368K->349368K(349696K)] 483512K->461205K(503296K), [Metaspace: 81210K->81095K(1120256K)], 0.4347543 secs] [Times: user=2.36 sys=0.11, real=0.44 secs] 
1752.019: [Full GC (Ergonomics) [PSYoungGen: 134144K->111425K(153600K)] [ParOldGen: 349368K->349368K(349696K)] 483512K->460793K(503296K), [Metaspace: 81211K->80897K(1120256K)], 0.4249518 secs] [Times: user=2.35 sys=0.10, real=0.42 secs] 
1752.540: [Full GC (Ergonomics) [PSYoungGen: 134144K->112153K(153600K)] [ParOldGen: 349368K->349368K(349696K)] 483512K->461521K(503296K), [Metaspace: 81204K->81092K(1120256K)], 0.5348073 secs] [Times: user=3.00 sys=0.13, real=0.53 secs] 
1753.161: [Full GC (Ergonomics) [PSYoungGen: 134144K->111508K(153600K)] [ParOldGen: 349368K->349368K(349696K)] 483512K->460876K(503296K), [Metaspace: 81209K->81095K(1120256K)], 0.4843857 secs] [Times: user=2.43 sys=0.11, real=0.48 secs] 
1753.720: [Full GC (Ergonomics) [PSYoungGen: 134144K->111268K(153600K)] [ParOldGen: 349368K->349368K(349696K)] 483512K->460637K(503296K), [Metaspace: 81212K->80749K(1120256K)], 0.5042266 secs] [Times: user=2.49 sys=0.12, real=0.50 secs] 
1754.337: [Full GC (Ergonomics) [PSYoungGen: 134144K->113366K(153600K)] [ParOldGen: 349368K->349368K(349696K)] 483512K->462734K(503296K), [Metaspace: 81194K->80689K(1120256K)], 0.5775066 secs] [Times: user=2.67 sys=0.11, real=0.58 secs] 
1803.835: [Full GC (System.gc()) [PSYoungGen: 119284K->111031K(153600K)] [ParOldGen: 349368K->349368K(349696K)] 468652K->460399K(503296K), [Metaspace: 80727K->80689K(1120256K)], 0.6311416 secs] [Times: user=3.72 sys=0.01, real=0.63 secs] 
2785.561: [Full GC (Heap Inspection Initiated GC) [PSYoungGen: 116992K->111026K(153600K)] [ParOldGen: 349368K->349368K(349696K)] 466360K->460394K(503296K), [Metaspace: 80697K->80697K(1120256K)], 0.7666642 secs] [Times: user=4.49 sys=0.01, real=0.77 secs] 
